Microchip MPLAB XC8 Compiler V1.37 ()

Linker command line:

-W9 --edf=/opt/microchip/xc8/v1.37/dat/en_msgs.txt -cs \
  -h+dist/default/debug/Water_PIC18_test.debug.sym \
  --cmf=dist/default/debug/Water_PIC18_test.debug.cmf -z -Q18F2620 \
  -o/tmp/xcXoMK8P6 -Mdist/default/debug/Water_PIC18_test.debug.map -E1 \
  -ver=XC8 --acfsm=1493 -ASTACK=08F5h-0f7fh -pstack=STACK -ACODE=00h-0FFFFh \
  -ACONST=00h-0FFFFh -ASMALLCONST=01000h-010FFhx240 \
  -AMEDIUMCONST=01000h-0FFFFh -ACOMRAM=01h-07Fh -AABS1=00h-0F7Fh \
  -ABIGRAM=01h-0F7Fh -ARAM=080h-0FFh,0100h-01FFhx14,0F00h-0F7Fh \
  -ABANK0=080h-0FFh -ABANK1=0100h-01FFh -ABANK2=0200h-02FFh \
  -ABANK3=0300h-03FFh -ABANK4=0400h-04FFh -ABANK5=0500h-05FFh \
  -ABANK6=0600h-06FFh -ABANK7=0700h-07FFh -ABANK8=0800h-08FFh \
  -ABANK9=0900h-09FFh -ABANK10=0A00h-0AFFh -ABANK11=0B00h-0BFFh \
  -ABANK12=0C00h-0CFFh -ABANK13=0D00h-0DFFh -ABANK14=0E00h-0EFFh \
  -ABANK15=0F00h-0F7Fh -ASFR=0F80h-0FFFh \
  -preset_vec=00h,intcode=08h,intcodelo=018h,powerup,init,end_init \
  -pramtop=01000h -psmallconst=SMALLCONST -pmediumconst=MEDIUMCONST \
  -pconst=CONST -AFARRAM=00h-00h -ACONFIG=0300000h-030000Dh -pconfig=CONFIG \
  -AIDLOC=0200000h-0200007h -pidloc=IDLOC -AEEDATA=0F00000h-0F003FFh \
  -peeprom_data=EEDATA \
  -prdata=COMRAM,nvrram=COMRAM,nvbit=COMRAM,rbss=COMRAM,rbit=COMRAM \
  -pfarbss=FARRAM,fardata=FARRAM,nvFARRAM=FARRAM \
  -pintsave_regs=BIGRAM,bigbss=BIGRAM,bigdata=BIGRAM -pbss=RAM \
  -pidata=CODE,irdata=CODE,ibigdata=CODE,ifardata=CODE -prparam=COMRAM \
  /tmp/xcXclzJfU.obj dist/default/debug/Water_PIC18_test.debug.obj 

Object code version is 3.11

Machine type is 18F2620

Call graph: (short form)




                Name                               Link     Load   Length Selector   Space Scale
/tmp/xcXclzJfU.obj
                end_init                            268      268        4        C       0
                reset_vec                             0        0        4        0       0
                config                           300000   300000        E   300000       0
dist/default/debug/Water_PIC18_test.debug.obj
                intcodelo                            18       18      250        C       0
                intcode                               8        8        E        4       0
                temp                                 60       60        1        1       1
                mediumconst                        FE9E     FE9E      162     7F4F       0
                text83                             4852     4852       1E        C       0
                text82                             3236     3236       DC        C       0
                text81                             4126     4126       64        C       0
                intcode_body                       3EB2     3EB2       72        C       0
                text79                             40C2     40C2       64        C       0
                text78                             4834     4834       1E        C       0
                text77                             3E40     3E40       72        C       0
                text76                             463E     463E       30        C       0
                text75                             4756     4756       24        C       0
                text74                             457A     457A       34        C       0
                text73                             3A60     3A60       82        C       0
                text72                             446E     446E       38        C       0
                text71                             3562     3562       BC        C       0
                text70                             432E     432E       4A        C       0
                text69                             43F6     43F6       3E        C       0
                text68                             2878     2878      1B8        C       0
                text67                             16EC     16EC      3DE        C       0
                text66                             4816     4816       1E        C       0
                text65                             4732     4732       24        C       0
                text64                             470E     470E       24        C       0
                text62                             47BA     47BA       20        C       0
                text61                             3DCA     3DCA       76        C       0
                text60                             48BE     48BE        4     244A       0
                text59                             47F8     47F8       1E        C       0
                text58                             2F70     2F70       FE        C       0
                text57                             46E8     46E8       26        C       0
                text56                             44DC     44DC       36        C       0
                text55                             3FF4     3FF4       68        C       0
                text54                             1E08     1E08      2D4        C       0
                text53                             460E     460E       30        C       0
                text52                             41EC     41EC       5E        C       0
                text51                             38BA     38BA       94        C       0
                text50                             3784     3784       9C        C       0
                text49                             20DC     20DC      22E        C       0
                text48                             4378     4378       40        C       0
                text47                             3BE0     3BE0       7E        C       0
                text46                             47DA     47DA       1E        C       0
                text45                             4870     4870       12        C       0
                text44                             3AE2     3AE2       80        C       0
                text43                              26C      26C      7A0        C       0
                text42                             3D54     3D54       76        C       0
                text41                             418A     418A       62        C       0
                text40                             405C     405C       66        C       0
                text39                             361E     361E       B8        C       0
                text38                             4546     4546       34        C       0
                text37                             479A     479A       20        C       0
                text36                             3CDA     3CDA       7A        C       0
                text35                             477A     477A       20        C       0
                text34                             4434     4434       3A        C       0
                text33                             3F8C     3F8C       68        C       0
                text32                             42E4     42E4       4A        C       0
                text31                             1ACA     1ACA      33E        C       0
                text30                             2BE0     2BE0      168        C       0
                text29                             4512     4512       34        C       0
                text28                             2E6A     2E6A      106        C       0
                text27                             34A6     34A6       BC        C       0
                text26                             3820     3820       9A        C       0
                text25                             44A6     44A6       36        C       0
                text24                             46C0     46C0       28        C       0
                text23                             4298     4298       4C        C       0
                text22                             45DE     45DE       30        C       0
                text21                              A0C      A0C      6CA        C       0
                text20                             3B62     3B62       7E        C       0
                text19                             394E     394E       8C        C       0
                text18                             24E8     24E8      1D8        C       0
                text17                             3C5E     3C5E       7C        C       0
                text16                             43B8     43B8       3E        C       0
                text15                             3F24     3F24       68        C       0
                text14                             466E     466E       2A        C       0
                text13                             48C2     48C2        2     244A       0
                text12                             3312     3312       D2        C       0
                text11                             26C0     26C0      1B8        C       0
                text10                             36D6     36D6       AE        C       0
                text9                              2D48     2D48      122        C       0
                text8                              10D6     10D6      616        C       0
                text7                              3158     3158       DE        C       0
                text6                              45AE     45AE       30        C       0
                text5                              4698     4698       28        C       0
                text4                              48A4     48A4        E     244A       0
                text3                              33E4     33E4       C2        C       0
                text2                              4894     4894       10     244A       0
                text1                              2A30     2A30      1B0        C       0
                text0                              230A     230A      1DE        C       0
                cstackCOMRAM                          1        1       3E        1       1
                cstackBANK0                          80       80       5D       80       1
                cstackBANK1                         100      100       F2      100       1
                cstackBANK2                         200      200       DF      200       1
                cstackBANK3                         3CA      3CA       32      300       1
                cstackBANK4                         4BF      4BF       3C      400       1
                cstackBANK8                         8A2      8A2       53      800       1
                bssBANK8                            800      800       A2      800       1
                bssBANK7                            700      700       F3      700       1
                bssBANK6                            600      600       F3      600       1
                bssBANK5                            500      500       F3      500       1
                dataBANK4                           471      471       4E      400       1
                bssBANK4                            400      400       71      400       1
                dataBANK3                           300      300       86      300       1
                bssBANK3                            386      386       44      300       1
                dataBANK2                           2DF      2DF       11      200       1
                bssBANK1                            1F2      1F2        3      100       1
                dataCOMRAM                           54       54        C        1       1
                bssCOMRAM                            3F       3F       15        1       1
                cinit                              306E     306E       EA        C       0
                idataBANK4                         424A     424A       4E        C       0
                idataBANK3                         39DA     39DA       86        C       0
                idataBANK2                         4882     4882       11        C       0
                idataCOMRAM                        48B2     48B2        C     244A       0

TOTAL           Name                               Link     Load   Length     Space
        CLASS   STACK          

        CLASS   CODE           
                end_init                            268      268        4         0
                intcodelo                            18       18      250         0
                intcode                               8        8        E         0
                reset_vec                             0        0        4         0
                text83                             4852     4852       1E         0
                text82                             3236     3236       DC         0
                text81                             4126     4126       64         0
                intcode_body                       3EB2     3EB2       72         0
                text79                             40C2     40C2       64         0
                text78                             4834     4834       1E         0
                text77                             3E40     3E40       72         0
                text76                             463E     463E       30         0
                text75                             4756     4756       24         0
                text74                             457A     457A       34         0
                text73                             3A60     3A60       82         0
                text72                             446E     446E       38         0
                text71                             3562     3562       BC         0
                text70                             432E     432E       4A         0
                text69                             43F6     43F6       3E         0
                text68                             2878     2878      1B8         0
                text67                             16EC     16EC      3DE         0
                text66                             4816     4816       1E         0
                text65                             4732     4732       24         0
                text64                             470E     470E       24         0
                text62                             47BA     47BA       20         0
                text61                             3DCA     3DCA       76         0
                text60                             48BE     48BE        4         0
                text59                             47F8     47F8       1E         0
                text58                             2F70     2F70       FE         0
                text57                             46E8     46E8       26         0
                text56                             44DC     44DC       36         0
                text55                             3FF4     3FF4       68         0
                text54                             1E08     1E08      2D4         0
                text53                             460E     460E       30         0
                text52                             41EC     41EC       5E         0
                text51                             38BA     38BA       94         0
                text50                             3784     3784       9C         0
                text49                             20DC     20DC      22E         0
                text48                             4378     4378       40         0
                text47                             3BE0     3BE0       7E         0
                text46                             47DA     47DA       1E         0
                text45                             4870     4870       12         0
                text44                             3AE2     3AE2       80         0
                text43                              26C      26C      7A0         0
                text42                             3D54     3D54       76         0
                text41                             418A     418A       62         0
                text40                             405C     405C       66         0
                text39                             361E     361E       B8         0
                text38                             4546     4546       34         0
                text37                             479A     479A       20         0
                text36                             3CDA     3CDA       7A         0
                text35                             477A     477A       20         0
                text34                             4434     4434       3A         0
                text33                             3F8C     3F8C       68         0
                text32                             42E4     42E4       4A         0
                text31                             1ACA     1ACA      33E         0
                text30                             2BE0     2BE0      168         0
                text29                             4512     4512       34         0
                text28                             2E6A     2E6A      106         0
                text27                             34A6     34A6       BC         0
                text26                             3820     3820       9A         0
                text25                             44A6     44A6       36         0
                text24                             46C0     46C0       28         0
                text23                             4298     4298       4C         0
                text22                             45DE     45DE       30         0
                text21                              A0C      A0C      6CA         0
                text20                             3B62     3B62       7E         0
                text19                             394E     394E       8C         0
                text18                             24E8     24E8      1D8         0
                text17                             3C5E     3C5E       7C         0
                text16                             43B8     43B8       3E         0
                text15                             3F24     3F24       68         0
                text14                             466E     466E       2A         0
                text13                             48C2     48C2        2         0
                text12                             3312     3312       D2         0
                text11                             26C0     26C0      1B8         0
                text10                             36D6     36D6       AE         0
                text9                              2D48     2D48      122         0
                text8                              10D6     10D6      616         0
                text7                              3158     3158       DE         0
                text6                              45AE     45AE       30         0
                text5                              4698     4698       28         0
                text4                              48A4     48A4        E         0
                text3                              33E4     33E4       C2         0
                text2                              4894     4894       10         0
                text1                              2A30     2A30      1B0         0
                text0                              230A     230A      1DE         0
                cinit                              306E     306E       EA         0
                idataBANK4                         424A     424A       4E         0
                idataBANK3                         39DA     39DA       86         0
                idataBANK2                         4882     4882       11         0
                idataCOMRAM                        48B2     48B2        C         0

        CLASS   CONST          

        CLASS   SMALLCONST     

        CLASS   MEDIUMCONST    
                mediumconst                        FE9E     FE9E      162         0

        CLASS   COMRAM         
                temp                                 60       60        1         1
                cstackCOMRAM                          1        1       3E         1
                dataCOMRAM                           54       54        C         1
                bssCOMRAM                            3F       3F       15         1

        CLASS   ABS1           

        CLASS   BIGRAM         

        CLASS   RAM            

        CLASS   BANK0          
                cstackBANK0                          80       80       5D         1

        CLASS   BANK1          
                cstackBANK1                         100      100       F2         1
                bssBANK1                            1F2      1F2        3         1

        CLASS   BANK2          
                cstackBANK2                         200      200       DF         1
                dataBANK2                           2DF      2DF       11         1

        CLASS   BANK3          
                cstackBANK3                         3CA      3CA       32         1
                dataBANK3                           300      300       86         1
                bssBANK3                            386      386       44         1

        CLASS   BANK4          
                cstackBANK4                         4BF      4BF       3C         1
                dataBANK4                           471      471       4E         1
                bssBANK4                            400      400       71         1

        CLASS   BANK5          
                bssBANK5                            500      500       F3         1

        CLASS   BANK6          
                bssBANK6                            600      600       F3         1

        CLASS   BANK7          
                bssBANK7                            700      700       F3         1

        CLASS   BANK8          
                cstackBANK8                         8A2      8A2       53         1
                bssBANK8                            800      800       A2         1

        CLASS   BANK9          

        CLASS   BANK10         

        CLASS   BANK11         

        CLASS   BANK12         

        CLASS   BANK13         

        CLASS   BANK14         

        CLASS   BANK15         

        CLASS   SFR            

        CLASS   FARRAM         

        CLASS   CONFIG         
                config                           300000   300000        E         0

        CLASS   IDLOC          

        CLASS   EEDATA         



SEGMENTS        Name                           Load    Length   Top    Selector   Space  Class

                reset_vec                      000000  000004  000004         0       0  CODE    
                cstackCOMRAM                   000001  000060  000061         1       1  COMRAM  
                intcode                        000008  00000E  000016         4       0  CODE    
                intcodelo                      000018  00487B  004893         C       0  CODE    
                cstackBANK0                    000080  00005D  0000DD        80       1  BANK0   
                cstackBANK1                    000100  0000F5  0001F5       100       1  BANK1   
                cstackBANK2                    000200  0000F0  0002F0       200       1  BANK2   
                dataBANK3                      000300  0000FC  0003FC       300       1  BANK3   
                bssBANK4                       000400  0000FB  0004FB       400       1  BANK4   
                bssBANK5                       000500  0000F3  0005F3       500       1  BANK5   
                bssBANK6                       000600  0000F3  0006F3       600       1  BANK6   
                bssBANK7                       000700  0000F3  0007F3       700       1  BANK7   
                bssBANK8                       000800  0000F5  0008F5       800       1  BANK8   
                text2                          004894  000030  0048C4      244A       0  CODE    
                mediumconst                    00FE9E  000162  010000      7F4F       0  MEDIUMCO
                config                         300000  00000E  30000E    300000       0  CONFIG  


UNUSED ADDRESS RANGES

        Name                Unused          Largest block    Delta
        BANK0            0000DD-0000FF               23
        BANK1            0001F5-0001FF                B
        BANK10           000A00-000AFF              100
        BANK11           000B00-000BFF              100
        BANK12           000C00-000CFF              100
        BANK13           000D00-000DFF              100
        BANK14           000E00-000EFF              100
        BANK15           000F00-000F7F               80
        BANK2            0002F0-0002FF               10
        BANK3            0003FC-0003FF                4
        BANK4            0004FB-0004FF                5
        BANK5            0005F3-0005FF                D
        BANK6            0006F3-0006FF                D
        BANK7            0007F3-0007FF                D
        BANK8            0008F5-0008FF                B
        BANK9            000900-0009FF              100
        BIGRAM           000061-00007F               1F
                         0000DD-0000FF               23
                         0001F5-0001FF                B
                         0002F0-0002FF               10
                         0003FC-0003FF                4
                         0004FB-0004FF                5
                         0005F3-0005FF                D
                         0006F3-0006FF                D
                         0007F3-0007FF                D
                         0008F5-000F7F              68B
        CODE             000004-000007                4
                         000016-000017                2
                         004893-004893                1
                         0048C4-00FE9D             B5DA
        COMRAM           000061-00007F               1F
        CONST            000004-000007                4
                         000016-000017                2
                         004893-004893                1
                         0048C4-00FE9D             B5DA
        EEDATA           F00000-F003FF              400
        IDLOC            200000-200007                8
        MEDIUMCONST      004893-004893                1
                         0048C4-00FE9D             B5DA
        RAM              0000DD-0000FF               23
                         0001F5-0001FF                B
                         0002F0-0002FF               10
                         0003FC-0003FF                4
                         0004FB-0004FF                5
                         0005F3-0005FF                D
                         0006F3-0006FF                D
                         0007F3-0007FF                D
                         0008F5-000F7F              100
        SFR              000F80-000FFF               80
        SMALLCONST       004893-004893                1
                         0048C4-00FE9D              100
        STACK            0008F5-000F7F              68B

                                  Symbol Table

?_FindCell                               cstackBANK0  0000C0
?_FindNextTimeStart                      cstackBANK0  0000C0
?_GetDayOfWeek                           cstackBANK0  0000A3
?_InputText                              cstackBANK0  0000BA
?_RefreshSchedulerIndicator              cstackBANK1  000100
?___aldiv                                cstackBANK0  0000A3
?___almod                                cstackBANK0  0000A3
?___lldiv                                cstackBANK0  0000A3
?___llmod                                cstackBANK0  0000A3
?___lmul                                 cstackBANK0  0000A3
?___lwdiv                                cstackBANK0  0000A3
?___lwmod                                cstackBANK0  0000A3
?_getSystemTimePoint                     cstackBANK0  0000A3
?i1___aldiv                              cstackCOMRAM 000019
?i1___lwdiv                              cstackCOMRAM 000019
?i1___lwmod                              cstackCOMRAM 000019
AddByteToUSARTbuff@buff                  cstackCOMRAM 000008
AddByteToUSARTbuff@byte                  cstackCOMRAM 00000A
AddByteToUSARTbuff@i                     cstackCOMRAM 00000B
AddByteToUSARTbuff@i_1530                cstackCOMRAM 00000C
AddByteToUSARTbuff@lastdata              bssCOMRAM    00004B
CheckoutRegisterOfSymbol@dig             cstackBANK0  0000A3
CleanStringArray@i                       cstackBANK0  0000A7
CleanStringArray@myArray                 cstackBANK0  0000A3
CleanStringArray@settingData             cstackBANK0  0000A6
CleanStringArray@size                    cstackBANK0  0000A5
ConvKeyNum@Num                           cstackCOMRAM 000019
ConvertDayToBit@DayNumber                cstackCOMRAM 000019
DeleteDataOfCell@CellsData               cstackBANK0  0000B2
DeleteDataOfCell@TargetAdress            cstackBANK0  0000B0
EERD@EEDATA_BUP                          cstackBANK0  0000A6
EERD@INTCON_BUP                          cstackBANK0  0000A5
EERD@adress                              cstackBANK0  0000A3
EEWR@INTCON_BUP                          cstackBANK0  0000A6
EEWR@adress                              cstackBANK0  0000A3
EEWR@data                                cstackBANK0  0000A5
EditSchedule@SourceOfRecord              cstackBANK0  0000A5
EditSchedule@adress                      cstackBANK0  0000A3
F_l@ButtonPressTimeOut                   bssCOMRAM    00004C
F_l@KeyIndex                             bssCOMRAM    00004D
F_l@MinuteAgo                            cstackBANK0  00009A
F_l@PressedKeyIndex                      dataCOMRAM   000054
F_l@_KeyIndex                            cstackBANK0  00009D
F_l@a                                    cstackBANK0  00009E
F_l@data_temp                            cstackBANK0  00009C
F_l@digit                                cstackBANK0  00009B
F_l@line                                 cstackBANK0  0000A2
F_l@symbol                               cstackBANK0  0000A0
FillArrayFromEEPROM@adress_start         cstackBANK0  0000A9
FillArrayFromEEPROM@container            cstackBANK0  0000A7
FillArrayFromEEPROM@i                    cstackBANK0  0000AF
FillArrayFromEEPROM@quantity             cstackBANK0  0000AB
FillArrayFromEEPROM_interr@adress_start  cstackCOMRAM 00001D
FillArrayFromEEPROM_interr@container     cstackCOMRAM 000023
FillArrayFromEEPROM_interr@i             cstackCOMRAM 000024
FillArrayFromEEPROM_interr@quantity      cstackCOMRAM 00001F
FillBuffer@end_of_string                 cstackBANK0  0000A9
FillBuffer@j                             cstackBANK0  0000AB
FillBuffer@last_s                        cstackBANK0  0000A7
FillBuffer@s0                            cstackBANK0  0000A8
FillBuffer@string                        cstackBANK0  0000A3
FillPhonebookCellFromEEPROM@adress_start cstackBANK0  0000B2
FillPhonebookCellFromEEPROM@container    cstackBANK0  0000B0
FindCell@CellIsEmpty                     cstackBANK0  0000D6
FindCell@CellsData                       cstackBANK0  0000C6
FindCell@Data                            cstackBANK0  0000D2
FindCell@New                             cstackBANK0  0000C2
FindCell@adress                          cstackBANK0  0000D8
FindCell@adressNew                       cstackBANK0  0000CE
FindCell@adressStart                     cstackBANK0  0000C0
FindCell@i                               cstackBANK0  0000D7
FindCell@previous                        cstackBANK0  0000C3
FindIncommingData@a                      cstackBANK0  0000B3
FindIncommingData@container              cstackBANK0  0000AA
FindIncommingData@end_of_regexp          cstackBANK0  0000B8
FindIncommingData@finish_index           cstackBANK0  0000B1
FindIncommingData@history_index          cstackBANK0  0000AC
FindIncommingData@i                      cstackBANK0  0000B5
FindIncommingData@j                      cstackBANK0  0000BB
FindIncommingData@last_s                 cstackBANK0  0000BA
FindIncommingData@not_found              cstackBANK0  0000B2
FindIncommingData@pointer                cstackBANK0  0000B6
FindIncommingData@regexp                 cstackBANK0  0000A8
FindIncommingData@s0                     cstackBANK0  0000B4
FindIncommingData@s1                     cstackBANK0  0000AF
FindIncommingData@start_index            cstackBANK0  0000B0
FindNextTimeStart@CellsData              cstackBANK1  000100
FindNextTimeStart@Data                   cstackBANK1  000121
FindNextTimeStart@DayIndex               cstackBANK1  000120
FindNextTimeStart@DayOn                  cstackBANK1  00010C
FindNextTimeStart@Days                   cstackBANK1  000119
FindNextTimeStart@LastFoundTimeStart     cstackBANK1  000111
FindNextTimeStart@Signals                cstackBANK1  000118
FindNextTimeStart@TimeFrom               cstackBANK0  0000C0
FindNextTimeStart@TimeIsFound            cstackBANK1  000117
FindNextTimeStart@TimeOfSignals          cstackBANK1  00011A
FindNextTimeStart@TimeStart              cstackBANK1  000115
FindNextTimeStart@TimeStop               cstackBANK1  00010F
FindNextTimeStart@adress                 cstackBANK1  00011E
FindNextTimeStart@adressStart            cstackBANK1  00010D
GetDayOfWeek@day                         cstackBANK0  0000A5
InputText@F3318                          dataBANK3    000373
InputText@F3320                          dataBANK4    000471
InputText@F3322                          dataBANK3    00034D
InputText@F3324                          dataBANK3    000352
InputText@F3326                          dataBANK3    000357
InputText@F3328                          dataBANK3    00035C
InputText@F3330                          dataBANK3    000361
InputText@F3332                          dataBANK3    000311
InputText@F3334                          dataBANK3    000366
InputText@F3336                          dataBANK3    000317
InputText@F3338                          dataBANK3    00031D
InputText@F3340                          dataBANK3    000323
InputText@F3342                          dataBANK3    000329
InputText@F3344                          dataBANK3    00032F
InputText@F3346                          dataBANK3    000335
InputText@F3348                          dataBANK3    00033B
InputText@F3350                          dataBANK3    000341
InputText@F3352                          dataBANK3    000347
InputText@F3354                          dataBANK3    000376
InputText@F3356                          dataBANK2    0002DF
InputText@F3358                          dataBANK2    0002E1
InputText@F3360                          dataBANK2    0002E3
InputText@F3362                          dataBANK2    0002E5
InputText@F3364                          dataBANK2    0002E7
InputText@F3366                          dataBANK2    0002E9
InputText@F3368                          dataBANK2    0002EB
InputText@F3370                          dataBANK2    0002ED
InputText@F3372                          dataBANK3    000382
InputText@InputData                      cstackBANK2  000284
InputText@_input_data                    cstackBANK2  000200
InputText@_props                         cstackBANK0  0000BC
InputText@active_cell                    cstackBANK2  0002DE
InputText@capacity                       cstackBANK0  0000BE
InputText@cur_char                       cstackBANK1  0001B8
InputText@i                              cstackBANK2  0002DD
InputText@i_1776                         cstackBANK2  0002D6
InputText@i_1785                         cstackBANK1  0001BA
InputText@i_1795                         cstackBANK2  0002DA
InputText@i_1804                         cstackBANK2  0002D7
InputText@lastKeyCode                    cstackBANK2  0002DB
InputText@props                          cstackBANK2  0002DC
InputText@ret_string                     cstackBANK1  00012F
InputText@s_0                            cstackBANK1  0001AD
InputText@s_1                            cstackBANK0  0000C3
InputText@s_12                           cstackBANK1  00015C
InputText@s_13                           cstackBANK1  000162
InputText@s_14                           cstackBANK1  000168
InputText@s_15                           cstackBANK1  00016E
InputText@s_16                           cstackBANK1  000174
InputText@s_17                           cstackBANK1  00017A
InputText@s_18                           cstackBANK1  000180
InputText@s_19                           cstackBANK1  000186
InputText@s_2                            cstackBANK1  00018C
InputText@s_20                           cstackBANK1  0001AA
InputText@s_21                           cstackBANK1  0001B0
InputText@s_22                           cstackBANK1  0001B2
InputText@s_23                           cstackBANK1  0001B4
InputText@s_24                           cstackBANK1  0001B6
InputText@s_25                           cstackBANK2  0002C6
InputText@s_26                           cstackBANK2  0002C8
InputText@s_27                           cstackBANK2  0002CA
InputText@s_28                           cstackBANK2  0002CC
InputText@s_29                           cstackBANK2  0002CE
InputText@s_3                            cstackBANK1  000191
InputText@s_4                            cstackBANK1  000196
InputText@s_5                            cstackBANK1  00019B
InputText@s_6                            cstackBANK1  0001A0
InputText@s_7                            cstackBANK1  000150
InputText@s_8                            cstackBANK1  0001A5
InputText@s_9                            cstackBANK1  000156
InputText@symbols                        cstackBANK4  0004BF
InputText@temp                           cstackBANK2  0002D8
InputText@temp_1797                      cstackBANK2  0002D4
InputText@text                           cstackBANK0  0000BA
InputText@time_point                     cstackBANK2  0002D0
InteractiveData_BlinkOFF@InteractiveData cstackBANK0  0000A3
InteractiveData_BlinkOFF@i               cstackBANK0  0000A8
InteractiveData_BlinkOFF@leght           cstackBANK0  0000A5
NumericToString@displacement             cstackBANK0  0000B9
NumericToString@mySring                  cstackBANK0  0000B4
NumericToString@n                        cstackBANK0  0000B0
NumericToString@size                     cstackBANK0  0000B6
PL10                                     text21       000F0E
PL100                                    text21       000FF2
PL102                                    text18       002694
PL104                                    text1        002BC8
PL106                                    text20       003BAE
PL108                                    text43       000970
PL110                                    text11       002850
PL112                                    text18       0026A4
PL114                                    text43       000988
PL116                                    text18       0026AC
PL118                                    text31       001DA4
PL12                                     text8        001638
PL120                                    text8        001690
PL122                                    text30       002D30
PL124                                    text21       001000
PL126                                    text21       00100E
PL128                                    text21       001016
PL130                                    text9        002E58
PL132                                    text26       0038A8
PL134                                    text21       00101E
PL136                                    text10       003772
PL138                                    text21       001030
PL14                                     text8        00164A
PL140                                    text21       001042
PL142                                    text68       002A24
PL144                                    text20       003BC6
PL146                                    text43       000992
PL148                                    text49       00229C
PL150                                    text0        0024DE
PL152                                    text21       001054
PL154                                    text43       00099A
PL156                                    text49       0022A6
PL158                                    text31       001DBA
PL16                                     text43       000936
PL160                                    text31       001DC4
PL162                                    text21       00105E
PL164                                    text21       00106A
PL166                                    text21       001076
PL168                                    text49       0022B6
PL170                                    text81       00417A
PL172                                    text49       0022C2
PL174                                    text21       001080
PL176                                    text77       003E9A
PL178                                    text43       0009AA
PL18                                     text30       002CE4
PL180                                    text77       003EA6
PL182                                    text8        00169E
PL184                                    text36       003D38
PL186                                    text7        003228
PL188                                    text8        0016AC
PL190                                    text58       00303E
PL192                                    text39       0036C8
PL194                                    text20       003BD2
PL196                                    text21       001090
PL198                                    text61       003E26
PL2                                      text43       000926
PL20                                     text48       004396
PL200                                    text61       003E34
PL202                                    text49       0022CC
PL204                                    text43       0009B8
PL206                                    text49       0022DA
PL208                                    text21       00109E
PL210                                    text21       0010A6
PL212                                    text58       00304C
PL214                                    text36       003D46
PL216                                    text49       0022E8
PL218                                    text43       0009C6
PL22                                     text51       00391C
PL220                                    text43       0009D0
PL222                                    text18       0026B6
PL224                                    text21       0010AE
PL226                                    text8        0016BA
PL228                                    text21       0010B6
PL230                                    text58       00305A
PL232                                    text31       001DD4
PL234                                    text21       0010C2
PL236                                    text8        0016C4
PL238                                    text30       002D3C
PL24                                     text21       000F1E
PL240                                    text29       00453A
PL242                                    text31       001DE0
PL244                                    text31       001DEC
PL246                                    text21       0010CE
PL248                                    text31       001DF8
PL250                                    text49       0022F6
PL252                                    text49       002300
PL254                                    text31       001E00
PL256                                    text43       0009DA
PL258                                    text8        0016D0
PL26                                     text8        00165C
PL260                                    text43       0009E4
PL262                                    text6        0045D6
PL264                                    text8        0016DA
PL266                                    text8        0016E2
PL268                                    text43       0009EE
PL270                                    text43       0009F8
PL272                                    text11       002866
PL274                                    text43       000A02
PL276                                    text19       0039D0
PL278                                    text11       002870
PL28                                     text28       002F24
PL280                                    text58       003066
PL30                                     text21       000F2C
PL32                                     text50       0037F8
PL34                                     text21       000F48
PL36                                     text21       000F54
PL38                                     text30       002D06
PL4                                      text8        001616
PL40                                     text43       000940
PL42                                     text52       004226
PL44                                     text21       000F60
PL46                                     text30       002D0E
PL48                                     text21       000F72
PL50                                     text21       000F7E
PL52                                     text55       004046
PL54                                     text8        00167A
PL56                                     text33       003FDE
PL58                                     text51       003934
PL6                                      text28       002EF8
PL60                                     text28       002F56
PL62                                     text52       00423E
PL64                                     text43       00094E
PL66                                     text8        001686
PL68                                     text21       000F94
PL70                                     text28       002F68
PL72                                     text51       003942
PL74                                     text21       000F9E
PL76                                     text66       004818
PL78                                     text21       000FBC
PL8                                      text28       002F12
PL80                                     text21       000FCE
PL82                                     text47       003C4E
PL84                                     text1        002BB6
PL86                                     text31       001D96
PL88                                     text21       000FE0
PL90                                     text21       000FEA
PL92                                     text50       003814
PL94                                     text72       00448C
PL96                                     text30       002D20
PL98                                     text0        0024CE
ParseDataRecord@Data                     cstackBANK0  0000A3
ParseDataRecord@Days                     cstackBANK0  0000AB
ParseDataRecord@Signals                  cstackBANK0  0000AD
ParseDataRecord@TimeStart                cstackBANK0  0000A7
ParseDataRecord@TimeStop                 cstackBANK0  0000A9
ParseTime@Day                            cstackBANK0  0000B7
ParseTime@DayTime                        cstackBANK0  0000B9
ParseTime@Time                           cstackBANK0  0000B5
ParseTime@TimeValue                      cstackBANK0  0000B1
PhonebookEdit@Contact                    cstackBANK8  0008D4
PhonebookEdit@F3416                      dataBANK3    000379
PhonebookEdit@aaa                        cstackBANK8  0008A2
PhonebookEdit@cell                       cstackBANK8  0008D1
PhonebookEdit@field                      cstackBANK8  0008CF
PhonebookEdit@i                          cstackBANK8  0008D3
PhonebookEdit@input_props                cstackBANK8  0008CE
PhonebookEdit@input_props_1872           cstackBANK8  0008CA
PhonebookEdit@num_cell                   cstackBANK8  0008C3
PhonebookEdit@number                     cstackBANK8  0008CB
PhonebookEdit@read                       cstackBANK8  0008CD
ReIndTimeEdit@TimeData                   cstackBANK0  0000B5
ReIndTimeEdit@i                          cstackBANK0  0000BC
ReIndTimeEdit@i_1206                     cstackBANK0  0000BD
ReadDataOfCell@CellsData                 cstackBANK0  0000B0
ReadDataOfCell@Data                      cstackBANK0  0000B2
ReadDataOfCell@TargetAdress              cstackBANK0  0000B4
ReadDataOfCell@i                         cstackBANK0  0000BE
ReadDataOfCell_interr@CellsData          cstackCOMRAM 000030
ReadDataOfCell_interr@Data               cstackCOMRAM 000025
ReadDataOfCell_interr@TargetAdress       cstackCOMRAM 000026
ReadDataOfCell_interr@i                  cstackCOMRAM 000031
RefreshSchedulerIndicator@CellIsEmpty    cstackBANK1  000119
RefreshSchedulerIndicator@CellsData      cstackBANK1  000105
RefreshSchedulerIndicator@CopyFrom       cstackBANK1  000103
RefreshSchedulerIndicator@Data           cstackBANK1  000115
RefreshSchedulerIndicator@F3134          dataBANK3    00037C
RefreshSchedulerIndicator@F3136          dataBANK3    00037F
RefreshSchedulerIndicator@New            cstackBANK1  000102
RefreshSchedulerIndicator@adress         cstackBANK1  000100
RefreshSchedulerIndicator@cell           cstackBANK1  00011A
RefreshSchedulerIndicator@i              cstackBANK1  00011C
RefreshSchedulerIndicator@num            cstackBANK1  00010D
RefreshSchedulerIndicator@num_1414       cstackBANK1  000110
Scheduler@NumberOfCells                  bssCOMRAM    000043
Scheduler@StartFrom                      cstackBANK1  00011F
SchedulerNew@NumberOfCells               bssCOMRAM    000045
SchedulerNew@SourceOfRecord              cstackBANK1  00011D
Select_OK_NO@text                        cstackBANK0  0000B6
SendCommandToUART@command                cstackBANK0  0000A3
SendCommandToUART@wait                   cstackBANK0  0000A5
SendSymbolToLCD@Symb                     cstackCOMRAM 000020
SignalsOnOff@CellsData                   cstackBANK0  000080
SignalsOnOff@Data                        cstackBANK0  000096
SignalsOnOff@Data_1516                   cstackBANK0  000095
SignalsOnOff@DayTime                     cstackBANK0  000090
SignalsOnOff@Days                        cstackBANK0  000092
SignalsOnOff@Signals                     cstackBANK0  000093
SignalsOnOff@ThisDay                     cstackBANK0  000094
SignalsOnOff@ThisTime                    cstackBANK0  00008E
SignalsOnOff@TimeStart                   cstackBANK0  000088
SignalsOnOff@TimeStop                    cstackBANK0  00008A
TelephoneCall@F3409                      dataBANK4    000483
TelephoneCall@command                    cstackBANK0  0000A9
TelephoneCall@i                          cstackBANK0  0000BB
TelephoneCall@phone_number               cstackBANK0  0000A6
TimeData_BlinkOFF@TimeData               cstackBANK0  0000A9
TimeData_INIT@TimeData                   cstackBANK0  0000A3
TimeData_INIT@i                          cstackBANK0  0000A9
TimeData_INIT@i_1249                     cstackBANK0  0000AA
TimeEdit@F3055                           dataBANK4    0004B3
TimeEdit@MonthDays                       cstackBANK1  000100
TimeEdit@TimeData                        cstackBANK1  000175
TimeEdit@_date                           cstackBANK1  000114
TimeEdit@_time                           cstackBANK1  00013D
TimeEdit@_weekday                        cstackBANK1  000171
TimeEdit@blinking                        cstackBANK1  00016B
TimeEdit@i                               cstackBANK1  000168
TimeEdit@i_1273                          cstackBANK1  000169
TimeEdit@i_1274                          cstackBANK1  00016A
TimeEdit@input                           cstackBANK1  00013C
TimeEdit@month                           cstackBANK1  000151
TimeEdit@n                               cstackBANK1  00010C
TimeEdit@symb_array                      cstackBANK1  000152
TimeEdit@t                               cstackBANK1  000170
TimeEdit@temp                            cstackBANK1  00016C
TimeToInd@CellsData                      cstackBANK1  000127
TimeToInd@CellsNumber                    cstackBANK1  000170
TimeToInd@D                              cstackBANK1  000162
TimeToInd@Data                           cstackBANK1  000169
TimeToInd@DataArray                      cstackBANK1  000145
TimeToInd@DataArray2                     cstackBANK1  000166
TimeToInd@DataArrayOfLine2               cstackBANK1  00012F
TimeToInd@Day                            cstackBANK1  000168
TimeToInd@Days                           cstackBANK1  000161
TimeToInd@F2985                          dataBANK3    00036B
TimeToInd@F2989                          dataBANK3    000300
TimeToInd@F2993                          dataBANK4    000495
TimeToInd@F3007                          dataBANK4    0004A6
TimeToInd@SignalOn                       cstackBANK1  000156
TimeToInd@SignalOn_1144                  cstackBANK1  000158
TimeToInd@Signals                        cstackBANK1  00016D
TimeToInd@SignalsFinal                   cstackBANK1  000173
TimeToInd@Time                           cstackBANK1  000176
TimeToInd@TimeData                       cstackBANK1  00013C
TimeToInd@TimeStart                      cstackBANK1  00015E
TimeToInd@TimeStop                       cstackBANK1  000174
TimeToInd@d                              cstackBANK1  000159
TimeToInd@day                            cstackBANK1  000157
TimeToInd@i                              cstackBANK1  00016E
TimeToInd@i_1143                         cstackBANK1  00016F
TimeToInd@j2                             cstackBANK1  000171
TimeToInd@line                           cstackBANK1  000160
TimeToInd@temp                           cstackBANK1  000178
WorkingWithGSM@command                   cstackBANK1  0001DC
WorkingWithGSM@i                         cstackBANK1  0001E0
WorkingWithGSM@line                      dataBANK2    0002EF
WorkingWithGSM@myOutputString            cstackBANK1  0001BB
WorkingWithGSM@p                         cstackBANK1  0001DE
WriteArrayToEEPROM@adress_start          cstackBANK0  0000A9
WriteArrayToEEPROM@container             cstackBANK0  0000A7
WriteArrayToEEPROM@i                     cstackBANK0  0000AF
WriteArrayToEEPROM@quantity              cstackBANK0  0000AB
WritePhonebookCellToEEPROM@adress_start  cstackBANK0  0000B2
WritePhonebookCellToEEPROM@container     cstackBANK0  0000B0
_ADCON1                                  (abs)        000FC1
_AddByteToUSARTbuff                      text82       003236
_AdressOfNextStartCell                   dataBANK3    000384
_BAUDCONbits                             (abs)        000FB8
_CheckoutRegisterOfSymbol                text54       001E08
_CleanStringArray                        text59       0047F8
_Clock                                   bssCOMRAM    00003F
_ConvKeyNum                              text79       0040C2
_ConvertDayToBit                         text76       00463E
_CurrentReadingCell                      bssCOMRAM    000047
_CurrentSignals                          bssCOMRAM    00004E
_CurrentSignalsData                      bssCOMRAM    00004F
_DeleteDataOfCell                        text14       00466E
_EEADR                                   (abs)        000FA9
_EEADRH                                  (abs)        000FAA
_EECON1bits                              (abs)        000FA6
_EECON2                                  (abs)        000FA7
_EEDATA                                  (abs)        000FA8
_EERD                                    text57       0046E8
_EEWR                                    text35       00477A
_EditSchedule                            text13       0048C2
_F_h                                     intcode      000008
_F_l                                     intcodelo    000018
_FillArrayFromEEPROM                     text56       0044DC
_FillArrayFromEEPROM_interr              text74       00457A
_FillBuffer                              text61       003DCA
_FillMinutes                             text60       0048BE
_FillPhonebookCellFromEEPROM             text55       003FF4
_FindCell                                text12       003312
_FindCell$1396                           cstackBANK0  0000D0
_FindIncommingData                       text58       002F70
_FindNextTimeStart                       text18       0024E8
_FindNextTimeStart$2628                  cstackBANK1  000108
_GetDayOfWeek                            text17       003C5E
_GlobalBlinkCycleTime                    dataCOMRAM   000055
_INTCON                                  (abs)        000FF2
_INTCON2                                 (abs)        000FF1
_INTCON3                                 (abs)        000FF0
_INTCONbits                              (abs)        000FF2
_IPR1                                    (abs)        000F9F
_IPR1bits                                (abs)        000F9F
_IPR2                                    (abs)        000FA2
_IncommingBuffer                         bssBANK3     0003A6
_Init_USART                              text62       0047BA
_InputText                               text43       00026C
_InteractiveData_BlinkOFF                text53       00460E
_KeyCode                                 bssBANK1     0001F4
_LATA                                    (abs)        000F89
_LATB                                    (abs)        000F8A
_LATC                                    (abs)        000F8B
_Minutes                                 bssBANK3     0003BE
_NearTimeStart                           bssBANK3     0003C6
_NumericToString                         text39       00361E
_OutcommingBuffer                        bssCOMRAM    000049
_PIE1                                    (abs)        000F9D
_PIE1bits                                (abs)        000F9D
_PIE2                                    (abs)        000FA0
_PIR1                                    (abs)        000F9E
_PIR1bits                                (abs)        000F9E
_PIR2                                    (abs)        000FA1
_PIR2bits                                (abs)        000FA1
_PORTA                                   (abs)        000F80
_PORTB                                   (abs)        000F81
_PR2                                     (abs)        000FCB
_ParseDataRecord                         text20       003B62
_ParseTime                               text15       003F24
_PhonebookEdit                           text31       001ACA
_PhonebookEdit$1868                      cstackBANK8  0008C6
_PhonebookEdit$1871                      cstackBANK8  0008C8
_RB7                                     (abs)        007C0F
_RC0                                     (abs)        007C10
_RC2                                     (abs)        007C12
_RCON                                    (abs)        000FD0
_RCONbits                                (abs)        000FD0
_RCREG                                   (abs)        000FAE
_RCSTAbits                               (abs)        000FAB
_ReIndTimeEdit                           text30       002BE0
_ReadDataOfCell                          text19       00394E
_ReadDataOfCell_interr                   text73       003A60
_RefreshSchedulerIndicator               text11       0026C0
_RefreshSchedulerIndicator$1406          cstackBANK1  000113
_SPBRG                                   (abs)        000FAF
_SPBRGH                                  (abs)        000FB0
_Scheduler                               text9        002D48
_SchedulerNew                            text10       0036D6
_Select_OK_NO                            text38       004546
_SendCommandToUART                       text37       00479A
_SendSymbolToLCD                         text77       003E40
_SendSymbolToLCD$1356                    cstackCOMRAM 00001C
_SendSymbolToLCD$1358                    cstackCOMRAM 00001E
_SignalsForInd                           bssCOMRAM    000050
_SignalsOnOff                            text68       002878
_SignalsOnOff$1515                       cstackBANK0  00008C
_SignalsOut                              bssCOMRAM    000051
_StandardAnswer_INCCALL                  mediumconst  00FEBF
_StandardAnswer_OK                       mediumconst  00FEE3
_T0IF                                    (abs)        007F92
_T1CONbits                               (abs)        000FCD
_T2CON                                   (abs)        000FCA
_T2CONbits                               (abs)        000FCA
_TMR1                                    (abs)        000FCE
_TMR1IF                                  (abs)        007CF0
_TMR2                                    (abs)        000FCC
_TMR2IF                                  (abs)        007CF1
_TRISA                                   (abs)        000F92
_TRISB                                   (abs)        000F93
_TRISC                                   (abs)        000F94
_TRISCbits                               (abs)        000F94
_TXREG                                   (abs)        000FAD
_TXSTAbits                               (abs)        000FAC
_TelephoneCall                           text36       003CDA
_TimeData_BlinkOFF                       text29       004512
_TimeData_INIT                           text28       002E6A
_TimeEdit                                text21       000A0C
_TimeEdit$2627                           cstackBANK1  000110
_TimeToInd                               text8        0010D6
_TimeToInd$1129                          cstackBANK1  00015A
_TimeToInd$1130                          cstackBANK1  00015C
_WorkingWithGSM                          text7        003158
_WriteArrayToEEPROM                      text34       004434
_WritePhonebookCellToEEPROM              text33       003F8C
__CFG_BOREN$SBORDIS                      (abs)        000000
__CFG_BORV$3                             (abs)        000000
__CFG_CCP2MX$PORTC                       (abs)        000000
__CFG_CP0$OFF                            (abs)        000000
__CFG_CP1$OFF                            (abs)        000000
__CFG_CP2$OFF                            (abs)        000000
__CFG_CP3$OFF                            (abs)        000000
__CFG_CPB$OFF                            (abs)        000000
__CFG_CPD$OFF                            (abs)        000000
__CFG_EBTR0$OFF                          (abs)        000000
__CFG_EBTR1$OFF                          (abs)        000000
__CFG_EBTR2$OFF                          (abs)        000000
__CFG_EBTR3$OFF                          (abs)        000000
__CFG_EBTRB$OFF                          (abs)        000000
__CFG_FCMEN$OFF                          (abs)        000000
__CFG_IESO$ON                            (abs)        000000
__CFG_LPT1OSC$ON                         (abs)        000000
__CFG_LVP$OFF                            (abs)        000000
__CFG_MCLRE$OFF                          (abs)        000000
__CFG_OSC$HSPLL                          (abs)        000000
__CFG_PBADEN$OFF                         (abs)        000000
__CFG_PWRT$ON                            (abs)        000000
__CFG_STVREN$ON                          (abs)        000000
__CFG_WDT$OFF                            (abs)        000000
__CFG_WDTPS$32768                        (abs)        000000
__CFG_WRT0$OFF                           (abs)        000000
__CFG_WRT1$OFF                           (abs)        000000
__CFG_WRT2$OFF                           (abs)        000000
__CFG_WRT3$OFF                           (abs)        000000
__CFG_WRTB$OFF                           (abs)        000000
__CFG_WRTC$OFF                           (abs)        000000
__CFG_WRTD$OFF                           (abs)        000000
__CFG_XINST$OFF                          (abs)        000000
__HRAM                                   (abs)        000000
__Habs1                                  abs1         000000
__Hbank0                                 bank0        000000
__Hbank1                                 bank1        000000
__Hbank10                                bank10       000000
__Hbank11                                bank11       000000
__Hbank12                                bank12       000000
__Hbank13                                bank13       000000
__Hbank14                                bank14       000000
__Hbank15                                bank15       000000
__Hbank2                                 bank2        000000
__Hbank3                                 bank3        000000
__Hbank4                                 bank4        000000
__Hbank5                                 bank5        000000
__Hbank6                                 bank6        000000
__Hbank7                                 bank7        000000
__Hbank8                                 bank8        000000
__Hbank9                                 bank9        000000
__Hbigbss                                bigbss       000000
__Hbigdata                               bigdata      000000
__Hbigram                                bigram       000000
__Hbss                                   bss          000000
__HbssBANK1                              bssBANK1     000000
__HbssBANK3                              bssBANK3     000000
__HbssBANK4                              bssBANK4     000000
__HbssBANK5                              bssBANK5     000000
__HbssBANK6                              bssBANK6     000000
__HbssBANK7                              bssBANK7     000000
__HbssBANK8                              bssBANK8     000000
__HbssCOMRAM                             bssCOMRAM    000000
__Hcinit                                 cinit        000000
__Hclrtext                               clrtext      000000
__Hcomram                                comram       000000
__Hconfig                                config       30000E
__Hconst                                 const        000000
__HcstackBANK0                           cstackBANK0  000000
__HcstackBANK1                           cstackBANK1  000000
__HcstackBANK2                           cstackBANK2  000000
__HcstackBANK3                           cstackBANK3  000000
__HcstackBANK4                           cstackBANK4  000000
__HcstackBANK8                           cstackBANK8  000000
__HcstackCOMRAM                          cstackCOMRAM 000000
__Hdata                                  data         000000
__HdataBANK2                             dataBANK2    000000
__HdataBANK3                             dataBANK3    000000
__HdataBANK4                             dataBANK4    000000
__HdataCOMRAM                            dataCOMRAM   000000
__Heeprom_data                           eeprom_data  000000
__Hend_init                              end_init     00026C
__Hfarbss                                farbss       000000
__Hfardata                               fardata      000000
__Hibigdata                              ibigdata     000000
__Hidata                                 idata        000000
__HidataBANK2                            idataBANK2   000000
__HidataBANK3                            idataBANK3   000000
__HidataBANK4                            idataBANK4   000000
__HidataCOMRAM                           idataCOMRAM  000000
__Hidloc                                 idloc        000000
__Hifardata                              ifardata     000000
__Hinit                                  init         000268
__Hintcode                               intcode      000016
__Hintcode_body                          intcode_body 000000
__Hintcodelo                             intcodelo    000268
__Hintentry                              intentry     000000
__Hintret                                intret       000000
__Hintsave_regs                          intsave_regs 000000
__Hirdata                                irdata       000000
__Hmediumconst                           mediumconst  010000
__HnvFARRAM                              nvFARRAM     000000
__Hnvbit                                 nvbit        000000
__Hnvrram                                nvrram       000000
__Hpa_nodes                              pa_nodes     000000
__Hparam                                 rparam       000000
__Hpowerup                               powerup      000268
__Hram                                   ram          000000
__Hramtop                                ramtop       001000
__Hrbit                                  rbit         000000
__Hrbss                                  rbss         000000
__Hrdata                                 rdata        000000
__Hreset_vec                             reset_vec    000004
__Hrparam                                rparam       000000
__Hsfr                                   sfr          000000
__Hsmallconst                            smallconst   000000
__Hspace_0                               (abs)        30000E
__Hspace_1                               (abs)        0008F5
__Hspace_2                               (abs)        000000
__Hstack                                 stack        000000
__Hstruct                                struct       000000
__Htemp                                  temp         000061
__Htext                                  text         000000
__Htext0                                 text0        000000
__Htext1                                 text1        000000
__Htext10                                text10       000000
__Htext11                                text11       000000
__Htext12                                text12       000000
__Htext13                                text13       000000
__Htext14                                text14       000000
__Htext15                                text15       000000
__Htext16                                text16       000000
__Htext17                                text17       000000
__Htext18                                text18       000000
__Htext19                                text19       000000
__Htext2                                 text2        000000
__Htext20                                text20       000000
__Htext21                                text21       000000
__Htext22                                text22       000000
__Htext23                                text23       000000
__Htext24                                text24       000000
__Htext25                                text25       000000
__Htext26                                text26       000000
__Htext27                                text27       000000
__Htext28                                text28       000000
__Htext29                                text29       000000
__Htext3                                 text3        000000
__Htext30                                text30       000000
__Htext31                                text31       000000
__Htext32                                text32       000000
__Htext33                                text33       000000
__Htext34                                text34       000000
__Htext35                                text35       000000
__Htext36                                text36       000000
__Htext37                                text37       000000
__Htext38                                text38       000000
__Htext39                                text39       000000
__Htext4                                 text4        000000
__Htext40                                text40       000000
__Htext41                                text41       000000
__Htext42                                text42       000000
__Htext43                                text43       000000
__Htext44                                text44       000000
__Htext45                                text45       000000
__Htext46                                text46       000000
__Htext47                                text47       000000
__Htext48                                text48       000000
__Htext49                                text49       000000
__Htext5                                 text5        000000
__Htext50                                text50       000000
__Htext51                                text51       000000
__Htext52                                text52       000000
__Htext53                                text53       000000
__Htext54                                text54       000000
__Htext55                                text55       000000
__Htext56                                text56       000000
__Htext57                                text57       000000
__Htext58                                text58       000000
__Htext59                                text59       000000
__Htext6                                 text6        000000
__Htext60                                text60       000000
__Htext61                                text61       000000
__Htext62                                text62       000000
__Htext64                                text64       000000
__Htext65                                text65       000000
__Htext66                                text66       000000
__Htext67                                text67       000000
__Htext68                                text68       000000
__Htext69                                text69       000000
__Htext7                                 text7        000000
__Htext70                                text70       000000
__Htext71                                text71       000000
__Htext72                                text72       000000
__Htext73                                text73       000000
__Htext74                                text74       000000
__Htext75                                text75       000000
__Htext76                                text76       000000
__Htext77                                text77       000000
__Htext78                                text78       000000
__Htext79                                text79       000000
__Htext8                                 text8        000000
__Htext81                                text81       000000
__Htext82                                text82       000000
__Htext83                                text83       000000
__Htext9                                 text9        000000
__LRAM                                   (abs)        000001
__Labs1                                  abs1         000000
__Lbank0                                 bank0        000000
__Lbank1                                 bank1        000000
__Lbank10                                bank10       000000
__Lbank11                                bank11       000000
__Lbank12                                bank12       000000
__Lbank13                                bank13       000000
__Lbank14                                bank14       000000
__Lbank15                                bank15       000000
__Lbank2                                 bank2        000000
__Lbank3                                 bank3        000000
__Lbank4                                 bank4        000000
__Lbank5                                 bank5        000000
__Lbank6                                 bank6        000000
__Lbank7                                 bank7        000000
__Lbank8                                 bank8        000000
__Lbank9                                 bank9        000000
__Lbigbss                                bigbss       000000
__Lbigdata                               bigdata      000000
__Lbigram                                bigram       000000
__Lbss                                   bss          000000
__LbssBANK1                              bssBANK1     000000
__LbssBANK3                              bssBANK3     000000
__LbssBANK4                              bssBANK4     000000
__LbssBANK5                              bssBANK5     000000
__LbssBANK6                              bssBANK6     000000
__LbssBANK7                              bssBANK7     000000
__LbssBANK8                              bssBANK8     000000
__LbssCOMRAM                             bssCOMRAM    000000
__Lcinit                                 cinit        000000
__Lclrtext                               clrtext      000000
__Lcomram                                comram       000000
__Lconfig                                config       300000
__Lconst                                 const        000000
__LcstackBANK0                           cstackBANK0  000000
__LcstackBANK1                           cstackBANK1  000000
__LcstackBANK2                           cstackBANK2  000000
__LcstackBANK3                           cstackBANK3  000000
__LcstackBANK4                           cstackBANK4  000000
__LcstackBANK8                           cstackBANK8  000000
__LcstackCOMRAM                          cstackCOMRAM 000000
__Ldata                                  data         000000
__LdataBANK2                             dataBANK2    000000
__LdataBANK3                             dataBANK3    000000
__LdataBANK4                             dataBANK4    000000
__LdataCOMRAM                            dataCOMRAM   000000
__Leeprom_data                           eeprom_data  000000
__Lend_init                              end_init     000268
__Lfarbss                                farbss       000000
__Lfardata                               fardata      000000
__Libigdata                              ibigdata     000000
__Lidata                                 idata        000000
__LidataBANK2                            idataBANK2   000000
__LidataBANK3                            idataBANK3   000000
__LidataBANK4                            idataBANK4   000000
__LidataCOMRAM                           idataCOMRAM  000000
__Lidloc                                 idloc        000000
__Lifardata                              ifardata     000000
__Linit                                  init         000268
__Lintcode                               intcode      000008
__Lintcode_body                          intcode_body 000000
__Lintcodelo                             intcodelo    000018
__Lintentry                              intentry     000000
__Lintret                                intret       000000
__Lintsave_regs                          intsave_regs 000000
__Lirdata                                irdata       000000
__Lmediumconst                           mediumconst  00FE9E
__LnvFARRAM                              nvFARRAM     000000
__Lnvbit                                 nvbit        000000
__Lnvrram                                nvrram       000000
__Lpa_nodes                              pa_nodes     000000
__Lparam                                 rparam       000000
__Lpowerup                               powerup      000268
__Lram                                   ram          000000
__Lramtop                                ramtop       001000
__Lrbit                                  rbit         000000
__Lrbss                                  rbss         000000
__Lrdata                                 rdata        000000
__Lreset_vec                             reset_vec    000000
__Lrparam                                rparam       000000
__Lsfr                                   sfr          000000
__Lsmallconst                            smallconst   000000
__Lspace_0                               (abs)        000000
__Lspace_1                               (abs)        000000
__Lspace_2                               (abs)        000000
[...]
 Data sizes:     COMRAM   BANK0   BANK1   BANK2   BANK3   BANK4   BANK5   BANK6   BANK7   BANK8   BANK9  BANK10  BANK11  BANK12  BANK13  BANK14  BANK15
      Params:         0       0       0       0       0       0       0       0       0       0       0       0       0       0       0       0       0
      Locals:         1       0       0       0       0       0       0       0       0       0       0       0       0       0       0       0       0
      Temps:          0       0       0       0       0       0       0       0       0       0       0       0       0       0       0       0       0
      Totals:         1       0       0       0       0       0       0       0       0       0       0       0       0       0       0       0       0
Total ram usage:        1 bytes
 Hardware stack levels used:    1
 Hardware stack levels required when called:    3
 This function calls:
		Nothing
 This function is called by:
		_F_l
 This function uses a non-reentrant model


 *************** function _F_h *****************
 Defined at:
		line 1680 in file "prog.c"
 Parameters:    Size  Location     Type
		None
 Auto vars:     Size  Location     Type
		None
 Return value:  Size  Location     Type
                  1    wreg      void 
 Registers used:
		wreg, fsr0l, fsr0h, fsr1l, fsr1h, fsr2l, fsr2h, status,2, status,0, tblptrl, tblptrh, tblptru, prodl, prodh, cstack
 Tracked objects:
		On entry : 
		On exit  : 
		Unchanged: 
 Data sizes:     COMRAM   BANK0   BANK1   BANK2   BANK3   BANK4   BANK5   BANK6   BANK7   BANK8   BANK9  BANK10  BANK11  BANK12  BANK13  BANK14  BANK15
      Params:         0       0       0       0       0       0       0       0       0       0       0       0       0       0       0       0       0
      Locals:         0       0       0       0       0       0       0       0       0       0       0       0       0       0       0       0       0
      Temps:         12       0       0       0       0       0       0       0       0       0       0       0       0       0       0       0       0
      Totals:        12       0       0       0       0       0       0       0       0       0       0       0       0       0       0       0       0
Total ram usage:       12 bytes
 Hardware stack levels used:    1
 Hardware stack levels required when called:    2
 This function calls:
		_AddByteToUSARTbuff
		__load_TXREG
 This function is called by:
		Interrupt level 2
 This function uses a non-reentrant model


 *************** function __load_TXREG *****************
 Defined at:
		line 1665 in file "prog.c"
 Parameters:    Size  Location     Type
		None
 Auto vars:     Size  Location     Type
		None
 Return value:  Size  Location     Type
                  1    wreg      void 
 Registers used:
		wreg, fsr0l, fsr0h, status,2, status,0, tblptrl, tblptrh, tblptru
 Tracked objects:
		On entry : 
		On exit  : 
		Unchanged: 
 Data sizes:     COMRAM   BANK0   BANK1   BANK2   BANK3   BANK4   BANK5   BANK6   BANK7   BANK8   BANK9  BANK10  BANK11  BANK12  BANK13  BANK14  BANK15
      Params:         0       0       0       0       0       0       0       0       0       0       0       0       0       0       0       0       0
      Locals:         0       0       0       0       0       0       0       0       0       0       0       0       0       0       0       0       0
      Temps:          0       0       0       0       0       0       0       0       0       0       0       0       0       0       0       0       0
      Totals:         0       0       0       0       0       0       0       0       0       0       0       0       0       0       0       0       0
Total ram usage:        0 bytes
 Hardware stack levels used:    1
 This function calls:
		Nothing
 This function is called by:
		_F_h
 This function uses a non-reentrant model


 *************** function _AddByteToUSARTbuff *****************
 Defined at:
		line 1620 in file "prog.c"
 Parameters:    Size  Location     Type
  byte            1    wreg     unsigned char 
 Auto vars:     Size  Location     Type
  byte            1    9[COMRAM] unsigned char 
  i               1   10[COMRAM] unsigned char 
  i               1   11[COMRAM] unsigned char 
  buff            2    7[COMRAM] PTR unsigned char 
		 -> buff_string_11(81), buff_string_10(81), buff_string_9(81), buff_string_8(81), 
		 -> buff_string_7(81), buff_string_6(81), buff_string_5(81), buff_string_4(81), 
		 -> buff_string_3(81), buff_string_2(81), buff_string_1(81), buff_string_0(81), 
 Return value:  Size  Location     Type
                  1    wreg      void 
 Registers used:
		wreg, fsr1l, fsr1h, fsr2l, fsr2h, status,2, status,0, prodl, prodh, cstack
 Tracked objects:
		On entry : 
		On exit  : 
		Unchanged: 
 Data sizes:     COMRAM   BANK0   BANK1   BANK2   BANK3   BANK4   BANK5   BANK6   BANK7   BANK8   BANK9  BANK10  BANK11  BANK12  BANK13  BANK14  BANK15
      Params:         0       0       0       0       0       0       0       0       0       0       0       0       0       0       0       0       0
      Locals:         5       0       0       0       0       0       0       0       0       0       0       0       0       0       0       0       0
      Temps:          2       0       0       0       0       0       0       0       0       0       0       0       0       0       0       0       0
      Totals:         7       0       0       0       0       0       0       0       0       0       0       0       0       0       0       0       0
Total ram usage:        7 bytes
 Hardware stack levels used:    1
 Hardware stack levels required when called:    1
 This function calls:
		i2_CleanStringArray
 This function is called by:
		_F_h
 This function uses a non-reentrant model


 *************** function i2_CleanStringArray *****************
 Defined at:
		line 1415 in file "prog.c"
 Parameters:    Size  Location     Type
  myArray         2    0[COMRAM] PTR unsigned char 
		 -> main2@container(50), buff_string_11(81), buff_string_10(81), buff_string_9(81), 
		 -> buff_string_8(81), buff_string_7(81), buff_string_6(81), buff_string_5(81), 
		 -> buff_string_4(81), buff_string_3(81), buff_string_2(81), buff_string_1(81), 
		 -> buff_string_0(81), DeleteDataOfCell@CellsData(8), NULL(0), 
  size            1    2[COMRAM] unsigned char 
  settingData     1    3[COMRAM] unsigned char 
 Auto vars:     Size  Location     Type
  CleanStringA    1    4[COMRAM] unsigned char 
 Return value:  Size  Location     Type
                  1    wreg      void 
 Registers used:
		wreg, fsr2l, fsr2h, status,2, status,0
 Tracked objects:
		On entry : 
		On exit  : 
		Unchanged: 
 Data sizes:     COMRAM   BANK0   BANK1   BANK2   BANK3   BANK4   BANK5   BANK6   BANK7   BANK8   BANK9  BANK10  BANK11  BANK12  BANK13  BANK14  BANK15
      Params:         4       0       0       0       0       0       0       0       0       0       0       0       0       0       0       0       0
      Locals:         1       0       0       0       0       0       0       0       0       0       0       0       0       0       0       0       0
      Temps:          0       0       0       0       0       0       0       0       0       0       0       0       0       0       0       0       0
      Totals:         5       0       0       0       0       0       0       0       0       0       0       0       0       0       0       0       0
Total ram usage:        5 bytes
 Hardware stack levels used:    1
 This function calls:
		Nothing
 This function is called by:
		_AddByteToUSARTbuff
 This function uses a non-reentrant model



MODULE INFORMATION

Module		Function		Class		Link	Load	Size
/opt/microchip/xc8/v1.37/sources/common/llmod.c
		___llmod       		CODE           	418A	0000	99

/opt/microchip/xc8/v1.37/sources/common/llmod.c estimated size: 99

/opt/microchip/xc8/v1.37/sources/common/almod.c
		___almod       		CODE           	3820	0000	137

/opt/microchip/xc8/v1.37/sources/common/almod.c estimated size: 137

/opt/microchip/xc8/v1.37/sources/common/Umul32.c
		___lmul        		CODE           	4298	0000	77

/opt/microchip/xc8/v1.37/sources/common/Umul32.c estimated size: 77

/opt/microchip/xc8/v1.37/sources/common/lwdiv.c
		___lwdiv       		CODE           	42E4	0000	75

/opt/microchip/xc8/v1.37/sources/common/lwdiv.c estimated size: 75

/opt/microchip/xc8/v1.37/sources/common/lbmod.c
		___lbmod       		CODE           	46C0	0000	41

/opt/microchip/xc8/v1.37/sources/common/lbmod.c estimated size: 41

/opt/microchip/xc8/v1.37/sources/common/lldiv.c
		___lldiv       		CODE           	3D54	0000	119

/opt/microchip/xc8/v1.37/sources/common/lldiv.c estimated size: 119

/opt/microchip/xc8/v1.37/sources/common/aldiv.c
		___aldiv       		CODE           	34A6	0000	189

/opt/microchip/xc8/v1.37/sources/common/aldiv.c estimated size: 189

shared
		PL12           		CODE           	1638	0000	19
		PL50           		CODE           	0F7E	0000	23
		PL8            		CODE           	2F12	0000	19
		PL268          		CODE           	09EE	0000	11
		PL22           		CODE           	391C	0000	25
		PL60           		CODE           	2F56	0000	19
		PL178          		CODE           	09AA	0000	15
		PL100          		CODE           	0FF2	0000	15
		PL32           		CODE           	37F8	0000	29
		PL70           		CODE           	2F68	0000	9
		PL278          		CODE           	2870	0000	9
		PL200          		CODE           	3E34	0000	13
		PL42           		CODE           	4226	0000	25
		PL80           		CODE           	0FCE	0000	19
		i2_CleanStringArray		CODE           	4852	0000	31
		PL188          		CODE           	16AC	0000	15
		i1_EERD        		CODE           	4756	0000	37
		PL110          		CODE           	2850	0000	23
		PL14           		CODE           	164A	0000	19
		PL52           		CODE           	4046	0000	23
		PL90           		CODE           	0FEA	0000	9
		PL210          		CODE           	10A6	0000	9
		PL24           		CODE           	0F1E	0000	15
		PL62           		CODE           	423E	0000	13
		PL198          		CODE           	3E26	0000	15
		PL120          		CODE           	1690	0000	15
		PL34           		CODE           	0F48	0000	13
		PL72           		CODE           	3942	0000	13
		PL220          		CODE           	09D0	0000	11
		PL44           		CODE           	0F60	0000	19
		PL82           		CODE           	3C4E	0000	17
		PL130          		CODE           	2E58	0000	19
		PL16           		CODE           	0936	0000	11
		PL54           		CODE           	167A	0000	13
		PL92           		CODE           	3814	0000	13
		PL230          		CODE           	305A	0000	13
		PL26           		CODE           	165C	0000	31
		PL64           		CODE           	094E	0000	35
		PL102          		CODE           	2694	0000	17
		PL140          		CODE           	1042	0000	19
		PL36           		CODE           	0F54	0000	13
		PL74           		CODE           	0F9E	0000	31
		PL202          		CODE           	22CC	0000	15
		PL240          		CODE           	453A	0000	13
		PL46           		CODE           	2D0E	0000	19
		PL84           		CODE           	2BB6	0000	19
		i1___lwdiv     		CODE           	432E	0000	75
		PL112          		CODE           	26A4	0000	9
		PL150          		CODE           	24DE	0000	11
		PL18           		CODE           	2CE4	0000	35
		PL56           		CODE           	3FDE	0000	23
		PL94           		CODE           	448C	0000	27
		__setInputTextProps@F3303		MEDIUMCONST    	FEB5	0000	11
		__setInputTextProps@F3305		MEDIUMCONST    	FE9F	0000	23
		PL212          		CODE           	304C	0000	15
		PL250          		CODE           	22F6	0000	11
		PL28           		CODE           	2F24	0000	51
		PL66           		CODE           	1686	0000	11
		PL122          		CODE           	2D30	0000	13
		PL160          		CODE           	1DC4	0000	17
		PL38           		CODE           	2D06	0000	9
		PL76           		CODE           	4818	0000	29
		PL222          		CODE           	26B6	0000	11
		PL260          		CODE           	09E4	0000	11
		PL48           		CODE           	0F72	0000	13
		PL86           		CODE           	1D96	0000	15
		PL132          		CODE           	38A8	0000	19
		PL170          		CODE           	417A	0000	17
		PL58           		CODE           	3934	0000	15
		PL96           		CODE           	2D20	0000	17
		PL232          		CODE           	1DD4	0000	13
		PL270          		CODE           	09F8	0000	11
		PL68           		CODE           	0F94	0000	11
		PL104          		CODE           	2BC8	0000	25
		PL142          		CODE           	2A24	0000	13
		PL180          		CODE           	3EA6	0000	13
		PL78           		CODE           	0FBC	0000	19
		PL204          		CODE           	09B8	0000	15
		PL242          		CODE           	1DE0	0000	13
		PL280          		CODE           	3066	0000	9
		PL88           		CODE           	0FE0	0000	11
		i1_lcd_send_byte		CODE           	470E	0000	37
		PL114          		CODE           	0988	0000	11
		PL152          		CODE           	1054	0000	11
		PL190          		CODE           	303E	0000	15
		PL98           		CODE           	24CE	0000	17
		i1___lwmod     		CODE           	43F6	0000	63
		PL214          		CODE           	3D46	0000	15
		PL252          		CODE           	2300	0000	11
		i1_lcd_send_initial_half_byte		CODE           	4732	0000	37
		PL124          		CODE           	1000	0000	15
		PL162          		CODE           	105E	0000	13
		__initialization		CODE           	306E	0000	221
		PL224          		CODE           	10AE	0000	9
		PL262          		CODE           	45D6	0000	9
		PL134          		CODE           	101E	0000	19
		PL172          		CODE           	22C2	0000	11
		PL234          		CODE           	10C2	0000	13
		PL272          		CODE           	2866	0000	11
		PL106          		CODE           	3BAE	0000	25
		PL144          		CODE           	3BC6	0000	13
		PL182          		CODE           	169E	0000	15
		i1_FillMinutes 		CODE           	4816	0000	3
		i1___aldiv     		CODE           	3562	0000	189
		PL206          		CODE           	22DA	0000	15
		PL244          		CODE           	1DEC	0000	13
		PL116          		CODE           	26AC	0000	11
		PL154          		CODE           	099A	0000	17
		PL192          		CODE           	36C8	0000	15
		PL216          		CODE           	22E8	0000	15
		PL254          		CODE           	1E00	0000	9
		PL126          		CODE           	100E	0000	9
		PL164          		CODE           	106A	0000	13
		PL226          		CODE           	16BA	0000	11
		PL264          		CODE           	16DA	0000	9
		PL136          		CODE           	3772	0000	19
		PL174          		CODE           	1080	0000	17
		PL236          		CODE           	16C4	0000	13
		PL274          		CODE           	0A02	0000	11
		PL108          		CODE           	0970	0000	25
		PL146          		CODE           	0992	0000	9
		PL184          		CODE           	3D38	0000	15
		PL208          		CODE           	109E	0000	9
		PL246          		CODE           	10CE	0000	9
		i1_EEWR        		CODE           	446E	0000	31
		PL118          		CODE           	1DA4	0000	23
		PL156          		CODE           	22A6	0000	17
		PL194          		CODE           	3BD2	0000	15
		PL218          		CODE           	09C6	0000	11
		PL256          		CODE           	09DA	0000	11
		PL128          		CODE           	1016	0000	9
		PL166          		CODE           	1076	0000	11
		PL228          		CODE           	10B6	0000	13
		PL266          		CODE           	16E2	0000	11
		_StandardAnswer_OK		MEDIUMCONST    	FEE3	0000	4
		PL138          		CODE           	1030	0000	19
		PL176          		CODE           	3E9A	0000	13
		PL2            		CODE           	0926	0000	17
		PL238          		CODE           	2D3C	0000	13
		PL276          		CODE           	39D0	0000	11
		PL148          		CODE           	229C	0000	11
		PL186          		CODE           	3228	0000	15
		PL10           		CODE           	0F0E	0000	17
		PL4            		CODE           	1616	0000	35
		PL248          		CODE           	1DF8	0000	9
		PL20           		CODE           	4396	0000	35
		PL158          		CODE           	1DBA	0000	11
		PL196          		CODE           	1090	0000	15
		PL30           		CODE           	0F2C	0000	29
		PL6            		CODE           	2EF8	0000	27
		PL258          		CODE           	16D0	0000	11
		PL40           		CODE           	0940	0000	15
		_StandardAnswer_INCCALL		MEDIUMCONST    	FEBF	0000	37
		PL168          		CODE           	22B6	0000	13

shared estimated size: 3025

/opt/microchip/xc8/v1.37/sources/common/lbdiv.c
		___lbdiv       		CODE           	44A6	0000	55

/opt/microchip/xc8/v1.37/sources/common/lbdiv.c estimated size: 55

prog.c
		_ConvertDayToBit		CODE           	463E	0000	49
		_TelephoneCall 		CODE           	3CDA	0000	95
		_ReadDataOfCell		CODE           	394E	0000	131
		_setDigit      		CODE           	38BA	0000	99
		_SchedulerNew  		CODE           	36D6	0000	157
		_FindIncommingData		CODE           	2F70	0000	207
		_FillMinutes   		CODE           	48BE	0000	5
		_EEWR          		CODE           	477A	0000	33
		_FillPhonebookCellFromEEPROM		CODE           	3FF4	0000	83
		_TimeData_BlinkOFF		CODE           	4512	0000	41
		_TimeEdit      		CODE           	0A0C	0000	1283
		_testTimePoint 		CODE           	3AE2	0000	129
		_delay         		CODE           	4834	0000	31
		_SignalsOnOff  		CODE           	2878	0000	429
		__setInputTextProps		CODE           	20DC	0000	449
		_lcd_send_byte 		CODE           	4698	0000	41
		_lcd_off       		CODE           	48A4	0000	15
		_ReIndTimeEdit 		CODE           	2BE0	0000	261
		_NumericToString		CODE           	361E	0000	171
		__load_TXREG   		CODE           	4126	0000	85
		_outputInteractiveData		CODE           	3BE0	0000	111
		_CleanStringArray		CODE           	47F8	0000	31
		_ReadDataOfCell_interr		CODE           	3A60	0000	131
		_main          		CODE           	230A	0000	453
		_ParseTime     		CODE           	3F24	0000	105
		_F_h           		CODE           	0008	0000	129
		_EditSchedule  		CODE           	48C2	0000	3
		_Init_USART    		CODE           	47BA	0000	33
		_system_BlinkReset		CODE           	47DA	0000	31
		_getSystemTimePoint		CODE           	4870	0000	19
		_InputText     		CODE           	026C	0000	1723
		_TimeToInd     		CODE           	10D6	0000	1345
		_FillArrayFromEEPROM_interr		CODE           	457A	0000	53
		_WorkingWithGSM		CODE           	3158	0000	209
		_WriteArrayToEEPROM		CODE           	4434	0000	59
		_AddByteToUSARTbuff		CODE           	3236	0000	221
		_F_l           		CODE           	0018	0000	593
		_getLcdCodeOfChar		CODE           	16EC	0000	991
		_setBlink      		CODE           	4378	0000	31
		_FindNextTimeStart		CODE           	24E8	0000	429
		_lcd_send_initial_half_byte		CODE           	45AE	0000	41
		_GetDayOfWeek  		CODE           	3C5E	0000	125
		_FillArrayFromEEPROM		CODE           	44DC	0000	55
		_TimeData_INIT 		CODE           	2E6A	0000	143
		_outputString  		CODE           	3784	0000	117
		_RefreshSchedulerIndicator		CODE           	26C0	0000	401
		_EERD          		CODE           	46E8	0000	39
		_WritePhonebookCellToEEPROM		CODE           	3F8C	0000	83
		_SendSymbolToLCD		CODE           	3E40	0000	91
		_lcd_on        		CODE           	4894	0000	17
		_InteractiveData_BlinkOFF		CODE           	460E	0000	49
		_getNumChar    		CODE           	405C	0000	103
		_FillBuffer    		CODE           	3DCA	0000	93
		_Select_OK_NO  		CODE           	4546	0000	53
		_entNum        		CODE           	45DE	0000	49
		_ParseDataRecord		CODE           	3B62	0000	77
		_DeleteDataOfCell		CODE           	466E	0000	43
		_main2         		CODE           	2A30	0000	391
		_SendCommandToUART		CODE           	479A	0000	33
		_clrInd        		CODE           	41EC	0000	59
		_ConvKeyNum    		CODE           	40C2	0000	101
		_lcd_init      		CODE           	33E4	0000	195
		_FindCell      		CODE           	3312	0000	211
		_PhonebookEdit 		CODE           	1ACA	0000	717
		_CheckoutRegisterOfSymbol		CODE           	1E08	0000	725
		_Scheduler     		CODE           	2D48	0000	273

prog.c estimated size: 14778

/opt/microchip/xc8/v1.37/sources/common/lwmod.c
		___lwmod       		CODE           	43B8	0000	63

/opt/microchip/xc8/v1.37/sources/common/lwmod.c estimated size: 63

