Microchip MPLAB XC8 Compiler V1.38 ()

Linker command line:

-W9 --edf=C:\Program Files (x86)\Microchip\xc8\v1.38\dat\en_msgs.txt -cs \
  -h+dist/default/production\Remote-Control-System-v.2.0.production.sym \
  --cmf=dist/default/production\Remote-Control-System-v.2.0.production.cmf \
  -z -Q18F2620 -oC:\Users\Vadim\AppData\Local\Temp\sro.2 \
  -Mdist/default/production/Remote-Control-System-v.2.0.production.map -E1 \
  -ver=XC8 --acfsm=1493 -ASTACK=0D65h-0f7fh -pstack=STACK -ACODE=00h-0FFFFh \
  -ACONST=00h-0FFFFh -ASMALLCONST=01000h-010FFhx240 \
  -AMEDIUMCONST=01000h-0FFFFh -ACOMRAM=01h-07Fh -AABS1=00h-0F7Fh \
  -ABIGRAM=01h-0F7Fh -ARAM=080h-0FFh,0100h-01FFhx14,0F00h-0F7Fh \
  -ABANK0=080h-0FFh -ABANK1=0100h-01FFh -ABANK2=0200h-02FFh \
  -ABANK3=0300h-03FFh -ABANK4=0400h-04FFh -ABANK5=0500h-05FFh \
  -ABANK6=0600h-06FFh -ABANK7=0700h-07FFh -ABANK8=0800h-08FFh \
  -ABANK9=0900h-09FFh -ABANK10=0A00h-0AFFh -ABANK11=0B00h-0BFFh \
  -ABANK12=0C00h-0CFFh -ABANK13=0D00h-0DFFh -ABANK14=0E00h-0EFFh \
  -ABANK15=0F00h-0F7Fh -ASFR=0F80h-0FFFh \
  -preset_vec=00h,intcode=08h,intcodelo=018h,powerup,init,end_init \
  -pramtop=01000h -psmallconst=SMALLCONST -pmediumconst=MEDIUMCONST \
  -pconst=CONST -AFARRAM=00h-00h -ACONFIG=0300000h-030000Dh -pconfig=CONFIG \
  -AIDLOC=0200000h-0200007h -pidloc=IDLOC -AEEDATA=0F00000h-0F003FFh \
  -peeprom_data=EEDATA \
  -prdata=COMRAM,nvrram=COMRAM,nvbit=COMRAM,rbss=COMRAM,rbit=COMRAM \
  -pfarbss=FARRAM,fardata=FARRAM,nvFARRAM=FARRAM \
  -pintsave_regs=BIGRAM,bigbss=BIGRAM,bigdata=BIGRAM -pbss=RAM \
  -pidata=CODE,irdata=CODE,ibigdata=CODE,ifardata=CODE -prparam=COMRAM \
  C:\Users\Vadim\AppData\Local\Temp\sro.obj \
  dist/default/production\Remote-Control-System-v.2.0.production.obj 

Object code version is 3.11

Machine type is 18F2620

Call graph: (short form)




                Name                               Link     Load   Length Selector   Space Scale
C:\Users\Vadim\AppData\Local\Temp\sro.obj
                end_init                            336      336        4        C       0
                reset_vec                             0        0        4        0       0
                config                           300000   300000        E   300000       0
dist/default/production\Remote-Control-System-v.2.0.production.obj
                intcodelo                            18       18      31E        C       0
                intcode                               8        8        E        4       0
                temp                                 7C       7C        1        1       1
                mediumconst                        FB8A     FB8A      476     7DC5       0
                text165                            9218     9218       26     3A87       0
                text164                            6C1A     6C1A       EC        C       0
                text163                            923E     923E       24     3A87       0
                text162                            8EE6     8EE6       32     3A87       0
                text161                            7BFC     7BFC       82     3A87       0
                text160                            8F48     8F48       30     3A87       0
                text159                            932C     932C       20     4943       0
                text158                            70E6     70E6       BC        C       0
                text157                            8A6E     8A6E       4A     3A87       0
                text156                            8C84     8C84       3E     3A87       0
                text155                            5A0C     5A0C      1BA        C       0
                text154                            81B2     81B2       6C     3A87       0
                text153                            9580     9580        6     4943       0
                intcode_body                       66D8     66D8      124        C       0
                text151                            84F4     84F4       66     3A87       0
                text150                            702A     702A       BC        C       0
                text149                            730A     730A       B0        C       0
                text148                            91F2     91F2       26     3A87       0
                text147                            8E16     8E16       36     3A87       0
                text146                            8426     8426       68     3A87       0
                text145                            71A2     71A2       B8        C       0
                text144                            8B42     8B42       44     3A87       0
                text143                            9504     9504       12     4943       0
                text142                            91CC     91CC       26     3A87       0
                text141                            91A6     91A6       26     3A87       0
                text140                            6208     6208      144        C       0
                text139                            9180     9180       26     3A87       0
                text138                            941E     941E       1E     4943       0
                text137                            9400     9400       1E     4943       0
                text136                            93E2     93E2       1E     4943       0
                text135                            8D72     8D72       38     3A87       0
                text134                            80CE     80CE       78     3A87       0
                text133                            83BE     83BE       68     3A87       0
                text132                            915A     915A       26     3A87       0
                text131                            7A68     7A68       88     3A87       0
                text130                            65B4     65B4      124        C       0
                text129                            92CA     92CA       22     4943       0
                text128                            898E     898E       4C     3A87       0
                text127                            884E     884E       54     3A87       0
                text126                            9074     9074       28     3A87       0
                text125                            6EAC     6EAC       C2        C       0
                text124                            9526     9526       10     4943       0
                text123                            88F2     88F2       50     3A87       0
                text122                            8C06     8C06       40     3A87       0
                text121                            310A     310A      570        C       0
                text120                            9536     9536        E     4943       0
                text119                            9490     9490       18     4943       0
                text118                            954E     954E        A     4943       0
                text117                            9544     9544        A     4943       0
                text116                            93C4     93C4       1E     4943       0
                text115                            9578     9578        8     4943       0
                text114                            958A     958A        4     4943       0
                text113                            93A6     93A6       1E     4943       0
                text112                            9570     9570        8     4943       0
                text111                            9568     9568        8     4943       0
                text110                            94F2     94F2       12     4943       0
                text109                            8056     8056       78     3A87       0
                text108                            7B76     7B76       86     3A87       0
                text107                            92A8     92A8       22     4943       0
                text106                            750E     750E       A6     3A87       0
                text105                            3F78     3F78      3E6        C       0
                text104                            8622     8622       64     3A87       0
                text103                            8A24     8A24       4A     3A87       0
                text102                            879E     879E       5C     3A87       0
                text101                            8BC6     8BC6       40     3A87       0
                text100                            52C6     52C6      1EC        C       0
                text98                             9134     9134       26     3A87       0
                text97                             9286     9286       22     4943       0
                text96                             9388     9388       1E     4943       0
                text95                             910E     910E       26     3A87       0
                text94                             7D7A     7D7A       7E     3A87       0
                text93                             8DE0     8DE0       36     3A87       0
                text92                             7954     7954       8C     3A87       0
                text91                             8942     8942       4C     3A87       0
                text90                             5694     5694      1BE        C       0
                text89                             7DF8     7DF8       7C     3A87       0
                text88                             6F6E     6F6E       BC        C       0
                text87                             7796     7796       9A     3A87       0
                text86                             848E     848E       66     3A87       0
                text85                             6914     6914      116        C       0
                text84                             89DA     89DA       4A     3A87       0
                text83                             8C46     8C46       3E     3A87       0
                text82                             8356     8356       68     3A87       0
                text81                             88A2     88A2       50     3A87       0
                text80                             3AFA     3AFA      47E        C       0
                text79                             4984     4984      2D4        C       0
                text78                             8F18     8F18       30     3A87       0
                text77                             8742     8742       5C     3A87       0
                text76                             7830     7830       94     3A87       0
                text75                             7E74     7E74       7A     3A87       0
                text74                             7658     7658       A0     3A87       0
                text73                             85BE     85BE       64     3A87       0
                text72                             4E9C     4E9C      234        C       0
                text71                             9474     9474       1C     4943       0
                text70                             94E0     94E0       12     4943       0
                text69                             7FDE     7FDE       78     3A87       0
                text68                             1256     1256      8E8        C       0
                text67                             930C     930C       20     4943       0
                text66                             8146     8146       6C     3A87       0
                text65                             82EE     82EE       68     3A87       0
                text64                             92EC     92EC       20     4943       0
                text63                             648A     648A      12A        C       0
                text62                             8D38     8D38       3A     3A87       0
                text61                             7CFC     7CFC       7E     3A87       0
                text60                             634C     634C      13E        C       0
                text59                             78C4     78C4       90     3A87       0
                text58                             8CFE     8CFE       3A     3A87       0
                text57                             8286     8286       68     3A87       0
                text56                             367A     367A      480        C       0
                text55                             8B86     8B86       40     3A87       0
                text54                             8FA4     8FA4       2C     3A87       0
                text53                             725A     725A       B0        C       0
                text52                             90E8     90E8       26     3A87       0
                text51                             60B6     60B6      152        C       0
                text50                              33A      33A      F1C        C       0
                text49                             76F8     76F8       9E     3A87       0
                text48                             7C7E     7C7E       7E     3A87       0
                text47                             46A6     46A6      2DE        C       0
                text46                             8686     8686       60     3A87       0
                text45                             9458     9458       1C     4943       0
                text44                             8CC2     8CC2       3C     3A87       0
                text43                             5D6E     5D6E      1A6        C       0
                text42                             9516     9516       10     4943       0
                text41                             94A8     94A8       14     4943       0
                text40                             7F66     7F66       78     3A87       0
                text39                             821E     821E       68     3A87       0
                text38                             90C2     90C2       26     3A87       0
                text37                             79E0     79E0       88     3A87       0
                text36                             54B2     54B2      1E2        C       0
                text35                             8F78     8F78       2C     3A87       0
                text34                             8E80     8E80       34     3A87       0
                text33                             67FC     67FC      118        C       0
                text32                             8DAA     8DAA       36     3A87       0
                text31                             904C     904C       28     3A87       0
                text30                             8FFA     8FFA       2A     3A87       0
                text29                             94CE     94CE       12     4943       0
                text28                             936A     936A       1E     4943       0
                text27                             9560     9560        8     4943       0
                text26                             9558     9558        8     4943       0
                text25                             7EEE     7EEE       78     3A87       0
                text24                             855A     855A       64     3A87       0
                text23                             5BC6     5BC6      1A8        C       0
                text22                             8FD0     8FD0       2A     3A87       0
                text21                             1B3E     1B3E      7CE        C       0
                text20                             909C     909C       26     3A87       0
                text19                             4C58     4C58      244        C       0
                text18                             8E4C     8E4C       34     3A87       0
                text17                             8EB4     8EB4       32     3A87       0
                text16                             8AFE     8AFE       44     3A87       0
                text15                             86E6     86E6       5C     3A87       0
                text14                             2A10     2A10      6FA        C       0
                text13                             6B26     6B26       F4        C       0
                text12                             5852     5852      1BA        C       0
                text11                             73BA     73BA       AA        C       0
                text10                             6D06     6D06       D4        C       0
                text9                              75B4     75B4       A4     3A87       0
                text8                              230C     230C      704        C       0
                text7                              6A2A     6A2A       FC        C       0
                text6                              87FA     87FA       54     3A87       0
                text5                              9024     9024       28     3A87       0
                text4                              94BC     94BC       12     4943       0
                text3                              6DDA     6DDA       D2        C       0
                text2                              934C     934C       1E     4943       0
                text1                              435E     435E      348        C       0
                text0                              50D0     50D0      1F6        C       0
                cstackCOMRAM                          1        1       46        1       1
                cstackBANK0                          80       80       62       80       1
                cstackBANK1                         100      100       73      100       1
                cstackBANK2                         200      200       FE      200       1
                cstackBANK3                         300      300       FE      300       1
                cstackBANK4                         486      486       56      400       1
                cstackBANK11                        B00      B00       65      B00       1
                bssBIGRAM                           B65      B65      200      B65       1
                bssBANK10                           A00      A00      100      A00       1
                bssBANK9                            900      900      100      900       1
                bssBANK8                            800      800      100      800       1
                bssBANK7                            700      700      100      700       1
                dataBANK6                           684      684       46      600       1
                bssBANK6                            600      600       84      600       1
                dataBANK5                           500      500       A9      500       1
                bssBANK5                            5A9      5A9       4C      500       1
                dataBANK4                           400      400       86      400       1
                bssBANK4                            4DC      4DC        8      400       1
                dataBANK3                           3FE      3FE        1      300       1
                dataBANK2                           2FF      2FF        1      200       1
                bssBANK2                            2FE      2FE        1      200       1
                dataBANK1                           197      197       1C      100       1
                bssBANK1                            173      173       24      100       1
                dataBANK0                            F5       F5        4       80       1
                bssBANK0                             E2       E2       13       80       1
                dataCOMRAM                           47       47       23        1       1
                bssCOMRAM                            6A       6A       12        1       1
                cinit                              5F14     5F14      1A2        C       0
                idataBANK6                         8AB8     8AB8       46     3A87       0
                idataBANK5                         7464     7464       A9        C       0
                idataBANK4                         7AF0     7AF0       86     3A87       0
                idataBANK3                         958F     958F        1     4943       0
                idataBANK2                         958E     958E        1     4943       0
                idataBANK1                         943C     943C       1C     4943       0
                idataBANK0                         9586     9586        4     4943       0
                idataCOMRAM                        9262     9262       23     3A87       0

TOTAL           Name                               Link     Load   Length     Space
        CLASS   STACK          

        CLASS   CODE           
                end_init                            336      336        4         0
                intcodelo                            18       18      31E         0
                intcode                               8        8        E         0
                reset_vec                             0        0        4         0
                text165                            9218     9218       26         0
                text164                            6C1A     6C1A       EC         0
                text163                            923E     923E       24         0
                text162                            8EE6     8EE6       32         0
                text161                            7BFC     7BFC       82         0
                text160                            8F48     8F48       30         0
                text159                            932C     932C       20         0
                text158                            70E6     70E6       BC         0
                text157                            8A6E     8A6E       4A         0
                text156                            8C84     8C84       3E         0
                text155                            5A0C     5A0C      1BA         0
                text154                            81B2     81B2       6C         0
                text153                            9580     9580        6         0
                intcode_body                       66D8     66D8      124         0
                text151                            84F4     84F4       66         0
                text150                            702A     702A       BC         0
                text149                            730A     730A       B0         0
                text148                            91F2     91F2       26         0
                text147                            8E16     8E16       36         0
                text146                            8426     8426       68         0
                text145                            71A2     71A2       B8         0
                text144                            8B42     8B42       44         0
                text143                            9504     9504       12         0
                text142                            91CC     91CC       26         0
                text141                            91A6     91A6       26         0
                text140                            6208     6208      144         0
                text139                            9180     9180       26         0
                text138                            941E     941E       1E         0
                text137                            9400     9400       1E         0
                text136                            93E2     93E2       1E         0
                text135                            8D72     8D72       38         0
                text134                            80CE     80CE       78         0
                text133                            83BE     83BE       68         0
                text132                            915A     915A       26         0
                text131                            7A68     7A68       88         0
                text130                            65B4     65B4      124         0
                text129                            92CA     92CA       22         0
                text128                            898E     898E       4C         0
                text127                            884E     884E       54         0
                text126                            9074     9074       28         0
                text125                            6EAC     6EAC       C2         0
                text124                            9526     9526       10         0
                text123                            88F2     88F2       50         0
                text122                            8C06     8C06       40         0
                text121                            310A     310A      570         0
                text120                            9536     9536        E         0
                text119                            9490     9490       18         0
                text118                            954E     954E        A         0
                text117                            9544     9544        A         0
                text116                            93C4     93C4       1E         0
                text115                            9578     9578        8         0
                text114                            958A     958A        4         0
                text113                            93A6     93A6       1E         0
                text112                            9570     9570        8         0
                text111                            9568     9568        8         0
                text110                            94F2     94F2       12         0
                text109                            8056     8056       78         0
                text108                            7B76     7B76       86         0
                text107                            92A8     92A8       22         0
                text106                            750E     750E       A6         0
                text105                            3F78     3F78      3E6         0
                text104                            8622     8622       64         0
                text103                            8A24     8A24       4A         0
                text102                            879E     879E       5C         0
                text101                            8BC6     8BC6       40         0
                text100                            52C6     52C6      1EC         0
                text98                             9134     9134       26         0
                text97                             9286     9286       22         0
                text96                             9388     9388       1E         0
                text95                             910E     910E       26         0
                text94                             7D7A     7D7A       7E         0
                text93                             8DE0     8DE0       36         0
                text92                             7954     7954       8C         0
                text91                             8942     8942       4C         0
                text90                             5694     5694      1BE         0
                text89                             7DF8     7DF8       7C         0
                text88                             6F6E     6F6E       BC         0
                text87                             7796     7796       9A         0
                text86                             848E     848E       66         0
                text85                             6914     6914      116         0
                text84                             89DA     89DA       4A         0
                text83                             8C46     8C46       3E         0
                text82                             8356     8356       68         0
                text81                             88A2     88A2       50         0
                text80                             3AFA     3AFA      47E         0
                text79                             4984     4984      2D4         0
                text78                             8F18     8F18       30         0
                text77                             8742     8742       5C         0
                text76                             7830     7830       94         0
                text75                             7E74     7E74       7A         0
                text74                             7658     7658       A0         0
                text73                             85BE     85BE       64         0
                text72                             4E9C     4E9C      234         0
                text71                             9474     9474       1C         0
                text70                             94E0     94E0       12         0
                text69                             7FDE     7FDE       78         0
                text68                             1256     1256      8E8         0
                text67                             930C     930C       20         0
                text66                             8146     8146       6C         0
                text65                             82EE     82EE       68         0
                text64                             92EC     92EC       20         0
                text63                             648A     648A      12A         0
                text62                             8D38     8D38       3A         0
                text61                             7CFC     7CFC       7E         0
                text60                             634C     634C      13E         0
                text59                             78C4     78C4       90         0
                text58                             8CFE     8CFE       3A         0
                text57                             8286     8286       68         0
                text56                             367A     367A      480         0
                text55                             8B86     8B86       40         0
                text54                             8FA4     8FA4       2C         0
                text53                             725A     725A       B0         0
                text52                             90E8     90E8       26         0
                text51                             60B6     60B6      152         0
                text50                              33A      33A      F1C         0
                text49                             76F8     76F8       9E         0
                text48                             7C7E     7C7E       7E         0
                text47                             46A6     46A6      2DE         0
                text46                             8686     8686       60         0
                text45                             9458     9458       1C         0
                text44                             8CC2     8CC2       3C         0
                text43                             5D6E     5D6E      1A6         0
                text42                             9516     9516       10         0
                text41                             94A8     94A8       14         0
                text40                             7F66     7F66       78         0
                text39                             821E     821E       68         0
                text38                             90C2     90C2       26         0
                text37                             79E0     79E0       88         0
                text36                             54B2     54B2      1E2         0
                text35                             8F78     8F78       2C         0
                text34                             8E80     8E80       34         0
                text33                             67FC     67FC      118         0
                text32                             8DAA     8DAA       36         0
                text31                             904C     904C       28         0
                text30                             8FFA     8FFA       2A         0
                text29                             94CE     94CE       12         0
                text28                             936A     936A       1E         0
                text27                             9560     9560        8         0
                text26                             9558     9558        8         0
                text25                             7EEE     7EEE       78         0
                text24                             855A     855A       64         0
                text23                             5BC6     5BC6      1A8         0
                text22                             8FD0     8FD0       2A         0
                text21                             1B3E     1B3E      7CE         0
                text20                             909C     909C       26         0
                text19                             4C58     4C58      244         0
                text18                             8E4C     8E4C       34         0
                text17                             8EB4     8EB4       32         0
                text16                             8AFE     8AFE       44         0
                text15                             86E6     86E6       5C         0
                text14                             2A10     2A10      6FA         0
                text13                             6B26     6B26       F4         0
                text12                             5852     5852      1BA         0
                text11                             73BA     73BA       AA         0
                text10                             6D06     6D06       D4         0
                text9                              75B4     75B4       A4         0
                text8                              230C     230C      704         0
                text7                              6A2A     6A2A       FC         0
                text6                              87FA     87FA       54         0
                text5                              9024     9024       28         0
                text4                              94BC     94BC       12         0
                text3                              6DDA     6DDA       D2         0
                text2                              934C     934C       1E         0
                text1                              435E     435E      348         0
                text0                              50D0     50D0      1F6         0
                cinit                              5F14     5F14      1A2         0
                idataBANK6                         8AB8     8AB8       46         0
                idataBANK5                         7464     7464       A9         0
                idataBANK4                         7AF0     7AF0       86         0
                idataBANK3                         958F     958F        1         0
                idataBANK2                         958E     958E        1         0
                idataBANK1                         943C     943C       1C         0
                idataBANK0                         9586     9586        4         0
                idataCOMRAM                        9262     9262       23         0

        CLASS   CONST          

        CLASS   SMALLCONST     

        CLASS   MEDIUMCONST    
                mediumconst                        FB8A     FB8A      476         0

        CLASS   COMRAM         
                temp                                 7C       7C        1         1
                cstackCOMRAM                          1        1       46         1
                dataCOMRAM                           47       47       23         1
                bssCOMRAM                            6A       6A       12         1

        CLASS   ABS1           

        CLASS   BIGRAM         
                bssBIGRAM                           B65      B65      200         1

        CLASS   RAM            

        CLASS   BANK0          
                cstackBANK0                          80       80       62         1
                dataBANK0                            F5       F5        4         1
                bssBANK0                             E2       E2       13         1

        CLASS   BANK1          
                cstackBANK1                         100      100       73         1
                dataBANK1                           197      197       1C         1
                bssBANK1                            173      173       24         1

        CLASS   BANK2          
                cstackBANK2                         200      200       FE         1
                dataBANK2                           2FF      2FF        1         1
                bssBANK2                            2FE      2FE        1         1

        CLASS   BANK3          
                cstackBANK3                         300      300       FE         1
                dataBANK3                           3FE      3FE        1         1

        CLASS   BANK4          
                cstackBANK4                         486      486       56         1
                dataBANK4                           400      400       86         1
                bssBANK4                            4DC      4DC        8         1

        CLASS   BANK5          
                dataBANK5                           500      500       A9         1
                bssBANK5                            5A9      5A9       4C         1

        CLASS   BANK6          
                dataBANK6                           684      684       46         1
                bssBANK6                            600      600       84         1

        CLASS   BANK7          
                bssBANK7                            700      700      100         1

        CLASS   BANK8          
                bssBANK8                            800      800      100         1

        CLASS   BANK9          
                bssBANK9                            900      900      100         1

        CLASS   BANK10         
                bssBANK10                           A00      A00      100         1

        CLASS   BANK11         
                cstackBANK11                        B00      B00       65         1

        CLASS   BANK12         

        CLASS   BANK13         

        CLASS   BANK14         

        CLASS   BANK15         

        CLASS   SFR            

        CLASS   FARRAM         

        CLASS   CONFIG         
                config                           300000   300000        E         0

        CLASS   IDLOC          

        CLASS   EEDATA         



SEGMENTS        Name                           Load    Length   Top    Selector   Space  Class

                reset_vec                      000000  000004  000004         0       0  CODE    
                cstackCOMRAM                   000001  00007C  00007D         1       1  COMRAM  
                intcode                        000008  00000E  000016         4       0  CODE    
                intcodelo                      000018  0074F5  00750D         C       0  CODE    
                cstackBANK0                    000080  000079  0000F9        80       1  BANK0   
                cstackBANK1                    000100  0000B3  0001B3       100       1  BANK1   
                cstackBANK2                    000200  000100  000300       200       1  BANK2   
                cstackBANK3                    000300  0000FF  0003FF       300       1  BANK3   
                dataBANK4                      000400  0000E4  0004E4       400       1  BANK4   
                dataBANK5                      000500  0000F5  0005F5       500       1  BANK5   
                bssBANK6                       000600  0000CA  0006CA       600       1  BANK6   
                bssBANK7                       000700  000100  000800       700       1  BANK7   
                bssBANK8                       000800  000100  000900       800       1  BANK8   
                bssBANK9                       000900  000100  000A00       900       1  BANK9   
                bssBANK10                      000A00  000100  000B00       A00       1  BANK10  
                cstackBANK11                   000B00  000065  000B65       B00       1  BANK11  
                bssBIGRAM                      000B65  000200  000D65       B65       1  BIGRAM  
                text106                        00750E  001D77  009285      3A87       0  CODE    
                text97                         009286  00030A  009590      4943       0  CODE    
                mediumconst                    00FB8A  000476  010000      7DC5       0  MEDIUMCO
                config                         300000  00000E  30000E    300000       0  CONFIG  


UNUSED ADDRESS RANGES

        Name                Unused          Largest block    Delta
        BANK0            0000F9-0000FF                7
        BANK1            0001B3-0001FF               4D
        BANK13           000D65-000DFF               9B
        BANK14           000E00-000EFF              100
        BANK15           000F00-000F7F               80
        BANK3            0003FF-0003FF                1
        BANK4            0004E4-0004FF               1C
        BANK5            0005F5-0005FF                B
        BANK6            0006CA-0006FF               36
        BIGRAM           00007D-00007F                3
                         0000F9-0000FF                7
                         0001B3-0001FF               4D
                         0003FF-0003FF                1
                         0004E4-0004FF               1C
                         0005F5-0005FF                B
                         0006CA-0006FF               36
                         000D65-000F7F              21B
        CODE             000004-000007                4
                         000016-000017                2
                         00750D-00750D                1
                         009285-009285                1
                         009590-00FB89             65FA
        COMRAM           00007D-00007F                3
        CONST            000004-000007                4
                         000016-000017                2
                         00750D-00750D                1
                         009285-009285                1
                         009590-00FB89             65FA
        EEDATA           F00000-F003FF              400
        IDLOC            200000-200007                8
        MEDIUMCONST      00750D-00750D                1
                         009285-009285                1
                         009590-00FB89             65FA
        RAM              0000F9-0000FF                7
                         0001B3-0001FF               4D
                         0003FF-0003FF                1
                         0004E4-0004FF               1C
                         0005F5-0005FF                B
                         0006CA-0006FF               36
                         000D65-000F7F              100
        SFR              000F80-000FFF               80
        SMALLCONST       00750D-00750D                1
                         009285-009285                1
                         009590-00FB89              100
        STACK            000D65-000F7F              21B

                                  Symbol Table

?_EncodePhoneNumberToPDU                    cstackBANK1  000156
?_FindCell                                  cstackBANK1  00016A
?_FindNextTimeStart                         cstackBANK1  00016A
?_FindPhoneContactByNumber                  cstackBANK0  000091
?_GetDayOfWeek                              cstackBANK1  00014D
?_GetStringLength                           cstackBANK1  00014D
?_GetSystemInfo                             cstackBANK1  000170
?_GetUnicodeSymbol                          cstackBANK1  00014D
?_InputText                                 cstackBANK1  000164
?_RefreshSchedulerIndicator                 cstackBANK2  000214
?__GetStringLength_interr                   cstackBANK0  000080
?___aldiv                                   cstackBANK1  00014D
?___almod                                   cstackBANK1  00014D
?___awdiv                                   cstackBANK1  000153
?___awmod                                   cstackBANK1  00015B
?___lldiv                                   cstackBANK1  00014D
?___llmod                                   cstackBANK1  00014D
?___lmul                                    cstackBANK1  00014D
?___lwdiv                                   cstackBANK1  00014D
?___lwmod                                   cstackBANK1  00014D
?___wmul                                    cstackBANK1  00014D
?__getContainer_Clock_from_GSM              cstackBANK0  000087
?__getContainer_Incomming_Call_Data         cstackBANK0  000087
?__getContainer_Incomming_DTMF_Data         cstackBANK0  000087
?_getSystemTimePoint                        cstackBANK1  00014D
?_strlen                                    cstackBANK1  00014D
?i1___aldiv                                 cstackBANK0  000080
?i1___awdiv                                 cstackBANK0  000086
?i1___awmod                                 cstackBANK0  00008E
?i1___lmul                                  cstackBANK0  00009A
?i1___wmul                                  cstackBANK0  000080
?i1_getSystemTimePoint                      cstackBANK0  000080
?i2___aldiv                                 cstackCOMRAM 000001
?i2___lwdiv                                 cstackCOMRAM 000001
?i2___lwmod                                 cstackCOMRAM 000001
AddByteToUSARTbuff@buff                     cstackCOMRAM 00000A
AddByteToUSARTbuff@byte                     cstackCOMRAM 00000C
AddByteToUSARTbuff@i                        cstackCOMRAM 00000D
AddByteToUSARTbuff@i_1907                   cstackCOMRAM 00000F
AddByteToUSARTbuff@lastdata                 bssCOMRAM    000076
BCD_to_DEC@BCD                              cstackBANK0  000081
CalculateClockDelta@newTime                 cstackBANK0  00008E
CheckoutRegisterOfSymbol@dig                cstackBANK1  00014D
CleanStringArray@i                          cstackBANK1  000152
CleanStringArray@myArray                    cstackBANK1  00014D
CleanStringArray@settingData                cstackBANK1  000151
CleanStringArray@size                       cstackBANK1  00014F
ConvKeyNum@Num                              cstackBANK0  000080
ConvertCharToNumeric@symbol                 cstackBANK0  000080
ConvertDayToBit@DayNumber                   cstackBANK1  00014D
DEC_to_BCD@DEC                              cstackBANK1  000152
DeleteDataOfCell@CellsData                  cstackBANK1  00015C
DeleteDataOfCell@TargetAdress               cstackBANK1  00015A
DialDTMF@F3773                              dataBANK1    000197
DialDTMF@F3776                              dataBANK5    000566
DialDTMF@props                              cstackBANK3  0003DB
DialDTMF@s                                  cstackBANK3  0003CE
DialDTMF@string                             cstackBANK3  0003D9
EERD@EEDATA_BUP                             cstackBANK1  000150
EERD@INTCON_BUP                             cstackBANK1  00014F
EERD@adress                                 cstackBANK1  00014D
EEWR@INTCON_BUP                             cstackBANK1  000150
EEWR@adress                                 cstackBANK1  00014D
EEWR@data                                   cstackBANK1  00014F
EditSchedule@BeginEditTimes                 cstackBANK2  000234
EditSchedule@CellsData                      cstackBANK2  00022A
EditSchedule@Data                           cstackBANK2  000286
EditSchedule@Days                           cstackBANK2  00027F
EditSchedule@HH                             cstackBANK2  000235
EditSchedule@HL                             cstackBANK2  000236
EditSchedule@MH                             cstackBANK2  000237
EditSchedule@ML                             cstackBANK2  000238
EditSchedule@OK                             cstackBANK2  000252
EditSchedule@Signals                        cstackBANK2  000280
EditSchedule@SourceOfRecord                 cstackBANK1  00016C
EditSchedule@T                              cstackBANK2  000239
EditSchedule@TargetAdress                   cstackBANK2  000232
EditSchedule@TimeStart                      cstackBANK2  00024E
EditSchedule@TimeStop                       cstackBANK2  000250
EditSchedule@Times                          cstackBANK2  00023D
EditSchedule@TimesOutput                    cstackBANK2  000214
EditSchedule@_times                         cstackBANK2  000253
EditSchedule@adress                         cstackBANK1  00016A
EditSchedule@blinking                       cstackBANK2  00028B
EditSchedule@f                              cstackBANK2  000285
EditSchedule@i                              cstackBANK2  00028C
EditSchedule@i_1745                         cstackBANK2  00028D
EditSchedule@i_1748                         cstackBANK2  000282
EditSchedule@i_1756                         cstackBANK2  000283
EditSchedule@j                              cstackBANK2  00024D
EditSchedule@j_1765                         cstackBANK2  000284
EditSchedule@key                            cstackBANK2  00028A
EditSchedule@mode                           cstackBANK2  000281
EditSchedule@temp                           cstackBANK2  00028E
EncodePhoneNumberToPDU@encoded              cstackBANK1  00015A
EncodePhoneNumberToPDU@i                    cstackBANK1  00016B
EncodePhoneNumberToPDU@number_legth         cstackBANK1  000169
EncodePhoneNumberToPDU@phone_number         cstackBANK1  000156
EncodePhoneNumberToPDU@temp                 cstackBANK1  00016A
F_h@MinuteAgo                               cstackCOMRAM 000046
F_h@dddd                                    bssCOMRAM    000077
F_l@ButtonPressTimeOut                      bssBANK0     0000F0
F_l@KeyIndex                                bssBANK0     0000F1
F_l@PressedKeyIndex                         dataBANK0    0000F7
F_l@a                                       cstackBANK1  000146
F_l@data_temp                               cstackBANK1  000145
F_l@digit                                   cstackBANK1  000144
F_l@digs                                    cstackBANK1  000142
F_l@digsAtrib                               cstackBANK1  000148
F_l@line                                    cstackBANK1  00014C
F_l@symbol                                  cstackBANK1  00014A
FillArrayFromEEPROM@adress_start            cstackBANK1  000153
FillArrayFromEEPROM@container               cstackBANK1  000151
FillArrayFromEEPROM@i                       cstackBANK1  000159
FillArrayFromEEPROM@quantity                cstackBANK1  000155
FillArrayFromEEPROM_interr@adress_start     cstackCOMRAM 000006
FillArrayFromEEPROM_interr@container        cstackCOMRAM 000005
FillArrayFromEEPROM_interr@i                cstackCOMRAM 00000C
FillArrayFromEEPROM_interr@quantity         cstackCOMRAM 000008
FillPhonebookCellFromEEPROM@adress_start    cstackBANK1  00015C
FillPhonebookCellFromEEPROM@container       cstackBANK1  00015A
FindCell@CellIsEmpty                        cstackBANK2  000210
FindCell@CellsData                          cstackBANK2  000200
FindCell@Data                               cstackBANK2  00020C
FindCell@New                                cstackBANK1  00016C
FindCell@adress                             cstackBANK2  000212
FindCell@adressNew                          cstackBANK2  000208
FindCell@adressStart                        cstackBANK1  00016A
FindCell@i                                  cstackBANK2  000211
FindCell@previous                           cstackBANK1  00016D
FindIncommingData@a                         cstackBANK1  000164
FindIncommingData@container                 cstackBANK1  000156
FindIncommingData@end_of_regexp             cstackBANK1  000166
FindIncommingData@finish_index              cstackBANK1  000160
FindIncommingData@history_index             cstackBANK1  000158
FindIncommingData@i                         cstackBANK1  00016A
FindIncommingData@j                         cstackBANK1  000170
FindIncommingData@last_s                    cstackBANK1  00016E
FindIncommingData@not_found                 cstackBANK1  000162
FindIncommingData@pointer                   cstackBANK1  00016C
FindIncommingData@regexp                    cstackBANK1  000154
FindIncommingData@s0                        cstackBANK1  000168
FindIncommingData@s1                        cstackBANK1  00015C
FindIncommingData@start_index               cstackBANK1  00015E
FindNextTimeStart@CellsData                 cstackBANK2  000200
FindNextTimeStart@Data                      cstackBANK2  000221
FindNextTimeStart@DayIndex                  cstackBANK2  000220
FindNextTimeStart@DayOn                     cstackBANK2  00020C
FindNextTimeStart@Days                      cstackBANK2  000219
FindNextTimeStart@LastFoundTimeStart        cstackBANK2  000211
FindNextTimeStart@Signals                   cstackBANK2  000218
FindNextTimeStart@TimeFrom                  cstackBANK1  00016A
FindNextTimeStart@TimeIsFound               cstackBANK2  000217
FindNextTimeStart@TimeOfSignals             cstackBANK2  00021A
FindNextTimeStart@TimeStart                 cstackBANK2  000215
FindNextTimeStart@TimeStop                  cstackBANK2  00020F
FindNextTimeStart@adress                    cstackBANK2  00021E
FindNextTimeStart@adressStart               cstackBANK2  00020D
FindPhoneContactByNumber@container          cstackBANK0  00009B
FindPhoneContactByNumber@end_of_phone       cstackBANK0  000099
FindPhoneContactByNumber@found              cstackBANK0  000097
FindPhoneContactByNumber@i                  cstackBANK0  000098
FindPhoneContactByNumber@j                  cstackBANK0  00009A
FindPhoneContactByNumber@number             cstackBANK0  000091
Format_EEPROM_Memory@first_cell             cstackBANK1  000162
Format_EEPROM_Memory@i                      cstackBANK1  00016B
Format_EEPROM_Memory@interactive            cstackBANK1  000166
Format_EEPROM_Memory@last_cell              cstackBANK1  000164
GetDayOfWeek@day                            cstackBANK1  00014F
GetDayOfWeekByDate@_day                     cstackBANK1  000162
GetDayOfWeekByDate@_mounth                  cstackBANK1  000161
GetDayOfWeekByDate@_year                    cstackBANK1  000166
GetNumericFromString@index                  cstackBANK0  000083
GetNumericFromString@string                 cstackBANK0  000081
GetStringLength@container                   cstackBANK1  00014D
GetStringLength@i                           cstackBANK1  00014F
GetSystemInfo@CellsData                     cstackBANK2  000272
GetSystemInfo@Data                          cstackBANK2  0002AD
GetSystemInfo@DataArray                     cstackBANK2  00027A
GetSystemInfo@Day                           cstackBANK2  0002AC
GetSystemInfo@Days                          cstackBANK2  0002AA
GetSystemInfo@F3821                         dataBANK4    00043C
GetSystemInfo@F3824                         dataBANK4    000441
GetSystemInfo@F3829                         dataBANK6    0006B7
GetSystemInfo@F3839                         dataCOMRAM   00004B
GetSystemInfo@F3841                         dataCOMRAM   00004E
GetSystemInfo@F3843                         dataCOMRAM   000051
GetSystemInfo@F3845                         dataCOMRAM   000054
GetSystemInfo@F3847                         dataBANK4    000446
GetSystemInfo@NextCell                      cstackBANK2  0002B1
GetSystemInfo@Signals                       cstackBANK2  0002AB
GetSystemInfo@Time                          cstackBANK2  0002B5
GetSystemInfo@TimeStart                     cstackBANK2  0002A8
GetSystemInfo@TimeStop                      cstackBANK2  0002B3
GetSystemInfo@cTime                         cstackBANK2  0002B7
GetSystemInfo@d                             cstackBANK2  0002BB
GetSystemInfo@h_1                           cstackBANK2  00029F
GetSystemInfo@h_2                           cstackBANK2  0002A5
GetSystemInfo@i                             cstackBANK2  0002BC
GetSystemInfo@i_2460                        cstackBANK2  0002BD
GetSystemInfo@i_2491                        cstackBANK2  0002BE
GetSystemInfo@info                          cstackBANK2  000229
GetSystemInfo@m_1                           cstackBANK2  00029C
GetSystemInfo@m_2                           cstackBANK2  0002A2
GetSystemInfo@s_auto                        cstackBANK2  00028D
GetSystemInfo@s_hand                        cstackBANK2  000292
GetSystemInfo@sss                           cstackBANK2  000297
GetUnicodeSymbol@symb                       cstackBANK1  00014F
I2CRead@temp                                cstackBANK0  000081
I2CSend@dat                                 cstackBANK1  00014E
Init_1wire@One                              cstackBANK0  000084
Init_1wire@Zero                             cstackBANK0  000082
Init_1wire@b                                cstackBANK0  000083
Init_1wire@line                             cstackBANK0  000081
Init_GSM@result                             cstackBANK2  000204
Init_GSM@show                               cstackBANK2  000205
Init_GSM@tt                                 cstackBANK2  000200
Init_USART@SpeedNumber                      cstackBANK1  00014F
Init_USART@_value                           cstackBANK1  00014D
InputText@F3664                             dataBANK1    000199
InputText@F3667                             dataCOMRAM   000057
InputText@F3669                             dataBANK6    0006A3
InputText@F3671                             dataBANK4    00044B
InputText@F3673                             dataBANK4    000450
InputText@F3675                             dataBANK4    000455
InputText@F3677                             dataBANK4    00045A
InputText@F3679                             dataBANK4    00045F
InputText@F3681                             dataBANK4    000400
InputText@F3683                             dataBANK4    000464
InputText@F3685                             dataBANK4    000406
InputText@F3687                             dataBANK4    00040C
InputText@F3689                             dataBANK4    000412
InputText@F3691                             dataBANK4    000418
InputText@F3693                             dataBANK4    00041E
InputText@F3695                             dataBANK4    000424
InputText@F3697                             dataBANK4    00042A
InputText@F3699                             dataBANK5    00059D
InputText@F3701                             dataBANK5    0005A3
InputText@F3703                             dataCOMRAM   00005A
InputText@F3705                             dataBANK1    00019B
InputText@F3707                             dataBANK1    00019D
InputText@F3709                             dataBANK1    00019F
InputText@F3711                             dataBANK1    0001A1
InputText@F3713                             dataBANK1    0001A3
InputText@F3715                             dataBANK1    0001A5
InputText@F3717                             dataBANK1    0001A7
InputText@F3719                             dataBANK1    0001A9
InputText@F3721                             dataBANK1    0001AB
InputText@InputData                         cstackBANK3  000384
InputText@_input_data                       cstackBANK3  000300
InputText@_props                            cstackBANK1  000166
InputText@active_cell                       cstackBANK3  0003CB
InputText@capacity                          cstackBANK1  000168
InputText@cur_char                          cstackBANK2  0002F6
InputText@i                                 cstackBANK3  0003CA
InputText@i_2225                            cstackBANK2  0002FB
InputText@i_2234                            cstackBANK2  0002FA
InputText@i_2244                            cstackBANK3  0003C6
InputText@i_2247                            cstackBANK3  0003C7
InputText@i_2255                            cstackBANK2  0002FC
InputText@lastKeyCode                       cstackBANK2  0002FD
InputText@props                             cstackBANK3  0003CC
InputText@ret_string                        cstackBANK2  000244
InputText@ret_string_2246                   cstackBANK2  000265
InputText@s_0                               cstackBANK2  0002DD
InputText@s_1                               cstackBANK2  000230
InputText@s_12                              cstackBANK2  00028C
InputText@s_13                              cstackBANK2  000292
InputText@s_14                              cstackBANK2  000298
InputText@s_15                              cstackBANK2  00029E
InputText@s_16                              cstackBANK2  0002A4
InputText@s_17                              cstackBANK2  0002AA
InputText@s_18                              cstackBANK2  0002B0
InputText@s_19                              cstackBANK2  0002B6
InputText@s_2                               cstackBANK2  0002BC
InputText@s_20                              cstackBANK2  0002DA
InputText@s_21                              cstackBANK2  0002E0
InputText@s_22                              cstackBANK2  0002E2
InputText@s_23                              cstackBANK2  0002E4
InputText@s_24                              cstackBANK2  0002E6
InputText@s_25                              cstackBANK2  0002E8
InputText@s_26                              cstackBANK2  0002EA
InputText@s_27                              cstackBANK2  0002EC
InputText@s_28                              cstackBANK2  0002EE
InputText@s_29                              cstackBANK2  0002F0
InputText@s_3                               cstackBANK2  0002C1
InputText@s_4                               cstackBANK2  0002C6
InputText@s_5                               cstackBANK2  0002CB
InputText@s_6                               cstackBANK2  0002D0
InputText@s_7                               cstackBANK1  00016D
InputText@s_8                               cstackBANK2  0002D5
InputText@s_9                               cstackBANK2  000286
InputText@symbols                           cstackBANK4  000486
InputText@temp                              cstackBANK3  0003C8
InputText@temp_2248                         cstackBANK2  0002F8
InputText@text                              cstackBANK1  000164
InputText@time_point                        cstackBANK2  0002F2
InteractiveData_BlinkOFF@InteractiveData    cstackBANK1  00014D
InteractiveData_BlinkOFF@i                  cstackBANK1  000152
InteractiveData_BlinkOFF@leght              cstackBANK1  00014F
ItemsToIndicator@firstDigit                 cstackBANK1  000158
ItemsToIndicator@i                          cstackBANK1  00015A
ItemsToIndicator@items                      cstackBANK1  000159
ItemsToIndicator@max_i                      cstackBANK1  000157
NumericToHEXString@displacement             cstackBANK1  000164
NumericToHEXString@mySring                  cstackBANK1  00015F
NumericToHEXString@n                        cstackBANK1  00015B
NumericToHEXString@size                     cstackBANK1  000161
NumericToString@displacement                cstackBANK1  000165
NumericToString@mySring                     cstackBANK1  00015F
NumericToString@n                           cstackBANK1  00015B
NumericToString@negative                    cstackBANK1  000164
NumericToString@size                        cstackBANK1  000161
OutputInteractiveData@data                  cstackBANK1  000157
OutputInteractiveData@i                     cstackBANK1  00015F
OutputInteractiveData@length                cstackBANK1  000159
OutputInteractiveData@line                  cstackBANK1  00015D
OutputInteractiveData@s                     cstackBANK1  00015E
OutputInteractiveData@start_symbol          cstackBANK1  00015A
OutputString@cont                           cstackBANK1  00015E
OutputString@i                              cstackBANK1  00015F
OutputString@line                           cstackBANK1  000159
OutputString@position                       cstackBANK1  00015A
OutputString@stringData                     cstackBANK1  000157
OutputString@transfer_line                  cstackBANK1  00015B
OutputSystemMessage@i                       cstackBANK1  000153
OutputSystemMessage@l                       cstackBANK1  000156
OutputSystemMessage@line                    cstackBANK1  000157
OutputSystemMessage@s                       cstackBANK1  000155
OutputSystemMessage@stringData              cstackBANK1  00014D
OutputSystemMessage@symb                    cstackBANK1  000158
PL10                                        text21       00213C
PL100                                       text21       002198
PL102                                       text21       0021A4
PL104                                       text146      008478
PL106                                       text21       0021B0
PL108                                       text65       008340
PL110                                       text57       0082D8
PL112                                       text47       004932
PL114                                       text14       00307A
PL116                                       text33       0068FA
PL118                                       text121      0035FC
PL12                                        text14       003028
PL120                                       text76       0078B0
PL122                                       text68       001A6C
PL124                                       text33       00690C
PL126                                       text47       004940
PL128                                       text80       003ECC
PL130                                       text80       003ED4
PL132                                       text80       003EE0
PL134                                       text43       005ED0
PL136                                       text80       003EE8
PL138                                       text73       00861A
PL14                                        text14       003030
PL140                                       text1        004636
PL142                                       text21       0021C6
PL144                                       text76       0078BC
PL146                                       text60       00643C
PL148                                       text21       0021E4
PL150                                       text23       005D5C
PL152                                       text63       0065A4
PL154                                       text130      0066D0
PL156                                       text21       0021F6
PL158                                       text75       007EDE
PL16                                        text68       001A54
PL160                                       text21       002208
PL162                                       text1        004652
PL164                                       text14       003088
PL166                                       text56       003A6E
PL168                                       text36       00566C
PL170                                       text108      007BF2
PL172                                       text21       00221A
PL174                                       text21       002224
PL176                                       text47       004948
PL178                                       text60       00645A
PL18                                        text8        00292A
PL180                                       text53       0072E0
PL182                                       text60       006466
PL184                                       text96       00938E
PL186                                       text8        0029A4
PL188                                       text0        005292
PL190                                       text121      003606
PL192                                       text121      00361E
PL194                                       text94       007DC6
PL196                                       text68       001A8E
PL198                                       text21       00222C
PL2                                         text77       00876A
PL20                                        text33       00689C
PL200                                       text12       0059E2
PL202                                       text56       003A7C
PL204                                       text0        0052A2
PL206                                       text0        0052AA
PL208                                       text14       003096
PL210                                       text14       0030A8
PL212                                       text0        0052B2
PL214                                       text85       0069F8
PL216                                       text68       001AA6
PL218                                       text56       003A88
PL22                                        text121      0035E4
PL220                                       text21       002238
PL222                                       text85       006A0E
PL224                                       text8        0029AE
PL226                                       text21       002246
PL228                                       text85       006A16
PL230                                       text59       007928
PL232                                       text14       0030B4
PL234                                       text121      003636
PL236                                       text121      00364A
PL238                                       text14       0030C8
PL24                                        text74       0076D0
PL240                                       text68       001AB0
PL242                                       text19       004E7A
PL244                                       text43       005EEE
PL246                                       text36       00567A
PL248                                       text2        00935A
PL250                                       text87       00781E
PL252                                       text1        004664
PL254                                       text1        004676
PL256                                       text29       0094D0
PL258                                       text21       002252
PL26                                        text33       0068B6
PL260                                       text21       002264
PL262                                       text21       00226C
PL264                                       text72       005068
PL266                                       text21       002274
PL268                                       text155      005BBA
PL270                                       text94       007DDE
PL272                                       text68       001AB8
PL274                                       text21       002280
PL276                                       text68       001AC0
PL278                                       text47       004954
PL28                                        text8        00294C
PL280                                       text72       005074
PL282                                       text9        007648
PL284                                       text68       001AC8
PL286                                       text100      00548E
PL288                                       text21       00228C
PL290                                       text0        0052BC
PL292                                       text21       002296
PL294                                       text56       003A9E
PL296                                       text21       0022A2
PL298                                       text72       00507E
PL30                                        text8        00295E
PL300                                       text154      00820E
PL302                                       text56       003AAE
PL304                                       text11       007454
PL306                                       text14       0030D0
PL308                                       text53       0072FA
PL310                                       text21       0022AC
PL312                                       text68       001AD2
PL314                                       text140      006330
PL316                                       text80       003EF0
PL318                                       text68       001AE2
PL32                                        text36       00561A
PL320                                       text68       001AF0
PL322                                       text80       003EFE
PL324                                       text80       003F0C
PL326                                       text80       003F1A
PL328                                       text8        0029B8
PL330                                       text56       003AB8
PL332                                       text59       00793C
PL334                                       text140      00633E
PL336                                       text7        006B18
PL338                                       text8        0029C6
PL34                                        text14       003042
PL340                                       text21       0022B8
PL342                                       text94       007DEA
PL344                                       text49       007788
PL346                                       text21       0022C0
PL348                                       text68       001AFE
PL350                                       text8        0029D4
PL352                                       text51       0061D8
PL354                                       text43       005EF6
PL356                                       text106      00759C
PL358                                       text72       005088
PL36                                        text36       00563C
PL360                                       text72       005096
PL362                                       text51       0061E6
PL364                                       text106      0075A8
PL366                                       text21       0022CE
PL368                                       text14       0030E0
PL370                                       text72       0050A4
PL372                                       text19       004E8E
PL374                                       text56       003AC6
PL376                                       text56       003AD0
PL378                                       text21       0022D6
PL38                                        text23       005D3A
PL380                                       text80       003F28
PL382                                       text90       005848
PL384                                       text50       001010
PL386                                       text21       0022DE
PL388                                       text68       001B0C
PL390                                       text80       003F32
PL392                                       text72       0050B2
PL394                                       text1        004688
PL396                                       text100      00549E
PL398                                       text21       0022E6
PL4                                         text14       003018
PL40                                        text76       007898
PL400                                       text60       006476
PL402                                       text8        0029DC
PL404                                       text1        004692
PL406                                       text3        006E96
PL408                                       text121      003652
PL410                                       text56       003ADA
PL412                                       text43       005EFE
PL414                                       text1        00469A
PL416                                       text21       0022F0
PL418                                       text149      0073AE
PL42                                        text8        002970
PL420                                       text12       0059F8
PL422                                       text47       00495E
PL424                                       text8        0029E6
PL426                                       text34       008EA8
PL428                                       text51       0061F4
PL430                                       text56       003AE6
PL432                                       text21       0022FC
PL434                                       text48       007CF0
PL436                                       text47       00496A
PL438                                       text47       004972
PL44                                        text77       008780
PL440                                       text72       0050BC
PL442                                       text60       006480
PL444                                       text100      0054A8
PL446                                       text68       001B16
PL448                                       text80       003F3A
PL450                                       text14       0030EE
PL452                                       text6        008846
PL454                                       text62       008D68
PL456                                       text121      00365E
PL458                                       text8        0029F2
PL46                                        text80       003EB2
PL460                                       text50       001018
PL462                                       text50       001020
PL464                                       text50       001028
PL466                                       text50       001030
PL468                                       text80       003F44
PL470                                       text80       003F4E
PL472                                       text50       001038
PL474                                       text50       001040
PL476                                       text50       001048
PL478                                       text14       0030F8
PL48                                        text8        00298E
PL480                                       text50       001050
PL482                                       text50       001058
PL484                                       text50       001060
PL486                                       text50       001068
PL488                                       text50       001070
PL490                                       text50       001078
PL492                                       text50       001080
PL494                                       text21       002304
PL496                                       text81       0088E8
PL498                                       text8        0029FC
PL50                                        text121      0035F2
PL500                                       text121      003666
PL502                                       text121      003670
PL504                                       text15       008738
[...]
		PL412          		CODE           	5EFE	0000	13
		PL260          		CODE           	2264	0000	9
		PL602          		CODE           	1130	0000	7
		PL450          		CODE           	30EE	0000	11
		PL640          		CODE           	11A2	0000	7
		PL48           		CODE           	298E	0000	13
		PL86           		CODE           	66B8	0000	25
		i1_strcpy      		CODE           	8C06	0000	65
		PL132          		CODE           	3EE0	0000	9
		PL322          		CODE           	3EFE	0000	15
		PL170          		CODE           	7BF2	0000	11
		PL512          		CODE           	5682	0000	11
		PL360          		CODE           	5096	0000	15
		PL702          		CODE           	1250	0000	7
		PL550          		CODE           	109A	0000	7
		PL58           		CODE           	76DC	0000	29
		PL96           		CODE           	2186	0000	19
		i1___awdiv     		CODE           	80CE	0000	121
		PL232          		CODE           	30B4	0000	21
		PL422          		CODE           	495E	0000	13
		PL270          		CODE           	7DDE	0000	13
		PL612          		CODE           	114E	0000	7
		PL460          		CODE           	1018	0000	9
		PL650          		CODE           	11C0	0000	7
		PL68           		CODE           	669E	0000	27
		i1_FillPhonebookCellFromEEPROM		CODE           	8426	0000	83
		i2_ConvertDayToBit		CODE           	8F48	0000	49
		PL104          		CODE           	8478	0000	23
		PL142          		CODE           	21C6	0000	31
		PL332          		CODE           	793C	0000	15
		PL180          		CODE           	72E0	0000	27
		PL522          		CODE           	1B2A	0000	11
		PL370          		CODE           	50A4	0000	15
		PL560          		CODE           	10B8	0000	7
		PL78           		CODE           	2156	0000	13
		i1_SendCommandToUSART		CODE           	92CA	0000	35
		i1___wmul      		CODE           	915A	0000	39
		PL204          		CODE           	52A2	0000	9
		PL242          		CODE           	4E7A	0000	21
		PL432          		CODE           	22FC	0000	9
		PL280          		CODE           	5074	0000	11
		PL622          		CODE           	116C	0000	7
		PL470          		CODE           	3F4E	0000	11
		PL660          		CODE           	11DE	0000	7
		PL88           		CODE           	658C	0000	25
		i1_lcd_send_byte		CODE           	9074	0000	41
		i1_testTimePoint		CODE           	8056	0000	121
		PL114          		CODE           	307A	0000	15
		PL304          		CODE           	7454	0000	17
		PL152          		CODE           	65A4	0000	9
		PL342          		CODE           	7DEA	0000	15
		PL190          		CODE           	3606	0000	25
		PL532          		CODE           	2A06	0000	11
		PL380          		CODE           	3F28	0000	11
		PL570          		CODE           	10D6	0000	7
		PL98           		CODE           	3068	0000	19
		i1_I2CInit     		CODE           	958A	0000	5
		PL214          		CODE           	69F8	0000	23
		PL404          		CODE           	4692	0000	9
		PL252          		CODE           	4664	0000	19
		PL442          		CODE           	6480	0000	11
		PL290          		CODE           	52BC	0000	11
		PL632          		CODE           	118A	0000	7
		PL480          		CODE           	1050	0000	9
		PL670          		CODE           	11FC	0000	7
		i2___lwmod     		CODE           	8C84	0000	63
		i1_lcd_send_initial_half_byte		CODE           	884E	0000	85
		PL124          		CODE           	690C	0000	9
		PL314          		CODE           	6330	0000	15
		PL162          		CODE           	4652	0000	19
		PL504          		CODE           	8738	0000	11
		PL352          		CODE           	61D8	0000	15
		PL542          		CODE           	1088	0000	7
		PL390          		CODE           	3F32	0000	9
		PL580          		CODE           	10EE	0000	7
		__initialization		CODE           	5F14	0000	405
		PL224          		CODE           	29AE	0000	11
		PL414          		CODE           	469A	0000	13
		PL262          		CODE           	226C	0000	9
		PL604          		CODE           	1136	0000	7
		PL452          		CODE           	8846	0000	9
		PL642          		CODE           	11A8	0000	7
		PL490          		CODE           	1078	0000	9
		PL680          		CODE           	1214	0000	7
		_StandardAnswer_BUSY		MEDIUMCONST    	FC2E	0000	6
		i1___lmul      		CODE           	898E	0000	77
		PL134          		CODE           	5ED0	0000	31
		PL324          		CODE           	3F0C	0000	15
		PL172          		CODE           	221A	0000	11
		PL514          		CODE           	50C6	0000	11
		PL362          		CODE           	61E6	0000	15
		PL704          		CODE           	3F70	0000	9
		PL552          		CODE           	10A0	0000	7
		PL590          		CODE           	110C	0000	7
		PL234          		CODE           	3636	0000	21
		PL424          		CODE           	29E6	0000	13
		PL272          		CODE           	1AB8	0000	9
		PL614          		CODE           	1154	0000	7
		PL462          		CODE           	1020	0000	9
		PL652          		CODE           	11C6	0000	7
		PL690          		CODE           	1232	0000	7
		i1___awmod     		CODE           	83BE	0000	105
		_StandardAnswer_DTMF		MEDIUMCONST    	FC20	0000	9
		PL106          		CODE           	21B0	0000	23
		PL144          		CODE           	78BC	0000	9
		PL334          		CODE           	633E	0000	15
		PL182          		CODE           	6466	0000	17
		PL524          		CODE           	3AF2	0000	9
		PL372          		CODE           	4E8E	0000	15
		PL562          		CODE           	10BE	0000	7
		i1___aldiv     		CODE           	702A	0000	189
		PL206          		CODE           	52AA	0000	9
		PL244          		CODE           	5EEE	0000	9
		PL434          		CODE           	7CF0	0000	13
		PL282          		CODE           	7648	0000	17
		PL624          		CODE           	1172	0000	7
		PL472          		CODE           	1038	0000	9
		PL662          		CODE           	11E4	0000	7
		i2_FillMinutes 		CODE           	9580	0000	7
		i2___aldiv     		CODE           	70E6	0000	189
		PL116          		CODE           	68FA	0000	19
		PL306          		CODE           	30D0	0000	17
		PL154          		CODE           	66D0	0000	9
		PL344          		CODE           	7788	0000	15
		PL192          		CODE           	361E	0000	25
		PL534          		CODE           	5A04	0000	9
		PL382          		CODE           	5848	0000	11
		PL572          		CODE           	10DC	0000	7
		PL216          		CODE           	1AA6	0000	11
		PL406          		CODE           	6E96	0000	11
		PL254          		CODE           	4676	0000	19
		PL444          		CODE           	54A8	0000	11
		PL292          		CODE           	2296	0000	13
		PL634          		CODE           	1190	0000	7
		PL482          		CODE           	1058	0000	9
		PL672          		CODE           	1202	0000	7
		PL126          		CODE           	4940	0000	9
		PL316          		CODE           	3EF0	0000	15
		PL164          		CODE           	3088	0000	15
		PL506          		CODE           	794A	0000	11
		PL354          		CODE           	5EF6	0000	9
		PL544          		CODE           	108E	0000	7
		PL392          		CODE           	50B2	0000	11
		PL582          		CODE           	10F4	0000	7
		PL226          		CODE           	2246	0000	13
		PL416          		CODE           	22F0	0000	13
		PL264          		CODE           	5068	0000	13
		PL606          		CODE           	113C	0000	7
		PL454          		CODE           	8D68	0000	11
		PL644          		CODE           	11AE	0000	7
		PL492          		CODE           	1080	0000	9
		PL682          		CODE           	121A	0000	7
		i1_getSystemTimePoint		CODE           	94F2	0000	19
		PL136          		CODE           	3EE8	0000	9
		PL326          		CODE           	3F1A	0000	15
		PL174          		CODE           	2224	0000	9
		PL516          		CODE           	65AC	0000	9
		PL364          		CODE           	75A8	0000	13
		PL706          		CODE           	497C	0000	9
		PL554          		CODE           	10A6	0000	7
		PL592          		CODE           	1112	0000	7
		i1_I2CSend     		CODE           	93A6	0000	31
		PL236          		CODE           	364A	0000	9
		PL426          		CODE           	8EA8	0000	13
		PL274          		CODE           	2280	0000	13
		PL616          		CODE           	115A	0000	7
		PL464          		CODE           	1028	0000	9
		PL654          		CODE           	11CC	0000	7
		PL692          		CODE           	1238	0000	7
		PL108          		CODE           	8340	0000	23
		PL146          		CODE           	643C	0000	31
		PL336          		CODE           	6B18	0000	15
		PL184          		CODE           	938E	0000	25
		PL526          		CODE           	3F58	0000	9
		PL374          		CODE           	3AC6	0000	11
		PL564          		CODE           	10C4	0000	7
		__setInputTextProps@F3651		MEDIUMCONST    	FBA1	0000	11
		__setInputTextProps@F3653		MEDIUMCONST    	FB8B	0000	23
		PL208          		CODE           	3096	0000	19
		PL246          		CODE           	567A	0000	9
		PL436          		CODE           	496A	0000	9
		PL284          		CODE           	1AC8	0000	11
		PL626          		CODE           	1178	0000	7
		PL474          		CODE           	1040	0000	9
		PL664          		CODE           	11EA	0000	7
		i1_EEWR        		CODE           	8D72	0000	31
		i2_EEWR        		CODE           	932C	0000	33
		PL118          		CODE           	35FC	0000	11
		PL308          		CODE           	72FA	0000	17
		PL156          		CODE           	21F6	0000	19
		PL346          		CODE           	22C0	0000	15
		PL194          		CODE           	7DC6	0000	25
		PL536          		CODE           	3F60	0000	9
		PL384          		CODE           	1010	0000	9
		PL574          		CODE           	10E2	0000	7
		PL218          		CODE           	3A88	0000	23
		PL408          		CODE           	3652	0000	13
		PL256          		CODE           	94D0	0000	17
		PL446          		CODE           	1B16	0000	11
		PL294          		CODE           	3A9E	0000	17
		PL636          		CODE           	1196	0000	7
		PL484          		CODE           	1060	0000	9
		PL674          		CODE           	568C	0000	9
		PL128          		CODE           	3ECC	0000	9
		PL318          		CODE           	1AE2	0000	15
		PL166          		CODE           	3A6E	0000	15
		PL508          		CODE           	1B20	0000	11
		PL356          		CODE           	759C	0000	13
		PL546          		CODE           	8E78	0000	9
		PL394          		CODE           	4688	0000	11
		PL584          		CODE           	10FA	0000	7
		_StandardAnswer_CLOCK		MEDIUMCONST    	FBCF	0000	31
		PL228          		CODE           	6A16	0000	21
		PL418          		CODE           	73AE	0000	13
		PL266          		CODE           	2274	0000	13
		PL608          		CODE           	1142	0000	7
		PL456          		CODE           	365E	0000	9
		PL646          		CODE           	11B4	0000	7
		PL494          		CODE           	2304	0000	9
		PL684          		CODE           	1220	0000	7
		_StandardAnswer_OK		MEDIUMCONST    	FC33	0000	4
		PL138          		CODE           	861A	0000	9
		PL328          		CODE           	29B8	0000	15
		PL176          		CODE           	4948	0000	13
		PL518          		CODE           	8B38	0000	11
		PL366          		CODE           	22CE	0000	9
		PL708          		CODE           	3102	0000	9
		PL556          		CODE           	10AC	0000	7
		PL594          		CODE           	1118	0000	7
		PL2            		CODE           	876A	0000	23
		PL238          		CODE           	30C8	0000	9
		PL428          		CODE           	61F4	0000	13
		PL276          		CODE           	1AC0	0000	9
		PL618          		CODE           	1160	0000	7
		PL466          		CODE           	1030	0000	9
		PL656          		CODE           	11D2	0000	7
		PL694          		CODE           	123E	0000	7
		PL148          		CODE           	21E4	0000	19
		PL338          		CODE           	29C6	0000	15
		PL186          		CODE           	29A4	0000	11
		PL528          		CODE           	1B34	0000	11
		PL376          		CODE           	3AD0	0000	11
		PL566          		CODE           	10CA	0000	7
		PL10           		CODE           	213C	0000	17
		PL4            		CODE           	3018	0000	17
		PL248          		CODE           	935A	0000	17
		PL438          		CODE           	4972	0000	11
		PL286          		CODE           	548E	0000	17
		PL628          		CODE           	117E	0000	7
		PL476          		CODE           	1048	0000	9
		PL666          		CODE           	11F0	0000	7
		PL20           		CODE           	689C	0000	27
		_StandardAnswer_NO_CARRIER		MEDIUMCONST    	FC0B	0000	12
		PL158          		CODE           	7EDE	0000	17
		PL348          		CODE           	1AFE	0000	15
		PL196          		CODE           	1A8E	0000	25
		PL538          		CODE           	6200	0000	9
		PL386          		CODE           	22DE	0000	9
		PL576          		CODE           	10E8	0000	7
		PL30           		CODE           	295E	0000	19
		PL6            		CODE           	1A44	0000	17
		PL258          		CODE           	2252	0000	19
		PL448          		CODE           	3F3A	0000	11
		PL296          		CODE           	22A2	0000	11
		PL638          		CODE           	119C	0000	7
		PL486          		CODE           	1068	0000	9
		PL676          		CODE           	1208	0000	7
		i1_lcd_init    		CODE           	6EAC	0000	189
		PL40           		CODE           	7898	0000	25
		_StandardAnswer_INCCALL		MEDIUMCONST    	FBAB	0000	37
		PL168          		CODE           	566C	0000	15
		PL358          		CODE           	5088	0000	15
		PL548          		CODE           	1094	0000	7
		PL396          		CODE           	549E	0000	11
		PL586          		CODE           	1100	0000	7

shared estimated size: 7481

C:\Program Files (x86)\Microchip\xc8\v1.38\sources\common\strlen.c
		_strlen        		CODE           	8FA4	0000	45

C:\Program Files (x86)\Microchip\xc8\v1.38\sources\common\strlen.c estimated size: 45

C:\Program Files (x86)\Microchip\xc8\v1.38\sources\common\strcpy.c
		_strcpy        		CODE           	8B86	0000	65

C:\Program Files (x86)\Microchip\xc8\v1.38\sources\common\strcpy.c estimated size: 65

prog.c
		_GetNumericFromString		CODE           	9504	0000	19
		_I2CNak        		CODE           	9544	0000	11
		_ConvertDayToBit		CODE           	8EB4	0000	51
		_TelephoneCall 		CODE           	78C4	0000	101
		_ReadDataOfCell		CODE           	7954	0000	131
		_setDigit      		CODE           	7830	0000	105
		__CleanStringArray_interrupt		CODE           	91CC	0000	39
		_SchedulerNew  		CODE           	73BA	0000	155
		_FindIncommingData		CODE           	60B6	0000	291
		__CleanStringArray_interrupt2		CODE           	9218	0000	39
		_DialDTMF      		CODE           	8146	0000	109
		_FillMinutes   		CODE           	9388	0000	7
		_EEWR          		CODE           	92EC	0000	33
		_FillPhonebookCellFromEEPROM		CODE           	82EE	0000	83
		_TimeData_BlinkOFF		CODE           	8E80	0000	41
		_GetStringLength		CODE           	90E8	0000	39
		_TimeEdit      		CODE           	1B3E	0000	1515
		_testTimePoint 		CODE           	7FDE	0000	121
		_delay         		CODE           	92A8	0000	35
		_SignalsOnOff  		CODE           	5A0C	0000	431
		_I2CStop       		CODE           	9558	0000	9
		_FindPhoneContactByNumber		CODE           	71A2	0000	185
		_ConvertCharToNumeric		CODE           	8B42	0000	69
		_RX_1wire      		CODE           	8A24	0000	75
		_NumericToHEXString		CODE           	76F8	0000	145
		__setInputTextProps		CODE           	4E9C	0000	461
		_lcd_send_byte 		CODE           	9024	0000	41
		_lcd_off       		CODE           	94BC	0000	19
		_TX_1wire      		CODE           	879E	0000	93
		_ReIndTimeEdit 		CODE           	54B2	0000	361
		_NumericToString		CODE           	6914	0000	229
		_calc_crc      		CODE           	8BC6	0000	65
		__load_TXREG   		CODE           	81B2	0000	93
		_I2CAck        		CODE           	954E	0000	11
		_OutputString  		CODE           	7658	0000	121
		_CleanStringArray		CODE           	910E	0000	39
		_Format_EEPROM_Memory		CODE           	7CFC	0000	127
		_ReadDataOfCell_interr		CODE           	7BFC	0000	131
		_main          		CODE           	50D0	0000	435
		_ItemsToIndicator		CODE           	8AFE	0000	59
		__getContainer_Clock_from_GSM		CODE           	941E	0000	31
		_ParseTime     		CODE           	8356	0000	105
		_SendSMS       		CODE           	46A6	0000	653
		_F_h           		CODE           	0008	0000	307
		_UserDelay     		CODE           	8CC2	0000	61
		_USART_Speed_Choise		CODE           	909C	0000	39
		__FindIncommingData_interrupt		CODE           	6208	0000	297
		_GetTimeSource 		CODE           	9286	0000	35
		_I2CRead       		CODE           	93C4	0000	31
		_EditSchedule  		CODE           	2A10	0000	1545
		_Init_USART    		CODE           	8686	0000	97
		_system_BlinkReset		CODE           	9474	0000	29
		_getSystemTimePoint		CODE           	94E0	0000	19
		_InputText     		CODE           	1256	0000	2031
		_GetSystemInfo 		CODE           	3AFA	0000	953
		_ReadTime      		CODE           	7B76	0000	125
		_ShowSchedulerMenu		CODE           	6D06	0000	213
		_WriteTime     		CODE           	5BC6	0000	373
		_TimeToInd     		CODE           	230C	0000	1567
		_FillArrayFromEEPROM_interr		CODE           	8EE6	0000	51
		_get_temp_Async		CODE           	52C6	0000	457
		__getContainer_Incomming_DTMF_Data		CODE           	93E2	0000	31
		_WorkingWithGSM		CODE           	6A2A	0000	239
		_WriteArrayToEEPROM		CODE           	8CFE	0000	59
		_cp1251_to_unicode		CODE           	7C7E	0000	115
		__getContainer_Incomming_Call_Data		CODE           	9400	0000	31
		_AddByteToUSARTbuff		CODE           	6C1A	0000	237
		_F_l           		CODE           	0018	0000	799
		_getLcdCodeOfChar		CODE           	3F78	0000	999
		_setBlink      		CODE           	8742	0000	41
		_SetTimeSource 		CODE           	8F78	0000	45
		_FindNextTimeStart		CODE           	5694	0000	437
		_lcd_send_initial_half_byte		CODE           	87FA	0000	77
		_GetDayOfWeek  		CODE           	7DF8	0000	125
		_Init_GSM      		CODE           	5D6E	0000	337
		_FillArrayFromEEPROM		CODE           	8DE0	0000	55
		_TimeData_INIT 		CODE           	67FC	0000	161
		_PowerOnGSM    		CODE           	9516	0000	17
		_ProcessIncommingUartData		CODE           	310A	0000	1243
		_GetUnicodeSymbol		CODE           	033A	0000	3287
		_I2CRestart    		CODE           	9578	0000	9
		_Save_USART_SpeedNumber		CODE           	94A8	0000	21
		_RefreshSchedulerIndicator		CODE           	5852	0000	401
		_EERD          		CODE           	9134	0000	39
		_SendCommandToUSART		CODE           	930C	0000	33
		_EncodePhoneNumberToPDU		CODE           	725A	0000	135
		__GetStringLength_interr		CODE           	91A6	0000	39
		_WritePhonebookCellToEEPROM		CODE           	8286	0000	83
		_I2CStart      		CODE           	9560	0000	9
		_Read_USART_SpeedNumber		CODE           	9458	0000	29
		_ProcessSystemMessageShowing		CODE           	9536	0000	15
		_SendSymbolToLCD		CODE           	750E	0000	143
		_lcd_on        		CODE           	934C	0000	15
		_InteractiveData_BlinkOFF		CODE           	8F18	0000	49
		_getNumChar    		CODE           	848E	0000	103
		_Init_1wire    		CODE           	8622	0000	101
		_Select_OK_NO  		CODE           	8D38	0000	49
		_BCD_to_DEC    		CODE           	9490	0000	25
		_entNum        		CODE           	8FD0	0000	43
		_DEC_to_BCD    		CODE           	8FFA	0000	43
		_Settings      		CODE           	4C58	0000	547
		_ParseDataRecord		CODE           	7D7A	0000	77
		_CalculateClockDelta		CODE           	730A	0000	165
		_ShowMenu      		CODE           	634C	0000	241
		_OutputInteractiveData		CODE           	7E74	0000	107
		_DeleteDataOfCell		CODE           	8E4C	0000	45
		_GetDayOfWeekByDate		CODE           	79E0	0000	137
		_main2         		CODE           	435E	0000	729
		_I2CInit       		CODE           	94CE	0000	3
		_clrInd        		CODE           	85BE	0000	69
		_I2CSend       		CODE           	936A	0000	31
		_ConvKeyNum    		CODE           	84F4	0000	103
		_lcd_init      		CODE           	6DDA	0000	189
		_OutputSystemMessage		CODE           	648A	0000	233
		_FindCell      		CODE           	6B26	0000	245
		_PhonebookEdit 		CODE           	367A	0000	995
		_CheckoutRegisterOfSymbol		CODE           	4984	0000	725
		_WriteDataOfCell		CODE           	86E6	0000	83
		_Scheduler     		CODE           	75B4	0000	149

prog.c estimated size: 29735

C:\Program Files (x86)\Microchip\xc8\v1.38\sources\common\lbdiv.c
		___lbdiv       		CODE           	8DAA	0000	55

C:\Program Files (x86)\Microchip\xc8\v1.38\sources\common\lbdiv.c estimated size: 55

