Microchip MPLAB XC8 Compiler V1.37 ()

Linker command line:

-W9 --edf=/opt/microchip/xc8/v1.37/dat/en_msgs.txt -cs \
  -h+dist/default/production/Water_PIC18_test.production.sym \
  --cmf=dist/default/production/Water_PIC18_test.production.cmf -z \
  -Q18F2620 -o/tmp/xcXbTClBU \
  -Mdist/default/production/Water_PIC18_test.production.map -E1 -ver=XC8 \
  --acfsm=1493 -ASTACK=01E3h-0f7fh -pstack=STACK -ACODE=00h-0FFFFh \
  -ACONST=00h-0FFFFh -ASMALLCONST=01000h-010FFhx240 \
  -AMEDIUMCONST=01000h-0FFFFh -ACOMRAM=01h-07Fh -AABS1=00h-0F7Fh \
  -ABIGRAM=01h-0F7Fh -ARAM=080h-0FFh,0100h-01FFhx14,0F00h-0F7Fh \
  -ABANK0=080h-0FFh -ABANK1=0100h-01FFh -ABANK2=0200h-02FFh \
  -ABANK3=0300h-03FFh -ABANK4=0400h-04FFh -ABANK5=0500h-05FFh \
  -ABANK6=0600h-06FFh -ABANK7=0700h-07FFh -ABANK8=0800h-08FFh \
  -ABANK9=0900h-09FFh -ABANK10=0A00h-0AFFh -ABANK11=0B00h-0BFFh \
  -ABANK12=0C00h-0CFFh -ABANK13=0D00h-0DFFh -ABANK14=0E00h-0EFFh \
  -ABANK15=0F00h-0F7Fh -ASFR=0F80h-0FFFh \
  -preset_vec=00h,intcode=08h,intcodelo=018h,powerup,init,end_init \
  -pramtop=01000h -psmallconst=SMALLCONST -pmediumconst=MEDIUMCONST \
  -pconst=CONST -AFARRAM=00h-00h -ACONFIG=0300000h-030000Dh -pconfig=CONFIG \
  -AIDLOC=0200000h-0200007h -pidloc=IDLOC -AEEDATA=0F00000h-0F003FFh \
  -peeprom_data=EEDATA \
  -prdata=COMRAM,nvrram=COMRAM,nvbit=COMRAM,rbss=COMRAM,rbit=COMRAM \
  -pfarbss=FARRAM,fardata=FARRAM,nvFARRAM=FARRAM \
  -pintsave_regs=BIGRAM,bigbss=BIGRAM,bigdata=BIGRAM -pbss=RAM \
  -pidata=CODE,irdata=CODE,ibigdata=CODE,ifardata=CODE -prparam=COMRAM \
  /tmp/xcXk6YXch.obj \
  dist/default/production/Water_PIC18_test.production.obj 

Object code version is 3.11

Machine type is 18F2620

Call graph: (short form)




                Name                               Link     Load   Length Selector   Space Scale
/tmp/xcXk6YXch.obj
                end_init                            23E      23E        4        C       0
                reset_vec                             0        0        4        0       0
                config                           300000   300000        E   300000       0
dist/default/production/Water_PIC18_test.production.obj
                intcodelo                            18       18      226        C       0
                intcode                               8        8        6        4       0
                temp                                 62       62        1        1       1
                smallconst                         1000     1000       56      800       0
                intcode_body                       3C06     3C06        8     1DF6       0
                text60                             34C0     34C0       64      82B       0
                text59                             3BBE     3BBE       1E     1BFC       0
                text58                             3388     3388       6E      82B       0
                text57                             1F9A     1F9A      3DE      82B       0
                text56                             3C0E     3C0E        6     1DF6       0
                text55                             3B7E     3B7E       22     1BFC       0
                text54                             3B5A     3B5A       24     1BFC       0
                text52                             3BA0     3BA0       1E     1BFC       0
                text51                             345C     345C       64      82B       0
                text50                             3876     3876       3E     1BFC       0
                text49                             310A     310A       88      82B       0
                text48                             3634     3634       54      82B       0
                text47                             2980     2980       E6      82B       0
                text46                             38B4     38B4       3C     1BFC       0
                text45                             2E22     2E22       9E      82B       0
                text44                             2CB6     2CB6       BC      82B       0
                text43                             2EC0     2EC0       9A      82B       0
                text42                             39C4     39C4       34     1BFC       0
                text41                             3AEC     3AEC       26     1BFC       0
                text40                             3688     3688       4C      82B       0
                text39                             3586     3586       5A      82B       0
                text38                             3A78     3A78       28     1BFC       0
                text37                             1B0A     1B0A      490      82B       0
                text36                             3218     3218       7E      82B       0
                text35                             3B36     3B36       24     1BFC       0
                text34                             3926     3926       36     1BFC       0
                text33                             307E     307E       8C      82B       0
                text32                             255C     255C      1A0      82B       0
                text31                             3768     3768       4A      82B       0
                text30                             371E     371E       4A      82B       0
                text29                             3838     3838       3E     1BFC       0
                text28                             33F6     33F6       66      82B       0
                text27                             3990     3990       34     1BFC       0
                text26                             38F0     38F0       36     1BFC       0
                text25                             3A50     3A50       28     1BFC       0
                text24                             39F8     39F8       30     1BFC       0
                text23                             37F8     37F8       40     1BFC       0
                text22                             395C     395C       34     1BFC       0
                text21                             2B3C     2B3C       BE      82B       0
                text20                             35E0     35E0       54      82B       0
                text19                             3AC6     3AC6       26     1BFC       0
                text18                             3AA0     3AA0       26     1BFC       0
                text17                             36D4     36D4       4A      82B       0
                text16                             2F5A     2F5A       94      82B       0
                text15                             1620     1620      4EA      82B       0
                text14                             2A66     2A66       D6      82B       0
                text13                             3312     3312       76      82B       0
                text12                             3524     3524       62      82B       0
                text11                             2FEE     2FEE       90      82B       0
                text10                             2378     2378      1E4      82B       0
                text9                              2D72     2D72       B0      82B       0
                text8                              285E     285E      122      82B       0
                text7                              1056     1056      5CA      82B       0
                text6                              3A28     3A28       28     1BFC       0
                text5                              3B12     3B12       24     1BFC       0
                text4                              3BFA     3BFA        C     1DF6       0
                text3                              2BFA     2BFA       BC      82B       0
                text2                              3BEC     3BEC        E     1DF6       0
                text1                              26FC     26FC      162      82B       0
                text0                              3296     3296       7C      82B       0
                cstackCOMRAM                          1        1       4E        1       1
                cstackBANK0                          80       80       67       80       1
                cstackBANK1                         100      100       54      100       1
                dataBANK1                           19E      19E       45      100       1
                bssBANK1                            154      154       4A      100       1
                dataBANK0                            E7       E7        F       80       1
                dataCOMRAM                           5D       5D        5        1       1
                bssCOMRAM                            4F       4F        E        1       1
                cinit                              3192     3192       86      82B       0
                idataBANK1                         37B2     37B2       45      82B       0
                idataBANK0                         3BDC     3BDC        F     1BFC       0
                idataCOMRAM                        3C14     3C14        5     1DF6       0

TOTAL           Name                               Link     Load   Length     Space
        CLASS   STACK          

        CLASS   CODE           
                end_init                            23E      23E        4         0
                intcodelo                            18       18      226         0
                intcode                               8        8        6         0
                reset_vec                             0        0        4         0
                intcode_body                       3C06     3C06        8         0
                text60                             34C0     34C0       64         0
                text59                             3BBE     3BBE       1E         0
                text58                             3388     3388       6E         0
                text57                             1F9A     1F9A      3DE         0
                text56                             3C0E     3C0E        6         0
                text55                             3B7E     3B7E       22         0
                text54                             3B5A     3B5A       24         0
                text52                             3BA0     3BA0       1E         0
                text51                             345C     345C       64         0
                text50                             3876     3876       3E         0
                text49                             310A     310A       88         0
                text48                             3634     3634       54         0
                text47                             2980     2980       E6         0
                text46                             38B4     38B4       3C         0
                text45                             2E22     2E22       9E         0
                text44                             2CB6     2CB6       BC         0
                text43                             2EC0     2EC0       9A         0
                text42                             39C4     39C4       34         0
                text41                             3AEC     3AEC       26         0
                text40                             3688     3688       4C         0
                text39                             3586     3586       5A         0
                text38                             3A78     3A78       28         0
                text37                             1B0A     1B0A      490         0
                text36                             3218     3218       7E         0
                text35                             3B36     3B36       24         0
                text34                             3926     3926       36         0
                text33                             307E     307E       8C         0
                text32                             255C     255C      1A0         0
                text31                             3768     3768       4A         0
                text30                             371E     371E       4A         0
                text29                             3838     3838       3E         0
                text28                             33F6     33F6       66         0
                text27                             3990     3990       34         0
                text26                             38F0     38F0       36         0
                text25                             3A50     3A50       28         0
                text24                             39F8     39F8       30         0
                text23                             37F8     37F8       40         0
                text22                             395C     395C       34         0
                text21                             2B3C     2B3C       BE         0
                text20                             35E0     35E0       54         0
                text19                             3AC6     3AC6       26         0
                text18                             3AA0     3AA0       26         0
                text17                             36D4     36D4       4A         0
                text16                             2F5A     2F5A       94         0
                text15                             1620     1620      4EA         0
                text14                             2A66     2A66       D6         0
                text13                             3312     3312       76         0
                text12                             3524     3524       62         0
                text11                             2FEE     2FEE       90         0
                text10                             2378     2378      1E4         0
                text9                              2D72     2D72       B0         0
                text8                              285E     285E      122         0
                text7                              1056     1056      5CA         0
                text6                              3A28     3A28       28         0
                text5                              3B12     3B12       24         0
                text4                              3BFA     3BFA        C         0
                text3                              2BFA     2BFA       BC         0
                text2                              3BEC     3BEC        E         0
                text1                              26FC     26FC      162         0
                text0                              3296     3296       7C         0
                cinit                              3192     3192       86         0
                idataBANK1                         37B2     37B2       45         0
                idataBANK0                         3BDC     3BDC        F         0
                idataCOMRAM                        3C14     3C14        5         0

        CLASS   CONST          

        CLASS   SMALLCONST     
                smallconst                         1000     1000       56         0

        CLASS   MEDIUMCONST    

        CLASS   COMRAM         
                temp                                 62       62        1         1
                cstackCOMRAM                          1        1       4E         1
                dataCOMRAM                           5D       5D        5         1
                bssCOMRAM                            4F       4F        E         1

        CLASS   ABS1           

        CLASS   BIGRAM         

        CLASS   RAM            

        CLASS   BANK0          
                cstackBANK0                          80       80       67         1
                dataBANK0                            E7       E7        F         1

        CLASS   BANK1          
                cstackBANK1                         100      100       54         1
                dataBANK1                           19E      19E       45         1
                bssBANK1                            154      154       4A         1

        CLASS   BANK2          

        CLASS   BANK3          

        CLASS   BANK4          

        CLASS   BANK5          

        CLASS   BANK6          

        CLASS   BANK7          

        CLASS   BANK8          

        CLASS   BANK9          

        CLASS   BANK10         

        CLASS   BANK11         

        CLASS   BANK12         

        CLASS   BANK13         

        CLASS   BANK14         

        CLASS   BANK15         

        CLASS   SFR            

        CLASS   FARRAM         

        CLASS   CONFIG         
                config                           300000   300000        E         0

        CLASS   IDLOC          

        CLASS   EEDATA         



SEGMENTS        Name                           Load    Length   Top    Selector   Space  Class

                reset_vec                      000000  000004  000004         0       0  CODE    
                cstackCOMRAM                   000001  000062  000063         1       1  COMRAM  
                intcode                        000008  000006  00000E         4       0  CODE    
                intcodelo                      000018  00022A  000242         C       0  CODE    
                cstackBANK0                    000080  000076  0000F6        80       1  BANK0   
                cstackBANK1                    000100  0000E3  0001E3       100       1  BANK1   
                smallconst                     001000  000056  001056       800       0  SMALLCON
                text7                          001056  0027A1  0037F7       82B       0  CODE    
                text23                         0037F8  0003F3  003BEB      1BFC       0  CODE    
                text2                          003BEC  00002D  003C19      1DF6       0  CODE    
                config                         300000  00000E  30000E    300000       0  CONFIG  


UNUSED ADDRESS RANGES

        Name                Unused          Largest block    Delta
        BANK0            0000F6-0000FF                A
        BANK1            0001E3-0001FF               1D
        BANK10           000A00-000AFF              100
        BANK11           000B00-000BFF              100
        BANK12           000C00-000CFF              100
        BANK13           000D00-000DFF              100
        BANK14           000E00-000EFF              100
        BANK15           000F00-000F7F               80
        BANK2            000200-0002FF              100
        BANK3            000300-0003FF              100
        BANK4            000400-0004FF              100
        BANK5            000500-0005FF              100
        BANK6            000600-0006FF              100
        BANK7            000700-0007FF              100
        BANK8            000800-0008FF              100
        BANK9            000900-0009FF              100
        BIGRAM           000063-00007F               1D
                         0000F6-0000FF                A
                         0001E3-000F7F              D9D
        CODE             000004-000007                4
                         00000E-000017                A
                         000242-000FFF              DBE
                         0037F7-0037F7                1
                         003BEB-003BEB                1
                         003C19-00FFFF             C3E7
        COMRAM           000063-00007F               1D
        CONST            000004-000007                4
                         00000E-000017                A
                         000242-000FFF              DBE
                         0037F7-0037F7                1
                         003BEB-003BEB                1
                         003C19-00FFFF             C3E7
        EEDATA           F00000-F003FF              400
        IDLOC            200000-200007                8
        MEDIUMCONST      0037F7-0037F7                1
                         003BEB-003BEB                1
                         003C19-00FFFF             C3E7
        RAM              0000F6-0000FF                A
                         0001E3-000F7F              100
        SFR              000F80-000FFF               80
        SMALLCONST       0037F7-0037F7                1
                         003BEB-003BEB                1
                         003C19-00FFFF              100
        STACK            0001E3-000F7F              D9D

                                  Symbol Table

?_FindCell                             cstackCOMRAM 00003A
?_FindNextTimeStart                    cstackCOMRAM 00003A
?_RefreshSchedulerIndicator            cstackCOMRAM 000040
?___aldiv                              cstackCOMRAM 00001D
?___almod                              cstackCOMRAM 00001D
?___lldiv                              cstackCOMRAM 00001D
?___llmod                              cstackCOMRAM 00001D
?___lmul                               cstackCOMRAM 00001D
?___lwdiv                              cstackCOMRAM 00001D
?___lwmod                              cstackCOMRAM 00001D
?___wmul                               cstackCOMRAM 00001D
ConvKeyNum@Num                         cstackCOMRAM 000001
ConvertDayToBit@DayNumber              cstackCOMRAM 00001D
DeleteDataOfCell@CellsData             cstackCOMRAM 00002B
DeleteDataOfCell@TargetAdress          cstackCOMRAM 000029
DeleteDataOfCell@i                     cstackCOMRAM 000033
EERD@EEDATA_BUP                        cstackCOMRAM 000020
EERD@INTCON_BUP                        cstackCOMRAM 00001F
EERD@adress                            cstackCOMRAM 00001D
EEWR@INTCON_BUP                        cstackCOMRAM 000020
EEWR@adress                            cstackCOMRAM 00001D
EEWR@data                              cstackCOMRAM 00001F
EditSchedule@BeginEditTimes            cstackBANK0  0000BE
EditSchedule@BorderUp                  cstackBANK0  0000C3
EditSchedule@CellsData                 cstackBANK0  0000AC
EditSchedule@Data                      cstackBANK0  0000D1
EditSchedule@Days                      cstackBANK0  0000C8
EditSchedule@F3123                     dataBANK1    0001BC
EditSchedule@F3130                     dataBANK1    0001C8
EditSchedule@Signals                   cstackBANK0  0000C9
EditSchedule@SourceOfRecord            cstackCOMRAM 00003C
EditSchedule@T                         cstackBANK0  0000C4
EditSchedule@TargetAdress              cstackBANK0  0000B4
EditSchedule@TimeData                  cstackBANK0  0000B6
EditSchedule@TimeStart                 cstackBANK0  0000BF
EditSchedule@TimeStop                  cstackBANK0  0000C1
EditSchedule@Times                     cstackBANK0  0000CC
EditSchedule@adress                    cstackCOMRAM 00003A
EditSchedule@d                         cstackBANK0  0000D5
EditSchedule@f                         cstackBANK0  0000CA
EditSchedule@j                         cstackBANK0  0000D0
EditSchedule@key                       cstackBANK0  0000D6
EditSchedule@mode                      cstackBANK0  0000CB
EditSchedule@n                         cstackBANK0  0000D7
EditSchedule@string                    cstackBANK0  000094
EditSchedule@string2                   cstackBANK0  0000A0
F_l@ButtonPressTimeOut                 bssCOMRAM    000059
F_l@KeyIndex                           bssCOMRAM    00005A
F_l@MinuteAgo                          cstackCOMRAM 000014
F_l@PressedKeyIndex                    dataCOMRAM   000060
F_l@_KeyIndex                          cstackCOMRAM 000017
F_l@a                                  cstackCOMRAM 000018
F_l@data_temp                          cstackCOMRAM 000016
F_l@digit                              cstackCOMRAM 000015
F_l@line                               cstackCOMRAM 00001C
F_l@symbol                             cstackCOMRAM 00001A
FillArrayFromEEPROM@adress_start       cstackCOMRAM 000023
FillArrayFromEEPROM@container          cstackCOMRAM 000021
FillArrayFromEEPROM@i                  cstackCOMRAM 000029
FillArrayFromEEPROM@quantity           cstackCOMRAM 000025
FindCell@CellIsEmpty                   cstackBANK0  000090
FindCell@CellsData                     cstackBANK0  000080
FindCell@Data                          cstackBANK0  00008C
FindCell@New                           cstackCOMRAM 00003C
FindCell@adress                        cstackBANK0  000092
FindCell@adressNew                     cstackBANK0  000088
FindCell@adressStart                   cstackCOMRAM 00003A
FindCell@i                             cstackBANK0  000091
FindCell@previous                      cstackCOMRAM 00003D
FindNextTimeStart@CellsData            cstackBANK0  000080
FindNextTimeStart@Data                 cstackBANK0  0000A1
FindNextTimeStart@DayIndex             cstackBANK0  0000A0
FindNextTimeStart@DayOn                cstackBANK0  00008E
FindNextTimeStart@Days                 cstackBANK0  000099
FindNextTimeStart@LastFoundTimeStart   cstackBANK0  000091
FindNextTimeStart@Signals              cstackBANK0  000097
FindNextTimeStart@TimeFrom             cstackCOMRAM 00003A
FindNextTimeStart@TimeIsFound          cstackBANK0  000098
FindNextTimeStart@TimeOfSignals        cstackBANK0  00009A
FindNextTimeStart@TimeStart            cstackBANK0  000095
FindNextTimeStart@TimeStop             cstackBANK0  00008C
FindNextTimeStart@adress               cstackBANK0  00009E
FindNextTimeStart@adressStart          cstackBANK0  00008F
GetDayOfWeek@day                       cstackCOMRAM 00001F
ItemsToIndicator@firstDigit            cstackCOMRAM 00002E
ItemsToIndicator@i                     cstackCOMRAM 000030
ItemsToIndicator@items                 cstackCOMRAM 00002F
ItemsToIndicator@max_i                 cstackCOMRAM 00002D
NumericToString@displacement           cstackCOMRAM 000032
NumericToString@mySring                cstackCOMRAM 00002E
NumericToString@n                      cstackCOMRAM 00002A
NumericToString@size                   cstackCOMRAM 00002F
PL10                                   text50       003892
PL100                                  text15       001AD8
PL102                                  text36       003288
PL104                                  text45       002E9C
PL106                                  text58       0033DE
PL108                                  text58       0033EA
PL110                                  text37       001F7C
PL112                                  text7        0015F6
PL114                                  text45       002EAA
PL116                                  text10       00253A
PL118                                  text15       001AE2
PL12                                   text8        00295C
PL120                                  text32       0026F2
PL122                                  text45       002EB4
PL124                                  text15       001AEC
PL126                                  text46       0038E4
PL128                                  text47       002A5A
PL130                                  text6        003A48
PL132                                  text7        001602
PL134                                  text10       002542
PL136                                  text0        003308
PL138                                  text48       00367E
PL14                                   text49       003162
PL140                                  text7        00160C
PL142                                  text37       001F8A
PL144                                  text22       003986
PL146                                  text33       003100
PL148                                  text7        001616
PL150                                  text23       003830
PL152                                  text15       001AF8
PL154                                  text10       00254C
PL156                                  text37       001F92
PL158                                  text10       002554
PL16                                   text16       002FC6
PL160                                  text15       001B02
PL18                                   text7        00158C
PL2                                    text7        001546
PL20                                   text39       0035BC
PL22                                   text37       001EEE
PL24                                   text49       00317A
PL26                                   text39       0035D4
PL28                                   text7        0015A0
PL30                                   text49       003186
PL32                                   text7        0015AA
PL34                                   text47       002A4E
PL36                                   text37       001F00
PL38                                   text1        00283A
PL4                                    text37       001EE4
PL40                                   text37       001F12
PL42                                   text48       003670
PL44                                   text52       003BA6
PL46                                   text37       001F24
PL48                                   text36       003264
PL50                                   text15       001ABE
PL52                                   text45       002E90
PL54                                   text10       00252E
PL56                                   text9        002DFC
PL58                                   text37       001F3C
PL6                                    text7        001568
PL60                                   text43       002F48
PL62                                   text1        00284C
PL64                                   text15       001AC8
PL66                                   text7        0015B4
PL68                                   text21       002BC6
PL70                                   text16       002FE2
PL72                                   text7        0015C6
PL74                                   text7        0015D2
PL76                                   text7        0015DE
PL78                                   text7        0015EA
PL8                                    text7        00157A
PL80                                   text37       001F46
PL82                                   text21       002BD8
PL84                                   text36       00327C
PL86                                   text21       002BE4
PL88                                   text37       001F52
PL90                                   text37       001F62
PL92                                   text37       001F6C
PL94                                   text9        002E12
PL96                                   text8        002970
PL98                                   text21       002BF0
ParseDataRecord@Data                   cstackCOMRAM 00001D
ParseDataRecord@Days                   cstackCOMRAM 000025
ParseDataRecord@Signals                cstackCOMRAM 000027
ParseDataRecord@TimeStart              cstackCOMRAM 000021
ParseDataRecord@TimeStop               cstackCOMRAM 000023
ParseTime@Day                          cstackCOMRAM 000031
ParseTime@DayTime                      cstackCOMRAM 000033
ParseTime@Time                         cstackCOMRAM 00002F
ParseTime@TimeValue                    cstackCOMRAM 00002B
ReIndTimeEdit@TimeData                 cstackCOMRAM 000035
ReIndTimeEdit@i                        cstackCOMRAM 000033
ReIndTimeEdit@i_911                    cstackCOMRAM 000034
ReadDataOfCell@CellsData               cstackCOMRAM 00002A
ReadDataOfCell@Data                    cstackCOMRAM 00002C
ReadDataOfCell@TargetAdress            cstackCOMRAM 00002E
ReadDataOfCell@i                       cstackCOMRAM 000038
RefreshSchedulerIndicator@CellIsEmpty  cstackBANK0  0000A5
RefreshSchedulerIndicator@CellsData    cstackBANK0  000094
RefreshSchedulerIndicator@CopyFrom     cstackCOMRAM 000043
RefreshSchedulerIndicator@Data         cstackBANK0  0000A1
RefreshSchedulerIndicator@F3062        dataCOMRAM   00005D
RefreshSchedulerIndicator@New          cstackCOMRAM 000042
RefreshSchedulerIndicator@NumberFrom   cstackBANK0  0000A8
RefreshSchedulerIndicator@adress       cstackCOMRAM 000040
RefreshSchedulerIndicator@cell         cstackBANK0  0000A6
RefreshSchedulerIndicator@i            cstackBANK0  0000AA
RefreshSchedulerIndicator@num          cstackBANK0  00009C
Scheduler@NumberOfCells                bssCOMRAM    000053
Scheduler@StartFrom                    cstackCOMRAM 000049
SchedulerNew@NumberOfCells             bssCOMRAM    000055
SchedulerNew@SourceOfRecord            cstackCOMRAM 000047
SendSymbolToLCD@Symb                   cstackCOMRAM 000008
TimeDataToString@TimeData              cstackCOMRAM 000021
TimeDataToString@i                     cstackCOMRAM 000022
TimeDataToString@j                     cstackCOMRAM 000020
TimeDataToString@string                cstackCOMRAM 00001E
TimeData_BlinkOFF@TimeData             cstackCOMRAM 00001F
TimeData_BlinkOFF@i                    cstackCOMRAM 00001D
TimeData_BlinkOFF@i_938                cstackCOMRAM 00001E
TimeData_INIT@TimeData                 cstackCOMRAM 00001F
TimeData_INIT@i                        cstackCOMRAM 00001D
TimeData_INIT@i_963                    cstackCOMRAM 00001E
TimeEdit@F2989                         dataBANK0    0000E7
TimeEdit@MonthDays                     cstackBANK0  000080
TimeEdit@TimeData                      cstackBANK0  0000A7
TimeEdit@blinking                      cstackBANK0  0000A1
TimeEdit@input                         cstackBANK0  000094
TimeEdit@month                         cstackBANK0  000095
TimeEdit@n                             cstackBANK0  00008C
TimeEdit@symb_array                    cstackBANK0  000096
TimeEdit@t                             cstackBANK0  0000A6
TimeEdit@temp                          cstackBANK0  0000A2
TimeToInd@CellsData                    cstackBANK1  000100
TimeToInd@CellsNumber                  cstackBANK1  000148
TimeToInd@D                            cstackBANK1  00013B
TimeToInd@Data                         cstackBANK1  000142
TimeToInd@DataArray                    cstackBANK1  00011E
TimeToInd@DataArray2                   cstackBANK1  00013F
TimeToInd@DataArrayOfLine2             cstackBANK1  000108
TimeToInd@Day                          cstackBANK1  000140
TimeToInd@Days                         cstackBANK1  000139
TimeToInd@F2928                        dataBANK1    0001DD
TimeToInd@F2932                        dataBANK1    0001D4
TimeToInd@F2936                        dataBANK1    00019E
TimeToInd@F2950                        dataBANK1    0001AF
TimeToInd@SignalOn                     cstackBANK1  000131
TimeToInd@SignalOn_850                 cstackBANK1  000133
TimeToInd@Signals                      cstackBANK1  000141
TimeToInd@SignalsFinal                 cstackBANK1  00014B
TimeToInd@Time                         cstackBANK1  00014E
TimeToInd@TimeData                     cstackBANK1  000115
TimeToInd@TimeStart                    cstackBANK1  00012F
TimeToInd@TimeStop                     cstackBANK1  00014C
TimeToInd@d                            cstackBANK1  000134
TimeToInd@day                          cstackBANK1  000132
TimeToInd@i                            cstackBANK1  000146
TimeToInd@i_849                        cstackBANK1  000147
TimeToInd@j2                           cstackBANK1  000149
TimeToInd@line                         cstackBANK1  00013A
TimeToInd@temp                         cstackBANK1  000150
TimesToTimeData@TimeData               cstackCOMRAM 000024
TimesToTimeData@Times                  cstackCOMRAM 000025
TimesToTimeData@d                      cstackCOMRAM 000026
TimesToTimeData@j                      cstackCOMRAM 000027
TimesToTimeData@temp                   cstackCOMRAM 000028
WriteArrayToEEPROM@adress_start        cstackCOMRAM 000021
WriteArrayToEEPROM@container           cstackCOMRAM 000027
WriteArrayToEEPROM@i                   cstackCOMRAM 000028
WriteArrayToEEPROM@quantity            cstackCOMRAM 000023
WriteDataOfCell@CellsData              cstackCOMRAM 00002D
WriteDataOfCell@Data                   cstackCOMRAM 000029
WriteDataOfCell@TargetAdress           cstackCOMRAM 00002A
WriteDataOfCell@i                      cstackCOMRAM 00002E
_ADCON1                                (abs)        000FC1
_AdressOfNextStartCell                 dataBANK1    0001E1
_Clock                                 bssBANK1     000194
_ConvKeyNum                            text60       0034C0
_ConvertDayToBit                       text24       0039F8
_CurrentSignals                        bssBANK1     000198
_DeleteDataOfCell                      text25       003A50
_EEADR                                 (abs)        000FA9
_EEADRH                                (abs)        000FAA
_EECON1bits                            (abs)        000FA6
_EECON2                                (abs)        000FA7
_EEDATA                                (abs)        000FA8
_EERD                                  text35       003B36
_EEWR                                  text27       003990
_EditSchedule                          text15       001620
_F_h                                   intcode      000008
_F_l                                   intcodelo    000018
_FillArrayFromEEPROM                   text34       003926
_FillMinutes                           text52       003BA0
_FindCell                              text14       002A66
_FindCell$1088                         cstackBANK0  00008A
_FindNextTimeStart                     text32       00255C
_FindNextTimeStart$1985                cstackBANK0  000088
_GetDayOfWeek                          text31       003768
_GlobalBlinkCycleTime                  dataCOMRAM   000061
_INTCON                                (abs)        000FF2
_INTCON2                               (abs)        000FF1
_INTCON3                               (abs)        000FF0
_INTCONbits                            (abs)        000FF2
_IPR1                                  (abs)        000F9F
_IPR2                                  (abs)        000FA2
_ItemsToIndicator                      text23       0037F8
_KeyCode                               bssCOMRAM    00005B
_LATA                                  (abs)        000F89
_LATB                                  (abs)        000F8A
_LATC                                  (abs)        000F8B
_Minutes                               bssCOMRAM    00004F
_NearTimeStart                         bssBANK1     00019A
_NumericToString                       text11       002FEE
_PIE1                                  (abs)        000F9D
_PIE1bits                              (abs)        000F9D
_PIE2                                  (abs)        000FA0
_PIR1                                  (abs)        000F9E
_PIR2                                  (abs)        000FA1
_PIR2bits                              (abs)        000FA1
_PORTA                                 (abs)        000F80
_PORTB                                 (abs)        000F81
_PR2                                   (abs)        000FCB
_ParseDataRecord                       text36       003218
_ParseTime                             text28       0033F6
_RB7                                   (abs)        007C0F
_RC0                                   (abs)        007C10
_RC2                                   (abs)        007C12
_RCON                                  (abs)        000FD0
_RCONbits                              (abs)        000FD0
_ReIndTimeEdit                         text47       002980
_ReadDataOfCell                        text33       00307E
_RefreshSchedulerIndicator             text10       002378
_RefreshSchedulerIndicator$1098        cstackBANK0  00009F
_Scheduler                             text8        00285E
_SchedulerNew                          text9        002D72
_SendSymbolToLCD                       text58       003388
_SendSymbolToLCD$1048                  cstackCOMRAM 000004
_SendSymbolToLCD$1050                  cstackCOMRAM 000006
_SignalsForInd                         bssBANK1     000199
_SignalsOut                            bssCOMRAM    00005C
_T0IF                                  (abs)        007F92
_T1CONbits                             (abs)        000FCD
_T2CON                                 (abs)        000FCA
_T2CONbits                             (abs)        000FCA
_TMR1                                  (abs)        000FCE
_TMR1IF                                (abs)        007CF0
_TMR2                                  (abs)        000FCC
_TMR2IF                                (abs)        007CF1
_TRISA                                 (abs)        000F92
_TRISB                                 (abs)        000F93
_TRISC                                 (abs)        000F94
_TimeDataToString                      text22       00395C
_TimeData_BlinkOFF                     text46       0038B4
_TimeData_INIT                         text45       002E22
_TimeEdit                              text37       001B0A
_TimeEdit$1984                         cstackBANK0  000090
_TimeToInd                             text7        001056
_TimeToInd$835                         cstackBANK1  000135
_TimeToInd$836                         cstackBANK1  000137
_TimesToTimeData                       text21       002B3C
_WriteArrayToEEPROM                    text26       0038F0
_WriteDataOfCell                       text20       0035E0
__CFG_BOREN$SBORDIS                    (abs)        000000
__CFG_BORV$3                           (abs)        000000
__CFG_CCP2MX$PORTC                     (abs)        000000
__CFG_CP0$OFF                          (abs)        000000
__CFG_CP1$OFF                          (abs)        000000
__CFG_CP2$OFF                          (abs)        000000
__CFG_CP3$OFF                          (abs)        000000
__CFG_CPB$OFF                          (abs)        000000
__CFG_CPD$OFF                          (abs)        000000
__CFG_EBTR0$OFF                        (abs)        000000
__CFG_EBTR1$OFF                        (abs)        000000
__CFG_EBTR2$OFF                        (abs)        000000
__CFG_EBTR3$OFF                        (abs)        000000
__CFG_EBTRB$OFF                        (abs)        000000
__CFG_FCMEN$OFF                        (abs)        000000
__CFG_IESO$ON                          (abs)        000000
__CFG_LPT1OSC$ON                       (abs)        000000
__CFG_LVP$OFF                          (abs)        000000
__CFG_MCLRE$OFF                        (abs)        000000
__CFG_OSC$HSPLL                        (abs)        000000
__CFG_PBADEN$OFF                       (abs)        000000
__CFG_PWRT$ON                          (abs)        000000
__CFG_STVREN$ON                        (abs)        000000
__CFG_WDT$OFF                          (abs)        000000
__CFG_WDTPS$32768                      (abs)        000000
__CFG_WRT0$OFF                         (abs)        000000
__CFG_WRT1$OFF                         (abs)        000000
__CFG_WRT2$OFF                         (abs)        000000
__CFG_WRT3$OFF                         (abs)        000000
__CFG_WRTB$OFF                         (abs)        000000
__CFG_WRTC$OFF                         (abs)        000000
__CFG_WRTD$OFF                         (abs)        000000
__CFG_XINST$OFF                        (abs)        000000
__HRAM                                 (abs)        000000
__Habs1                                abs1         000000
__Hbank0                               bank0        000000
__Hbank1                               bank1        000000
__Hbank10                              bank10       000000
__Hbank11                              bank11       000000
__Hbank12                              bank12       000000
__Hbank13                              bank13       000000
__Hbank14                              bank14       000000
__Hbank15                              bank15       000000
__Hbank2                               bank2        000000
__Hbank3                               bank3        000000
__Hbank4                               bank4        000000
__Hbank5                               bank5        000000
__Hbank6                               bank6        000000
__Hbank7                               bank7        000000
__Hbank8                               bank8        000000
__Hbank9                               bank9        000000
__Hbigbss                              bigbss       000000
__Hbigdata                             bigdata      000000
__Hbigram                              bigram       000000
__Hbss                                 bss          000000
__HbssBANK1                            bssBANK1     000000
__HbssCOMRAM                           bssCOMRAM    000000
__Hcinit                               cinit        000000
__Hclrtext                             clrtext      000000
__Hcomram                              comram       000000
__Hconfig                              config       30000E
__Hconst                               const        000000
__HcstackBANK0                         cstackBANK0  000000
__HcstackBANK1                         cstackBANK1  000000
__HcstackCOMRAM                        cstackCOMRAM 000000
__Hdata                                data         000000
__HdataBANK0                           dataBANK0    000000
__HdataBANK1                           dataBANK1    000000
__HdataCOMRAM                          dataCOMRAM   000000
__Heeprom_data                         eeprom_data  000000
__Hend_init                            end_init     000242
__Hfarbss                              farbss       000000
__Hfardata                             fardata      000000
__Hibigdata                            ibigdata     000000
__Hidata                               idata        000000
__HidataBANK0                          idataBANK0   000000
__HidataBANK1                          idataBANK1   000000
__HidataCOMRAM                         idataCOMRAM  000000
__Hidloc                               idloc        000000
__Hifardata                            ifardata     000000
__Hinit                                init         00023E
__Hintcode                             intcode      00000E
__Hintcode_body                        intcode_body 000000
__Hintcodelo                           intcodelo    00023E
__Hintentry                            intentry     000000
__Hintret                              intret       000000
__Hintsave_regs                        intsave_regs 000000
__Hirdata                              irdata       000000
__Hmediumconst                         mediumconst  000000
__HnvFARRAM                            nvFARRAM     000000
__Hnvbit                               nvbit        000000
__Hnvrram                              nvrram       000000
__Hpa_nodes                            pa_nodes     000000
__Hparam                               rparam       000000
__Hpowerup                             powerup      00023E
__Hram                                 ram          000000
__Hramtop                              ramtop       001000
__Hrbit                                rbit         000000
__Hrbss                                rbss         000000
__Hrdata                               rdata        000000
__Hreset_vec                           reset_vec    000004
__Hrparam                              rparam       000000
__Hsfr                                 sfr          000000
__Hsmallconst                          smallconst   001056
__Hspace_0                             (abs)        30000E
__Hspace_1                             (abs)        0001E3
__Hspace_2                             (abs)        000000
__Hstack                               stack        000000
__Hstruct                              struct       000000
__Htemp                                temp         000063
__Htext                                text         000000
__Htext0                               text0        000000
__Htext1                               text1        000000
__Htext10                              text10       000000
__Htext11                              text11       000000
__Htext12                              text12       000000
__Htext13                              text13       000000
__Htext14                              text14       000000
__Htext15                              text15       000000
__Htext16                              text16       000000
__Htext17                              text17       000000
__Htext18                              text18       000000
__Htext19                              text19       000000
__Htext2                               text2        000000
__Htext20                              text20       000000
__Htext21                              text21       000000
__Htext22                              text22       000000
__Htext23                              text23       000000
__Htext24                              text24       000000
__Htext25                              text25       000000
__Htext26                              text26       000000
__Htext27                              text27       000000
__Htext28                              text28       000000
__Htext29                              text29       000000
__Htext3                               text3        000000
__Htext30                              text30       000000
__Htext31                              text31       000000
__Htext32                              text32       000000
__Htext33                              text33       000000
__Htext34                              text34       000000
__Htext35                              text35       000000
__Htext36                              text36       000000
__Htext37                              text37       000000
__Htext38                              text38       000000
__Htext39                              text39       000000
__Htext4                               text4        000000
__Htext40                              text40       000000
__Htext41                              text41       000000
__Htext42                              text42       000000
__Htext43                              text43       000000
__Htext44                              text44       000000
__Htext45                              text45       000000
__Htext46                              text46       000000
__Htext47                              text47       000000
__Htext48                              text48       000000
__Htext49                              text49       000000
__Htext5                               text5        000000
__Htext50                              text50       000000
__Htext51                              text51       000000
__Htext52                              text52       000000
__Htext54                              text54       000000
__Htext55                              text55       000000
__Htext56                              text56       000000
__Htext57                              text57       000000
__Htext58                              text58       000000
__Htext59                              text59       000000
__Htext6                               text6        000000
__Htext60                              text60       000000
__Htext7                               text7        000000
__Htext8                               text8        000000
__Htext9                               text9        000000
__LRAM                                 (abs)        000001
__Labs1                                abs1         000000
__Lbank0                               bank0        000000
__Lbank1                               bank1        000000
__Lbank10                              bank10       000000
__Lbank11                              bank11       000000
__Lbank12                              bank12       000000
__Lbank13                              bank13       000000
__Lbank14                              bank14       000000
__Lbank15                              bank15       000000
__Lbank2                               bank2        000000
__Lbank3                               bank3        000000
__Lbank4                               bank4        000000
__Lbank5                               bank5        000000
__Lbank6                               bank6        000000
__Lbank7                               bank7        000000
__Lbank8                               bank8        000000
__Lbank9                               bank9        000000
__Lbigbss                              bigbss       000000
__Lbigdata                             bigdata      000000
__Lbigram                              bigram       000000
__Lbss                                 bss          000000
__LbssBANK1                            bssBANK1     000000
__LbssCOMRAM                           bssCOMRAM    000000
__Lcinit                               cinit        000000
__Lclrtext                             clrtext      000000
__Lcomram                              comram       000000
__Lconfig                              config       300000
__Lconst                               const        000000
__LcstackBANK0                         cstackBANK0  000000
__LcstackBANK1                         cstackBANK1  000000
__LcstackCOMRAM                        cstackCOMRAM 000000
__Ldata                                data         000000
__LdataBANK0                           dataBANK0    000000
__LdataBANK1                           dataBANK1    000000
__LdataCOMRAM                          dataCOMRAM   000000
__Leeprom_data                         eeprom_data  000000
__Lend_init                            end_init     00023E
__Lfarbss                              farbss       000000
__Lfardata                             fardata      000000
__Libigdata                            ibigdata     000000
__Lidata                               idata        000000
__LidataBANK0                          idataBANK0   000000
__LidataBANK1                          idataBANK1   000000
__LidataCOMRAM                         idataCOMRAM  000000
__Lidloc                               idloc        000000
__Lifardata                            ifardata     000000
__Linit                                init         00023E
__Lintcode                             intcode      000008
__Lintcode_body                        intcode_body 000000
__Lintcodelo                           intcodelo    000018
__Lintentry                            intentry     000000
__Lintret                              intret       000000
__Lintsave_regs                        intsave_regs 000000
__Lirdata                              irdata       000000
__Lmediumconst                         mediumconst  000000
__LnvFARRAM                            nvFARRAM     000000
__Lnvbit                               nvbit        000000
__Lnvrram                              nvrram       000000
__Lpa_nodes                            pa_nodes     000000
__Lparam                               rparam       000000
__Lpowerup                             powerup      00023E
__Lram                                 ram          000000
__Lramtop                              ramtop       001000
__Lrbit                                rbit         000000
__Lrbss                                rbss         000000
__Lrdata                               rdata        000000
__Lreset_vec                           reset_vec    000000
__Lrparam                              rparam       000000
__Lsfr                                 sfr          000000
__Lsmallconst                          smallconst   001000
__Lspace_0                             (abs)        000000
__Lspace_1                             (abs)        000000
__Lspace_2                             (abs)        000000
__Lstack                               stack        000000
__Lstruct                              struct       000000
__Ltemp                                temp         000062
__Ltext                                text         000000
__Ltext0                               text0        000000
__Ltext1                               text1        000000
__Ltext10                              text10       000000
__Ltext11                              text11       000000
__Ltext12                              text12       000000
__Ltext13                              text13       000000
__Ltext14                              text14       000000
__Ltext15                              text15       000000
__Ltext16                              text16       000000
__Ltext17                              text17       000000
__Ltext18                              text18       000000
__Ltext19                              text19       000000
__Ltext2                               text2        000000
__Ltext20                              text20       000000
__Ltext21                              text21       000000
__Ltext22                              text22       000000
__Ltext23                              text23       000000
__Ltext24                              text24       000000
__Ltext25                              text25       000000
__Ltext26                              text26       000000
__Ltext27                              text27       000000
__Ltext28                              text28       000000
__Ltext29                              text29       000000
__Ltext3                               text3        000000
__Ltext30                              text30       000000
__Ltext31                              text31       000000
__Ltext32                              text32       000000
__Ltext33                              text33       000000
__Ltext34                              text34       000000
__Ltext35                              text35       000000
__Ltext36                              text36       000000
__Ltext37                              text37       000000
__Ltext38                              text38       000000
__Ltext39                              text39       000000
__Ltext4                               text4        000000
__Ltext40                              text40       000000
__Ltext41                              text41       000000
__Ltext42                              text42       000000
__Ltext43                              text43       000000
__Ltext44                              text44       000000
__Ltext45                              text45       000000
__Ltext46                              text46       000000
__Ltext47                              text47       000000
__Ltext48                              text48       000000
__Ltext49                              text49       000000
__Ltext5                               text5        000000
__Ltext50                              text50       000000
__Ltext51                              text51       000000
__Ltext52                              text52       000000
__Ltext54                              text54       000000
__Ltext55                              text55       000000
__Ltext56                              text56       000000
__Ltext57                              text57       000000
__Ltext58                              text58       000000
__Ltext59                              text59       000000
__Ltext6                               text6        000000
__Ltext60                              text60       000000
__Ltext7                               text7        000000
__Ltext8                               text8        000000
__Ltext9                               text9        000000
__S0                                   (abs)        30000E
__S1                                   (abs)        0001E3
__S2                                   (abs)        000000
___aldiv                               text44       002CB6
___aldiv@counter                       cstackCOMRAM 000025
___aldiv@dividend                      cstackCOMRAM 00001D
___aldiv@divisor                       cstackCOMRAM 000021
___aldiv@quotient                      cstackCOMRAM 000027
___aldiv@sign                          cstackCOMRAM 000026
___almod                               text43       002EC0
___almod@counter                       cstackCOMRAM 000025
___almod@dividend                      cstackCOMRAM 00001D
___almod@divisor                       cstackCOMRAM 000021
___almod@sign                          cstackCOMRAM 000026
___inthi_sp                            stack        000000
___intlo_sp                            stack        000000
___lbdiv                               text42       0039C4
___lbdiv@counter                       cstackCOMRAM 00001F
___lbdiv@dividend                      cstackCOMRAM 00001E
___lbdiv@divisor                       cstackCOMRAM 00001D
___lbdiv@quotient                      cstackCOMRAM 000020
___lbmod                               text41       003AEC
___lbmod@counter                       cstackCOMRAM 00001F
___lbmod@dividend                      cstackCOMRAM 00001E
___lbmod@divisor                       cstackCOMRAM 00001D
___lbmod@rem                           cstackCOMRAM 000020
___lldiv                               text13       003312
___lldiv@counter                       cstackCOMRAM 000029
___lldiv@dividend                      cstackCOMRAM 00001D
___lldiv@divisor                       cstackCOMRAM 000021
___lldiv@quotient                      cstackCOMRAM 000025
___llmod                               text12       003524
___llmod@counter                       cstackCOMRAM 000025
___llmod@dividend                      cstackCOMRAM 00001D
___llmod@divisor                       cstackCOMRAM 000021
___lmul                                text40       003688
___lmul@multiplicand                   cstackCOMRAM 000021
___lmul@multiplier                     cstackCOMRAM 00001D
___lmul@product                        cstackCOMRAM 000025
___lwdiv                               text30       00371E
___lwdiv@counter                       cstackCOMRAM 000023
___lwdiv@dividend                      cstackCOMRAM 00001D
___lwdiv@divisor                       cstackCOMRAM 00001F
___lwdiv@quotient                      cstackCOMRAM 000021
___lwmod                               text29       003838
___lwmod@counter                       cstackCOMRAM 000021
___lwmod@dividend                      cstackCOMRAM 00001D
___lwmod@divisor                       cstackCOMRAM 00001F
___param_bank                          (abs)        000010
___rparam_used                         (abs)        000001
___sp                                  stack        000000
___wmul                                text19       003AC6
___wmul@multiplicand                   cstackCOMRAM 00001F
___wmul@multiplier                     cstackCOMRAM 00001D
___wmul@product                        cstackCOMRAM 000021
__accesstop                            (abs)        000080
__activetblptr                         (abs)        000002
__end_ofPL10                           text50       0038B4
__end_ofPL100                          text15       001AE2
__end_ofPL102                          text36       003296
__end_ofPL104                          text45       002EAA
__end_ofPL106                          text58       0033EA
__end_ofPL108                          text58       0033F6
__end_ofPL110                          text37       001F8A
__end_ofPL112                          text7        001602
__end_ofPL114                          text45       002EB4
__end_ofPL116                          text10       002542
__end_ofPL118                          text15       001AEC
__end_ofPL12                           text8        002970
__end_ofPL120                          text32       0026FC
__end_ofPL122                          text45       002EC0
__end_ofPL124                          text15       001AF8
__end_ofPL126                          text46       0038F0
__end_ofPL128                          text47       002A66
__end_ofPL130                          text6        003A50
__end_ofPL132                          text7        00160C
__end_ofPL134                          text10       00254C
__end_ofPL136                          text0        003312
__end_ofPL138                          text48       003688
__end_ofPL14                           text49       00317A
__end_ofPL140                          text7        001616
__end_ofPL142                          text37       001F92
__end_ofPL144                          text22       003990
__end_ofPL146                          text33       00310A
__end_ofPL148                          text7        001620
__end_ofPL150                          text23       003838
__end_ofPL152                          text15       001B02
__end_ofPL154                          text10       002554
__end_ofPL156                          text37       001F9A
__end_ofPL158                          text10       00255C
__end_ofPL16                           text16       002FE2
__end_ofPL160                          text15       001B0A
__end_ofPL18                           text7        0015A0
__end_ofPL2                            text7        001568
__end_ofPL20                           text39       0035D4
__end_ofPL22                           text37       001F00
__end_ofPL24                           text49       003186
__end_ofPL26                           text39       0035E0
__end_ofPL28                           text7        0015AA
__end_ofPL30                           text49       003192
__end_ofPL32                           text7        0015B4
__end_ofPL34                           text47       002A5A
__end_ofPL36                           text37       001F12
__end_ofPL38                           text1        00284C
__end_ofPL4                            text37       001EEE
__end_ofPL40                           text37       001F24
__end_ofPL42                           text48       00367E
__end_ofPL44                           text52       003BBE
__end_ofPL46                           text37       001F3C
__end_ofPL48                           text36       00327C
__end_ofPL50                           text15       001AC8
__end_ofPL52                           text45       002E9C
__end_ofPL54                           text10       00253A
__end_ofPL56                           text9        002E12
__end_ofPL58                           text37       001F46
__end_ofPL6                            text7        00157A
__end_ofPL60                           text43       002F5A
__end_ofPL62                           text1        00285E
__end_ofPL64                           text15       001AD8
__end_ofPL66                           text7        0015C6
__end_ofPL68                           text21       002BD8
__end_ofPL70                           text16       002FEE
__end_ofPL72                           text7        0015D2
__end_ofPL74                           text7        0015DE
__end_ofPL76                           text7        0015EA
__end_ofPL78                           text7        0015F6
__end_ofPL8                            text7        00158C
__end_ofPL80                           text37       001F52
__end_ofPL82                           text21       002BE4
__end_ofPL84                           text36       003288
__end_ofPL86                           text21       002BF0
__end_ofPL88                           text37       001F62
__end_ofPL90                           text37       001F6C
__end_ofPL92                           text37       001F7C
__end_ofPL94                           text9        002E22
__end_ofPL96                           text8        002980
__end_ofPL98                           text21       002BFA
__end_of_ConvKeyNum                    text60       003524
__end_of_ConvertDayToBit               text24       003A28
__end_of_DeleteDataOfCell              text25       003A78
__end_of_EERD                          text35       003B5A
__end_of_EEWR                          text27       0039C4
__end_of_EditSchedule                  text15       001ABE
__end_of_F_h                           intcode_body 003C0E
__end_of_F_l                           intcodelo    00023E
__end_of_FillArrayFromEEPROM           text34       00395C
__end_of_FillMinutes                   text52       003BA6
__end_of_FindCell                      text14       002B3C
__end_of_FindNextTimeStart             text32       0026F2
__end_of_GetDayOfWeek                  text31       0037B2
__end_of_ItemsToIndicator              text23       003830
__end_of_NumericToString               text11       00307E
__end_of_ParseDataRecord               text36       003264
__end_of_ParseTime                     text28       00345C
__end_of_ReIndTimeEdit                 text47       002A4E
__end_of_ReadDataOfCell                text33       003100
__end_of_RefreshSchedulerIndicator     text10       00252E
__end_of_Scheduler                     text8        00295C
__end_of_SchedulerNew                  text9        002DFC
__end_of_SendSymbolToLCD               text58       0033DE
__end_of_TimeDataToString              text22       003986
__end_of_TimeData_BlinkOFF             text46       0038E4
__end_of_TimeData_INIT                 text45       002E90
__end_of_TimeEdit                      text37       001EE4
__end_of_TimeToInd                     text7        001546
__end_of_TimesToTimeData               text21       002BC6
__end_of_WriteArrayToEEPROM            text26       003926
__end_of_WriteDataOfCell               text20       003634
__end_of___aldiv                       text44       002D72
__end_of___almod                       text43       002F48
__end_of___lbdiv                       text42       0039F8
__end_of___lbmod                       text41       003B12
__end_of___lldiv                       text13       003388
__end_of___llmod                       text12       003586
__end_of___lmul                        text40       0036D4
__end_of___lwdiv                       text30       003768
__end_of___lwmod                       text29       003876
__end_of___wmul                        text19       003AEC
__end_of__initialization               cinit        00320A
__end_of_clrInd                        text39       0035BC
__end_of_delay                         text59       003BDC
__end_of_entNum                        text38       003AA0
__end_of_getBorderUp                   text17       00371E
__end_of_getDigit                      text18       003AC6
__end_of_getLcdCodeOfChar              text57       002378
__end_of_getNumChar                    text51       0034C0
__end_of_lcd_init                      text3        002CB6
__end_of_lcd_off                       text4        003C06
__end_of_lcd_on                        text2        003BFA
__end_of_lcd_send_byte                 text5        003B36
__end_of_lcd_send_initial_half_byte    text6        003A48
__end_of_main                          text0        003308
__end_of_main2                         text1        00283A
__end_of_outputDateData                text48       003670
__end_of_outputString                  text16       002FC6
__end_of_setBlink                      text50       003892
__end_of_setDigit                      text49       003162
__end_ofi1_FillMinutes                 text56       003C14
__end_ofi1_lcd_send_byte               text54       003B7E
__end_ofi1_lcd_send_initial_half_byte  text55       003BA0
__initialization                       cinit        003192
__mediumconst                          mediumconst  000000
__pbssBANK1                            bssBANK1     000154
__pbssCOMRAM                           bssCOMRAM    00004F
__pcinit                               cinit        003192
__pcstackBANK0                         cstackBANK0  000080
__pcstackBANK1                         cstackBANK1  000100
__pcstackCOMRAM                        cstackCOMRAM 000001
__pdataBANK0                           dataBANK0    0000E7
__pdataBANK1                           dataBANK1    00019E
__pdataCOMRAM                          dataCOMRAM   00005D
__pidataBANK0                          idataBANK0   003BDC
__pidataBANK1                          idataBANK1   0037B2
__pidataCOMRAM                         idataCOMRAM  003C14
__pintcode                             intcode      000008
__pintcode_body                        intcode_body 003C06
__pintcodelo                           intcodelo    000018
__psmallconst                          smallconst   001000
__ptext0                               text0        003296
__ptext1                               text1        0026FC
__ptext10                              text10       002378
__ptext11                              text11       002FEE
__ptext12                              text12       003524
__ptext13                              text13       003312
__ptext14                              text14       002A66
__ptext15                              text15       001620
__ptext16                              text16       002F5A
__ptext17                              text17       0036D4
__ptext18                              text18       003AA0
__ptext19                              text19       003AC6
__ptext2                               text2        003BEC
__ptext20                              text20       0035E0
__ptext21                              text21       002B3C
__ptext22                              text22       00395C
__ptext23                              text23       0037F8
__ptext24                              text24       0039F8
__ptext25                              text25       003A50
__ptext26                              text26       0038F0
__ptext27                              text27       003990
__ptext28                              text28       0033F6
__ptext29                              text29       003838
__ptext3                               text3        002BFA
__ptext30                              text30       00371E
__ptext31                              text31       003768
__ptext32                              text32       00255C
__ptext33                              text33       00307E
__ptext34                              text34       003926
__ptext35                              text35       003B36
__ptext36                              text36       003218
__ptext37                              text37       001B0A
__ptext38                              text38       003A78
__ptext39                              text39       003586
__ptext4                               text4        003BFA
__ptext40                              text40       003688
__ptext41                              text41       003AEC
__ptext42                              text42       0039C4
__ptext43                              text43       002EC0
__ptext44                              text44       002CB6
__ptext45                              text45       002E22
__ptext46                              text46       0038B4
__ptext47                              text47       002980
__ptext48                              text48       003634
__ptext49                              text49       00310A
__ptext5                               text5        003B12
__ptext50                              text50       003876
__ptext51                              text51       00345C
__ptext52                              text52       003BA0
__ptext54                              text54       003B5A
__ptext55                              text55       003B7E
__ptext56                              text56       003C0E
__ptext57                              text57       001F9A
__ptext58                              text58       003388
__ptext59                              text59       003BBE
__ptext6                               text6        003A28
__ptext60                              text60       0034C0
__ptext7                               text7        001056
__ptext8                               text8        00285E
__ptext9                               text9        002D72
__ramtop                               ramtop       001000
__size_of_ConvKeyNum                   (abs)        000000
__size_of_ConvertDayToBit              (abs)        000000
__size_of_DeleteDataOfCell             (abs)        000000
__size_of_EERD                         (abs)        000000
__size_of_EEWR                         (abs)        000000
__size_of_EditSchedule                 (abs)        000000
__size_of_F_h                          (abs)        000000
__size_of_F_l                          (abs)        000000
__size_of_FillArrayFromEEPROM          (abs)        000000
__size_of_FillMinutes                  (abs)        000000
__size_of_FindCell                     (abs)        000000
__size_of_FindNextTimeStart            (abs)        000000
__size_of_GetDayOfWeek                 (abs)        000000
__size_of_ItemsToIndicator             (abs)        000000
__size_of_NumericToString              (abs)        000000
__size_of_ParseDataRecord              (abs)        000000
__size_of_ParseTime                    (abs)        000000
__size_of_ReIndTimeEdit                (abs)        000000
__size_of_ReadDataOfCell               (abs)        000000
__size_of_RefreshSchedulerIndicator    (abs)        000000
__size_of_Scheduler                    (abs)        000000
__size_of_SchedulerNew                 (abs)        000000
__size_of_SendSymbolToLCD              (abs)        000000
__size_of_TimeDataToString             (abs)        000000
__size_of_TimeData_BlinkOFF            (abs)        000000
__size_of_TimeData_INIT                (abs)        000000
__size_of_TimeEdit                     (abs)        000000
__size_of_TimeToInd                    (abs)        000000
__size_of_TimesToTimeData              (abs)        000000
__size_of_WriteArrayToEEPROM           (abs)        000000
__size_of_WriteDataOfCell              (abs)        000000
__size_of___aldiv                      (abs)        000000
__size_of___almod                      (abs)        000000
__size_of___lbdiv                      (abs)        000000
__size_of___lbmod                      (abs)        000000
__size_of___lldiv                      (abs)        000000
__size_of___llmod                      (abs)        000000
__size_of___lmul                       (abs)        000000
__size_of___lwdiv                      (abs)        000000
__size_of___lwmod                      (abs)        000000
__size_of___wmul                       (abs)        000000
__size_of_clrInd                       (abs)        000000
__size_of_delay                        (abs)        000000
__size_of_entNum                       (abs)        000000
__size_of_getBorderUp                  (abs)        000000
__size_of_getDigit                     (abs)        000000
__size_of_getLcdCodeOfChar             (abs)        000000
__size_of_getNumChar                   (abs)        000000
__size_of_lcd_init                     (abs)        000000
__size_of_lcd_off                      (abs)        000000
__size_of_lcd_on                       (abs)        000000
__size_of_lcd_send_byte                (abs)        000000
__size_of_lcd_send_initial_half_byte   (abs)        000000
__size_of_main                         (abs)        000000
__size_of_main2                        (abs)        000000
__size_of_outputDateData               (abs)        000000
__size_of_outputString                 (abs)        000000
__size_of_setBlink                     (abs)        000000
__size_of_setDigit                     (abs)        000000
__size_ofi1_FillMinutes                (abs)        000000
__size_ofi1_lcd_send_byte              (abs)        000000
__size_ofi1_lcd_send_initial_half_byte (abs)        000000
__smallconst                           smallconst   001000
[...]
 This function calls:
		_ConvKeyNum
		_SendSymbolToLCD
		_getLcdCodeOfChar
		i1_FillMinutes
		i1_lcd_send_byte
 This function is called by:
		Interrupt level 1
 This function uses a non-reentrant model


 *************** function i1_lcd_send_byte *****************
 Defined at:
		line 926 in file "prog.c"
 Parameters:    Size  Location     Type
  data            1    wreg     unsigned char 
 Auto vars:     Size  Location     Type
  data            1    3[COMRAM] unsigned char 
 Return value:  Size  Location     Type
                  1    wreg      void 
 Registers used:
		wreg, status,2, status,0, prodl, prodh, cstack
 Tracked objects:
		On entry : 
		On exit  : 
		Unchanged: 
 Data sizes:     COMRAM   BANK0   BANK1   BANK2   BANK3   BANK4   BANK5   BANK6   BANK7   BANK8   BANK9  BANK10  BANK11  BANK12  BANK13  BANK14  BANK15
      Params:         0       0       0       0       0       0       0       0       0       0       0       0       0       0       0       0       0
      Locals:         1       0       0       0       0       0       0       0       0       0       0       0       0       0       0       0       0
      Temps:          0       0       0       0       0       0       0       0       0       0       0       0       0       0       0       0       0
      Totals:         1       0       0       0       0       0       0       0       0       0       0       0       0       0       0       0       0
Total ram usage:        1 bytes
 Hardware stack levels used:    1
 Hardware stack levels required when called:    2
 This function calls:
		i1_lcd_send_initial_half_byte
 This function is called by:
		_F_l
 This function uses a non-reentrant model


 *************** function i1_lcd_send_initial_half_byte *****************
 Defined at:
		line 919 in file "prog.c"
 Parameters:    Size  Location     Type
  data            1    wreg     unsigned char 
 Auto vars:     Size  Location     Type
  data            1    0[COMRAM] unsigned char 
 Return value:  Size  Location     Type
                  1    wreg      void 
 Registers used:
		wreg, status,2, status,0, prodl, prodh
 Tracked objects:
		On entry : 
		On exit  : 
		Unchanged: 
 Data sizes:     COMRAM   BANK0   BANK1   BANK2   BANK3   BANK4   BANK5   BANK6   BANK7   BANK8   BANK9  BANK10  BANK11  BANK12  BANK13  BANK14  BANK15
      Params:         0       0       0       0       0       0       0       0       0       0       0       0       0       0       0       0       0
      Locals:         3       0       0       0       0       0       0       0       0       0       0       0       0       0       0       0       0
      Temps:          0       0       0       0       0       0       0       0       0       0       0       0       0       0       0       0       0
      Totals:         3       0       0       0       0       0       0       0       0       0       0       0       0       0       0       0       0
Total ram usage:        3 bytes
 Hardware stack levels used:    1
 Hardware stack levels required when called:    1
 This function calls:
		Nothing
 This function is called by:
		i1_lcd_send_byte
 This function uses a non-reentrant model


 *************** function i1_FillMinutes *****************
 Defined at:
		line 1576 in file "prog.c"
 Parameters:    Size  Location     Type
		None
 Auto vars:     Size  Location     Type
		None
 Return value:  Size  Location     Type
                  1    wreg      void 
 Registers used:
		wreg, status,2, status,0
 Tracked objects:
		On entry : 
		On exit  : 
		Unchanged: 
 Data sizes:     COMRAM   BANK0   BANK1   BANK2   BANK3   BANK4   BANK5   BANK6   BANK7   BANK8   BANK9  BANK10  BANK11  BANK12  BANK13  BANK14  BANK15
      Params:         0       0       0       0       0       0       0       0       0       0       0       0       0       0       0       0       0
      Locals:         0       0       0       0       0       0       0       0       0       0       0       0       0       0       0       0       0
      Temps:          0       0       0       0       0       0       0       0       0       0       0       0       0       0       0       0       0
      Totals:         0       0       0       0       0       0       0       0       0       0       0       0       0       0       0       0       0
Total ram usage:        0 bytes
 Hardware stack levels used:    1
 Hardware stack levels required when called:    1
 This function calls:
		Nothing
 This function is called by:
		_F_l
 This function uses a non-reentrant model


 *************** function _getLcdCodeOfChar *****************
 Defined at:
		line 236 in file "prog.c"
 Parameters:    Size  Location     Type
  dig             1    wreg     unsigned char 
 Auto vars:     Size  Location     Type
  dig             1    0[COMRAM] unsigned char 
 Return value:  Size  Location     Type
                  1    wreg      unsigned char 
 Registers used:
		wreg, status,2, status,0
 Tracked objects:
		On entry : 
		On exit  : 
		Unchanged: 
 Data sizes:     COMRAM   BANK0   BANK1   BANK2   BANK3   BANK4   BANK5   BANK6   BANK7   BANK8   BANK9  BANK10  BANK11  BANK12  BANK13  BANK14  BANK15
      Params:         0       0       0       0       0       0       0       0       0       0       0       0       0       0       0       0       0
      Locals:         1       0       0       0       0       0       0       0       0       0       0       0       0       0       0       0       0
      Temps:          0       0       0       0       0       0       0       0       0       0       0       0       0       0       0       0       0
      Totals:         1       0       0       0       0       0       0       0       0       0       0       0       0       0       0       0       0
Total ram usage:        1 bytes
 Hardware stack levels used:    1
 Hardware stack levels required when called:    1
 This function calls:
		Nothing
 This function is called by:
		_F_l
 This function uses a non-reentrant model


 *************** function _SendSymbolToLCD *****************
 Defined at:
		line 892 in file "prog.c"
 Parameters:    Size  Location     Type
  Symb            1    wreg     unsigned char 
 Auto vars:     Size  Location     Type
  Symb            1    7[COMRAM] unsigned char 
 Return value:  Size  Location     Type
                  1    wreg      void 
 Registers used:
		wreg, status,2, status,0, prodl, prodh, cstack
 Tracked objects:
		On entry : 
		On exit  : 
		Unchanged: 
 Data sizes:     COMRAM   BANK0   BANK1   BANK2   BANK3   BANK4   BANK5   BANK6   BANK7   BANK8   BANK9  BANK10  BANK11  BANK12  BANK13  BANK14  BANK15
      Params:         0       0       0       0       0       0       0       0       0       0       0       0       0       0       0       0       0
      Locals:         5       0       0       0       0       0       0       0       0       0       0       0       0       0       0       0       0
      Temps:          0       0       0       0       0       0       0       0       0       0       0       0       0       0       0       0       0
      Totals:         5       0       0       0       0       0       0       0       0       0       0       0       0       0       0       0       0
Total ram usage:        5 bytes
 Hardware stack levels used:    1
 Hardware stack levels required when called:    2
 This function calls:
		_delay
 This function is called by:
		_F_l
 This function uses a non-reentrant model


 *************** function _delay *****************
 Defined at:
		line 881 in file "prog.c"
 Parameters:    Size  Location     Type
  del             1    wreg     unsigned char 
  count           2    0[COMRAM] unsigned int 
 Auto vars:     Size  Location     Type
  del             1    2[COMRAM] unsigned char 
 Return value:  Size  Location     Type
                  1    wreg      void 
 Registers used:
		wreg, status,2, status,0
 Tracked objects:
		On entry : 
		On exit  : 
		Unchanged: 
 Data sizes:     COMRAM   BANK0   BANK1   BANK2   BANK3   BANK4   BANK5   BANK6   BANK7   BANK8   BANK9  BANK10  BANK11  BANK12  BANK13  BANK14  BANK15
      Params:         2       0       0       0       0       0       0       0       0       0       0       0       0       0       0       0       0
      Locals:         1       0       0       0       0       0       0       0       0       0       0       0       0       0       0       0       0
      Temps:          0       0       0       0       0       0       0       0       0       0       0       0       0       0       0       0       0
      Totals:         3       0       0       0       0       0       0       0       0       0       0       0       0       0       0       0       0
Total ram usage:        3 bytes
 Hardware stack levels used:    1
 Hardware stack levels required when called:    1
 This function calls:
		Nothing
 This function is called by:
		_SendSymbolToLCD
 This function uses a non-reentrant model


 *************** function _ConvKeyNum *****************
 Defined at:
		line 996 in file "prog.c"
 Parameters:    Size  Location     Type
  Num             1    wreg     unsigned char 
 Auto vars:     Size  Location     Type
  Num             1    0[COMRAM] unsigned char 
 Return value:  Size  Location     Type
                  1    wreg      unsigned char 
 Registers used:
		wreg, status,2, status,0
 Tracked objects:
		On entry : 
		On exit  : 
		Unchanged: 
 Data sizes:     COMRAM   BANK0   BANK1   BANK2   BANK3   BANK4   BANK5   BANK6   BANK7   BANK8   BANK9  BANK10  BANK11  BANK12  BANK13  BANK14  BANK15
      Params:         0       0       0       0       0       0       0       0       0       0       0       0       0       0       0       0       0
      Locals:         1       0       0       0       0       0       0       0       0       0       0       0       0       0       0       0       0
      Temps:          0       0       0       0       0       0       0       0       0       0       0       0       0       0       0       0       0
      Totals:         1       0       0       0       0       0       0       0       0       0       0       0       0       0       0       0       0
Total ram usage:        1 bytes
 Hardware stack levels used:    1
 Hardware stack levels required when called:    1
 This function calls:
		Nothing
 This function is called by:
		_F_l
 This function uses a non-reentrant model


 *************** function _F_h *****************
 Defined at:
		line 1580 in file "prog.c"
 Parameters:    Size  Location     Type
		None
 Auto vars:     Size  Location     Type
		None
 Return value:  Size  Location     Type
                  1    wreg      void 
 Registers used:
		None
 Tracked objects:
		On entry : 
		On exit  : 
		Unchanged: 
 Data sizes:     COMRAM   BANK0   BANK1   BANK2   BANK3   BANK4   BANK5   BANK6   BANK7   BANK8   BANK9  BANK10  BANK11  BANK12  BANK13  BANK14  BANK15
      Params:         0       0       0       0       0       0       0       0       0       0       0       0       0       0       0       0       0
      Locals:         0       0       0       0       0       0       0       0       0       0       0       0       0       0       0       0       0
      Temps:          0       0       0       0       0       0       0       0       0       0       0       0       0       0       0       0       0
      Totals:         0       0       0       0       0       0       0       0       0       0       0       0       0       0       0       0       0
Total ram usage:        0 bytes
 Hardware stack levels used:    1
 This function calls:
		Nothing
 This function is called by:
		Interrupt level 2
 This function uses a non-reentrant model



MODULE INFORMATION

Module		Function		Class		Link	Load	Size
/opt/microchip/xc8/v1.37/sources/common/llmod.c
		___llmod       		CODE           	3524	0000	99

/opt/microchip/xc8/v1.37/sources/common/llmod.c estimated size: 99

/opt/microchip/xc8/v1.37/sources/common/almod.c
		___almod       		CODE           	2EC0	0000	137

/opt/microchip/xc8/v1.37/sources/common/almod.c estimated size: 137

/opt/microchip/xc8/v1.37/sources/common/Umul32.c
		___lmul        		CODE           	3688	0000	77

/opt/microchip/xc8/v1.37/sources/common/Umul32.c estimated size: 77

/opt/microchip/xc8/v1.37/sources/common/lwdiv.c
		___lwdiv       		CODE           	371E	0000	75

/opt/microchip/xc8/v1.37/sources/common/lwdiv.c estimated size: 75

/opt/microchip/xc8/v1.37/sources/common/lbmod.c
		___lbmod       		CODE           	3AEC	0000	39

/opt/microchip/xc8/v1.37/sources/common/lbmod.c estimated size: 39

/opt/microchip/xc8/v1.37/sources/common/lldiv.c
		___lldiv       		CODE           	3312	0000	119

/opt/microchip/xc8/v1.37/sources/common/lldiv.c estimated size: 119

/opt/microchip/xc8/v1.37/sources/common/aldiv.c
		___aldiv       		CODE           	2CB6	0000	189

/opt/microchip/xc8/v1.37/sources/common/aldiv.c estimated size: 189

shared
		PL12           		CODE           	295C	0000	21
		PL50           		CODE           	1ABE	0000	11
		PL8            		CODE           	157A	0000	19
		PL22           		CODE           	1EEE	0000	19
		PL60           		CODE           	2F48	0000	19
		PL100          		CODE           	1AD8	0000	11
		PL32           		CODE           	15AA	0000	11
		PL70           		CODE           	2FE2	0000	13
		PL42           		CODE           	3670	0000	15
		PL80           		CODE           	1F46	0000	13
		PL110          		CODE           	1F7C	0000	15
		PL14           		CODE           	3162	0000	25
		PL52           		CODE           	2E90	0000	13
		PL90           		CODE           	1F62	0000	11
		PL24           		CODE           	317A	0000	13
		PL62           		CODE           	284C	0000	19
		PL120          		CODE           	26F2	0000	11
		PL34           		CODE           	2A4E	0000	13
		PL72           		CODE           	15C6	0000	13
		PL44           		CODE           	3BA6	0000	25
		PL82           		CODE           	2BD8	0000	13
		PL130          		CODE           	3A48	0000	9
		PL16           		CODE           	2FC6	0000	29
		PL54           		CODE           	252E	0000	13
		PL92           		CODE           	1F6C	0000	17
		PL26           		CODE           	35D4	0000	13
		PL64           		CODE           	1AC8	0000	17
		PL102          		CODE           	3288	0000	15
		PL140          		CODE           	160C	0000	11
		PL36           		CODE           	1F00	0000	19
		PL74           		CODE           	15D2	0000	13
		PL46           		CODE           	1F24	0000	25
		PL84           		CODE           	327C	0000	13
		PL112          		CODE           	15F6	0000	13
		PL150          		CODE           	3830	0000	9
		PL18           		CODE           	158C	0000	21
		PL56           		CODE           	2DFC	0000	23
		PL94           		CODE           	2E12	0000	17
		PL28           		CODE           	15A0	0000	11
		PL66           		CODE           	15B4	0000	19
		PL122          		CODE           	2EB4	0000	13
		PL160          		CODE           	1B02	0000	9
		PL38           		CODE           	283A	0000	19
		PL76           		CODE           	15DE	0000	13
		PL48           		CODE           	3264	0000	25
		PL86           		CODE           	2BE4	0000	13
		PL132          		CODE           	1602	0000	11
		PL58           		CODE           	1F3C	0000	11
		PL96           		CODE           	2970	0000	17
		PL68           		CODE           	2BC6	0000	19
		PL104          		CODE           	2E9C	0000	15
		PL142          		CODE           	1F8A	0000	9
		PL78           		CODE           	15EA	0000	13
		PL88           		CODE           	1F52	0000	17
		i1_lcd_send_byte		CODE           	3B5A	0000	37
		PL114          		CODE           	2EAA	0000	11
		PL152          		CODE           	1AF8	0000	11
		PL98           		CODE           	2BF0	0000	11
		i1_lcd_send_initial_half_byte		CODE           	3B7E	0000	35
		PL124          		CODE           	1AEC	0000	13
		__initialization		CODE           	3192	0000	121
		PL134          		CODE           	2542	0000	11
		PL106          		CODE           	33DE	0000	13
		PL144          		CODE           	3986	0000	11
		i1_FillMinutes 		CODE           	3C0E	0000	7
		PL116          		CODE           	253A	0000	9
		PL154          		CODE           	254C	0000	9
		PL126          		CODE           	38E4	0000	13
		PL136          		CODE           	3308	0000	11
		PL108          		CODE           	33EA	0000	13
		PL146          		CODE           	3100	0000	11
		PL118          		CODE           	1AE2	0000	11
		PL156          		CODE           	1F92	0000	9
		PL128          		CODE           	2A5A	0000	13
		PL138          		CODE           	367E	0000	11
		PL2            		CODE           	1546	0000	35
		PL148          		CODE           	1616	0000	11
		PL10           		CODE           	3892	0000	35
		PL4            		CODE           	1EE4	0000	11
		PL20           		CODE           	35BC	0000	25
		PL158          		CODE           	2554	0000	9
		PL30           		CODE           	3186	0000	13
		PL6            		CODE           	1568	0000	19
		PL40           		CODE           	1F12	0000	19

shared estimated size: 1402

/opt/microchip/xc8/v1.37/sources/common/lbdiv.c
		___lbdiv       		CODE           	39C4	0000	53

/opt/microchip/xc8/v1.37/sources/common/lbdiv.c estimated size: 53

prog.c
		_ConvertDayToBit		CODE           	39F8	0000	49
		_ReadDataOfCell		CODE           	307E	0000	131
		_setDigit      		CODE           	310A	0000	89
		_SchedulerNew  		CODE           	2D72	0000	139
		_FillMinutes   		CODE           	3BA0	0000	7
		_EEWR          		CODE           	3990	0000	53
		_TimeData_BlinkOFF		CODE           	38B4	0000	49
		_TimeEdit      		CODE           	1B0A	0000	987
		_delay         		CODE           	3BBE	0000	31
		_getBorderUp   		CODE           	36D4	0000	75
		_lcd_send_byte 		CODE           	3B12	0000	37
		_TimesToTimeData		CODE           	2B3C	0000	139
		_lcd_off       		CODE           	3BFA	0000	13
		_ReIndTimeEdit 		CODE           	2980	0000	207
		_NumericToString		CODE           	2FEE	0000	145
		_main          		CODE           	3296	0000	115
		_ItemsToIndicator		CODE           	37F8	0000	57
		_ParseTime     		CODE           	33F6	0000	103
		_F_h           		CODE           	0008	0000	15
		_EditSchedule  		CODE           	1620	0000	1183
		_TimeToInd     		CODE           	1056	0000	1265
		_outputDateData		CODE           	3634	0000	61
		_WriteArrayToEEPROM		CODE           	38F0	0000	55
		_F_l           		CODE           	0018	0000	551
		_getLcdCodeOfChar		CODE           	1F9A	0000	991
		_setBlink      		CODE           	3876	0000	29
		_FindNextTimeStart		CODE           	255C	0000	407
		_lcd_send_initial_half_byte		CODE           	3A28	0000	33
		_GetDayOfWeek  		CODE           	3768	0000	75
		_FillArrayFromEEPROM		CODE           	3926	0000	55
		_TimeData_INIT 		CODE           	2E22	0000	111
		_outputString  		CODE           	2F5A	0000	109
		_TimeDataToString		CODE           	395C	0000	43
		_RefreshSchedulerIndicator		CODE           	2378	0000	439
		_EERD          		CODE           	3B36	0000	37
		_SendSymbolToLCD		CODE           	3388	0000	87
		_lcd_on        		CODE           	3BEC	0000	15
		_getNumChar    		CODE           	345C	0000	101
		_entNum        		CODE           	3A78	0000	41
		_ParseDataRecord		CODE           	3218	0000	77
		_DeleteDataOfCell		CODE           	3A50	0000	41
		_main2         		CODE           	26FC	0000	319
		_getDigit      		CODE           	3AA0	0000	39
		_clrInd        		CODE           	3586	0000	55
		_ConvKeyNum    		CODE           	34C0	0000	101
		_lcd_init      		CODE           	2BFA	0000	189
		_FindCell      		CODE           	2A66	0000	215
		_WriteDataOfCell		CODE           	35E0	0000	85
		_Scheduler     		CODE           	285E	0000	255

prog.c estimated size: 9505

/opt/microchip/xc8/v1.37/sources/common/Umul16.c
		___wmul        		CODE           	3AC6	0000	39

/opt/microchip/xc8/v1.37/sources/common/Umul16.c estimated size: 39

/opt/microchip/xc8/v1.37/sources/common/lwmod.c
		___lwmod       		CODE           	3838	0000	63

/opt/microchip/xc8/v1.37/sources/common/lwmod.c estimated size: 63

