HI-TECH Software C Compiler 

Linker command line:

--edf=C:\Program Files (x86)\HI-TECH Software\PICC\9.83\dat\en_msgs.txt -cs \
  -h+dist/default/production\Water_PIC16.X.production.sym -z -Q16F876A \
  -ol.obj -Mdist/default/production/Water_PIC16.X.production.map -E1 \
  -ACONST=00h-0FFhx32 -ACODE=00h-07FFhx4 -ASTRCODE=00h-01FFFh \
  -AENTRY=00h-0FFhx32 -ASTRING=00h-0FFhx32 -ABANK0=020h-06Fh \
  -ABANK1=0A0h-0EFh -ABANK2=0110h-016Fh -ABANK3=0190h-01EFh \
  -ARAM=020h-06Fh,0A0h-0EFh,0110h-016Fh,0190h-01EFh \
  -AABS1=020h-07Fh,0A0h-0EFh,0110h-016Fh,0190h-01EFh -ACOMMON=070h-07Fh \
  -ASFR0=00h-01Fh -ASFR1=080h-09Fh -ASFR2=0100h-010Fh -ASFR3=0180h-018Fh \
  -preset_vec=00h,intentry=04h,init,end_init -ppowerup=CODE -pfunctab=CODE \
  -ACONFIG=02007h-02007h -pconfig=CONFIG -DCONFIG=2 -AIDLOC=02000h-02003h \
  -pidloc=IDLOC -DIDLOC=2 -AEEDATA=00h-0FFh/02100h -peeprom_data=EEDATA \
  -DEEDATA=2 -DCODE=2 -DSTRCODE=2 -DSTRING=2 -DCONST=2 -DENTRY=2 -k \
  C:\Users\Vadim\AppData\Local\Temp\s57s.obj \
  dist/default/production\Water_PIC16.X.production.obj 

Object code version is 3.10

Machine type is 16F876A



                Name                               Link     Load   Length Selector   Space Scale
C:\Users\Vadim\AppData\Local\Temp\s57s.obj
                end_init                             12       12        3        8       0
                reset_vec                             0        0        3        0       0
dist/default/production\Water_PIC16.X.production.obj
                intentry                              4        4        E        8       0
                config                             2007     2007        1     400E       0
                swtext4                            1800     1800       30     3000       0
                swtext3                            1851     1851       15     3000       0
                text2298                           1962     1962       44     32C4       0
                text2293                            808      808      7F8     1010       0
                text2287                           18A2     18A2       3E     3144       0
                swtext2                            1000     1000       15     2000       0
                text2267                           1A54     1A54       C9     34A8       0
                text2264                           18E0     18E0       40     31C0       0
                text2262                           1B1D     1B1D       EE     363A       0
                text2259                           19A6     19A6       45     334C       0
                text2258                           1019     1019      7E7     2032       0
                swtext1                            1830     1830       21     3000       0
                text2252                           1C0B     1C0B      3F5     3816       0
                text2250                             15       15      7E8        8       0
                maintext                           1920     1920       42     3240       0
                cstackBANK0                          20       20       32       20       1
                cstackCOMMON                         70       70        E       70       1
                cstackBANK1                          A0       A0       4F       A0       1
                cstackBANK3                         190      190       2F      190       1
                clrtext                             800      800        8     1000       0
                bssBANK2                            110      110       40      110       1
                dataBANK3                           1BF      1BF       1B      190       1
                bssBANK3                            1DA      1DA        B      190       1
                bssBANK1                             EF       EF        1       A0       1
                dataBANK0                            5F       5F        7       20       1
                bssBANK0                             52       52        B       20       1
                bitbssBANK0                         2E8       5D        9       20       1     8
                cinit                              19EB     19EB       69     33D6       0

TOTAL           Name                               Link     Load   Length     Space
        CLASS   CONST          
                swtext4                            1800     1800       30         0
                swtext3                            1851     1851       15         0
                swtext2                            1000     1000       15         0
                swtext1                            1830     1830       21         0

        CLASS   CODE           
                end_init                             12       12        3         0
                intentry                              4        4        E         0
                reset_vec                             0        0        3         0
                text2298                           1962     1962       44         0
                text2293                            808      808      7F8         0
                text2287                           18A2     18A2       3E         0
                text2267                           1A54     1A54       C9         0
                text2264                           18E0     18E0       40         0
                text2262                           1B1D     1B1D       EE         0
                text2259                           19A6     19A6       45         0
                text2258                           1019     1019      7E7         0
                text2252                           1C0B     1C0B      3F5         0
                text2250                             15       15      7E8         0
                maintext                           1920     1920       42         0
                clrtext                             800      800        8         0
                cinit                              19EB     19EB       69         0

        CLASS   STRCODE        

        CLASS   ENTRY          

        CLASS   STRING         

        CLASS   BANK0          
                cstackBANK0                          20       20       32         1
                dataBANK0                            5F       5F        7         1
                bssBANK0                             52       52        B         1
                bitbssBANK0                         2E8       5D        9         1

        CLASS   BANK1          
                cstackBANK1                          A0       A0       4F         1
                bssBANK1                             EF       EF        1         1

        CLASS   BANK2          
                bssBANK2                            110      110       40         1

        CLASS   BANK3          
                cstackBANK3                         190      190       2F         1
                dataBANK3                           1BF      1BF       1B         1
                bssBANK3                            1DA      1DA        B         1

        CLASS   RAM            

        CLASS   ABS1           
                abs_s1                               7E       7E        2         1

        CLASS   COMMON         
                cstackCOMMON                         70       70        E         1

        CLASS   SFR0           

        CLASS   SFR1           

        CLASS   SFR2           

        CLASS   SFR3           

        CLASS   CONFIG         
                config                             2007     2007        1         0

        CLASS   IDLOC          

        CLASS   EEDATA         



SEGMENTS        Name                           Load    Length   Top    Selector   Space  Class     Delta

                reset_vec                      000000  000003  000003         0       0  CODE        2
                intentry                       000004  0007F9  0007FD         8       0  CODE        2
                cstackBANK0                    000020  000046  000066        20       1  BANK0       1
                cstackCOMMON                   000070  00000E  00007E        70       1  COMMON      1
                cstackBANK1                    0000A0  000050  0000F0        A0       1  BANK1       1
                bssBANK2                       000110  000040  000150       110       1  BANK2       1
                cstackBANK3                    000190  000055  0001E5       190       1  BANK3       1
                clrtext                        000800  000008  000808      1000       0  CODE        2
                text2293                       000808  0007F8  001000      1010       0  CODE        2
                swtext2                        001000  000015  001015      2000       0  CONST       2
                text2258                       001019  0007E7  001800      2032       0  CODE        2
                swtext4                        001800  000066  001866      3000       0  CONST       2
                text2287                       0018A2  00003E  0018E0      3144       0  CODE        2
                text2264                       0018E0  000040  001920      31C0       0  CODE        2
                maintext                       001920  000042  001962      3240       0  CODE        2
                text2298                       001962  000044  0019A6      32C4       0  CODE        2
                text2259                       0019A6  000045  0019EB      334C       0  CODE        2
                cinit                          0019EB  000069  001A54      33D6       0  CODE        2
                text2267                       001A54  0000C9  001B1D      34A8       0  CODE        2
                text2262                       001B1D  0000EE  001C0B      363A       0  CODE        2
                text2252                       001C0B  0003F5  002000      3816       0  CODE        2
                config                         002007  000001  002008      400E       0  CONFIG      2


UNUSED ADDRESS RANGES

        Name                Unused          Largest block    Delta
        BANK0            0066-006F              A           1
        BANK2            0150-016F             20           1
        BANK3            01E5-01EF              B           1
        CODE             0003-0003              1           2
                         07FD-07FF              3
                         1015-1018              4
                         1866-18A1             3C
        CONST            0003-0003              1           2
                         07FD-07FF              3
                         1015-1018              4
                         1866-18A1             3C
        EEDATA           2100-21FF            100           2
        ENTRY            0003-0003              1           2
                         07FD-07FF              3
                         1015-1018              4
                         1866-18A1             3C
        IDLOC            2000-2003              4           2
        RAM              0066-006F              A           1
                         0150-016F             20
                         01E5-01EF              B
        SFR0             0000-001F             20           1
        SFR1             0080-009F             20           1
        SFR2             0100-010F             10           1
        SFR3             0180-018F             10           1
        STRCODE          0003-0003              1           2
                         07FD-07FF              3
                         1015-1018              4
                         1866-18A1             3C
        STRING           0003-0003              1           2
                         07FD-07FF              3
                         1015-1018              4
                         1866-18A1             3C

                                  Symbol Table

??_BCD_to_DEC                          cstackCOMMON 007B
??_ConvKeyNum                          cstackCOMMON 0070
??_ConvertDayToBit                     cstackBANK1  00A0
??_EERD                                cstackBANK1  00A0
??_EEWR                                cstackBANK1  00A1
??_EditSchedule                        cstackBANK1  00C5
??_F                                   cstackBANK0  0044
??_FillMinutes                         cstackBANK1  00A0
??_FindCell                            cstackBANK1  00A5
??_FindNextTimeStart                   cstackBANK1  00C4
??_GetDayOfWeek                        cstackBANK1  00A0
??_I2CAck                              cstackCOMMON 0070
??_I2CInit                             cstackBANK1  00A0
??_I2CNak                              cstackCOMMON 0070
??_I2CRead                             cstackCOMMON 0070
??_I2CRestart                          cstackCOMMON 0070
??_I2CSend                             cstackBANK1  00A0
??_I2CStart                            cstackBANK1  00A0
??_I2CStop                             cstackBANK1  00A0
??_ItemsToIndicator                    cstackBANK1  00BA
??_NumericToIndicator                  cstackBANK1  00BD
??_ParseDataRecord                     cstackBANK1  00AF
??_ParseTime                           cstackBANK1  00B4
??_ReIndTimeEdit                       cstackBANK1  00BC
??_ReadFourBytesEE                     cstackBANK1  00B5
??_ReadTime                            cstackBANK0  0032
??_RefreshSchedulerIndicator           cstackBANK1  00BF
??_Scheduler                           cstackBANK1  00EF
??_SendArrayToLCD                      cstackBANK1  00BA
??_SendSymbolToLCD                     cstackCOMMON 0073
??_SignalsOnOff                        cstackBANK0  0028
??_TimeEdit                            cstackBANK1  00C0
??_TimeToInd                           cstackBANK1  00E0
??_TimesToIndicator                    cstackBANK1  00B8
??_WriteFourBytesEE                    cstackBANK1  00A7
??_WriteTime                           cstackBANK1  00AE
??___aldiv                             cstackBANK1  00A8
??___almod                             cstackBANK1  00A8
??___bmul                              cstackCOMMON 0071
??___lbdiv                             cstackBANK1  00A1
??___lldiv                             cstackBANK1  00A8
??___llmod                             cstackBANK1  00A8
??___lmul                              cstackBANK1  00A8
??___lwdiv                             cstackBANK1  00A4
??___lwmod                             cstackBANK1  00A4
??___wmul                              cstackBANK1  00A9
??_clrInd                              cstackBANK1  00A0
??_convDig_LCD                         cstackCOMMON 0070
??_delay                               cstackCOMMON 0072
??_entNum                              cstackBANK1  00A1
??_getBorderUp                         cstackBANK1  00A5
??_getDigit                            cstackBANK1  00A1
??_lcd_init                            cstackBANK1  00A9
??_lcd_off                             cstackBANK1  00A9
??_lcd_on                              cstackBANK1  00AC
??_lcd_send_byte                       cstackBANK1  00A7
??_lcd_send_initial_half_byte          cstackBANK1  00A0
??_main                                cstackBANK3  01BE
??_main2                               cstackBANK1  00EF
??_setBlink                            cstackBANK1  00A2
??_setDigit                            cstackBANK1  00B0
??i1_ConvertDayToBit                   cstackCOMMON 0070
??i1_EERD                              cstackCOMMON 0070
??i1_EEWR                              cstackCOMMON 0071
??i1_FillMinutes                       cstackCOMMON 0070
??i1_I2CInit                           cstackCOMMON 0070
??i1_I2CSend                           cstackCOMMON 0070
??i1_I2CStart                          cstackCOMMON 0070
??i1_I2CStop                           cstackCOMMON 0070
??i1_ReadFourBytesEE                   cstackBANK0  0020
??i1_WriteTime                         cstackBANK0  0024
??i1___aldiv                           cstackCOMMON 0078
??i1___lmul                            cstackCOMMON 007B
??i1___lwdiv                           cstackCOMMON 0074
??i1___lwmod                           cstackCOMMON 0074
??i1_lcd_send_byte                     cstackCOMMON 0077
??i1_lcd_send_initial_half_byte        cstackCOMMON 0070
?_BCD_to_DEC                           cstackCOMMON 0070
?_ConvKeyNum                           cstackCOMMON 0070
?_ConvertDayToBit                      cstackCOMMON 0070
?_EERD                                 cstackCOMMON 0070
?_EEWR                                 cstackBANK1  00A0
?_EditSchedule                         cstackBANK1  00C4
?_F                                    cstackCOMMON 0070
?_FillMinutes                          cstackCOMMON 0070
?_FindCell                             cstackBANK1  00A3
?_FindNextTimeStart                    cstackCOMMON 0070
?_GetDayOfWeek                         cstackCOMMON 0070
?_I2CAck                               cstackCOMMON 0070
?_I2CInit                              cstackCOMMON 0070
?_I2CNak                               cstackCOMMON 0070
?_I2CRead                              cstackCOMMON 0070
?_I2CRestart                           cstackCOMMON 0070
?_I2CSend                              cstackCOMMON 0070
?_I2CStart                             cstackCOMMON 0070
?_I2CStop                              cstackCOMMON 0070
?_ItemsToIndicator                     cstackBANK1  00B8
?_NumericToIndicator                   cstackBANK1  00B8
?_ParseDataRecord                      cstackBANK1  00A3
?_ParseTime                            cstackBANK1  00AE
?_ReIndTimeEdit                        cstackBANK1  00B8
?_ReadFourBytesEE                      cstackBANK1  00B1
?_ReadTime                             cstackCOMMON 0070
?_RefreshSchedulerIndicator            cstackBANK1  00BD
?_Scheduler                            cstackBANK3  0190
?_SendArrayToLCD                       cstackBANK1  00B8
?_SendSymbolToLCD                      cstackCOMMON 0070
?_SignalsOnOff                         cstackCOMMON 0070
?_TimeEdit                             cstackCOMMON 0070
?_TimeToInd                            cstackCOMMON 0070
?_TimesToIndicator                     cstackCOMMON 0070
?_WriteFourBytesEE                     cstackBANK1  00A3
?_WriteTime                            cstackBANK1  00AC
?___aldiv                              cstackBANK1  00A0
?___almod                              cstackBANK1  00A0
?___bmul                               cstackCOMMON 0070
?___lbdiv                              cstackBANK1  00A0
?___lldiv                              cstackBANK1  00A0
?___llmod                              cstackBANK1  00A0
?___lmul                               cstackBANK1  00A0
?___lwdiv                              cstackBANK1  00A0
?___lwmod                              cstackBANK1  00A0
?___wmul                               cstackBANK1  00A5
?_clrInd                               cstackCOMMON 0070
?_convDig_LCD                          cstackCOMMON 0070
?_delay                                cstackCOMMON 0070
?_entNum                               cstackBANK1  00A0
?_getBorderUp                          cstackCOMMON 0070
?_getDigit                             cstackBANK1  00A0
?_lcd_init                             cstackCOMMON 0070
?_lcd_off                              cstackCOMMON 0070
?_lcd_on                               cstackCOMMON 0070
?_lcd_send_byte                        cstackCOMMON 0070
?_lcd_send_initial_half_byte           cstackCOMMON 0070
?_main                                 cstackCOMMON 0070
?_main2                                cstackCOMMON 0070
?_setBlink                             cstackBANK1  00A0
?_setDigit                             cstackBANK1  00AE
?i1_ConvertDayToBit                    cstackCOMMON 0070
?i1_EERD                               cstackCOMMON 0070
?i1_EEWR                               cstackCOMMON 0070
?i1_FillMinutes                        cstackCOMMON 0070
?i1_I2CInit                            cstackCOMMON 0070
?i1_I2CSend                            cstackCOMMON 0070
?i1_I2CStart                           cstackCOMMON 0070
?i1_I2CStop                            cstackCOMMON 0070
?i1_ReadFourBytesEE                    cstackCOMMON 0073
?i1_WriteTime                          cstackCOMMON 007B
?i1___aldiv                            cstackCOMMON 0070
?i1___lmul                             cstackCOMMON 0073
?i1___lwdiv                            cstackCOMMON 0070
?i1___lwmod                            cstackCOMMON 0070
?i1_lcd_send_byte                      cstackCOMMON 0070
?i1_lcd_send_initial_half_byte         cstackCOMMON 0070
BCD_to_DEC@BCD                         cstackCOMMON 007C
ConvKeyNum@Num                         cstackCOMMON 0070
ConvertDayToBit@DayNumber              cstackBANK1  00A0
EERD@EEDATA_BUP                        cstackBANK1  00A2
EERD@INTCON_BUP                        cstackBANK1  00A1
EERD@adress                            cstackBANK1  00A0
EEWR@INTCON_BUP                        cstackBANK1  00A2
EEWR@adress                            cstackBANK1  00A1
EEWR@data                              cstackBANK1  00A0
EditSchedule@BeginEditTimes            cstackBANK1  00D6
EditSchedule@BorderUp                  cstackBANK1  00D8
EditSchedule@Data                      cstackBANK1  00E6
EditSchedule@Days                      cstackBANK1  00EA
EditSchedule@Signals                   cstackBANK1  00EB
EditSchedule@SourceOfRecord            cstackBANK1  00C4
EditSchedule@T                         cstackBANK1  00DD
EditSchedule@TargetAdress              cstackBANK1  00D5
EditSchedule@TimeStart                 cstackBANK1  00D9
EditSchedule@TimeStop                  cstackBANK1  00DB
EditSchedule@Times                     cstackBANK1  00E2
EditSchedule@adress                    cstackBANK1  00D7
EditSchedule@j                         cstackBANK1  00EC
EditSchedule@key                       cstackBANK1  00ED
EditSchedule@mode                      cstackBANK1  00E1
EditSchedule@n                         cstackBANK1  00EE
F@ButtonPressTimeOut                   bssBANK0     0056
F@DigitValue                           cstackBANK0  004D
F@KeyIndex                             bssBANK0     0057
F@MinuteAgo                            cstackBANK0  004C
F@PressedKeyIndex                      dataBANK0    0061
F@digit                                cstackBANK0  004E
F@line                                 cstackBANK0  0051
F@symbol                               cstackBANK0  004F
FindCell@D                             cstackBANK1  00A8
FindCell@New                           cstackBANK1  00A3
FindCell@adress                        cstackBANK1  00AA
FindCell@adressNew                     cstackBANK1  00A7
FindCell@adressStart                   cstackBANK1  00A9
FindCell@previous                      cstackBANK1  00A4
FindNextTimeStart@Data                 cstackBANK1  00D0
FindNextTimeStart@DayIndex             cstackBANK1  00DF
FindNextTimeStart@DayOn                cstackBANK1  00CB
FindNextTimeStart@Days                 cstackBANK1  00DD
FindNextTimeStart@LastFoundTimeStart   cstackBANK1  00CC
FindNextTimeStart@Signals              cstackBANK1  00DC
FindNextTimeStart@TimeFrom             cstackBANK1  00DB
FindNextTimeStart@TimeIsFound          cstackBANK1  00D6
FindNextTimeStart@TimeOfSignals        cstackBANK1  00D7
FindNextTimeStart@TimeStart            cstackBANK1  00D4
FindNextTimeStart@TimeStop             cstackBANK1  00C8
FindNextTimeStart@adress               cstackBANK1  00DE
FindNextTimeStart@adressStart          cstackBANK1  00CA
GetDayOfWeek@array                     dataBANK3    01D7
GetDayOfWeek@day                       cstackBANK1  00A0
I2CRead@temp                           cstackCOMMON 0070
I2CSend@dat                            cstackBANK1  00A0
ItemsToIndicator@firstDigit            cstackBANK1  00B9
ItemsToIndicator@i                     cstackBANK1  00BB
ItemsToIndicator@items                 cstackBANK1  00BA
ItemsToIndicator@max_i                 cstackBANK1  00B8
NumericToIndicator@displacement        cstackBANK1  00BC
NumericToIndicator@n                   cstackBANK1  00B8
ParseDataRecord@Data                   cstackBANK1  00A3
ParseDataRecord@Days                   cstackBANK1  00AB
ParseDataRecord@Signals                cstackBANK1  00AD
ParseDataRecord@TimeStart              cstackBANK1  00A7
ParseDataRecord@TimeStop               cstackBANK1  00A9
ParseTime@Day                          cstackBANK1  00B3
ParseTime@DayTime                      cstackBANK1  00B6
ParseTime@Time                         cstackBANK1  00B2
ParseTime@TimeValue                    cstackBANK1  00AE
ReIndTimeEdit@n                        cstackBANK1  00B8
ReIndTimeEdit@temp                     cstackBANK1  00BC
ReadFourBytesEE@adress                 cstackBANK1  00BD
ReadFourBytesEE@i                      cstackBANK1  00C2
ReadFourBytesEE@x                      cstackBANK1  00BE
ReadTime@I                             cstackBANK0  0043
ReadTime@Seconds                       cstackBANK0  0042
RefreshSchedulerIndicator@CopyFrom     cstackBANK1  00BE
RefreshSchedulerIndicator@New          cstackBANK1  00BD
RefreshSchedulerIndicator@adress       cstackBANK1  00C2
Scheduler@NumberOfCells                bssBANK3     01DE
Scheduler@StartFrom                    cstackBANK3  0191
Scheduler@isDataModified               cstackBANK3  0192
Scheduler@new                          cstackBANK3  0190
SendArrayToLCD@Symb                    cstackBANK1  00BB
SendArrayToLCD@i                       cstackBANK1  00BC
SendArrayToLCD@line                    cstackBANK1  00B8
SendArrayToLCD@position                cstackBANK1  00B9
SendSymbolToLCD@Smb                    cstackCOMMON 007B
SendSymbolToLCD@Symb                   cstackCOMMON 0078
SendSymbolToLCD@a                      cstackCOMMON 0079
SignalsOnOff@Data                      cstackBANK0  0038
SignalsOnOff@Data_1442                 cstackBANK0  0037
SignalsOnOff@DayTime                   cstackBANK0  0032
SignalsOnOff@Days                      cstackBANK0  0034
SignalsOnOff@Signals                   cstackBANK0  0035
SignalsOnOff@ThisDay                   cstackBANK0  0036
SignalsOnOff@ThisTime                  cstackBANK0  0030
SignalsOnOff@TimeStart                 cstackBANK0  002A
SignalsOnOff@TimeStop                  cstackBANK0  002C
TimeEdit@F1344                         dataBANK3    01D4
TimeEdit@borders                       cstackBANK1  00CC
TimeEdit@c                             cstackBANK1  00CE
TimeEdit@j                             cstackBANK1  00CF
TimeEdit@t                             cstackBANK1  00C8
TimeToInd@D                            cstackBANK3  0196
TimeToInd@DataArray                    cstackBANK3  019E
TimeToInd@DataArray2                   cstackBANK3  019D
TimeToInd@Day                          cstackBANK3  01AF
TimeToInd@Days                         cstackBANK3  019C
TimeToInd@F1311                        dataBANK3    01D0
TimeToInd@F1317                        dataBANK3    01BF
TimeToInd@SignalOn                     cstackBANK3  019A
TimeToInd@SignalOn_1300                cstackBANK3  019B
TimeToInd@Signals                      cstackBANK3  01B0
TimeToInd@SignalsFinal                 cstackBANK3  01B3
TimeToInd@Time                         cstackBANK3  01B6
TimeToInd@TimeStart                    cstackBANK3  0192
TimeToInd@TimeStop                     cstackBANK3  0194
TimeToInd@day                          cstackBANK3  0190
TimeToInd@i                            cstackBANK3  01B1
TimeToInd@i_1299                       cstackBANK3  01B2
TimeToInd@j                            cstackBANK3  01B4
TimeToInd@line                         cstackBANK3  01B9
TimeToInd@line_1291                    cstackBANK3  0191
TimeToInd@nSymb                        cstackBANK3  01B5
TimeToInd@symbol                       cstackBANK3  01B8
TimeToInd@temp                         cstackBANK3  01BA
TimesToIndicator@Times                 cstackBANK1  00BA
TimesToIndicator@j                     cstackBANK1  00BD
TimesToIndicator@temp                  cstackBANK1  00BB
WriteFourBytesEE@adress                cstackBANK1  00A7
WriteFourBytesEE@data                  cstackBANK1  00A3
WriteFourBytesEE@i                     cstackBANK1  00A8
WriteTime@DayOfWeek                    cstackBANK1  00AD
WriteTime@Hours                        cstackBANK1  00AC
WriteTime@INTCON_BUP                   cstackBANK1  00BB
WriteTime@Minutes                      cstackBANK1  00BA
_ACKDT                                 (abs)        048D
_ACKEN                                 (abs)        048C
_ADCON1                                (abs)        009F
_AdressOfNextStartCell                 dataBANK3    01D6
_BCD_to_DEC                            text2293     0DE5
_BF                                    (abs)        04A0
_Clock                                 bssBANK3     01DA
_ConvKeyNum                            text2293     0A90
_ConvertDayToBit                       text2250     06D3
_CurrentReadingCell                    bssBANK0     0058
_CurrentSignals                        bssBANK3     01DF
_CurrentSignalsData                    bssBANK0     0059
_EEADR                                 (abs)        010D
_EECON2                                (abs)        018D
_EEDATA                                (abs)        010C
_EEIF                                  (abs)        006C
_EEPGD                                 (abs)        0C67
_EERD                                  text2250     07E5
_EEWR                                  text2252     1D68
_EditSchedule                          text2250     0015
_F                                     text2293     0808
_FillMinutes                           text2252     1D8B
_FindCell                              text2259     19A6
_FindCell$1365                         cstackBANK1  00A5
_FindNextTimeStart                     text2252     1DB8
_GIE                                   (abs)        005F
_GetDayOfWeek                          text2287     18A2
_GlobalBlink                           bitbssBANK0  02E8
_GlobalBlinkCycleTime                  dataBANK0    0062
_I2CAck                                text2293     0CC3
_I2CInit                               text2262     1BF7
_I2CNak                                text2293     0DF0
_I2CRead                               text2293     0CB4
_I2CRestart                            text2293     0E06
_I2CSend                               text2262     1BE8
_I2CStart                              text2262     1C03
_I2CStop                               text2262     1C07
_INTCON                                (abs)        000B
_IsLCDModified                         bitbssBANK0  02E9
_ItemsToIndicator                      text2250     06ED
_KeyCode                               bssBANK1     00EF
_LCD_Light_On                          bitbssBANK0  02EA
_LCD_ON_TIMEOUT                        dataBANK0    005F
_LCD_Power_On                          bitbssBANK0  02EB
_LockSignals                           bitbssBANK0  02EC
_Minutes                               bssBANK0     0052
_ModeOfFirstLine                       bitbssBANK0  02ED
_NearTimeStart                         bssBANK3     01E1
_NumericToIndicator                    text2267     1A54
_OPTION_REG                            (abs)        0081
_PEN                                   (abs)        048A
_PORTA                                 (abs)        0005
_PORTB                                 (abs)        0006
_PORTC                                 (abs)        0007
_PR2                                   (abs)        0092
_ParseDataRecord                       text2250     072F
_ParseTime                             text2264     18E0
_RB0                                   (abs)        0030
_RC0                                   (abs)        0038
_RC1                                   (abs)        0039
_RC2                                   (abs)        003A
_RCEN                                  (abs)        048B
_RD                                    (abs)        0C60
_RSEN                                  (abs)        0489
_ReIndTimeEdit                         text2258     1530
_ReadFourBytesEE                       text2250     07A3
_ReadTime                              text2293     0B9E
_RefreshSchedulerIndicator             text2258     1498
_RefreshSchedulerIndicator$1370        cstackBANK1  00C0
_RelevanceOfNextStartCell              bitbssBANK0  02EE
_SEN                                   (abs)        0488
_SSPADD                                (abs)        0093
_SSPBUF                                (abs)        0013
_SSPCON                                (abs)        0014
_SSPCON2                               (abs)        0091
_SSPSTAT                               (abs)        0094
_Scheduler                             text2252     1F44
_SendArrayToLCD                        text2258     17DE
_SendSymbolToLCD                       text2293     0AD4
_SendSymbolToLCD$1335                  cstackCOMMON 0074
_SendSymbolToLCD$1336                  cstackCOMMON 0076
_SignalsForInd                         bssBANK3     01E0
_SignalsOnOff                          text2293     0E0A
_SignalsOnOff$1441                     cstackBANK0  002E
_SignalsOut                            bssBANK0     005A
_T2CON                                 (abs)        0012
_TMR1                                  (abs)        000E
_TMR1IE                                (abs)        0460
_TMR1IF                                (abs)        0060
_TMR1ON                                (abs)        0080
_TMR2                                  (abs)        0011
_TMR2IF                                (abs)        0061
_TRISA                                 (abs)        0085
_TRISB                                 (abs)        0086
_TRISC                                 (abs)        0087
_TRISC3                                (abs)        043B
_TRISC4                                (abs)        043C
_TimeEdit                              text2250     02DB
_TimeIsRead                            bitbssBANK0  02EF
_TimeToInd                             text2258     10AA
_TimesToIndicator                      text2258     1019
_WR                                    (abs)        0C61
_WREN                                  (abs)        0C62
_WriteFourBytesEE                      text2252     1FE9
_WriteTime                             text2262     1B1D
__Habs1                                abs1         0000
__Hbank0                               bank0        0000
__Hbank1                               bank1        0000
__Hbank2                               bank2        0000
__Hbank3                               bank3        0000
__HbitbssBANK0                         bitbssBANK0  0000
__HbssBANK0                            bssBANK0     0000
__HbssBANK1                            bssBANK1     0000
__HbssBANK2                            bssBANK2     0000
__HbssBANK3                            bssBANK3     0000
__Hcinit                               cinit        0000
__Hclrtext                             clrtext      0000
__Hcode                                code         0000
__Hcommon                              common       0000
__Hconfig                              config       2008
__HcstackBANK0                         cstackBANK0  0000
__HcstackBANK1                         cstackBANK1  0000
__HcstackBANK3                         cstackBANK3  0000
__HcstackCOMMON                        cstackCOMMON 0000
__HdataBANK0                           dataBANK0    0000
__HdataBANK3                           dataBANK3    0000
__Heeprom_data                         eeprom_data  0000
__Hend_init                            end_init     0015
__Hfunctab                             functab      0000
__HidataBANK0                          idataBANK0   0000
__HidataBANK3                          idataBANK3   0000
__Hidloc                               idloc        0000
__Hinit                                init         0012
__Hintentry                            intentry     0012
__Hmaintext                            maintext     0000
__Hpa_nodes                            pa_nodes     0000
__Hpowerup                             powerup      0000
__Hram                                 ram          0000
__Hreset_vec                           reset_vec    0003
__Hsfr0                                sfr0         0000
__Hsfr1                                sfr1         0000
__Hsfr2                                sfr2         0000
__Hsfr3                                sfr3         0000
__Hstrings                             strings      0000
__Htext                                text         0000
__Labs1                                abs1         0000
__Lbank0                               bank0        0000
__Lbank1                               bank1        0000
__Lbank2                               bank2        0000
__Lbank3                               bank3        0000
__LbitbssBANK0                         bitbssBANK0  0000
__LbssBANK0                            bssBANK0     0000
__LbssBANK1                            bssBANK1     0000
__LbssBANK2                            bssBANK2     0000
__LbssBANK3                            bssBANK3     0000
__Lcinit                               cinit        0000
__Lclrtext                             clrtext      0000
__Lcode                                code         0000
__Lcommon                              common       0000
__Lconfig                              config       2007
__LcstackBANK0                         cstackBANK0  0000
__LcstackBANK1                         cstackBANK1  0000
__LcstackBANK3                         cstackBANK3  0000
__LcstackCOMMON                        cstackCOMMON 0000
__LdataBANK0                           dataBANK0    0000
__LdataBANK3                           dataBANK3    0000
__Leeprom_data                         eeprom_data  0000
__Lend_init                            end_init     0012
__Lfunctab                             functab      0000
__LidataBANK0                          idataBANK0   0000
__LidataBANK3                          idataBANK3   0000
__Lidloc                               idloc        0000
__Linit                                init         0012
__Lintentry                            intentry     0004
__Lmaintext                            maintext     0000
__Lpa_nodes                            pa_nodes     0000
__Lpowerup                             powerup      0000
__Lram                                 ram          0000
__Lreset_vec                           reset_vec    0000
__Lsfr0                                sfr0         0000
__Lsfr1                                sfr1         0000
__Lsfr2                                sfr2         0000
__Lsfr3                                sfr3         0000
__Lstrings                             strings      0000
__Ltext                                text         0000
__S0                                   (abs)        2008
__S1                                   (abs)        01E5
__S2                                   (abs)        0000
___aldiv                               text2258     16B2
___aldiv@counter                       cstackBANK1  00A8
___aldiv@dividend                      cstackBANK1  00A4
___aldiv@divisor                       cstackBANK1  00A0
___aldiv@quotient                      cstackBANK1  00AA
___aldiv@sign                          cstackBANK1  00A9
___almod                               text2258     1727
___almod@counter                       cstackBANK1  00A8
___almod@dividend                      cstackBANK1  00A4
___almod@divisor                       cstackBANK1  00A0
___almod@sign                          cstackBANK1  00A9
___bmul                                text2293     0FF2
___bmul@multiplicand                   cstackCOMMON 0070
___bmul@multiplier                     cstackCOMMON 0072
___bmul@product                        cstackCOMMON 0071
___lbdiv                               text2250     0788
___lbdiv@counter                       cstackBANK1  00A2
___lbdiv@dividend                      cstackBANK1  00A1
___lbdiv@divisor                       cstackBANK1  00A0
___lbdiv@quotient                      cstackBANK1  00A3
___lldiv                               text2267     1AD5
___lldiv@counter                       cstackBANK1  00AC
___lldiv@dividend                      cstackBANK1  00A4
___lldiv@divisor                       cstackBANK1  00A0
___lldiv@quotient                      cstackBANK1  00A8
___llmod                               text2267     1A97
___llmod@counter                       cstackBANK1  00A8
___llmod@dividend                      cstackBANK1  00A4
___llmod@divisor                       cstackBANK1  00A0
___lmul                                text2252     1EAC
___lmul@multiplicand                   cstackBANK1  00A4
___lmul@multiplier                     cstackBANK1  00A0
___lmul@product                        cstackBANK1  00A8
___lwdiv                               text2258     17B4
___lwdiv@counter                       cstackBANK1  00A4
___lwdiv@dividend                      cstackBANK1  00A2
___lwdiv@divisor                       cstackBANK1  00A0
___lwdiv@quotient                      cstackBANK1  00A5
___lwmod                               text2258     1790
___lwmod@counter                       cstackBANK1  00A4
___lwmod@dividend                      cstackBANK1  00A2
___lwmod@divisor                       cstackBANK1  00A0
___wmul                                text2250     0677
___wmul@multiplicand                   cstackBANK1  00A7
___wmul@multiplier                     cstackBANK1  00A5
___wmul@product                        cstackBANK1  00A9
__end_of_BCD_to_DEC                    text2293     0DF0
__end_of_ConvKeyNum                    text2293     0AB0
__end_of_ConvertDayToBit               text2250     06ED
__end_of_EERD                          text2250     07FD
__end_of_EEWR                          text2252     1D8B
__end_of_EditSchedule                  text2250     02DB
__end_of_F                             text2293     091B
__end_of_FillMinutes                   text2252     1DAE
__end_of_FindCell                      text2259     19EB
__end_of_FindNextTimeStart             text2252     1EAC
__end_of_GetDayOfWeek                  text2287     18E0
__end_of_I2CAck                        text2293     0CC9
__end_of_I2CInit                       text2262     1C03
__end_of_I2CNak                        text2293     0DF6
__end_of_I2CRead                       text2293     0CC3
__end_of_I2CRestart                    text2293     0E0A
__end_of_I2CSend                       text2262     1BF7
__end_of_I2CStart                      text2262     1C07
__end_of_I2CStop                       text2262     1C0B
__end_of_ItemsToIndicator              text2250     0709
__end_of_NumericToIndicator            text2267     1A97
__end_of_ParseDataRecord               text2250     0788
__end_of_ParseTime                     text2264     1920
__end_of_ReIndTimeEdit                 text2258     165C
__end_of_ReadFourBytesEE               text2250     07E5
__end_of_ReadTime                      text2293     0CB4
__end_of_RefreshSchedulerIndicator     text2258     1530
__end_of_Scheduler                     text2252     1EDF
__end_of_SendArrayToLCD                text2258     1800
__end_of_SendSymbolToLCD               text2293     0B3E
__end_of_SignalsOnOff                  text2293     0EF9
__end_of_TimeEdit                      text2252     1DB8
__end_of_TimeToInd                     text2258     1498
__end_of_TimesToIndicator              text2258     10AA
__end_of_WriteFourBytesEE              text2252     2000
__end_of_WriteTime                     text2262     1BE8
__end_of___aldiv                       text2258     1727
__end_of___almod                       text2258     1790
__end_of___bmul                        text2293     1000
__end_of___lbdiv                       text2250     07A3
__end_of___lldiv                       text2267     1B1D
__end_of___llmod                       text2267     1AD5
__end_of___lmul                        text2252     1EDF
__end_of___lwdiv                       text2258     17DE
__end_of___lwmod                       text2258     17B4
__end_of___wmul                        text2250     0690
__end_of_clrInd                        text2250     06BC
__end_of_convDig_LCD                   text2293     0A90
__end_of_delay                         text2293     0B54
__end_of_entNum                        text2250     06D3
__end_of_getBorderUp                   text2250     072F
__end_of_getDigit                      text2250     062E
__end_of_lcd_init                      text2252     1C90
__end_of_lcd_off                       text2252     1DB8
__end_of_lcd_on                        text2252     1EE9
__end_of_lcd_send_byte                 text2252     1F05
__end_of_lcd_send_initial_half_byte    text2252     1F44
__end_of_main                          maintext     1962
__end_of_main2                         text2252     1F44
__end_of_setBlink                      text2250     0677
__end_of_setDigit                      text2258     16B2
__end_ofi1_ConvertDayToBit             text2293     0F2F
__end_ofi1_EERD                        text2293     0CDC
__end_ofi1_EEWR                        text2293     0F15
__end_ofi1_FillMinutes                 text2293     0AD4
__end_ofi1_I2CInit                     text2293     0E02
__end_ofi1_I2CSend                     text2293     0DE1
__end_ofi1_I2CStart                    text2293     0E06
__end_ofi1_I2CStop                     text2293     0DE5
__end_ofi1_ReadFourBytesEE             text2298     19A6
__end_ofi1_WriteTime                   text2293     0DD3
__end_ofi1___aldiv                     text2293     0FF2
__end_ofi1___lmul                      text2293     0D0F
__end_ofi1___lwdiv                     text2293     0F59
__end_ofi1___lwmod                     text2293     0F7D
__end_ofi1_lcd_send_byte               text2293     0B6A
__end_ofi1_lcd_send_initial_half_byte  text2293     0B9E
__pbitbssBANK0                         bitbssBANK0  02E8
__pbssBANK0                            bssBANK0     0052
__pbssBANK1                            bssBANK1     00EF
__pbssBANK2                            bssBANK2     0110
__pbssBANK3                            bssBANK3     01DA
__pcstackBANK0                         cstackBANK0  0020
__pcstackBANK1                         cstackBANK1  00A0
__pcstackBANK3                         cstackBANK3  0190
__pcstackCOMMON                        cstackCOMMON 0070
__pdataBANK0                           dataBANK0    005F
__pdataBANK3                           dataBANK3    01BF
__pidataBANK0                          idataBANK0   0000
__pidataBANK3                          idataBANK3   0000
__pintentry                            intentry     0004
__pmaintext                            maintext     1920
__pswtext1                             swtext1      1830
__pswtext2                             swtext2      1000
__pswtext3                             swtext3      1851
__pswtext4                             swtext4      1800
__ptext2246                            text2252     1C90
__ptext2247                            text2252     1F44
__ptext2248                            text2252     1EDF
__ptext2249                            text2258     10AA
__ptext2250                            text2250     0015
__ptext2251                            text2258     1498
__ptext2252                            text2252     1C0B
__ptext2253                            text2250     02DB
__ptext2254                            text2252     1DB8
__ptext2255                            text2252     1DAE
__ptext2256                            text2250     0709
__ptext2257                            text2250     06ED
__ptext2258                            text2258     1019
__ptext2259                            text2259     19A6
__ptext2260                            text2252     1EE9
__ptext2261                            text2252     1FE9
__ptext2262                            text2262     1B1D
__ptext2263                            text2258     1530
__ptext2264                            text2264     18E0
__ptext2265                            text2250     07A3
__ptext2266                            text2258     17DE
__ptext2267                            text2267     1A54
__ptext2268                            text2258     16B2
__ptext2269                            text2258     1727
__ptext2270                            text2267     1AD5
__ptext2271                            text2267     1A97
__ptext2272                            text2252     1EAC
__ptext2273                            text2250     0788
__ptext2274                            text2258     1790
__ptext2275                            text2258     17B4
__ptext2276                            text2250     0677
__ptext2277                            text2262     1C07
__ptext2278                            text2262     1BE8
__ptext2279                            text2262     1C03
__ptext2280                            text2262     1BF7
__ptext2281                            text2252     1D8B
__ptext2282                            text2250     06D3
__ptext2283                            text2252     1F05
__ptext2284                            text2250     07E5
__ptext2285                            text2252     1D68
__ptext2286                            text2250     072F
__ptext2287                            text2287     18A2
__ptext2288                            text2250     06BC
__ptext2289                            text2250     0690
__ptext2290                            text2250     062E
__ptext2291                            text2258     165C
__ptext2292                            text2250     061F
__ptext2293                            text2293     0808
__ptext2294                            text2293     0B9E
__ptext2295                            text2293     0E0A
__ptext2296                            text2293     0D0F
__ptext2297                            text2293     0B54
__ptext2298                            text2298     1962
__ptext2299                            text2293     0DE5
__ptext2300                            text2293     0AD4
__ptext2301                            text2293     0F7D
__ptext2302                            text2293     0CDC
__ptext2303                            text2293     0F59
__ptext2304                            text2293     0F2F
__ptext2305                            text2293     0DD3
__ptext2306                            text2293     0DE1
__ptext2307                            text2293     0E02
__ptext2308                            text2293     0DF6
__ptext2309                            text2293     0AB0
__ptext2310                            text2293     0F15
__ptext2311                            text2293     0B6A
__ptext2312                            text2293     0CC9
__ptext2313                            text2293     0EF9
__ptext2314                            text2293     0FF2
__ptext2315                            text2293     0DF0
__ptext2316                            text2293     0CC3
__ptext2317                            text2293     0CB4
__ptext2318                            text2293     0E06
__ptext2319                            text2293     0A90
__ptext2320                            text2293     0B3E
__ptext2321                            text2293     091B
__ptext2322                            text2322     0000
__size_of_BCD_to_DEC                   (abs)        0000
__size_of_ConvKeyNum                   (abs)        0000
__size_of_ConvertDayToBit              (abs)        0000
__size_of_EERD                         (abs)        0000
__size_of_EEWR                         (abs)        0000
__size_of_EditSchedule                 (abs)        0000
__size_of_F                            (abs)        0000
__size_of_FillMinutes                  (abs)        0000
__size_of_FindCell                     (abs)        0000
__size_of_FindNextTimeStart            (abs)        0000
__size_of_GetDayOfWeek                 (abs)        0000
__size_of_I2CAck                       (abs)        0000
__size_of_I2CInit                      (abs)        0000
__size_of_I2CNak                       (abs)        0000
__size_of_I2CRead                      (abs)        0000
__size_of_I2CRestart                   (abs)        0000
__size_of_I2CSend                      (abs)        0000
__size_of_I2CStart                     (abs)        0000
__size_of_I2CStop                      (abs)        0000
__size_of_ItemsToIndicator             (abs)        0000
__size_of_NumericToIndicator           (abs)        0000
__size_of_ParseDataRecord              (abs)        0000
__size_of_ParseTime                    (abs)        0000
__size_of_ReIndTimeEdit                (abs)        0000
__size_of_ReadFourBytesEE              (abs)        0000
__size_of_ReadTime                     (abs)        0000
__size_of_RefreshSchedulerIndicator    (abs)        0000
__size_of_Scheduler                    (abs)        0000
__size_of_SendArrayToLCD               (abs)        0000
__size_of_SendSymbolToLCD              (abs)        0000
__size_of_SignalsOnOff                 (abs)        0000
__size_of_TimeEdit                     (abs)        0000
__size_of_TimeToInd                    (abs)        0000
__size_of_TimesToIndicator             (abs)        0000
__size_of_WriteFourBytesEE             (abs)        0000
__size_of_WriteTime                    (abs)        0000
__size_of___aldiv                      (abs)        0000
__size_of___almod                      (abs)        0000
__size_of___bmul                       (abs)        0000
__size_of___lbdiv                      (abs)        0000
__size_of___lldiv                      (abs)        0000
__size_of___llmod                      (abs)        0000
__size_of___lmul                       (abs)        0000
__size_of___lwdiv                      (abs)        0000
__size_of___lwmod                      (abs)        0000
__size_of___wmul                       (abs)        0000
__size_of_clrInd                       (abs)        0000
__size_of_convDig_LCD                  (abs)        0000
__size_of_delay                        (abs)        0000
__size_of_entNum                       (abs)        0000
__size_of_getBorderUp                  (abs)        0000
__size_of_getDigit                     (abs)        0000
__size_of_lcd_init                     (abs)        0000
__size_of_lcd_off                      (abs)        0000
__size_of_lcd_on                       (abs)        0000
__size_of_lcd_send_byte                (abs)        0000
__size_of_lcd_send_initial_half_byte   (abs)        0000
__size_of_main                         (abs)        0000
__size_of_main2                        (abs)        0000
__size_of_setBlink                     (abs)        0000
__size_of_setDigit                     (abs)        0000
__size_ofi1_ConvertDayToBit            (abs)        0000
__size_ofi1_EERD                       (abs)        0000
__size_ofi1_EEWR                       (abs)        0000
__size_ofi1_FillMinutes                (abs)        0000
__size_ofi1_I2CInit                    (abs)        0000
__size_ofi1_I2CSend                    (abs)        0000
__size_ofi1_I2CStart                   (abs)        0000
__size_ofi1_I2CStop                    (abs)        0000
__size_ofi1_ReadFourBytesEE            (abs)        0000
__size_ofi1_WriteTime                  (abs)        0000
__size_ofi1___aldiv                    (abs)        0000
__size_ofi1___lmul                     (abs)        0000
__size_ofi1___lwdiv                    (abs)        0000
__size_ofi1___lwmod                    (abs)        0000
__size_ofi1_lcd_send_byte              (abs)        0000
__size_ofi1_lcd_send_initial_half_byte (abs)        0000
_cDays                                 dataBANK0    0063
_cHours                                bssBANK0     005B
_cMinutes                              bssBANK0     005C
_cMonths                               dataBANK0    0064
_cWeekDay                              dataBANK0    0065
_clrInd                                text2250     0690
_convDig_LCD                           text2293     091B
_delay                                 text2293     0B3E
_digits                                bssBANK2     0110
_entNum                                text2250     06BC
_exit                                  init         0012
_getBorderUp                           text2250     0709
_getDigit                              text2250     061F
_isTimeSetting                         bitbssBANK0  02F0
_lcd_init                              text2252     1C0B
_lcd_off                               text2252     1DAE
_lcd_on                                text2252     1EDF
_lcd_send_byte                         text2252     1EE9
_lcd_send_initial_half_byte            text2252     1F05
_lcd_send_initial_half_byte$1348       cstackBANK1  00A2
_main                                  maintext     1920
_main2                                 text2252     1C90
_modifide_digits                       bssBANK2     0130
_setBlink                              text2250     062E
_setDigit                              text2258     165C
_setDigit$1257                         cstackBANK1  00B4
btemp                                  (abs)        007E
clear_ram                              clrtext      0800
clrInd@a                               cstackBANK1  00A4
clrInd@b                               cstackBANK1  00A3
convDig_LCD@dig                        cstackCOMMON 0070
delay@count                            cstackCOMMON 0070
delay@del                              cstackCOMMON 0072
end_of_initialization                  cinit        1A50
entNum@KeyValue                        cstackBANK1  00A2
entNum@borderDown                      cstackBANK1  00A1
entNum@borderUp                        cstackBANK1  00A0
getBorderUp@BorderUp                   cstackBANK1  00A6
getBorderUp@n                          cstackBANK1  00A5
getDigit@line                          cstackBANK1  00A4
getDigit@symbol                        cstackBANK1  00A0
i1ConvertDayToBit@DayNumber            cstackCOMMON 0070
i1EERD@EEDATA_BUP                      cstackCOMMON 0072
i1EERD@INTCON_BUP                      cstackCOMMON 0071
i1EERD@adress                          cstackCOMMON 0070
i1EEWR@INTCON_BUP                      cstackCOMMON 0072
i1EEWR@adress                          cstackCOMMON 0071
i1EEWR@data                            cstackCOMMON 0070
i1I2CSend@dat                          cstackCOMMON 0070
i1ReadFourBytesEE@adress               cstackCOMMON 0077
i1ReadFourBytesEE@i                    cstackCOMMON 007C
i1ReadFourBytesEE@x                    cstackCOMMON 0078
i1WriteTime@DayOfWeek                  cstackCOMMON 007C
i1WriteTime@Hours                      cstackCOMMON 007B
i1WriteTime@INTCON_BUP                 cstackBANK0  0030
i1WriteTime@Minutes                    cstackBANK0  0031
i1_ConvertDayToBit                     text2293     0F15
i1_EERD                                text2293     0CC9
i1_EEWR                                text2293     0EF9
i1_FillMinutes                         text2293     0AB0
i1_I2CInit                             text2293     0DF6
i1_I2CSend                             text2293     0DD3
i1_I2CStart                            text2293     0E02
i1_I2CStop                             text2293     0DE1
i1_ReadFourBytesEE                     text2298     1962
i1_WriteTime                           text2293     0D0F
i1___aldiv                             text2293     0F7D
i1___aldiv@counter                     cstackCOMMON 0078
i1___aldiv@dividend                    cstackCOMMON 0074
i1___aldiv@divisor                     cstackCOMMON 0070
i1___aldiv@quotient                    cstackCOMMON 007A
i1___aldiv@sign                        cstackCOMMON 0079
i1___lmul                              text2293     0CDC
i1___lmul@multiplicand                 cstackCOMMON 0077
i1___lmul@multiplier                   cstackCOMMON 0073
i1___lmul@product                      cstackBANK0  0020
i1___lwdiv                             text2293     0F2F
i1___lwdiv@counter                     cstackCOMMON 0074
i1___lwdiv@dividend                    cstackCOMMON 0072
i1___lwdiv@divisor                     cstackCOMMON 0070
i1___lwdiv@quotient                    cstackCOMMON 0075
i1___lwmod                             text2293     0F59
i1___lwmod@counter                     cstackCOMMON 0074
i1___lwmod@dividend                    cstackCOMMON 0072
i1___lwmod@divisor                     cstackCOMMON 0070
i1_lcd_send_byte                       text2293     0B54
i1_lcd_send_initial_half_byte          text2293     0B6A
i1_lcd_send_initial_half_byte$1348     cstackCOMMON 0072
i1l1014                                                 
i1l1017                                                 
i1l1276                                                 
i1l1352                                                 
i1l1365                                                 
i1l1368                                                 
i1l1374                                                 
i1l1380                                                 
i1l1386                                                 
i1l1392                                                 
i1l1398                                                 
i1l1407                                                 
i1l1416                                                 
i1l2032                                                 
i1l2048                                                 
i1l2058                                                 
i1l2113                                                 
i1l2240                                                 
i1l6735                                                 
i1l7221                                                 
i1l7225                                                 
i1l7227                                                 
i1l7233                                                 
i1l7235                                                 
i1l7245                                                 
i1l7247                                                 
i1l7249                                                 
i1l7257                                                 
i1l7259                                                 
i1l7261                                                 
i1l7263                                                 
i1l7265                                                 
i1l7267                                                 
i1l7269                                                 
i1l7271                                                 
i1l7273                                                 
i1l7281                                                 
i1l7283                                                 
i1l7285                                                 
i1l7287                                                 
i1l7289                                                 
i1l7291                                                 
i1l7293                                                 
i1l7327                                                 
i1l7443                                                 
i1l7451                                                 
i1l7455                                                 
i1l7457                                                 
i1l7459                                                 
i1l7461                                                 
i1l7463                                                 
i1l7465                                                 
i1l7467                                                 
i1l7469                                                 
i1l7471                                                 
i1l7473                                                 
i1l7475                                                 
i1l7477                                                 
i1l7491                                                 
i1l7493                                                 
i1l7495                                                 
i1l7497                                                 
i1l7503                                                 
i1l7505                                                 
i1l7509                                                 
i1l7513                                                 
i1l7515                                                 
i1l7517                                                 
i1l7519                                                 
i1l7521                                                 
i1l7523                                                 
i1l7549                                                 
i1l7551                                                 
i1l7559                                                 
i1l7565                                                 
i1l7569                                                 
i1l7573                                                 
i1l7577                                                 
i1l7579                                                 
i1l7581                                                 
i1l7585                                                 
i1l7589                                                 
i1l7605                                                 
i1l7607                                                 
i1l7609                                                 
i1l7611                                                 
i1l7613                                                 
i1l7615                                                 
i1l7617                                                 
i1l7619                                                 
i1l7621                                                 
i1l7623                                                 
i1l7627                                                 
i1l7629                                                 
i1l7631                                                 
i1l7633                                                 
i1l7635                                                 
i1l7637                                                 
i1l7639                                                 
i1l7641                                                 
i1l7645                                                 
i1l7647                                                 
i1l7649                                                 
i1l7651                                                 
i1l7653                                                 
i1l7655                                                 
i1l7661                                                 
i1l7663                                                 
i1l7679                                                 
i1l7681                                                 
i1l7693                                                 
i1l7695                                                 
i1l7699                                                 
i1l7707                                                 
i1l7709                                                 
i1l7931                                                 
i1l7933                                                 
i1l7935                                                 
i1l7937                                                 
i1l7939                                                 
i1l7941                                                 
i1l7943                                                 
i1l7945                                                 
i1l7947                                                 
i1l7949                                                 
i1l7951                                                 
i1l7953                                                 
i1l7955                                                 
i1l7959                                                 
i1l7967                                                 
i1l7969                                                 
i1l7975                                                 
i1l7977                                                 
i1l7979                                                 
i1l7981                                                 
i1l7991                                                 
i1l7993                                                 
i1l7995                                                 
i1l8003                                                 
i1l8005                                                 
i1l8007                                                 
i1l8009                                                 
i1l8011                                                 
i1l8013                                                 
i1l8053                                                 
i1l8055                                                 
i1l8057                                                 
i1l8059                                                 
i1l8061                                                 
i1l8063                                                 
i1l8065                                                 
i1l8067                                                 
i1l8069                                                 
i1l8071                                                 
i1l8073                                                 
i1l8075                                                 
i1l8077                                                 
i1l8079                                                 
i1l8081                                                 
i1l8083                                                 
i1l8085                                                 
i1l8087                                                 
i1l8089                                                 
i1l8091                                                 
i1l8093                                                 
i1l8099                                                 
i1l8101                                                 
i1l8111                                                 
i1l8115                                                 
i1l8119                                                 
i1l8125                                                 
i1l8139                                                 
i1l8145                                                 
i1l8151                                                 
i1l8157                                                 
i1l8159                                                 
i1l8165                                                 
i1l8169                                                 
i1l8179                                                 
i1l8183                                                 
i1l8187                                                 
i1l8191                                                 
i1l906                                                  
i1l909                                                  
i1l965                                                  
i1l979                                                  
i1l993                                                  
i1lcd_send_byte@data                   cstackCOMMON 0078
i1lcd_send_initial_half_byte@a         cstackCOMMON 0075
i1lcd_send_initial_half_byte@data      cstackCOMMON 0071
i1lcd_send_initial_half_byte@data_temp cstackCOMMON 0074
interrupt_function                     intentry     0004
intlevel0                              functab      0000
intlevel1                              functab      0000
intlevel2                              functab      0000
intlevel3                              functab      0000
intlevel4                              functab      0000
intlevel5                              functab      0000
l10003                                                  
l10009                                                  
l10011                                                  
l10031                                                  
l10035                                                  
l10041                                                  
l10043                                                  
l10049                                                  
l10053                                                  
l10063                                                  
l10067                                                  
l10071                                                  
l10075                                                  
l10081                                                  
l10083                                                  
l10087                                                  
l10089                                                  
l10091                                                  
l10095                                                  
l10099                                                  
l10101                                                  
l10107                                                  
l10115                                                  
l10117                                                  
l10123                                                  
l10125                                                  
l10127                                                  
l10129                                                  
l10131                                                  
l10133                                                  
l10135                                                  
l10137                                                  
l10139                                                  
l1014                                                   
l10141                                                  
l10143                                                  
l10145                                                  
l10147                                                  
l10149                                                  
l10151                                                  
l10153                                                  
l10155                                                  
l10157                                                  
l10159                                                  
l10161                                                  
l10163                                                  
l10165                                                  
l10167                                                  
l10169                                                  
l1017                                                   
l10171                                                  
l10173                                                  
l10175                                                  
l10177                                                  
l10179                                                  
l10181                                                  
l10183                                                  
l10185                                                  
l10187                                                  
l10189                                                  
l10191                                                  
l10193                                                  
l10195                                                  
l10197                                                  
l10199                                                  
l1020                                                   
l10207                                                  
l10209                                                  
l10211                                                  
l10213                                                  
l10215                                                  
l10217                                                  
l10219                                                  
l1023                                                   
l10239                                                  
l10241                                                  
l10253                                                  
l1026                                                   
l10261                                                  
l10263                                                  
l10265                                                  
l10267                                                  
l10269                                                  
l10271                                                  
l10275                                                  
l10287                                                  
l10311                                                  
l10313                                                  
l10315                                                  
l10317                                                  
l10319                                                  
l10321                                                  
l10323                                                  
l10327                                                  
l10329                                                  
l10335                                                  
l10347                                                  
l10349                                                  
l10351                                                  
l10357                                                  
l10365                                                  
l10367                                                  
l10369                                                  
l10375                                                  
l10383                                                  
[...]
l10505                                                  
l10511                                                  
l10515                                                  
l10517                                                  
l10525                                                  
l10527                                                  
l10529                                                  
l10531                                                  
l10533                                                  
l10541                                                  
l10545                                                  
l10547                                                  
l10553                                                  
l10555                                                  
l10559                                                  
l10561                                                  
l10569                                                  
l10571                                                  
l10573                                                  
l10575                                                  
l10577                                                  
l10583                                                  
l10585                                                  
l10587                                                  
l10589                                                  
l10591                                                  
l10593                                                  
l10595                                                  
l10603                                                  
l10605                                                  
l10607                                                  
l10613                                                  
l10615                                                  
l10623                                                  
l10629                                                  
l10637                                                  
l10639                                                  
l10641                                                  
l10643                                                  
l10645                                                  
l10647                                                  
l10649                                                  
l10651                                                  
l10653                                                  
l10655                                                  
l10657                                                  
l10659                                                  
l10661                                                  
l10663                                                  
l10665                                                  
l10667                                                  
l10669                                                  
l10671                                                  
l10673                                                  
l10675                                                  
l10677                                                  
l10681                                                  
l10691                                                  
l10701                                                  
l10705                                                  
l10713                                                  
l10715                                                  
l10721                                                  
l10723                                                  
l10741                                                  
l10743                                                  
l10751                                                  
l10757                                                  
l10759                                                  
l10761                                                  
l10781                                                  
l10783                                                  
l10795                                                  
l10797                                                  
l10799                                                  
l1080                                                   
l10801                                                  
l10803                                                  
l10805                                                  
l10807                                                  
l10813                                                  
l10817                                                  
l10829                                                  
l10835                                                  
l10839                                                  
l10851                                                  
l10855                                                  
l10859                                                  
l10879                                                  
l10881                                                  
l10887                                                  
l10889                                                  
l10893                                                  
l10895                                                  
l10907                                                  
l1092                                                   
l10921                                                  
l10927                                                  
l10929                                                  
l10941                                                  
l10961                                                  
l10967                                                  
l1097                                                   
l10973                                                  
l10975                                                  
l10979                                                  
l10981                                                  
l10983                                                  
l10987                                                  
l10991                                                  
l10993                                                  
l10999                                                  
l11001                                                  
l11003                                                  
l11005                                                  
l11009                                                  
l11013                                                  
l11015                                                  
l11017                                                  
l11019                                                  
l11021                                                  
l11023                                                  
l11025                                                  
l11027                                                  
l11029                                                  
l11031                                                  
l11037                                                  
l11043                                                  
l11045                                                  
l11047                                                  
l11049                                                  
l11051                                                  
l11053                                                  
l11055                                                  
l11057                                                  
l11059                                                  
l11061                                                  
l11063                                                  
l11065                                                  
l11067                                                  
l1107                                                   
l11075                                                  
l11077                                                  
l11079                                                  
l11081                                                  
l11083                                                  
l11085                                                  
l11087                                                  
l11091                                                  
l11095                                                  
l11097                                                  
l11099                                                  
l11103                                                  
l11105                                                  
l11107                                                  
l11109                                                  
l11111                                                  
l11121                                                  
l11131                                                  
l11141                                                  
l11149                                                  
l11157                                                  
l11169                                                  
l11171                                                  
l11177                                                  
l11179                                                  
l11181                                                  
l11185                                                  
l11187                                                  
l11189                                                  
l11201                                                  
l11203                                                  
l11211                                                  
l11215                                                  
l11223                                                  
l11229                                                  
l11237                                                  
l11239                                                  
l1124                                                   
l11245                                                  
l11247                                                  
l11253                                                  
l11255                                                  
l11261                                                  
l11263                                                  
l11269                                                  
l11271                                                  
l11277                                                  
l11279                                                  
l11281                                                  
l11293                                                  
l11295                                                  
l11297                                                  
l11299                                                  
l11301                                                  
l11303                                                  
l11305                                                  
l11307                                                  
l11309                                                  
l11311                                                  
l11313                                                  
l11315                                                  
l11319                                                  
l11321                                                  
l11323                                                  
l11325                                                  
l11327                                                  
l11329                                                  
l11331                                                  
l11333                                                  
l11335                                                  
l1239                                                   
l1242                                                   
l1259                                                   
l1276                                                   
l1314                                                   
l1365                                                   
l1368                                                   
l1374                                                   
l1380                                                   
l1407                                                   
l2038                                                   
l2048                                                   
l2058                                                   
l2068                                                   
l2113                                                   
l2195                                                   
l2214                                                   
l2227                                                   
l2240                                                   
l725                                                    
l734                                                    
l747                                                    
l880                                                    
l906                                                    
l909                                                    
l912                                                    
l9609                                                   
l9613                                                   
l9615                                                   
l9617                                                   
l9619                                                   
l9621                                                   
l9623                                                   
l9625                                                   
l9627                                                   
l9635                                                   
l9643                                                   
l9645                                                   
l9647                                                   
l965                                                    
l9653                                                   
l9669                                                   
l9671                                                   
l9675                                                   
l9677                                                   
l9683                                                   
l9689                                                   
l970                                                    
l9703                                                   
l9705                                                   
l9735                                                   
l9737                                                   
l9739                                                   
l9741                                                   
l9743                                                   
l9745                                                   
l9747                                                   
l9749                                                   
l9751                                                   
l9753                                                   
l9755                                                   
l9757                                                   
l9759                                                   
l9761                                                   
l9763                                                   
l9765                                                   
l9767                                                   
l9769                                                   
l9771                                                   
l9773                                                   
l9777                                                   
l9779                                                   
l9781                                                   
l9783                                                   
l9793                                                   
l9795                                                   
l9797                                                   
l9805                                                   
l9807                                                   
l9809                                                   
l9849                                                   
l9851                                                   
l9853                                                   
l9855                                                   
l9857                                                   
l9863                                                   
l9865                                                   
l9873                                                   
l9875                                                   
l9881                                                   
l9883                                                   
l9893                                                   
l9897                                                   
l9901                                                   
l9907                                                   
l9921                                                   
l9927                                                   
l9929                                                   
l9931                                                   
l9937                                                   
l9941                                                   
l9945                                                   
l9951                                                   
l9957                                                   
l9963                                                   
l9977                                                   
l9983                                                   
l9985                                                   
l9995                                                   
l9999                                                   
lcd_init@INTCON_BUF                    cstackBANK1  00AB
lcd_send_byte@data                     cstackBANK1  00A8
lcd_send_initial_half_byte@a           cstackBANK1  00A5
lcd_send_initial_half_byte@data        cstackBANK1  00A1
lcd_send_initial_half_byte@data_temp   cstackBANK1  00A4
reset_vec                              reset_vec    0000
saved_w                                (abs)        007E
setBlink@line                          cstackBANK1  00A6
setBlink@symbol                        cstackBANK1  00A0
setBlink@value                         cstackBANK1  00A1
setBlink@value0                        cstackBANK1  00A5
setDigit@data                          cstackBANK1  00AF
setDigit@e0                            cstackBANK1  00B3
setDigit@line                          cstackBANK1  00B7
setDigit@symbol                        cstackBANK1  00AE
setDigit@value                         cstackBANK1  00B5
setDigit@value0                        cstackBANK1  00B6
start                                  init         0012
start_initialization                   cinit        19EB
u8420                                                   
u8430                                                   
u8440                                                   
wtemp0                                 (abs)        007E
