Microchip MPLAB XC8 Compiler V1.37 ()

Linker command line:

-W9 --edf=/opt/microchip/xc8/v1.37/dat/en_msgs.txt -cs \
  -h+dist/default/production/Water_PIC18_test.production.sym \
  --cmf=dist/default/production/Water_PIC18_test.production.cmf -z \
  -Q18F2620 -o/tmp/xcXypnJtJ \
  -Mdist/default/production/Water_PIC18_test.production.map -E1 -ver=XC8 \
  --acfsm=1493 -ASTACK=0C6Ah-0f7fh -pstack=STACK -ACODE=00h-0FFFFh \
  -ACONST=00h-0FFFFh -ASMALLCONST=01000h-010FFhx240 \
  -AMEDIUMCONST=01000h-0FFFFh -ACOMRAM=01h-07Fh -AABS1=00h-0F7Fh \
  -ABIGRAM=01h-0F7Fh -ARAM=080h-0FFh,0100h-01FFhx14,0F00h-0F7Fh \
  -ABANK0=080h-0FFh -ABANK1=0100h-01FFh -ABANK2=0200h-02FFh \
  -ABANK3=0300h-03FFh -ABANK4=0400h-04FFh -ABANK5=0500h-05FFh \
  -ABANK6=0600h-06FFh -ABANK7=0700h-07FFh -ABANK8=0800h-08FFh \
  -ABANK9=0900h-09FFh -ABANK10=0A00h-0AFFh -ABANK11=0B00h-0BFFh \
  -ABANK12=0C00h-0CFFh -ABANK13=0D00h-0DFFh -ABANK14=0E00h-0EFFh \
  -ABANK15=0F00h-0F7Fh -ASFR=0F80h-0FFFh \
  -preset_vec=00h,intcode=08h,intcodelo=018h,powerup,init,end_init \
  -pramtop=01000h -psmallconst=SMALLCONST -pmediumconst=MEDIUMCONST \
  -pconst=CONST -AFARRAM=00h-00h -ACONFIG=0300000h-030000Dh -pconfig=CONFIG \
  -AIDLOC=0200000h-0200007h -pidloc=IDLOC -AEEDATA=0F00000h-0F003FFh \
  -peeprom_data=EEDATA \
  -prdata=COMRAM,nvrram=COMRAM,nvbit=COMRAM,rbss=COMRAM,rbit=COMRAM \
  -pfarbss=FARRAM,fardata=FARRAM,nvFARRAM=FARRAM \
  -pintsave_regs=BIGRAM,bigbss=BIGRAM,bigdata=BIGRAM -pbss=RAM \
  -pidata=CODE,irdata=CODE,ibigdata=CODE,ifardata=CODE -prparam=COMRAM \
  /tmp/xcXPIld4i.obj \
  dist/default/production/Water_PIC18_test.production.obj 

Object code version is 3.11

Machine type is 18F2620

Call graph: (short form)




                Name                               Link     Load   Length Selector   Space Scale
/tmp/xcXPIld4i.obj
                end_init                            384      384        4        C       0
                reset_vec                             0        0        4        0       0
                config                           300000   300000        E   300000       0
dist/default/production/Water_PIC18_test.production.obj
                intcodelo                            18       18      36C        C       0
                intcode                               8        8        E        4       0
                temp                                 5F       5F        1        1       1
                mediumconst                        FBF6     FBF6      40A     7DFB       0
                text152                            853E     853E       26     3E4C       0
                text151                            60F4     60F4       EC        C       0
                text150                            7AC4     7AC4       64     3CFE       0
                intcode_body                       75E8     75E8       72        C       0
                text148                            7A60     7A60       64     3CFE       0
                text147                            6834     6834       BC        C       0
                text146                            68F0     68F0       B4        C       0
                text145                            85AC     85AC       24     3E4C       0
                text144                            8178     8178       36     3E4C       0
                text143                            7862     7862       68        C       0
                text142                            6778     6778       BC        C       0
                text141                            7EA6     7EA6       42     3E4C       0
                text140                            8798     8798       12     3E4C       0
                text139                            8518     8518       26     3E4C       0
                text138                            84F2     84F2       26     3E4C       0
                text137                            58EC     58EC      144        C       0
                text136                            86E4     86E4       1E     3E4C       0
                text135                            86C6     86C6       1E     3E4C       0
                text134                            86A8     86A8       1E     3E4C       0
                text133                            80D4     80D4       38     3E4C       0
                text132                            7484     7484       78        C       0
                text131                            77FA     77FA       68        C       0
                text130                            84CC     84CC       26     3E4C       0
                text129                            701E     701E       86        C       0
                text128                            5C94     5C94      124        C       0
                text127                            8610     8610       20     3E4C       0
                text126                            7D82     7D82       4C     3E4C       0
                text125                            7CE8     7CE8       4E     3E4C       0
                text124                            7FE4     7FE4       3E     3E4C       0
                text123                            8786     8786       12     3E4C       0
                text122                            7572     7572       76        C       0
                text121                            2F1A     2F1A      4E4        C       0
                text120                            87D6     87D6        C     3E4C       0
                text119                            8738     8738       16     3E4C       0
                text118                            87EC     87EC        A     3E4C       0
                text117                            87E2     87E2        A     3E4C       0
                text116                            8702     8702       1C     3E4C       0
                text115                            8828     8828        8     4400       0
                text114                            8836     8836        4     4400       0
                text113                            871E     871E       1A     3E4C       0
                text112                            8820     8820        8     4400       0
                text111                            8818     8818        8     4400       0
                text110                            7222     7222       7E        C       0
                text109                            868A     868A       1E     3E4C       0
                text108                            74FC     74FC       76        C       0
                text107                            81E2     81E2       34     3E4C       0
                text106                            70A4     70A4       82        C       0
                text105                            833E     833E       30     3E4C       0
                text104                            7E18     7E18       4A     3E4C       0
                text103                            7FA6     7FA6       3E     3E4C       0
                text102                            4E36     4E36      1CA        C       0
                text101                            3C92     3C92      3DE        C       0
                text100                            8810     8810        8     4400       0
                text99                             84A6     84A6       26     3E4C       0
                text98                             8588     8588       24     3E4C       0
                text96                             8480     8480       26     3E4C       0
                text95                             8564     8564       24     3E4C       0
                text94                             866C     866C       1E     3E4C       0
                text93                             845A     845A       26     3E4C       0
                text92                             71A4     71A4       7E        C       0
                text91                             8142     8142       36     3E4C       0
                text90                             6E82     6E82       8C        C       0
                text89                             7D36     7D36       4C     3E4C       0
                text88                             51AE     51AE      19E        C       0
                text87                             72A0     72A0       7C        C       0
                text86                             66BC     66BC       BC        C       0
                text85                             6CCC     6CCC       9A        C       0
                text84                             7930     7930       66        C       0
                text83                             5ED8     5ED8      116        C       0
                text82                             7DCE     7DCE       4A     3E4C       0
                text81                             7F68     7F68       3E     3E4C       0
                text80                             7792     7792       68        C       0
                text79                             7C98     7C98       50     3E4C       0
                text78                             33FE     33FE      48A        C       0
                text77                             772A     772A       68        C       0
                text76                             85F0     85F0       20     3E4C       0
                text75                             5B6A     5B6A      12A        C       0
                text74                             6B96     6B96       9C        C       0
                text73                             6C32     6C32       9A        C       0
                text72                             78CA     78CA       66        C       0
                text71                             805E     805E       3C     3E4C       0
                text70                             6DF6     6DF6       8C        C       0
                text69                             4070     4070      2D4        C       0
                text68                             830E     830E       30     3E4C       0
                text67                             7B88     7B88       5E     3CFE       0
                text66                             6F96     6F96       88        C       0
                text65                             4866     4866      20A        C       0
                text64                             864E     864E       1E     3E4C       0
                text63                             8774     8774       12     3E4C       0
                text62                             740C     740C       78        C       0
                text61                             1A74     1A74      7B6        C       0
                text60                             564A     564A      152        C       0
                text59                             85D0     85D0       20     3E4C       0
                text58                             6D66     6D66       90        C       0
                text57                             809A     809A       3A     3E4C       0
                text56                             76C2     76C2       68        C       0
                text55                             3888     3888      40A        C       0
                text54                             7F28     7F28       40     3E4C       0
                text53                             7EE8     7EE8       40     3E4C       0
                text52                             65FA     65FA       C2        C       0
                text51                             8434     8434       26     3E4C       0
                text50                             579C     579C      150        C       0
                text49                              388      388      F1E        C       0
                text48                             6AF8     6AF8       9E        C       0
                text47                             7126     7126       7E        C       0
                text46                             4344     4344      2C6        C       0
                text45                             7B28     7B28       60     3CFE       0
                text44                             87C8     87C8        E     3E4C       0
                text43                             8022     8022       3C     3E4C       0
                text42                             5A30     5A30      13A        C       0
                text41                             874E     874E       14     3E4C       0
                text40                             7394     7394       78        C       0
                text39                             765A     765A       68        C       0
                text38                             840E     840E       26     3E4C       0
                text37                             6F0E     6F0E       88        C       0
                text36                             4C60     4C60      1D6        C       0
                text35                             82AC     82AC       32     3E4C       0
                text34                             81AE     81AE       34     3E4C       0
                text33                             5DB8     5DB8      120        C       0
                text32                             810C     810C       36     3E4C       0
                text31                             83C0     83C0       28     3E4C       0
                text30                             836E     836E       2A     3E4C       0
                text29                             8762     8762       12     3E4C       0
                text28                             8630     8630       1E     3E4C       0
                text27                             8808     8808        8     4400       0
                text26                             8800     8800        8     4400       0
                text25                             731C     731C       78        C       0
                text24                             79FC     79FC       64     3CFE       0
                text23                             534C     534C      18C        C       0
                text22                             82DE     82DE       30     3E4C       0
                text21                             12A6     12A6      7CE        C       0
                text20                             83E8     83E8       26     3E4C       0
                text19                             61E0     61E0       E2        C       0
                text18                             827A     827A       32     3E4C       0
                text17                             8248     8248       32     3E4C       0
                text16                             7E62     7E62       44     3E4C       0
                text15                             7BE6     7BE6       5C     3CFE       0
                text14                             222A     222A      706        C       0
                text13                             62C2     62C2       DA        C       0
                text12                             5000     5000      1AE        C       0
                text11                             69A4     69A4       AE        C       0
                text10                             639C     639C       D2        C       0
                text9                              6A52     6A52       A6        C       0
                text8                              2930     2930      5EA        C       0
                text7                              5FEE     5FEE      106        C       0
                text6                              8216     8216       32     3E4C       0
                text5                              8398     8398       28     3E4C       0
                text4                              87BA     87BA        E     3E4C       0
                text3                              646E     646E       CA        C       0
                text2                              87AA     87AA       10     3E4C       0
                text1                              460A     460A      25C        C       0
                text0                              4A70     4A70      1F0        C       0
                cstackCOMRAM                          1        1       42        1       1
                cstackBANK0                          80       80       5A       80       1
                cstackBANK1                         100      100       C5      100       1
                cstackBANK2                         200      200       F9      200       1
                cstackBANK3                         300      300       8E      300       1
                cstackBANK4                         4F6      4F6        A      400       1
                cstackBANK10                        A00      A00       6A      A00       1
                bssBIGRAM                           A6A      A6A      200      A6A       1
                bssBANK9                            900      900      100      900       1
                bssBANK8                            800      800      100      800       1
                bssBANK7                            700      700      100      700       1
                bssBANK6                            600      600      100      600       1
                dataBANK5                           5A4      5A4       55      500       1
                bssBANK5                            500      500       A4      500       1
                dataBANK4                           400      400       C2      400       1
                bssBANK4                            4C2      4C2       34      400       1
                dataBANK3                           38E      38E       65      300       1
                bssBANK3                            3F3      3F3        C      300       1
                dataBANK2                           2FE      2FE        2      200       1
                bssBANK2                            2F9      2F9        5      200       1
                dataBANK0                            ED       ED        9       80       1
                bssBANK0                             DA       DA       13       80       1
                dataCOMRAM                           59       59        6        1       1
                bssCOMRAM                            43       43       16        1       1
                cinit                              54D8     54D8      172        C       0
                idataBANK5                         7C42     7C42       55     3CFE       0
                idataBANK4                         6538     6538       C2        C       0
                idataBANK3                         7996     7996       65        C       0
                idataBANK2                         883A     883A        2     4400       0
                idataBANK0                         87F6     87F6        9     3E4C       0
                idataCOMRAM                        8830     8830        6     4400       0

TOTAL           Name                               Link     Load   Length     Space
        CLASS   STACK          

        CLASS   CODE           
                end_init                            384      384        4         0
                intcodelo                            18       18      36C         0
                intcode                               8        8        E         0
                reset_vec                             0        0        4         0
                text152                            853E     853E       26         0
                text151                            60F4     60F4       EC         0
                text150                            7AC4     7AC4       64         0
                intcode_body                       75E8     75E8       72         0
                text148                            7A60     7A60       64         0
                text147                            6834     6834       BC         0
                text146                            68F0     68F0       B4         0
                text145                            85AC     85AC       24         0
                text144                            8178     8178       36         0
                text143                            7862     7862       68         0
                text142                            6778     6778       BC         0
                text141                            7EA6     7EA6       42         0
                text140                            8798     8798       12         0
                text139                            8518     8518       26         0
                text138                            84F2     84F2       26         0
                text137                            58EC     58EC      144         0
                text136                            86E4     86E4       1E         0
                text135                            86C6     86C6       1E         0
                text134                            86A8     86A8       1E         0
                text133                            80D4     80D4       38         0
                text132                            7484     7484       78         0
                text131                            77FA     77FA       68         0
                text130                            84CC     84CC       26         0
                text129                            701E     701E       86         0
                text128                            5C94     5C94      124         0
                text127                            8610     8610       20         0
                text126                            7D82     7D82       4C         0
                text125                            7CE8     7CE8       4E         0
                text124                            7FE4     7FE4       3E         0
                text123                            8786     8786       12         0
                text122                            7572     7572       76         0
                text121                            2F1A     2F1A      4E4         0
                text120                            87D6     87D6        C         0
                text119                            8738     8738       16         0
                text118                            87EC     87EC        A         0
                text117                            87E2     87E2        A         0
                text116                            8702     8702       1C         0
                text115                            8828     8828        8         0
                text114                            8836     8836        4         0
                text113                            871E     871E       1A         0
                text112                            8820     8820        8         0
                text111                            8818     8818        8         0
                text110                            7222     7222       7E         0
                text109                            868A     868A       1E         0
                text108                            74FC     74FC       76         0
                text107                            81E2     81E2       34         0
                text106                            70A4     70A4       82         0
                text105                            833E     833E       30         0
                text104                            7E18     7E18       4A         0
                text103                            7FA6     7FA6       3E         0
                text102                            4E36     4E36      1CA         0
                text101                            3C92     3C92      3DE         0
                text100                            8810     8810        8         0
                text99                             84A6     84A6       26         0
                text98                             8588     8588       24         0
                text96                             8480     8480       26         0
                text95                             8564     8564       24         0
                text94                             866C     866C       1E         0
                text93                             845A     845A       26         0
                text92                             71A4     71A4       7E         0
                text91                             8142     8142       36         0
                text90                             6E82     6E82       8C         0
                text89                             7D36     7D36       4C         0
                text88                             51AE     51AE      19E         0
                text87                             72A0     72A0       7C         0
                text86                             66BC     66BC       BC         0
                text85                             6CCC     6CCC       9A         0
                text84                             7930     7930       66         0
                text83                             5ED8     5ED8      116         0
                text82                             7DCE     7DCE       4A         0
                text81                             7F68     7F68       3E         0
                text80                             7792     7792       68         0
                text79                             7C98     7C98       50         0
                text78                             33FE     33FE      48A         0
                text77                             772A     772A       68         0
                text76                             85F0     85F0       20         0
                text75                             5B6A     5B6A      12A         0
                text74                             6B96     6B96       9C         0
                text73                             6C32     6C32       9A         0
                text72                             78CA     78CA       66         0
                text71                             805E     805E       3C         0
                text70                             6DF6     6DF6       8C         0
                text69                             4070     4070      2D4         0
                text68                             830E     830E       30         0
                text67                             7B88     7B88       5E         0
                text66                             6F96     6F96       88         0
                text65                             4866     4866      20A         0
                text64                             864E     864E       1E         0
                text63                             8774     8774       12         0
                text62                             740C     740C       78         0
                text61                             1A74     1A74      7B6         0
                text60                             564A     564A      152         0
                text59                             85D0     85D0       20         0
                text58                             6D66     6D66       90         0
                text57                             809A     809A       3A         0
                text56                             76C2     76C2       68         0
                text55                             3888     3888      40A         0
                text54                             7F28     7F28       40         0
                text53                             7EE8     7EE8       40         0
                text52                             65FA     65FA       C2         0
                text51                             8434     8434       26         0
                text50                             579C     579C      150         0
                text49                              388      388      F1E         0
                text48                             6AF8     6AF8       9E         0
                text47                             7126     7126       7E         0
                text46                             4344     4344      2C6         0
                text45                             7B28     7B28       60         0
                text44                             87C8     87C8        E         0
                text43                             8022     8022       3C         0
                text42                             5A30     5A30      13A         0
                text41                             874E     874E       14         0
                text40                             7394     7394       78         0
                text39                             765A     765A       68         0
                text38                             840E     840E       26         0
                text37                             6F0E     6F0E       88         0
                text36                             4C60     4C60      1D6         0
                text35                             82AC     82AC       32         0
                text34                             81AE     81AE       34         0
                text33                             5DB8     5DB8      120         0
                text32                             810C     810C       36         0
                text31                             83C0     83C0       28         0
                text30                             836E     836E       2A         0
                text29                             8762     8762       12         0
                text28                             8630     8630       1E         0
                text27                             8808     8808        8         0
                text26                             8800     8800        8         0
                text25                             731C     731C       78         0
                text24                             79FC     79FC       64         0
                text23                             534C     534C      18C         0
                text22                             82DE     82DE       30         0
                text21                             12A6     12A6      7CE         0
                text20                             83E8     83E8       26         0
                text19                             61E0     61E0       E2         0
                text18                             827A     827A       32         0
                text17                             8248     8248       32         0
                text16                             7E62     7E62       44         0
                text15                             7BE6     7BE6       5C         0
                text14                             222A     222A      706         0
                text13                             62C2     62C2       DA         0
                text12                             5000     5000      1AE         0
                text11                             69A4     69A4       AE         0
                text10                             639C     639C       D2         0
                text9                              6A52     6A52       A6         0
                text8                              2930     2930      5EA         0
                text7                              5FEE     5FEE      106         0
                text6                              8216     8216       32         0
                text5                              8398     8398       28         0
                text4                              87BA     87BA        E         0
                text3                              646E     646E       CA         0
                text2                              87AA     87AA       10         0
                text1                              460A     460A      25C         0
                text0                              4A70     4A70      1F0         0
                cinit                              54D8     54D8      172         0
                idataBANK5                         7C42     7C42       55         0
                idataBANK4                         6538     6538       C2         0
                idataBANK3                         7996     7996       65         0
                idataBANK2                         883A     883A        2         0
                idataBANK0                         87F6     87F6        9         0
                idataCOMRAM                        8830     8830        6         0

        CLASS   CONST          

        CLASS   SMALLCONST     

        CLASS   MEDIUMCONST    
                mediumconst                        FBF6     FBF6      40A         0

        CLASS   COMRAM         
                temp                                 5F       5F        1         1
                cstackCOMRAM                          1        1       42         1
                dataCOMRAM                           59       59        6         1
                bssCOMRAM                            43       43       16         1

        CLASS   ABS1           

        CLASS   BIGRAM         
                bssBIGRAM                           A6A      A6A      200         1

        CLASS   RAM            

        CLASS   BANK0          
                cstackBANK0                          80       80       5A         1
                dataBANK0                            ED       ED        9         1
                bssBANK0                             DA       DA       13         1

        CLASS   BANK1          
                cstackBANK1                         100      100       C5         1

        CLASS   BANK2          
                cstackBANK2                         200      200       F9         1
                dataBANK2                           2FE      2FE        2         1
                bssBANK2                            2F9      2F9        5         1

        CLASS   BANK3          
                cstackBANK3                         300      300       8E         1
                dataBANK3                           38E      38E       65         1
                bssBANK3                            3F3      3F3        C         1

        CLASS   BANK4          
                cstackBANK4                         4F6      4F6        A         1
                dataBANK4                           400      400       C2         1
                bssBANK4                            4C2      4C2       34         1

        CLASS   BANK5          
                dataBANK5                           5A4      5A4       55         1
                bssBANK5                            500      500       A4         1

        CLASS   BANK6          
                bssBANK6                            600      600      100         1

        CLASS   BANK7          
                bssBANK7                            700      700      100         1

        CLASS   BANK8          
                bssBANK8                            800      800      100         1

        CLASS   BANK9          
                bssBANK9                            900      900      100         1

        CLASS   BANK10         
                cstackBANK10                        A00      A00       6A         1

        CLASS   BANK11         

        CLASS   BANK12         

        CLASS   BANK13         

        CLASS   BANK14         

        CLASS   BANK15         

        CLASS   SFR            

        CLASS   FARRAM         

        CLASS   CONFIG         
                config                           300000   300000        E         0

        CLASS   IDLOC          

        CLASS   EEDATA         



SEGMENTS        Name                           Load    Length   Top    Selector   Space  Class

                reset_vec                      000000  000004  000004         0       0  CODE    
                cstackCOMRAM                   000001  00005F  000060         1       1  COMRAM  
                intcode                        000008  00000E  000016         4       0  CODE    
                intcodelo                      000018  0079E3  0079FB         C       0  CODE    
                cstackBANK0                    000080  000076  0000F6        80       1  BANK0   
                cstackBANK1                    000100  0000C5  0001C5       100       1  BANK1   
                cstackBANK2                    000200  000100  000300       200       1  BANK2   
                cstackBANK3                    000300  0000FF  0003FF       300       1  BANK3   
                dataBANK4                      000400  000100  000500       400       1  BANK4   
                bssBANK5                       000500  0000F9  0005F9       500       1  BANK5   
                bssBANK6                       000600  000100  000700       600       1  BANK6   
                bssBANK7                       000700  000100  000800       700       1  BANK7   
                bssBANK8                       000800  000100  000900       800       1  BANK8   
                bssBANK9                       000900  000100  000A00       900       1  BANK9   
                cstackBANK10                   000A00  00006A  000A6A       A00       1  BANK10  
                bssBIGRAM                      000A6A  000200  000C6A       A6A       1  BIGRAM  
                text24                         0079FC  00029B  007C97      3CFE       0  CODE    
                text79                         007C98  000B67  0087FF      3E4C       0  CODE    
                text26                         008800  00003C  00883C      4400       0  CODE    
                mediumconst                    00FBF6  00040A  010000      7DFB       0  MEDIUMCO
                config                         300000  00000E  30000E    300000       0  CONFIG  


UNUSED ADDRESS RANGES

        Name                Unused          Largest block    Delta
        BANK0            0000F6-0000FF                A
        BANK1            0001C5-0001FF               3B
        BANK12           000C6A-000CFF               96
        BANK13           000D00-000DFF              100
        BANK14           000E00-000EFF              100
        BANK15           000F00-000F7F               80
        BANK3            0003FF-0003FF                1
        BANK5            0005F9-0005FF                7
        BIGRAM           000060-00007F               20
                         0000F6-0000FF                A
                         0001C5-0001FF               3B
                         0003FF-0003FF                1
                         0005F9-0005FF                7
                         000C6A-000F7F              316
        CODE             000004-000007                4
                         000016-000017                2
                         0079FB-0079FB                1
                         007C97-007C97                1
                         0087FF-0087FF                1
                         00883C-00FBF5             73BA
        COMRAM           000060-00007F               20
        CONST            000004-000007                4
                         000016-000017                2
                         0079FB-0079FB                1
                         007C97-007C97                1
                         0087FF-0087FF                1
                         00883C-00FBF5             73BA
        EEDATA           F00000-F003FF              400
        IDLOC            200000-200007                8
        MEDIUMCONST      0079FB-0079FB                1
                         007C97-007C97                1
                         0087FF-0087FF                1
                         00883C-00FBF5             73BA
        RAM              0000F6-0000FF                A
                         0001C5-0001FF               3B
                         0003FF-0003FF                1
                         0005F9-0005FF                7
                         000C6A-000F7F              100
        SFR              000F80-000FFF               80
        SMALLCONST       0079FB-0079FB                1
                         007C97-007C97                1
                         0087FF-0087FF                1
                         00883C-00FBF5              100
        STACK            000C6A-000F7F              316

                                  Symbol Table

?_EncodePhoneNumberToPDU                    cstackBANK1  000144
?_FindCell                                  cstackBANK1  000158
?_FindNextTimeStart                         cstackBANK1  000158
?_FindPhoneContactByNumber                  cstackCOMRAM 00002D
?_GetDayOfWeek                              cstackBANK1  00013B
?_GetStringLength                           cstackBANK1  00013B
?_GetSystemInfo                             cstackBANK1  000183
?_GetUnicodeSymbol                          cstackBANK1  00013B
?_InputText                                 cstackBANK1  000181
?_RefreshSchedulerIndicator                 cstackBANK1  000172
?__GetStringLength_interr                   cstackCOMRAM 00001C
?___aldiv                                   cstackBANK1  00013B
?___almod                                   cstackBANK1  00013B
?___awdiv                                   cstackBANK1  000141
?___awmod                                   cstackBANK1  000149
?___lldiv                                   cstackBANK1  00013B
?___llmod                                   cstackBANK1  00013B
?___lmul                                    cstackBANK1  00013B
?___lwdiv                                   cstackBANK1  00013B
?___lwmod                                   cstackBANK1  00013B
?___wmul                                    cstackBANK1  00013B
?__getContainer_Clock_from_GSM              cstackCOMRAM 000023
?__getContainer_Incomming_Call_Data         cstackCOMRAM 000023
?__getContainer_Incomming_DTMF_Data         cstackCOMRAM 000023
?_getSystemTimePoint                        cstackBANK1  00013B
?_strlen                                    cstackBANK1  00013B
?i1___aldiv                                 cstackCOMRAM 00001C
?i1___awdiv                                 cstackCOMRAM 000022
?i1___awmod                                 cstackCOMRAM 00002A
?i1___lmul                                  cstackCOMRAM 000036
?i1___lwdiv                                 cstackCOMRAM 00001C
?i1___lwmod                                 cstackCOMRAM 00001C
?i1___wmul                                  cstackCOMRAM 00001C
?i1_getSystemTimePoint                      cstackCOMRAM 00001C
AddByteToUSARTbuff@buff                     cstackCOMRAM 00000A
AddByteToUSARTbuff@byte                     cstackCOMRAM 00000C
AddByteToUSARTbuff@i                        cstackCOMRAM 00000D
AddByteToUSARTbuff@i_1799                   cstackCOMRAM 00000F
AddByteToUSARTbuff@lastdata                 bssCOMRAM    00004F
BCD_to_DEC@BCD                              cstackCOMRAM 00001D
CalculateClockDelta@newTime                 cstackCOMRAM 00002A
CheckoutRegisterOfSymbol@dig                cstackBANK1  00013B
CleanStringArray@i                          cstackBANK1  000140
CleanStringArray@myArray                    cstackBANK1  00013B
CleanStringArray@settingData                cstackBANK1  00013F
CleanStringArray@size                       cstackBANK1  00013D
ConvKeyNum@Num                              cstackCOMRAM 00001C
ConvertCharToNumeric@symbol                 cstackCOMRAM 00001C
ConvertDayToBit@DayNumber                   cstackBANK1  00013B
DEC_to_BCD@DEC                              cstackBANK1  000140
DeleteDataOfCell@CellsData                  cstackBANK1  00014A
DeleteDataOfCell@TargetAdress               cstackBANK1  000148
EERD@EEDATA_BUP                             cstackBANK1  00013E
EERD@INTCON_BUP                             cstackBANK1  00013D
EERD@adress                                 cstackBANK1  00013B
EEWR@INTCON_BUP                             cstackBANK1  00013E
EEWR@adress                                 cstackBANK1  00013B
EEWR@data                                   cstackBANK1  00013D
EditSchedule@BeginEditTimes                 cstackBANK2  000220
EditSchedule@CellsData                      cstackBANK2  000216
EditSchedule@Data                           cstackBANK2  000272
EditSchedule@Days                           cstackBANK2  00026B
EditSchedule@HH                             cstackBANK2  000221
EditSchedule@HL                             cstackBANK2  000222
EditSchedule@MH                             cstackBANK2  000223
EditSchedule@ML                             cstackBANK2  000224
EditSchedule@OK                             cstackBANK2  00026A
EditSchedule@Signals                        cstackBANK2  00026C
EditSchedule@SourceOfRecord                 cstackBANK1  00015A
EditSchedule@T                              cstackBANK2  000225
EditSchedule@TargetAdress                   cstackBANK2  00021E
EditSchedule@TimeStart                      cstackBANK2  00023A
EditSchedule@TimeStop                       cstackBANK2  00023C
EditSchedule@Times                          cstackBANK2  000229
EditSchedule@TimesOutput                    cstackBANK2  000200
EditSchedule@_times                         cstackBANK2  00023E
EditSchedule@adress                         cstackBANK1  000158
EditSchedule@blinking                       cstackBANK2  000277
EditSchedule@f                              cstackBANK2  000271
EditSchedule@i                              cstackBANK2  000278
EditSchedule@i_1641                         cstackBANK2  000279
EditSchedule@i_1644                         cstackBANK2  00026E
EditSchedule@i_1652                         cstackBANK2  00026F
EditSchedule@j                              cstackBANK2  000239
EditSchedule@j_1661                         cstackBANK2  000270
EditSchedule@key                            cstackBANK2  000276
EditSchedule@mode                           cstackBANK2  00026D
EditSchedule@temp                           cstackBANK2  00027A
EncodePhoneNumberToPDU@encoded              cstackBANK1  000148
EncodePhoneNumberToPDU@i                    cstackBANK1  000159
EncodePhoneNumberToPDU@number_legth         cstackBANK1  000157
EncodePhoneNumberToPDU@phone_number         cstackBANK1  000144
EncodePhoneNumberToPDU@temp                 cstackBANK1  000158
F_l@ButtonPressTimeOut                      bssCOMRAM    000050
F_l@KeyIndex                                bssCOMRAM    000051
F_l@MinuteAgo                               cstackBANK0  0000CD
F_l@PressedKeyIndex                         dataCOMRAM   000059
F_l@_KeyIndex                               cstackBANK0  0000D2
F_l@a                                       cstackBANK0  0000D3
F_l@data_temp                               cstackBANK0  0000D1
F_l@dddd                                    bssCOMRAM    000052
F_l@digit                                   cstackBANK0  0000D0
F_l@digs                                    cstackBANK0  0000CE
F_l@digsAtrib                               cstackBANK0  0000D5
F_l@line                                    cstackBANK0  0000D9
F_l@symbol                                  cstackBANK0  0000D7
FillArrayFromEEPROM@adress_start            cstackBANK1  000141
FillArrayFromEEPROM@container               cstackBANK1  00013F
FillArrayFromEEPROM@i                       cstackBANK1  000147
FillArrayFromEEPROM@quantity                cstackBANK1  000143
FillArrayFromEEPROM_interr@adress_start     cstackCOMRAM 000020
FillArrayFromEEPROM_interr@container        cstackCOMRAM 000026
FillArrayFromEEPROM_interr@i                cstackCOMRAM 000027
FillArrayFromEEPROM_interr@quantity         cstackCOMRAM 000022
FillPhonebookCellFromEEPROM@adress_start    cstackBANK1  00014A
FillPhonebookCellFromEEPROM@container       cstackBANK1  000148
FindCell@CellIsEmpty                        cstackBANK1  00016E
FindCell@CellsData                          cstackBANK1  00015E
FindCell@Data                               cstackBANK1  00016A
FindCell@New                                cstackBANK1  00015A
FindCell@adress                             cstackBANK1  000170
FindCell@adressNew                          cstackBANK1  000166
FindCell@adressStart                        cstackBANK1  000158
FindCell@i                                  cstackBANK1  00016F
FindCell@previous                           cstackBANK1  00015B
FindIncommingData@a                         cstackBANK1  000152
FindIncommingData@container                 cstackBANK1  000144
FindIncommingData@end_of_regexp             cstackBANK1  000154
FindIncommingData@finish_index              cstackBANK1  00014E
FindIncommingData@history_index             cstackBANK1  000146
FindIncommingData@i                         cstackBANK1  000158
FindIncommingData@j                         cstackBANK1  00015E
FindIncommingData@last_s                    cstackBANK1  00015C
FindIncommingData@not_found                 cstackBANK1  000150
FindIncommingData@pointer                   cstackBANK1  00015A
FindIncommingData@regexp                    cstackBANK1  000142
FindIncommingData@s0                        cstackBANK1  000156
FindIncommingData@s1                        cstackBANK1  00014A
FindIncommingData@start_index               cstackBANK1  00014C
FindNextTimeStart@CellsData                 cstackBANK1  00015E
FindNextTimeStart@Data                      cstackBANK1  00017F
FindNextTimeStart@DayIndex                  cstackBANK1  00017E
FindNextTimeStart@DayOn                     cstackBANK1  00016A
FindNextTimeStart@Days                      cstackBANK1  000177
FindNextTimeStart@LastFoundTimeStart        cstackBANK1  00016F
FindNextTimeStart@Signals                   cstackBANK1  000176
FindNextTimeStart@TimeFrom                  cstackBANK1  000158
FindNextTimeStart@TimeIsFound               cstackBANK1  000175
FindNextTimeStart@TimeOfSignals             cstackBANK1  000178
FindNextTimeStart@TimeStart                 cstackBANK1  000173
FindNextTimeStart@TimeStop                  cstackBANK1  00016D
FindNextTimeStart@adress                    cstackBANK1  00017C
FindNextTimeStart@adressStart               cstackBANK1  00016B
FindPhoneContactByNumber@container          cstackBANK0  000084
FindPhoneContactByNumber@end_of_phone       cstackBANK0  000082
FindPhoneContactByNumber@found              cstackBANK0  000080
FindPhoneContactByNumber@i                  cstackBANK0  000081
FindPhoneContactByNumber@j                  cstackBANK0  000083
FindPhoneContactByNumber@number             cstackCOMRAM 00002D
Format_EEPROM_Memory@first_cell             cstackBANK1  000150
Format_EEPROM_Memory@i                      cstackBANK1  000159
Format_EEPROM_Memory@interactive            cstackBANK1  000154
Format_EEPROM_Memory@last_cell              cstackBANK1  000152
GetDayOfWeek@day                            cstackBANK1  00013D
GetDayOfWeekByDate@_day                     cstackBANK1  000150
GetDayOfWeekByDate@_mounth                  cstackBANK1  00014F
GetDayOfWeekByDate@_year                    cstackBANK1  000154
GetNumericFromString@index                  cstackCOMRAM 00001F
GetNumericFromString@string                 cstackCOMRAM 00001D
GetStringLength@container                   cstackBANK1  00013B
GetStringLength@i                           cstackBANK1  00013D
GetSystemInfo@CellsData                     cstackBANK2  000249
GetSystemInfo@Data                          cstackBANK2  000284
GetSystemInfo@DataArray                     cstackBANK2  000251
GetSystemInfo@Day                           cstackBANK2  000283
GetSystemInfo@Days                          cstackBANK2  000281
GetSystemInfo@F3705                         dataBANK3    00038E
GetSystemInfo@F3708                         dataBANK3    000393
GetSystemInfo@F3713                         dataBANK5    0005C3
GetSystemInfo@F3723                         dataBANK0    0000ED
GetSystemInfo@F3725                         dataBANK3    0003C8
GetSystemInfo@F3727                         dataBANK3    0003CB
GetSystemInfo@F3729                         dataBANK3    0003CE
GetSystemInfo@F3731                         dataBANK3    000398
GetSystemInfo@NextCell                      cstackBANK2  000288
GetSystemInfo@Signals                       cstackBANK2  000282
GetSystemInfo@Time                          cstackBANK2  00028C
GetSystemInfo@TimeStart                     cstackBANK2  00027F
GetSystemInfo@TimeStop                      cstackBANK2  00028A
GetSystemInfo@cTime                         cstackBANK2  00028E
GetSystemInfo@d                             cstackBANK2  000292
GetSystemInfo@h_1                           cstackBANK2  000276
GetSystemInfo@h_2                           cstackBANK2  00027C
GetSystemInfo@i                             cstackBANK2  000293
GetSystemInfo@i_2253                        cstackBANK2  000294
GetSystemInfo@i_2284                        cstackBANK2  000295
GetSystemInfo@info                          cstackBANK2  000200
GetSystemInfo@m_1                           cstackBANK2  000273
GetSystemInfo@m_2                           cstackBANK2  000279
GetSystemInfo@s_auto                        cstackBANK2  000264
GetSystemInfo@s_hand                        cstackBANK2  000269
GetSystemInfo@sss                           cstackBANK2  00026E
GetUnicodeSymbol@symb                       cstackBANK1  00013D
I2CRead@temp                                cstackCOMRAM 00001D
I2CSend@dat                                 cstackBANK1  00013C
Init_GSM@show                               cstackBANK1  000160
Init_USART@SpeedNumber                      cstackBANK1  00013D
Init_USART@_value                           cstackBANK1  00013B
InputText@F3570                             dataBANK3    0003D1
InputText@F3572                             dataBANK5    0005D6
InputText@F3574                             dataBANK3    00039D
InputText@F3576                             dataBANK3    0003A2
InputText@F3578                             dataBANK3    0003A7
InputText@F3580                             dataBANK3    0003AC
InputText@F3582                             dataBANK3    0003B1
InputText@F3584                             dataBANK4    00047A
InputText@F3586                             dataBANK3    0003B6
InputText@F3588                             dataBANK4    000480
InputText@F3590                             dataBANK4    000486
InputText@F3592                             dataBANK4    00048C
InputText@F3594                             dataBANK4    000492
InputText@F3596                             dataBANK4    000498
InputText@F3598                             dataBANK4    00049E
InputText@F3600                             dataBANK4    0004A4
InputText@F3602                             dataBANK4    0004AA
InputText@F3604                             dataBANK4    0004B0
InputText@F3606                             dataBANK3    0003D4
InputText@F3608                             dataBANK3    0003E0
InputText@F3610                             dataBANK3    0003E2
InputText@F3612                             dataBANK3    0003E4
InputText@F3614                             dataBANK3    0003E6
InputText@F3616                             dataBANK3    0003E8
InputText@F3618                             dataBANK3    0003EA
InputText@F3620                             dataBANK3    0003EC
InputText@F3622                             dataBANK3    0003EE
InputText@F3624                             dataBANK3    0003F0
InputText@InputData                         cstackBANK3  000300
InputText@_input_data                       cstackBANK2  000257
InputText@_props                            cstackBANK1  000183
InputText@active_cell                       cstackBANK3  000386
InputText@capacity                          cstackBANK1  000185
InputText@cur_char                          cstackBANK2  0002F4
InputText@i                                 cstackBANK3  000385
InputText@i_2088                            cstackBANK3  00037E
InputText@i_2096                            cstackBANK2  0002F8
InputText@i_2106                            cstackBANK3  000382
InputText@i_2115                            cstackBANK3  00037F
InputText@lastKeyCode                       cstackBANK3  000383
InputText@props                             cstackBANK3  000384
InputText@ret_string                        cstackBANK1  00019C
InputText@s_0                               cstackBANK2  0002DB
InputText@s_1                               cstackBANK1  00018A
InputText@s_12                              cstackBANK2  000206
InputText@s_13                              cstackBANK2  00020C
InputText@s_14                              cstackBANK2  000212
InputText@s_15                              cstackBANK2  000218
InputText@s_16                              cstackBANK2  00021E
InputText@s_17                              cstackBANK2  000224
InputText@s_18                              cstackBANK2  00022A
InputText@s_19                              cstackBANK2  000230
InputText@s_2                               cstackBANK2  000236
InputText@s_20                              cstackBANK2  000254
InputText@s_21                              cstackBANK2  0002DE
InputText@s_22                              cstackBANK2  0002E0
InputText@s_23                              cstackBANK2  0002E2
InputText@s_24                              cstackBANK2  0002E4
InputText@s_25                              cstackBANK2  0002E6
InputText@s_26                              cstackBANK2  0002E8
InputText@s_27                              cstackBANK2  0002EA
InputText@s_28                              cstackBANK2  0002EC
InputText@s_29                              cstackBANK2  0002EE
InputText@s_3                               cstackBANK2  00023B
InputText@s_4                               cstackBANK2  000240
InputText@s_5                               cstackBANK2  000245
InputText@s_6                               cstackBANK2  00024A
InputText@s_7                               cstackBANK1  0001BD
InputText@s_8                               cstackBANK2  00024F
InputText@s_9                               cstackBANK2  000200
InputText@symbols                           cstackBANK3  000342
InputText@temp                              cstackBANK3  000380
InputText@temp_2108                         cstackBANK2  0002F6
InputText@text                              cstackBANK1  000181
InputText@time_point                        cstackBANK2  0002F0
InteractiveData_BlinkOFF@InteractiveData    cstackBANK1  00013B
InteractiveData_BlinkOFF@i                  cstackBANK1  000140
InteractiveData_BlinkOFF@leght              cstackBANK1  00013D
ItemsToIndicator@firstDigit                 cstackBANK1  000146
ItemsToIndicator@i                          cstackBANK1  000148
ItemsToIndicator@items                      cstackBANK1  000147
ItemsToIndicator@max_i                      cstackBANK1  000145
NumericToHEXString@displacement             cstackBANK1  000152
NumericToHEXString@mySring                  cstackBANK1  00014D
NumericToHEXString@n                        cstackBANK1  000149
NumericToHEXString@size                     cstackBANK1  00014F
NumericToString@displacement                cstackBANK1  000153
NumericToString@mySring                     cstackBANK1  00014D
NumericToString@n                           cstackBANK1  000149
NumericToString@negative                    cstackBANK1  000152
NumericToString@size                        cstackBANK1  00014F
OutputInteractiveData@data                  cstackBANK1  000145
OutputInteractiveData@i                     cstackBANK1  00014D
OutputInteractiveData@length                cstackBANK1  000147
OutputInteractiveData@line                  cstackBANK1  00014B
OutputInteractiveData@s                     cstackBANK1  00014C
OutputInteractiveData@start_symbol          cstackBANK1  000148
OutputString@cont                           cstackBANK1  00014C
OutputString@i                              cstackBANK1  00014D
OutputString@line                           cstackBANK1  000147
OutputString@position                       cstackBANK1  000148
OutputString@stringData                     cstackBANK1  000145
OutputString@transfer_line                  cstackBANK1  000149
OutputSystemMessage@i                       cstackBANK1  000141
OutputSystemMessage@l                       cstackBANK1  000144
OutputSystemMessage@line                    cstackBANK1  000145
OutputSystemMessage@s                       cstackBANK1  000143
OutputSystemMessage@stringData              cstackBANK1  00013B
OutputSystemMessage@symb                    cstackBANK1  000146
PL10                                        text21       0018A6
PL100                                       text78       0037FC
PL102                                       text56       007714
PL104                                       text143      0078B4
PL106                                       text21       00191A
PL108                                       text77       00777C
PL110                                       text74       006C1C
PL112                                       text14       0028A8
PL114                                       text61       002166
PL116                                       text33       005EB4
PL118                                       text33       005EBC
PL12                                        text14       002856
PL120                                       text21       001930
PL122                                       text74       006C2A
PL124                                       text60       005742
PL126                                       text72       007928
PL128                                       text21       00193C
PL130                                       text21       00195A
PL132                                       text66       00700E
PL134                                       text128      005DB0
PL136                                       text21       00196C
PL138                                       text1        00483E
PL14                                        text128      005D72
PL140                                       text21       00197E
PL142                                       text23       0054B2
PL144                                       text75       005C84
PL146                                       text55       003C02
PL148                                       text36       004E0E
PL150                                       text14       0028B6
PL152                                       text21       001990
PL154                                       text21       00199A
PL156                                       text46       0045B6
PL158                                       text60       005760
PL16                                        text14       00285E
PL160                                       text14       0028C4
PL162                                       text60       00577C
PL164                                       text52       006692
PL166                                       text133      0080F2
PL168                                       text0        004C30
PL170                                       text21       0019A2
PL172                                       text8        002EB8
PL174                                       text61       002188
PL176                                       text94       008674
PL178                                       text121      003396
PL18                                        text8        002E40
PL180                                       text92       0071F0
PL182                                       text0        004C40
PL184                                       text55       003C10
PL186                                       text83       005FBC
PL188                                       text55       003C26
PL190                                       text0        004C4A
PL192                                       text46       0045C4
PL194                                       text0        004C52
PL196                                       text14       0028D2
PL198                                       text46       0045CE
PL2                                         text67       007BB2
PL20                                        text14       002868
PL200                                       text8        002EC2
PL202                                       text21       0019B0
PL204                                       text21       0019BE
PL206                                       text83       005FD2
PL208                                       text12       00518C
PL210                                       text14       0028E4
PL212                                       text61       0021A0
PL214                                       text21       0019CC
PL216                                       text21       0019D4
PL218                                       text83       005FDA
PL22                                        text33       005E56
PL220                                       text121      0033AE
PL222                                       text58       006DCA
PL224                                       text14       0028EC
PL226                                       text36       004E1C
PL228                                       text46       0045DA
PL230                                       text121      0033B6
PL232                                       text11       006A40
PL234                                       text29       008764
PL236                                       text21       0019DC
PL238                                       text121      0033BE
PL24                                        text33       005E70
PL240                                       text9        006AE6
PL242                                       text85       006D54
PL244                                       text92       007208
PL246                                       text61       0021A8
PL248                                       text21       0019EE
PL250                                       text102      004FF4
PL252                                       text21       0019FA
PL254                                       text65       004A22
PL256                                       text61       0021B0
PL258                                       text150      007B18
PL26                                        text21       0018B6
PL260                                       text0        004C5A
PL262                                       text14       002900
PL264                                       text52       0066AC
PL266                                       text21       001A06
PL268                                       text42       005B62
PL270                                       text21       001A12
PL272                                       text21       001A1C
PL274                                       text55       003C32
PL276                                       text21       001A28
PL278                                       text8        002ECC
PL28                                        text14       002870
PL280                                       text50       0058BC
PL282                                       text50       0058CA
PL284                                       text137      005A14
PL286                                       text21       001A32
PL288                                       text14       002910
PL290                                       text137      005A22
PL292                                       text78       003806
PL294                                       text108      00755A
PL296                                       text61       0021C0
PL298                                       text108      007566
PL30                                        text121      00337E
PL300                                       text78       003814
PL302                                       text78       003822
PL304                                       text61       0021CE
PL306                                       text78       003830
PL308                                       text8        002ED4
PL310                                       text55       003C42
PL312                                       text58       006DDE
PL314                                       text7        0060E6
PL316                                       text8        002EE2
PL318                                       text21       001A3A
PL32                                        text8        002E62
PL320                                       text92       007214
PL322                                       text48       006B88
PL324                                       text21       001A42
PL326                                       text65       004A2C
PL328                                       text61       0021DC
PL330                                       text55       003C50
PL332                                       text60       005788
PL334                                       text8        002EF0
PL336                                       text61       0021E6
PL338                                       text88       005342
PL34                                        text8        002E74
PL340                                       text49       001060
PL342                                       text21       001A50
PL344                                       text78       00383E
PL346                                       text121      0033D0
PL348                                       text46       0045E4
PL350                                       text34       0081D6
PL352                                       text65       004A36
PL354                                       text50       0058D8
PL356                                       text55       003C5A
PL358                                       text78       003846
PL36                                        text23       005490
PL360                                       text146      006998
PL362                                       text21       001A58
PL364                                       text65       004A42
PL366                                       text47       007198
PL368                                       text1        004850
PL370                                       text65       004A4E
PL372                                       text55       003C66
PL374                                       text55       003C72
PL376                                       text65       004A5A
PL378                                       text8        002EFA
PL38                                        text36       004DCC
PL380                                       text21       001A60
PL382                                       text55       003C7E
PL384                                       text12       00519A
PL386                                       text36       004E24
PL388                                       text16       007E9C
PL390                                       text8        002F06
PL392                                       text75       005C8C
PL394                                       text33       005ECE
PL396                                       text61       0021F0
PL398                                       text78       003852
PL4                                         text14       002846
PL40                                        text74       006C04
PL400                                       text121      0033DA
PL402                                       text61       0021FA
PL404                                       text55       003C8A
PL406                                       text78       00385C
PL408                                       text61       002204
PL410                                       text61       00220E
PL412                                       text23       0054C4
PL414                                       text3        006530
PL416                                       text90       006F04
PL418                                       text65       004A66
PL42                                        text21       0018C6
PL420                                       text60       005792
PL422                                       text61       002216
PL424                                       text78       003864
PL426                                       text71       008090
PL428                                       text8        002F10
PL430                                       text121      0033E4
PL432                                       text49       001068
PL434                                       text49       001070
PL436                                       text78       00386E
PL438                                       text46       0045F0
PL44                                        text67       007BC8
PL440                                       text49       001078
PL442                                       text49       001080
PL444                                       text61       002220
PL446                                       text49       001088
PL448                                       text49       001090
PL450                                       text49       001098
PL452                                       text14       00291E
PL454                                       text23       0054CE
PL456                                       text49       0010A0
PL458                                       text49       0010A8
PL46                                        text8        002E86
PL460                                       text49       0010B0
PL462                                       text6        008240
PL464                                       text49       0010B8
PL466                                       text49       0010C0
PL468                                       text49       0010C8
PL470                                       text49       0010D0
PL472                                       text21       001A6C
PL474                                       text79       007CDE
PL476                                       text121      0033EE
PL478                                       text1        00485C
PL48                                        text66       006FFE
PL480                                       text15       007C38
PL482                                       text58       006DEC
PL484                                       text125      007D2C
PL486                                       text46       0045FA
PL488                                       text12       0051A6
PL490                                       text49       0010D8
PL492                                       text49       0010DE
PL494                                       text49       0010E4
PL496                                       text46       004602
PL498                                       text14       002928
PL50                                        text78       0037D4
PL500                                       text121      0033F8
PL502                                       text78       003878
PL504                                       text50       0058E4
PL506                                       text35       0082D8
PL508                                       text49       0010EA
PL510                                       text49       0010F0
PL512                                       text18       0082A4
PL514                                       text49       0010F6
PL516                                       text49       0010FC
PL518                                       text49       001102
PL52                                        text78       0037E4
PL520                                       text49       001108
PL522                                       text49       00110E
PL524                                       text49       001114
PL526                                       text49       00111A
PL528                                       text49       001120
PL530                                       text49       001126
PL532                                       text49       00112C
PL534                                       text49       001132
PL536                                       text49       001138
PL538                                       text49       00113E
PL54                                        text33       005E82
PL540                                       text49       001144
PL542                                       text49       00114A
PL544                                       text49       001150
PL546                                       text49       001156
PL548                                       text49       00115C
PL550                                       text49       001162
PL552                                       text49       001168
PL554                                       text49       00116E
PL556                                       text49       001174
PL558                                       text49       00117A
PL56                                        text73       006CB0
PL560                                       text49       001180
PL562                                       text49       001186
PL564                                       text49       00118C
PL566                                       text49       001192
PL568                                       text49       001198
PL570                                       text49       00119E
PL572                                       text49       0011A4
PL574                                       text49       0011AA
PL576                                       text49       0011B0
PL578                                       text49       0011B6
PL58                                        text8        002EA4
PL580                                       text49       0011BC
PL582                                       text49       0011C2
PL584                                       text49       0011C8
PL586                                       text49       0011CE
PL588                                       text49       0011D4
PL590                                       text49       0011DA
PL592                                       text49       0011E0
PL594                                       text49       0011E6
PL596                                       text49       0011EC
PL598                                       text49       0011F2
PL6                                         text21       001892
PL60                                        text8        002EAE
PL600                                       text49       0011F8
PL602                                       text49       0011FE
PL604                                       text49       001204
PL606                                       text49       00120A
PL608                                       text49       001210
PL610                                       text49       001216
PL612                                       text49       00121C
PL614                                       text49       001222
PL616                                       text49       001228
PL618                                       text49       00122E
PL62                                        text21       0018D4
PL620                                       text49       001234
PL622                                       text49       00123A
[...]
		PL620          		CODE           	1234	0000	7
		PL46           		CODE           	2E86	0000	31
		PL84           		CODE           	2158	0000	15
		i1___lwdiv     		CODE           	7E18	0000	75
		PL112          		CODE           	28A8	0000	15
		PL302          		CODE           	3822	0000	15
		PL150          		CODE           	28B6	0000	15
		PL340          		CODE           	1060	0000	9
		PL530          		CODE           	1126	0000	7
		PL18           		CODE           	2E40	0000	35
		PL56           		CODE           	6CB0	0000	29
		PL94           		CODE           	1908	0000	19
		_StandardAnswer_NO_DIALTONE		MEDIUMCONST    	FC6B	0000	13
		i1_OutputSystemMessage		CODE           	5C94	0000	223
		PL212          		CODE           	21A0	0000	9
		PL402          		CODE           	21FA	0000	11
		PL250          		CODE           	4FF4	0000	13
		PL440          		CODE           	1078	0000	9
		PL630          		CODE           	1252	0000	7
		PL28           		CODE           	2870	0000	19
		PL66           		CODE           	2882	0000	21
		PL122          		CODE           	6C2A	0000	9
		PL312          		CODE           	6DDE	0000	15
		PL160          		CODE           	28C4	0000	15
		PL502          		CODE           	3878	0000	9
		PL350          		CODE           	81D6	0000	13
		PL540          		CODE           	1144	0000	7
		PL38           		CODE           	4DCC	0000	35
		PL76           		CODE           	18FC	0000	13
		PL222          		CODE           	6DCA	0000	21
		PL412          		CODE           	54C4	0000	11
		PL260          		CODE           	4C5A	0000	7
		PL602          		CODE           	11FE	0000	7
		PL450          		CODE           	1098	0000	9
		PL640          		CODE           	126A	0000	7
		PL48           		CODE           	6FFE	0000	9
		PL86           		CODE           	7910	0000	25
		i1_strcpy      		CODE           	7FE4	0000	63
		PL132          		CODE           	700E	0000	17
		PL322          		CODE           	6B88	0000	15
		PL170          		CODE           	19A2	0000	15
		PL512          		CODE           	82A4	0000	9
		PL360          		CODE           	6998	0000	13
		PL550          		CODE           	1162	0000	7
		PL58           		CODE           	2EA4	0000	11
		PL96           		CODE           	2896	0000	19
		i1___awdiv     		CODE           	7484	0000	121
		PL232          		CODE           	6A40	0000	19
		PL422          		CODE           	2216	0000	11
		PL270          		CODE           	1A12	0000	11
		PL612          		CODE           	121C	0000	7
		PL460          		CODE           	10B0	0000	9
		PL650          		CODE           	1288	0000	7
		PL68           		CODE           	5B4E	0000	21
		i1_ConvertDayToBit		CODE           	833E	0000	49
		i1_FillPhonebookCellFromEEPROM		CODE           	7862	0000	83
		PL104          		CODE           	78B4	0000	23
		PL142          		CODE           	54B2	0000	19
		PL332          		CODE           	5788	0000	11
		PL180          		CODE           	71F0	0000	25
		PL522          		CODE           	110E	0000	7
		PL370          		CODE           	4A4E	0000	13
		PL560          		CODE           	1180	0000	7
		PL78           		CODE           	4C20	0000	17
		i1_SendCommandToUSART		CODE           	8610	0000	33
		i1___wmul      		CODE           	84CC	0000	39
		__setInputTextProps@F3555		MEDIUMCONST    	FC0D	0000	11
		__setInputTextProps@F3557		MEDIUMCONST    	FBF7	0000	23
		PL204          		CODE           	19BE	0000	15
		PL242          		CODE           	6D54	0000	19
		PL432          		CODE           	1068	0000	9
		PL280          		CODE           	58BC	0000	15
		PL622          		CODE           	123A	0000	7
		PL470          		CODE           	10D0	0000	9
		PL660          		CODE           	3880	0000	9
		PL88           		CODE           	5D98	0000	25
		i1_lcd_send_byte		CODE           	8588	0000	37
		i1_testTimePoint		CODE           	7572	0000	119
		PL114          		CODE           	2166	0000	35
		PL304          		CODE           	21CE	0000	15
		PL152          		CODE           	1990	0000	11
		PL342          		CODE           	1A50	0000	9
		PL190          		CODE           	4C4A	0000	9
		PL532          		CODE           	112C	0000	7
		PL380          		CODE           	1A60	0000	13
		PL570          		CODE           	119E	0000	7
		PL98           		CODE           	338C	0000	11
		i1_I2CInit     		CODE           	8836	0000	5
		i1___lwmod     		CODE           	7FA6	0000	63
		PL214          		CODE           	19CC	0000	9
		PL404          		CODE           	3C8A	0000	9
		PL252          		CODE           	19FA	0000	13
		PL442          		CODE           	1080	0000	9
		PL290          		CODE           	5A22	0000	15
		PL632          		CODE           	1258	0000	7
		PL480          		CODE           	7C38	0000	11
		i1_lcd_send_initial_half_byte		CODE           	84A6	0000	39
		PL124          		CODE           	5742	0000	31
		PL314          		CODE           	60E6	0000	15
		PL162          		CODE           	577C	0000	13
		PL504          		CODE           	58E4	0000	9
		PL352          		CODE           	4A36	0000	13
		PL542          		CODE           	114A	0000	7
		PL390          		CODE           	2F06	0000	11
		PL580          		CODE           	11BC	0000	7
		__initialization		CODE           	54D8	0000	357
		PL224          		CODE           	28EC	0000	21
		PL414          		CODE           	6530	0000	9
		PL262          		CODE           	2900	0000	17
		PL604          		CODE           	1204	0000	7
		PL452          		CODE           	291E	0000	11
		PL642          		CODE           	1270	0000	7
		PL490          		CODE           	10D8	0000	7
		_StandardAnswer_BUSY		MEDIUMCONST    	FC9A	0000	6
		i1___lmul      		CODE           	7D82	0000	77
		PL134          		CODE           	5DB0	0000	9
		PL324          		CODE           	1A42	0000	15
		PL172          		CODE           	2EB8	0000	11
		PL514          		CODE           	10F6	0000	7
		PL362          		CODE           	1A58	0000	9
		PL552          		CODE           	1168	0000	7
		PL590          		CODE           	11DA	0000	7
		PL234          		CODE           	8764	0000	17
		PL424          		CODE           	3864	0000	11
		PL272          		CODE           	1A1C	0000	13
		PL614          		CODE           	1222	0000	7
		PL462          		CODE           	8240	0000	9
		PL652          		CODE           	128E	0000	7
		i1___awmod     		CODE           	77FA	0000	105
		_StandardAnswer_DTMF		MEDIUMCONST    	FC8C	0000	9
		PL106          		CODE           	191A	0000	23
		PL144          		CODE           	5C84	0000	9
		PL334          		CODE           	2EF0	0000	11
		PL182          		CODE           	4C40	0000	11
		PL524          		CODE           	1114	0000	7
		PL372          		CODE           	3C66	0000	13
		PL562          		CODE           	1186	0000	7
		i1_FillMinutes 		CODE           	8810	0000	9
		i1___aldiv     		CODE           	6834	0000	189
		PL206          		CODE           	5FD2	0000	9
		PL244          		CODE           	7208	0000	13
		PL434          		CODE           	1070	0000	9
		PL282          		CODE           	58CA	0000	15
		PL624          		CODE           	1240	0000	7
		PL472          		CODE           	1A6C	0000	9
		PL116          		CODE           	5EB4	0000	9
		PL306          		CODE           	3830	0000	15
		PL154          		CODE           	199A	0000	9
		PL344          		CODE           	383E	0000	9
		PL192          		CODE           	45C4	0000	11
		PL534          		CODE           	1132	0000	7
		PL382          		CODE           	3C7E	0000	13
		PL572          		CODE           	11A4	0000	7
		PL216          		CODE           	19D4	0000	9
		PL406          		CODE           	385C	0000	9
		PL254          		CODE           	4A22	0000	11
		PL444          		CODE           	2220	0000	11
		PL292          		CODE           	3806	0000	15
		PL634          		CODE           	125E	0000	7
		PL482          		CODE           	6DEC	0000	11
		PL126          		CODE           	7928	0000	9
		PL316          		CODE           	2EE2	0000	15
		PL164          		CODE           	6692	0000	27
		PL506          		CODE           	82D8	0000	7
		PL354          		CODE           	58D8	0000	13
		PL544          		CODE           	1150	0000	7
		PL392          		CODE           	5C8C	0000	9
		PL582          		CODE           	11C2	0000	7
		PL226          		CODE           	4E1C	0000	9
		PL416          		CODE           	6F04	0000	11
		PL264          		CODE           	66AC	0000	17
		PL606          		CODE           	120A	0000	7
		PL454          		CODE           	54CE	0000	11
		PL644          		CODE           	1276	0000	7
		PL492          		CODE           	10DE	0000	7
		i1_getSystemTimePoint		CODE           	8786	0000	19
		PL136          		CODE           	196C	0000	19
		PL326          		CODE           	4A2C	0000	11
		PL174          		CODE           	2188	0000	25
		PL516          		CODE           	10FC	0000	7
		PL364          		CODE           	4A42	0000	13
		PL554          		CODE           	116E	0000	7
		PL592          		CODE           	11E0	0000	7
		i1_I2CSend     		CODE           	871E	0000	27
		PL236          		CODE           	19DC	0000	19
		PL426          		CODE           	8090	0000	11
		PL274          		CODE           	3C32	0000	17
		PL616          		CODE           	1228	0000	7
		PL464          		CODE           	10B8	0000	9
		PL654          		CODE           	1294	0000	7
		PL108          		CODE           	777C	0000	23
		PL146          		CODE           	3C02	0000	15
		PL336          		CODE           	21E6	0000	11
		PL184          		CODE           	3C10	0000	23
		PL526          		CODE           	111A	0000	7
		PL374          		CODE           	3C72	0000	13
		PL564          		CODE           	118C	0000	7
		PL208          		CODE           	518C	0000	15
		PL246          		CODE           	21A8	0000	9
		PL436          		CODE           	386E	0000	11
		PL284          		CODE           	5A14	0000	15
		PL626          		CODE           	1246	0000	7
		PL474          		CODE           	7CDE	0000	11
		i1_EEWR        		CODE           	80D4	0000	31
		PL118          		CODE           	5EBC	0000	19
		PL308          		CODE           	2ED4	0000	15
		PL156          		CODE           	45B6	0000	15
		PL346          		CODE           	33D0	0000	11
		PL194          		CODE           	4C52	0000	9
		PL536          		CODE           	1138	0000	7
		PL384          		CODE           	519A	0000	13
		PL574          		CODE           	11AA	0000	7
		PL218          		CODE           	5FDA	0000	21
		PL408          		CODE           	2204	0000	11
		PL256          		CODE           	21B0	0000	17
		PL446          		CODE           	1088	0000	9
		PL294          		CODE           	755A	0000	13
		PL636          		CODE           	1264	0000	7
		PL484          		CODE           	7D2C	0000	11
		PL128          		CODE           	193C	0000	31
		PL318          		CODE           	1A3A	0000	9
		PL166          		CODE           	80F2	0000	27
		PL508          		CODE           	10EA	0000	7
		PL356          		CODE           	3C5A	0000	13
		PL546          		CODE           	1156	0000	7
		PL394          		CODE           	5ECE	0000	11
		PL584          		CODE           	11C8	0000	7
		_StandardAnswer_CLOCK		MEDIUMCONST    	FC3B	0000	31
		PL228          		CODE           	45DA	0000	11
		PL418          		CODE           	4A66	0000	11
		PL266          		CODE           	1A06	0000	13
		PL608          		CODE           	1210	0000	7
		PL456          		CODE           	10A0	0000	9
		PL646          		CODE           	127C	0000	7
		PL494          		CODE           	10E4	0000	7
		_StandardAnswer_OK		MEDIUMCONST    	FC9F	0000	4
		PL138          		CODE           	483E	0000	19
		PL328          		CODE           	21DC	0000	11
		PL176          		CODE           	8674	0000	23
		PL518          		CODE           	1102	0000	7
		PL366          		CODE           	7198	0000	13
		PL556          		CODE           	1174	0000	7
		PL594          		CODE           	11E6	0000	7
		PL2            		CODE           	7BB2	0000	23
		PL238          		CODE           	33BE	0000	19
		PL428          		CODE           	2F10	0000	11
		PL276          		CODE           	1A28	0000	11
		PL618          		CODE           	122E	0000	7
		PL466          		CODE           	10C0	0000	9
		PL656          		CODE           	129A	0000	7
		PL148          		CODE           	4E0E	0000	15
		PL338          		CODE           	5342	0000	11
		PL186          		CODE           	5FBC	0000	23
		PL528          		CODE           	1120	0000	7
		PL376          		CODE           	4A5A	0000	13
		PL566          		CODE           	1192	0000	7
		PL10           		CODE           	18A6	0000	17
		PL4            		CODE           	2846	0000	17
		PL248          		CODE           	19EE	0000	13
		PL438          		CODE           	45F0	0000	11
		PL286          		CODE           	1A32	0000	9
		PL628          		CODE           	124C	0000	7
		PL476          		CODE           	33EE	0000	11
		PL20           		CODE           	2868	0000	9
		_StandardAnswer_NO_CARRIER		MEDIUMCONST    	FC77	0000	12
		PL158          		CODE           	5760	0000	29
		PL348          		CODE           	45E4	0000	13
		PL196          		CODE           	28D2	0000	19
		PL538          		CODE           	113E	0000	7
		PL386          		CODE           	4E24	0000	11
		PL576          		CODE           	11B0	0000	7
		PL30           		CODE           	337E	0000	15
		PL6            		CODE           	1892	0000	21
		PL258          		CODE           	7B18	0000	17
		PL448          		CODE           	1090	0000	9
		PL296          		CODE           	21C0	0000	15
		PL638          		CODE           	4E2E	0000	9
		PL486          		CODE           	45FA	0000	9
		PL40           		CODE           	6C04	0000	25
		_StandardAnswer_INCCALL		MEDIUMCONST    	FC17	0000	37
		PL168          		CODE           	4C30	0000	17
		PL358          		CODE           	3846	0000	13
		PL548          		CODE           	115C	0000	7
		PL396          		CODE           	21F0	0000	11
		PL586          		CODE           	11CE	0000	7

shared estimated size: 6537

/opt/microchip/xc8/v1.37/sources/common/lbdiv.c
		___lbdiv       		CODE           	810C	0000	55

/opt/microchip/xc8/v1.37/sources/common/lbdiv.c estimated size: 55

prog.c
		_GetNumericFromString		CODE           	8798	0000	19
		_I2CNak        		CODE           	87E2	0000	11
		_ConvertDayToBit		CODE           	8248	0000	51
		_TelephoneCall 		CODE           	6D66	0000	101
		_ReadDataOfCell		CODE           	6E82	0000	131
		_setDigit      		CODE           	6B96	0000	111
		__CleanStringArray_interrupt		CODE           	853E	0000	39
		_SchedulerNew  		CODE           	69A4	0000	157
		_FindIncommingData		CODE           	579C	0000	289
		_FillMinutes   		CODE           	866C	0000	9
		_EEWR          		CODE           	85F0	0000	33
		_FillPhonebookCellFromEEPROM		CODE           	772A	0000	83
		_TimeData_BlinkOFF		CODE           	81AE	0000	41
		_GetStringLength		CODE           	8434	0000	39
		_TimeEdit      		CODE           	12A6	0000	1517
		_testTimePoint 		CODE           	740C	0000	121
		_delay         		CODE           	868A	0000	31
		_SignalsOnOff  		CODE           	4E36	0000	447
		_I2CStop       		CODE           	8800	0000	9
		_FindPhoneContactByNumber		CODE           	6778	0000	189
		_ConvertCharToNumeric		CODE           	7EA6	0000	67
		_NumericToHEXString		CODE           	6AF8	0000	145
		__setInputTextProps		CODE           	4866	0000	445
		_lcd_send_byte 		CODE           	8398	0000	41
		_lcd_off       		CODE           	87BA	0000	15
		_ReIndTimeEdit 		CODE           	4C60	0000	365
		_NumericToString		CODE           	5ED8	0000	229
		__load_TXREG   		CODE           	7AC4	0000	85
		_I2CAck        		CODE           	87EC	0000	11
		_OutputString  		CODE           	6C32	0000	127
		_CleanStringArray		CODE           	845A	0000	39
		_Format_EEPROM_Memory		CODE           	6DF6	0000	141
		_ReadDataOfCell_interr		CODE           	70A4	0000	131
		_main          		CODE           	4A70	0000	433
		_ItemsToIndicator		CODE           	7E62	0000	59
		__getContainer_Clock_from_GSM		CODE           	86E4	0000	31
		_ParseTime     		CODE           	7792	0000	105
		_SendSMS       		CODE           	4344	0000	627
		_F_h           		CODE           	0008	0000	129
		_UserDelay     		CODE           	8022	0000	61
		_USART_Speed_Choise		CODE           	83E8	0000	39
		__FindIncommingData_interrupt		CODE           	58EC	0000	297
		_GetTimeSource 		CODE           	8564	0000	37
		_I2CRead       		CODE           	8702	0000	29
		_EditSchedule  		CODE           	222A	0000	1565
		_Init_USART    		CODE           	7B28	0000	97
		_system_BlinkReset		CODE           	864E	0000	31
		_getSystemTimePoint		CODE           	8774	0000	19
		_InputText     		CODE           	1A74	0000	1749
		_GetSystemInfo 		CODE           	33FE	0000	983
		_ReadTime      		CODE           	7222	0000	127
		_ShowSchedulerMenu		CODE           	639C	0000	211
		_WriteTime     		CODE           	534C	0000	325
		_TimeToInd     		CODE           	2930	0000	1297
		_FillArrayFromEEPROM_interr		CODE           	81E2	0000	53
		__getContainer_Incomming_DTMF_Data		CODE           	86A8	0000	31
		_WorkingWithGSM		CODE           	5FEE	0000	249
		_WriteArrayToEEPROM		CODE           	809A	0000	59
		_cp1251_to_unicode		CODE           	7126	0000	115
		__getContainer_Incomming_Call_Data		CODE           	86C6	0000	31
		_AddByteToUSARTbuff		CODE           	60F4	0000	237
		_F_l           		CODE           	0018	0000	877
		_getLcdCodeOfChar		CODE           	3C92	0000	991
		_setBlink      		CODE           	7B88	0000	43
		_SetTimeSource 		CODE           	82AC	0000	45
		_FindNextTimeStart		CODE           	51AE	0000	405
		_lcd_send_initial_half_byte		CODE           	8216	0000	43
		_GetDayOfWeek  		CODE           	72A0	0000	125
		_Init_GSM      		CODE           	5A30	0000	287
		_FillArrayFromEEPROM		CODE           	8142	0000	55
		_TimeData_INIT 		CODE           	5DB8	0000	159
		_ProcessIncommingUartData		CODE           	2F1A	0000	1125
		_GetUnicodeSymbol		CODE           	0388	0000	3289
		_I2CRestart    		CODE           	8828	0000	9
		_Save_USART_SpeedNumber		CODE           	874E	0000	21
		_RefreshSchedulerIndicator		CODE           	5000	0000	397
		_EERD          		CODE           	8480	0000	39
		_SendCommandToUSART		CODE           	85D0	0000	33
		_EncodePhoneNumberToPDU		CODE           	65FA	0000	153
		__GetStringLength_interr		CODE           	8518	0000	39
		_WritePhonebookCellToEEPROM		CODE           	76C2	0000	83
		_I2CStart      		CODE           	8808	0000	9
		_Read_USART_SpeedNumber		CODE           	87C8	0000	15
		_ProcessSystemMessageShowing		CODE           	87D6	0000	13
		_SendSymbolToLCD		CODE           	74FC	0000	95
		_lcd_on        		CODE           	87AA	0000	17
		_InteractiveData_BlinkOFF		CODE           	830E	0000	49
		_getNumChar    		CODE           	7930	0000	103
		_Select_OK_NO  		CODE           	805E	0000	51
		_BCD_to_DEC    		CODE           	8738	0000	23
		_entNum        		CODE           	82DE	0000	49
		_DEC_to_BCD    		CODE           	836E	0000	43
		_Settings      		CODE           	61E0	0000	227
		_ParseDataRecord		CODE           	71A4	0000	77
		_CalculateClockDelta		CODE           	68F0	0000	169
		_ShowMenu      		CODE           	564A	0000	249
		_OutputInteractiveData		CODE           	6F96	0000	105
		_DeleteDataOfCell		CODE           	827A	0000	43
		_GetDayOfWeekByDate		CODE           	6F0E	0000	137
		_main2         		CODE           	460A	0000	565
		_I2CInit       		CODE           	8762	0000	3
		_clrInd        		CODE           	78CA	0000	71
		_I2CSend       		CODE           	8630	0000	31
		_ConvKeyNum    		CODE           	7A60	0000	101
		_lcd_init      		CODE           	646E	0000	195
		_OutputSystemMessage		CODE           	5B6A	0000	233
		_FindCell      		CODE           	62C2	0000	219
		_PhonebookEdit 		CODE           	3888	0000	891
		_CheckoutRegisterOfSymbol		CODE           	4070	0000	725
		_WriteDataOfCell		CODE           	7BE6	0000	83
		_Scheduler     		CODE           	6A52	0000	149

prog.c estimated size: 27253

/opt/microchip/xc8/v1.37/sources/common/Umul16.c
		___wmul        		CODE           	840E	0000	39

/opt/microchip/xc8/v1.37/sources/common/Umul16.c estimated size: 39

/opt/microchip/xc8/v1.37/sources/common/lwmod.c
		___lwmod       		CODE           	7F68	0000	63

/opt/microchip/xc8/v1.37/sources/common/lwmod.c estimated size: 63

