Microchip MPLAB XC8 Compiler V1.37 ()

Linker command line:

-W9 --edf=/opt/microchip/xc8/v1.37/dat/en_msgs.txt -cs \
  -h+dist/default/production/Water_PIC18_test.production.sym \
  --cmf=dist/default/production/Water_PIC18_test.production.cmf -z \
  -Q18F2620 -o/tmp/xcX2Xm1An \
  -Mdist/default/production/Water_PIC18_test.production.map -E1 -ver=XC8 \
  --acfsm=1493 -ASTACK=0A00h-0f7fh -pstack=STACK -ACODE=00h-0FFFFh \
  -ACONST=00h-0FFFFh -ASMALLCONST=01000h-010FFhx240 \
  -AMEDIUMCONST=01000h-0FFFFh -ACOMRAM=01h-07Fh -AABS1=00h-0F7Fh \
  -ABIGRAM=01h-0F7Fh -ARAM=080h-0FFh,0100h-01FFhx14,0F00h-0F7Fh \
  -ABANK0=080h-0FFh -ABANK1=0100h-01FFh -ABANK2=0200h-02FFh \
  -ABANK3=0300h-03FFh -ABANK4=0400h-04FFh -ABANK5=0500h-05FFh \
  -ABANK6=0600h-06FFh -ABANK7=0700h-07FFh -ABANK8=0800h-08FFh \
  -ABANK9=0900h-09FFh -ABANK10=0A00h-0AFFh -ABANK11=0B00h-0BFFh \
  -ABANK12=0C00h-0CFFh -ABANK13=0D00h-0DFFh -ABANK14=0E00h-0EFFh \
  -ABANK15=0F00h-0F7Fh -ASFR=0F80h-0FFFh \
  -preset_vec=00h,intcode=08h,intcodelo=018h,powerup,init,end_init \
  -pramtop=01000h -psmallconst=SMALLCONST -pmediumconst=MEDIUMCONST \
  -pconst=CONST -AFARRAM=00h-00h -ACONFIG=0300000h-030000Dh -pconfig=CONFIG \
  -AIDLOC=0200000h-0200007h -pidloc=IDLOC -AEEDATA=0F00000h-0F003FFh \
  -peeprom_data=EEDATA \
  -prdata=COMRAM,nvrram=COMRAM,nvbit=COMRAM,rbss=COMRAM,rbit=COMRAM \
  -pfarbss=FARRAM,fardata=FARRAM,nvFARRAM=FARRAM \
  -pintsave_regs=BIGRAM,bigbss=BIGRAM,bigdata=BIGRAM -pbss=RAM \
  -pidata=CODE,irdata=CODE,ibigdata=CODE,ifardata=CODE -prparam=COMRAM \
  /tmp/xcXuKt4xF.obj \
  dist/default/production/Water_PIC18_test.production.obj 

Object code version is 3.11

Machine type is 18F2620

Call graph: (short form)




                Name                               Link     Load   Length Selector   Space Scale
/tmp/xcXuKt4xF.obj
                end_init                            30A      30A        4        C       0
                reset_vec                             0        0        4        0       0
                config                           300000   300000        E   300000       0
dist/default/production/Water_PIC18_test.production.obj
                intcodelo                            18       18      2F2        C       0
                intcode                               8        8        E        4       0
                temp                                 5D       5D        1        1       1
                mediumconst                        FD0A     FD0A      2F6     7E85       0
                text106                            542C     542C       26     26D5       0
                text105                            3ABE     3ABE       DA        C       0
                text104                            49AA     49AA       6C        C       0
                intcode_body                       4938     4938       72        C       0
                text102                            4C82     4C82       64        C       0
                text101                            5476     5476       24     26D5       0
                text100                            511A     511A       36     26D5       0
                text99                             4B4E     4B4E       68        C       0
                text98                             3E92     3E92       B2        C       0
                text97                             5406     5406       26     26D5       0
                text96                             53E0     53E0       26     26D5       0
                text95                             3390     3390      13E        C       0
                text94                             5594     5594       1E     26D5       0
                text93                             5576     5576       1E     26D5       0
                text92                             5558     5558       1E     26D5       0
                text91                             5076     5076       38     26D5       0
                text90                             38F6     38F6       EE        C       0
                text89                             54FC     54FC       20     26D5       0
                text88                             258C     258C      1E8        C       0
                text87                             5614     5614        A     2B0A       0
                text86                             553A     553A       1E     26D5       0
                text85                             48C2     48C2       76        C       0
                text84                             524A     524A       30     26D5       0
                text83                             5184     5184       34     26D5       0
                text82                             455A     455A       82        C       0
                text81                             3D1E     3D1E       BC        C       0
                text80                             4EFE     4EFE       4A     26D5       0
                text79                             4F86     4F86       3E     26D5       0
                text78                             2AEA     2AEA      1B6        C       0
                text77                             1AE6     1AE6      3DE        C       0
                text76                             52A8     52A8       2A     26D5       0
                text75                             53BA     53BA       26     26D5       0
                text74                             5452     5452       24     26D5       0
                text72                             5628     5628        4     2B14       0
                text71                             5394     5394       26     26D5       0
                text70                             50E4     50E4       36     26D5       0
                text69                             4AE6     4AE6       68        C       0
                text68                             54DC     54DC       20     26D5       0
                text67                             37FA     37FA       FC        C       0
                text66                             4284     4284       9C        C       0
                text65                             4142     4142       A2        C       0
                text64                             4C1C     4C1C       66        C       0
                text63                             5000     5000       3C     26D5       0
                text62                             47D2     47D2       7A        C       0
                text61                             1EC4     1EC4      2D4        C       0
                text60                             521A     521A       30     26D5       0
                text59                             4E0A     4E0A       5E     26D5       0
                text58                             44D6     44D6       84        C       0
                text57                             2198     2198      20A        C       0
                text56                             551C     551C       1E     26D5       0
                text55                             55D8     55D8       12     26D5       0
                text54                             45DC     45DC       80        C       0
                text53                              30E      30E      79A        C       0
                text52                             484C     484C       76        C       0
                text51                             4CE6     4CE6       62        C       0
                text50                             4BB6     4BB6       66        C       0
                text49                             3DDA     3DDA       B8        C       0
                text48                             2FB0     2FB0      15C        C       0
                text47                             549A     549A       22     26D5       0
                text46                             43BA     43BA       90        C       0
                text45                             503C     503C       3A     26D5       0
                text44                             4A7E     4A7E       68        C       0
                text43                             4EB4     4EB4       4A     26D5       0
                text42                             1700     1700      3E6        C       0
                text41                             536E     536E       26     26D5       0
                text40                             5348     5348       26     26D5       0
                text39                             310C     310C      146        C       0
                text38                             4DAA     4DAA       60     26D5       0
                text37                             54BC     54BC       20     26D5       0
                text36                             4FC4     4FC4       3C     26D5       0
                text35                             34CE     34CE      120        C       0
                text34                             55B2     55B2       14     26D5       0
                text33                             2E4E     2E4E      162        C       0
                text32                             5150     5150       34     26D5       0
                text31                             36F4     36F4      106        C       0
                text30                             3C62     3C62       BC        C       0
                text29                             4320     4320       9A        C       0
                text28                             50AE     50AE       36     26D5       0
                text27                             52FA     52FA       28     26D5       0
                text26                             4E68     4E68       4C     26D5       0
                text25                             51EA     51EA       30     26D5       0
                text24                              AA8      AA8      68C        C       0
                text23                             5322     5322       26     26D5       0
                text22                             4756     4756       7C        C       0
                text21                             465C     465C       7E        C       0
                text20                             444A     444A       8C        C       0
                text19                             2774     2774      1C0        C       0
                text18                             46DA     46DA       7C        C       0
                text17                             4F48     4F48       3E     26D5       0
                text16                             4A16     4A16       68        C       0
                text15                             527A     527A       2E     26D5       0
                text14                             562C     562C        2     2B14       0
                text13                             39E4     39E4       DA        C       0
                text12                             2CA0     2CA0      1AE        C       0
                text11                             3FF4     3FF4       AC        C       0
                text10                             40A0     40A0       A2        C       0
                text9                              3F44     3F44       B0        C       0
                text8                              1134     1134      5CC        C       0
                text7                              35EE     35EE      106        C       0
                text6                              51B8     51B8       32     26D5       0
                text5                              52D2     52D2       28     26D5       0
                text4                              55FA     55FA        E     26D5       0
                text3                              3B98     3B98       CA        C       0
                text2                              55EA     55EA       10     26D5       0
                text1                              23A2     23A2      1EA        C       0
                text0                              2934     2934      1B6        C       0
                cstackCOMRAM                          1        1       42        1       1
                cstackBANK0                          80       80       52       80       1
                cstackBANK1                         100      100       FB      100       1
                cstackBANK2                         200      200       E4      200       1
                cstackBANK3                         3A0      3A0       48      300       1
                cstackBANK5                         500      500       5E      500       1
                bssBANK9                            900      900      100      900       1
                bssBANK8                            800      800      100      800       1
                bssBANK7                            700      700      100      700       1
                bssBANK6                            600      600      100      600       1
                bssBANK5                            55E      55E       24      500       1
                dataBANK4                           49E      49E       61      400       1
                bssBANK4                            400      400       9E      400       1
                dataBANK3                           300      300       A0      300       1
                dataBANK2                           2E4      2E4       12      200       1
                bssBANK2                            2F6      2F6        8      200       1
                bssBANK1                            1FB      1FB        1      100       1
                dataBANK0                            E6       E6        B       80       1
                bssBANK0                             D2       D2       14       80       1
                dataCOMRAM                           54       54        9        1       1
                bssCOMRAM                            43       43       11        1       1
                cinit                              3252     3252      13E        C       0
                idataBANK4                         4D48     4D48       61        C       0
                idataBANK3                         41E4     41E4       A0        C       0
                idataBANK2                         55C6     55C6       12     26D5       0
                idataBANK0                         5608     5608        B     26D5       0
                idataCOMRAM                        561E     561E        9     2B0A       0

TOTAL           Name                               Link     Load   Length     Space
        CLASS   STACK          

        CLASS   CODE           
                end_init                            30A      30A        4         0
                intcodelo                            18       18      2F2         0
                intcode                               8        8        E         0
                reset_vec                             0        0        4         0
                text106                            542C     542C       26         0
                text105                            3ABE     3ABE       DA         0
                text104                            49AA     49AA       6C         0
                intcode_body                       4938     4938       72         0
                text102                            4C82     4C82       64         0
                text101                            5476     5476       24         0
                text100                            511A     511A       36         0
                text99                             4B4E     4B4E       68         0
                text98                             3E92     3E92       B2         0
                text97                             5406     5406       26         0
                text96                             53E0     53E0       26         0
                text95                             3390     3390      13E         0
                text94                             5594     5594       1E         0
                text93                             5576     5576       1E         0
                text92                             5558     5558       1E         0
                text91                             5076     5076       38         0
                text90                             38F6     38F6       EE         0
                text89                             54FC     54FC       20         0
                text88                             258C     258C      1E8         0
                text87                             5614     5614        A         0
                text86                             553A     553A       1E         0
                text85                             48C2     48C2       76         0
                text84                             524A     524A       30         0
                text83                             5184     5184       34         0
                text82                             455A     455A       82         0
                text81                             3D1E     3D1E       BC         0
                text80                             4EFE     4EFE       4A         0
                text79                             4F86     4F86       3E         0
                text78                             2AEA     2AEA      1B6         0
                text77                             1AE6     1AE6      3DE         0
                text76                             52A8     52A8       2A         0
                text75                             53BA     53BA       26         0
                text74                             5452     5452       24         0
                text72                             5628     5628        4         0
                text71                             5394     5394       26         0
                text70                             50E4     50E4       36         0
                text69                             4AE6     4AE6       68         0
                text68                             54DC     54DC       20         0
                text67                             37FA     37FA       FC         0
                text66                             4284     4284       9C         0
                text65                             4142     4142       A2         0
                text64                             4C1C     4C1C       66         0
                text63                             5000     5000       3C         0
                text62                             47D2     47D2       7A         0
                text61                             1EC4     1EC4      2D4         0
                text60                             521A     521A       30         0
                text59                             4E0A     4E0A       5E         0
                text58                             44D6     44D6       84         0
                text57                             2198     2198      20A         0
                text56                             551C     551C       1E         0
                text55                             55D8     55D8       12         0
                text54                             45DC     45DC       80         0
                text53                              30E      30E      79A         0
                text52                             484C     484C       76         0
                text51                             4CE6     4CE6       62         0
                text50                             4BB6     4BB6       66         0
                text49                             3DDA     3DDA       B8         0
                text48                             2FB0     2FB0      15C         0
                text47                             549A     549A       22         0
                text46                             43BA     43BA       90         0
                text45                             503C     503C       3A         0
                text44                             4A7E     4A7E       68         0
                text43                             4EB4     4EB4       4A         0
                text42                             1700     1700      3E6         0
                text41                             536E     536E       26         0
                text40                             5348     5348       26         0
                text39                             310C     310C      146         0
                text38                             4DAA     4DAA       60         0
                text37                             54BC     54BC       20         0
                text36                             4FC4     4FC4       3C         0
                text35                             34CE     34CE      120         0
                text34                             55B2     55B2       14         0
                text33                             2E4E     2E4E      162         0
                text32                             5150     5150       34         0
                text31                             36F4     36F4      106         0
                text30                             3C62     3C62       BC         0
                text29                             4320     4320       9A         0
                text28                             50AE     50AE       36         0
                text27                             52FA     52FA       28         0
                text26                             4E68     4E68       4C         0
                text25                             51EA     51EA       30         0
                text24                              AA8      AA8      68C         0
                text23                             5322     5322       26         0
                text22                             4756     4756       7C         0
                text21                             465C     465C       7E         0
                text20                             444A     444A       8C         0
                text19                             2774     2774      1C0         0
                text18                             46DA     46DA       7C         0
                text17                             4F48     4F48       3E         0
                text16                             4A16     4A16       68         0
                text15                             527A     527A       2E         0
                text14                             562C     562C        2         0
                text13                             39E4     39E4       DA         0
                text12                             2CA0     2CA0      1AE         0
                text11                             3FF4     3FF4       AC         0
                text10                             40A0     40A0       A2         0
                text9                              3F44     3F44       B0         0
                text8                              1134     1134      5CC         0
                text7                              35EE     35EE      106         0
                text6                              51B8     51B8       32         0
                text5                              52D2     52D2       28         0
                text4                              55FA     55FA        E         0
                text3                              3B98     3B98       CA         0
                text2                              55EA     55EA       10         0
                text1                              23A2     23A2      1EA         0
                text0                              2934     2934      1B6         0
                cinit                              3252     3252      13E         0
                idataBANK4                         4D48     4D48       61         0
                idataBANK3                         41E4     41E4       A0         0
                idataBANK2                         55C6     55C6       12         0
                idataBANK0                         5608     5608        B         0
                idataCOMRAM                        561E     561E        9         0

        CLASS   CONST          

        CLASS   SMALLCONST     

        CLASS   MEDIUMCONST    
                mediumconst                        FD0A     FD0A      2F6         0

        CLASS   COMRAM         
                temp                                 5D       5D        1         1
                cstackCOMRAM                          1        1       42         1
                dataCOMRAM                           54       54        9         1
                bssCOMRAM                            43       43       11         1

        CLASS   ABS1           

        CLASS   BIGRAM         

        CLASS   RAM            

        CLASS   BANK0          
                cstackBANK0                          80       80       52         1
                dataBANK0                            E6       E6        B         1
                bssBANK0                             D2       D2       14         1

        CLASS   BANK1          
                cstackBANK1                         100      100       FB         1
                bssBANK1                            1FB      1FB        1         1

        CLASS   BANK2          
                cstackBANK2                         200      200       E4         1
                dataBANK2                           2E4      2E4       12         1
                bssBANK2                            2F6      2F6        8         1

        CLASS   BANK3          
                cstackBANK3                         3A0      3A0       48         1
                dataBANK3                           300      300       A0         1

        CLASS   BANK4          
                dataBANK4                           49E      49E       61         1
                bssBANK4                            400      400       9E         1

        CLASS   BANK5          
                cstackBANK5                         500      500       5E         1
                bssBANK5                            55E      55E       24         1

        CLASS   BANK6          
                bssBANK6                            600      600      100         1

        CLASS   BANK7          
                bssBANK7                            700      700      100         1

        CLASS   BANK8          
                bssBANK8                            800      800      100         1

        CLASS   BANK9          
                bssBANK9                            900      900      100         1

        CLASS   BANK10         

        CLASS   BANK11         

        CLASS   BANK12         

        CLASS   BANK13         

        CLASS   BANK14         

        CLASS   BANK15         

        CLASS   SFR            

        CLASS   FARRAM         

        CLASS   CONFIG         
                config                           300000   300000        E         0

        CLASS   IDLOC          

        CLASS   EEDATA         



SEGMENTS        Name                           Load    Length   Top    Selector   Space  Class

                reset_vec                      000000  000004  000004         0       0  CODE    
                cstackCOMRAM                   000001  00005D  00005E         1       1  COMRAM  
                intcode                        000008  00000E  000016         4       0  CODE    
                intcodelo                      000018  004D91  004DA9         C       0  CODE    
                cstackBANK0                    000080  000071  0000F1        80       1  BANK0   
                cstackBANK1                    000100  0000FC  0001FC       100       1  BANK1   
                cstackBANK2                    000200  0000FE  0002FE       200       1  BANK2   
                dataBANK3                      000300  0000E8  0003E8       300       1  BANK3   
                bssBANK4                       000400  0000FF  0004FF       400       1  BANK4   
                cstackBANK5                    000500  000082  000582       500       1  BANK5   
                bssBANK6                       000600  000100  000700       600       1  BANK6   
                bssBANK7                       000700  000100  000800       700       1  BANK7   
                bssBANK8                       000800  000100  000900       800       1  BANK8   
                bssBANK9                       000900  000100  000A00       900       1  BANK9   
                text38                         004DAA  000869  005613      26D5       0  CODE    
                text87                         005614  000013  005627      2B0A       0  CODE    
                text72                         005628  000006  00562E      2B14       0  CODE    
                mediumconst                    00FD0A  0002F6  010000      7E85       0  MEDIUMCO
                config                         300000  00000E  30000E    300000       0  CONFIG  


UNUSED ADDRESS RANGES

        Name                Unused          Largest block    Delta
        BANK0            0000F1-0000FF                F
        BANK1            0001FC-0001FF                4
        BANK10           000A00-000AFF              100
        BANK11           000B00-000BFF              100
        BANK12           000C00-000CFF              100
        BANK13           000D00-000DFF              100
        BANK14           000E00-000EFF              100
        BANK15           000F00-000F7F               80
        BANK2            0002FE-0002FF                2
        BANK3            0003E8-0003FF               18
        BANK4            0004FF-0004FF                1
        BANK5            000582-0005FF               7E
        BIGRAM           00005E-00007F               22
                         0000F1-0000FF                F
                         0001FC-0001FF                4
                         0002FE-0002FF                2
                         0003E8-0003FF               18
                         0004FF-0004FF                1
                         000582-0005FF               7E
                         000A00-000F7F              580
        CODE             000004-000007                4
                         000016-000017                2
                         004DA9-004DA9                1
                         005613-005613                1
                         005627-005627                1
                         00562E-00FD09             A6DC
        COMRAM           00005E-00007F               22
        CONST            000004-000007                4
                         000016-000017                2
                         004DA9-004DA9                1
                         005613-005613                1
                         005627-005627                1
                         00562E-00FD09             A6DC
        EEDATA           F00000-F003FF              400
        IDLOC            200000-200007                8
        MEDIUMCONST      004DA9-004DA9                1
                         005613-005613                1
                         005627-005627                1
                         00562E-00FD09             A6DC
        RAM              0000F1-0000FF                F
                         0001FC-0001FF                4
                         0002FE-0002FF                2
                         0003E8-0003FF               18
                         0004FF-0004FF                1
                         000582-0005FF               7E
                         000A00-000F7F              100
        SFR              000F80-000FFF               80
        SMALLCONST       004DA9-004DA9                1
                         005613-005613                1
                         005627-005627                1
                         00562E-00FD09              100
        STACK            000A00-000F7F              580

                                  Symbol Table

?_FindCell                                  cstackBANK1  00011D
?_FindNextTimeStart                         cstackBANK1  00011D
?_FindPhoneContactByNumber                  cstackCOMRAM 00002D
?_GetDayOfWeek                              cstackBANK1  000100
?_GetStringLength                           cstackBANK1  000100
?_InputText                                 cstackBANK1  000147
?_RefreshSchedulerIndicator                 cstackBANK1  000137
?__GetStringLength_interr                   cstackCOMRAM 00001C
?___aldiv                                   cstackBANK1  000100
?___almod                                   cstackBANK1  000100
?___lldiv                                   cstackBANK1  000100
?___llmod                                   cstackBANK1  000100
?___lmul                                    cstackBANK1  000100
?___lwdiv                                   cstackBANK1  000100
?___lwmod                                   cstackBANK1  000100
?__getContainer_Clock_from_GSM              cstackCOMRAM 000023
?__getContainer_Incomming_Call_Data         cstackCOMRAM 000023
?__getContainer_Incomming_DTMF_Data         cstackCOMRAM 000023
?_getSystemTimePoint                        cstackBANK1  000100
?i1___aldiv                                 cstackCOMRAM 00001C
?i1___lwdiv                                 cstackCOMRAM 00001C
?i1___lwmod                                 cstackCOMRAM 00001C
AddByteToUSARTbuff@buff                     cstackCOMRAM 00000A
AddByteToUSARTbuff@byte                     cstackCOMRAM 00000C
AddByteToUSARTbuff@i                        cstackCOMRAM 00000D
AddByteToUSARTbuff@i_1654                   cstackCOMRAM 00000F
AddByteToUSARTbuff@lastdata                 bssCOMRAM    00004D
CheckoutRegisterOfSymbol@dig                cstackBANK1  000100
CleanStringArray@i                          cstackBANK1  000105
CleanStringArray@myArray                    cstackBANK1  000100
CleanStringArray@settingData                cstackBANK1  000104
CleanStringArray@size                       cstackBANK1  000102
ConvKeyNum@Num                              cstackCOMRAM 00001C
ConvertDayToBit@DayNumber                   cstackCOMRAM 00001C
DeleteDataOfCell@CellsData                  cstackBANK1  00010F
DeleteDataOfCell@TargetAdress               cstackBANK1  00010D
EERD@EEDATA_BUP                             cstackBANK1  000103
EERD@INTCON_BUP                             cstackBANK1  000102
EERD@adress                                 cstackBANK1  000100
EEWR@INTCON_BUP                             cstackBANK1  000103
EEWR@adress                                 cstackBANK1  000100
EEWR@data                                   cstackBANK1  000102
EditSchedule@SourceOfRecord                 cstackBANK1  000102
EditSchedule@adress                         cstackBANK1  000100
F_l@ButtonPressTimeOut                      bssCOMRAM    00004E
F_l@KeyIndex                                bssCOMRAM    00004F
F_l@MinuteAgo                               cstackBANK0  0000C5
F_l@PressedKeyIndex                         dataCOMRAM   000054
F_l@_KeyIndex                               cstackBANK0  0000CA
F_l@a                                       cstackBANK0  0000CB
F_l@data_temp                               cstackBANK0  0000C9
F_l@digit                                   cstackBANK0  0000C8
F_l@digs                                    cstackBANK0  0000C6
F_l@digsAtrib                               cstackBANK0  0000CD
F_l@line                                    cstackBANK0  0000D1
F_l@symbol                                  cstackBANK0  0000CF
FillArrayFromEEPROM@adress_start            cstackBANK1  000106
FillArrayFromEEPROM@container               cstackBANK1  000104
FillArrayFromEEPROM@i                       cstackBANK1  00010C
FillArrayFromEEPROM@quantity                cstackBANK1  000108
FillArrayFromEEPROM_interr@adress_start     cstackCOMRAM 000020
FillArrayFromEEPROM_interr@container        cstackCOMRAM 000026
FillArrayFromEEPROM_interr@i                cstackCOMRAM 000027
FillArrayFromEEPROM_interr@quantity         cstackCOMRAM 000022
FillPhonebookCellFromEEPROM@adress_start    cstackBANK1  00010F
FillPhonebookCellFromEEPROM@container       cstackBANK1  00010D
FindCell@CellIsEmpty                        cstackBANK1  000133
FindCell@CellsData                          cstackBANK1  000123
FindCell@Data                               cstackBANK1  00012F
FindCell@New                                cstackBANK1  00011F
FindCell@adress                             cstackBANK1  000135
FindCell@adressNew                          cstackBANK1  00012B
FindCell@adressStart                        cstackBANK1  00011D
FindCell@i                                  cstackBANK1  000134
FindCell@previous                           cstackBANK1  000120
FindIncommingData@a                         cstackBANK1  000117
FindIncommingData@container                 cstackBANK1  000109
FindIncommingData@end_of_regexp             cstackBANK1  000119
FindIncommingData@finish_index              cstackBANK1  000113
FindIncommingData@history_index             cstackBANK1  00010B
FindIncommingData@i                         cstackBANK1  00011D
FindIncommingData@j                         cstackBANK1  000123
FindIncommingData@last_s                    cstackBANK1  000121
FindIncommingData@not_found                 cstackBANK1  000115
FindIncommingData@pointer                   cstackBANK1  00011F
FindIncommingData@regexp                    cstackBANK1  000107
FindIncommingData@s0                        cstackBANK1  00011B
FindIncommingData@s1                        cstackBANK1  00010F
FindIncommingData@start_index               cstackBANK1  000111
FindNextTimeStart@CellsData                 cstackBANK1  000123
FindNextTimeStart@Data                      cstackBANK1  000144
FindNextTimeStart@DayIndex                  cstackBANK1  000143
FindNextTimeStart@DayOn                     cstackBANK1  00012F
FindNextTimeStart@Days                      cstackBANK1  00013C
FindNextTimeStart@LastFoundTimeStart        cstackBANK1  000134
FindNextTimeStart@Signals                   cstackBANK1  00013B
FindNextTimeStart@TimeFrom                  cstackBANK1  000148
FindNextTimeStart@TimeIsFound               cstackBANK1  00013A
FindNextTimeStart@TimeOfSignals             cstackBANK1  00013D
FindNextTimeStart@TimeStart                 cstackBANK1  000138
FindNextTimeStart@TimeStop                  cstackBANK1  000132
FindNextTimeStart@adress                    cstackBANK1  000141
FindNextTimeStart@adressStart               cstackBANK1  000130
FindPhoneContactByNumber@container          cstackBANK0  000085
FindPhoneContactByNumber@end_of_phone       cstackBANK0  000083
FindPhoneContactByNumber@found              cstackBANK0  000081
FindPhoneContactByNumber@i                  cstackBANK0  000082
FindPhoneContactByNumber@j                  cstackBANK0  000084
FindPhoneContactByNumber@number             cstackBANK0  000080
Format_EEPROM_Memory@first_cell             cstackBANK1  000116
Format_EEPROM_Memory@i                      cstackBANK1  00011F
Format_EEPROM_Memory@interactive            cstackBANK1  00011A
Format_EEPROM_Memory@last_cell              cstackBANK1  000118
GetDayOfWeek@day                            cstackBANK1  000102
GetStringLength@container                   cstackBANK1  000100
GetStringLength@i                           cstackBANK1  000102
Init_GSM@show                               cstackBANK1  000125
Init_USART@SpeedNumber                      cstackBANK1  000102
Init_USART@_value                           cstackBANK1  000100
InputText@F3418                             dataBANK3    00038E
InputText@F3420                             dataBANK4    00049E
InputText@F3422                             dataBANK3    000368
InputText@F3424                             dataBANK3    00036D
InputText@F3426                             dataBANK3    000372
InputText@F3428                             dataBANK3    000377
InputText@F3430                             dataBANK3    00037C
InputText@F3432                             dataBANK3    00032C
InputText@F3434                             dataBANK3    000381
InputText@F3436                             dataBANK3    000332
InputText@F3438                             dataBANK3    000338
InputText@F3440                             dataBANK3    00033E
InputText@F3442                             dataBANK3    000344
InputText@F3444                             dataBANK3    00034A
InputText@F3446                             dataBANK3    000350
InputText@F3448                             dataBANK3    000356
InputText@F3450                             dataBANK3    00035C
InputText@F3452                             dataBANK3    000362
InputText@F3454                             dataBANK3    000391
InputText@F3456                             dataBANK0    0000E6
InputText@F3458                             dataBANK0    0000E8
InputText@F3460                             dataBANK0    0000EA
InputText@F3462                             dataBANK2    0002EA
InputText@F3464                             dataBANK2    0002EC
InputText@F3466                             dataBANK2    0002EE
InputText@F3468                             dataBANK2    0002F0
InputText@F3470                             dataBANK2    0002F2
InputText@F3472                             dataBANK2    0002F4
InputText@InputData                         cstackBANK2  000284
InputText@_input_data                       cstackBANK2  000200
InputText@_props                            cstackBANK1  000149
InputText@active_cell                       cstackBANK2  0002E3
InputText@capacity                          cstackBANK1  00014B
InputText@cur_char                          cstackBANK2  0002D6
InputText@i                                 cstackBANK2  0002E2
InputText@i_1943                            cstackBANK2  0002DB
InputText@i_1952                            cstackBANK2  0002DA
InputText@i_1962                            cstackBANK2  0002DF
InputText@i_1971                            cstackBANK2  0002DC
InputText@lastKeyCode                       cstackBANK2  0002E0
InputText@props                             cstackBANK2  0002E1
InputText@ret_string                        cstackBANK1  000162
InputText@s_0                               cstackBANK1  0001E0
InputText@s_1                               cstackBANK1  000150
InputText@s_12                              cstackBANK1  00018F
InputText@s_13                              cstackBANK1  000195
InputText@s_14                              cstackBANK1  00019B
InputText@s_15                              cstackBANK1  0001A1
InputText@s_16                              cstackBANK1  0001A7
InputText@s_17                              cstackBANK1  0001AD
InputText@s_18                              cstackBANK1  0001B3
InputText@s_19                              cstackBANK1  0001B9
InputText@s_2                               cstackBANK1  0001BF
InputText@s_20                              cstackBANK1  0001DD
InputText@s_21                              cstackBANK1  0001E3
InputText@s_22                              cstackBANK1  0001E5
InputText@s_23                              cstackBANK1  0001E7
InputText@s_24                              cstackBANK2  0002C6
InputText@s_25                              cstackBANK2  0002C8
InputText@s_26                              cstackBANK2  0002CA
InputText@s_27                              cstackBANK2  0002CC
InputText@s_28                              cstackBANK2  0002CE
InputText@s_29                              cstackBANK2  0002D0
InputText@s_3                               cstackBANK1  0001C4
InputText@s_4                               cstackBANK1  0001C9
InputText@s_5                               cstackBANK1  0001CE
InputText@s_6                               cstackBANK1  0001D3
InputText@s_7                               cstackBANK1  000183
InputText@s_8                               cstackBANK1  0001D8
InputText@s_9                               cstackBANK1  000189
InputText@symbols                           cstackBANK3  0003A0
InputText@temp                              cstackBANK2  0002DD
InputText@temp_1964                         cstackBANK2  0002D8
InputText@text                              cstackBANK1  000147
InputText@time_point                        cstackBANK2  0002D2
InteractiveData_BlinkOFF@InteractiveData    cstackBANK1  000100
InteractiveData_BlinkOFF@i                  cstackBANK1  000105
InteractiveData_BlinkOFF@leght              cstackBANK1  000102
NumericToString@displacement                cstackBANK1  000116
NumericToString@mySring                     cstackBANK1  000111
NumericToString@n                           cstackBANK1  00010D
NumericToString@size                        cstackBANK1  000113
OutputInteractiveData@data                  cstackBANK1  000109
OutputInteractiveData@i                     cstackBANK1  000111
OutputInteractiveData@length                cstackBANK1  00010B
OutputInteractiveData@line                  cstackBANK1  00010F
OutputInteractiveData@s                     cstackBANK1  000110
OutputInteractiveData@start_symbol          cstackBANK1  00010C
OutputString@i                              cstackBANK1  000111
OutputString@l                              cstackBANK1  000113
OutputString@line                           cstackBANK1  00010B
OutputString@position                       cstackBANK1  00010C
OutputString@s                              cstackBANK1  000110
OutputString@stringData                     cstackBANK1  000109
OutputString@transfer_line                  cstackBANK1  00010D
OutputSystemMessage@i                       cstackBANK1  000106
OutputSystemMessage@l                       cstackBANK1  000109
OutputSystemMessage@line                    cstackBANK1  00010A
OutputSystemMessage@s                       cstackBANK1  000108
OutputSystemMessage@stringData              cstackBANK1  000100
OutputSystemMessage@symb                    cstackBANK1  00010B
PL10                                        text31       00379C
PL100                                       text35       0035CC
PL102                                       text1        00255A
PL104                                       text24       00100A
PL106                                       text48       0030D0
PL108                                       text42       001A6E
PL110                                       text24       001026
PL112                                       text24       00102E
PL114                                       text65       0041D8
PL116                                       text91       005094
PL118                                       text33       002F88
PL12                                        text8        001642
PL120                                       text19       002912
PL122                                       text1        00256C
PL124                                       text21       0046A8
PL126                                       text53       000A0C
PL128                                       text42       001A7C
PL130                                       text19       002922
PL132                                       text24       00103A
PL134                                       text53       000A24
PL136                                       text48       0030EC
PL138                                       text19       00292A
PL14                                        text8        001654
PL140                                       text42       001A88
PL142                                       text12       002E2C
PL144                                       text33       002F98
PL146                                       text24       001044
PL148                                       text46       00441E
PL150                                       text9        003FE2
PL152                                       text0        002AD8
PL154                                       text29       0043A8
PL156                                       text24       001050
PL158                                       text88       00275A
PL16                                        text53       0009D2
PL160                                       text11       00408E
PL162                                       text24       001062
PL164                                       text24       001074
PL166                                       text24       00107C
PL168                                       text24       001084
PL170                                       text78       002C94
PL172                                       text8        00168E
PL174                                       text21       0046C0
PL176                                       text53       000A2E
PL178                                       text24       001096
PL18                                        text33       002F54
PL180                                       text8        00169A
PL182                                       text8        0016A6
PL184                                       text8        0016B2
PL186                                       text53       000A36
PL188                                       text0        002AE0
PL190                                       text42       001A9E
PL192                                       text24       0010A2
PL194                                       text24       0010AE
PL196                                       text57       002354
PL198                                       text88       00276C
PL2                                         text59       004E34
PL20                                        text66       0042F2
PL200                                       text104      004A06
PL202                                       text24       0010BA
PL204                                       text85       004920
PL206                                       text53       000A46
PL208                                       text85       00492C
PL210                                       text24       0010CA
PL212                                       text42       001AAE
PL214                                       text46       004432
PL216                                       text7        0036E6
PL218                                       text49       003E84
PL22                                        text59       004E4A
PL220                                       text21       0046CC
PL222                                       text24       0010D2
PL224                                       text39       003224
PL226                                       text39       003232
PL228                                       text95       0034B2
PL230                                       text24       0010E0
PL232                                       text24       0010E8
PL234                                       text53       000A54
PL236                                       text95       0034C0
PL238                                       text24       0010F0
PL24                                        text31       0037AE
PL240                                       text53       000A62
PL242                                       text53       000A6C
PL244                                       text53       000A76
PL246                                       text24       0010F8
PL248                                       text24       001102
PL250                                       text24       00110A
PL252                                       text57       00235E
PL254                                       text42       001ABC
PL256                                       text57       002368
PL258                                       text42       001AC6
PL26                                        text65       0041BC
PL260                                       text33       002FA4
PL262                                       text24       001114
PL264                                       text8        0016BE
PL266                                       text57       002374
PL268                                       text24       001120
PL270                                       text12       002E3A
PL272                                       text32       005178
PL274                                       text57       002380
PL276                                       text42       001AD2
PL278                                       text24       00112C
PL28                                        text88       00274C
PL280                                       text57       00238C
PL282                                       text8        0016C8
PL284                                       text20       0044CC
PL286                                       text57       002398
PL288                                       text53       000A80
PL290                                       text48       0030F8
PL292                                       text35       0035DE
PL294                                       text67       0038E4
PL296                                       text8        0016D2
PL298                                       text63       005032
PL30                                        text8        001666
PL300                                       text8        0016DC
PL302                                       text6        0051E2
PL304                                       text67       0038EC
PL306                                       text46       004440
PL308                                       text8        0016E6
PL310                                       text42       001ADE
PL312                                       text53       000A8A
PL314                                       text53       000A94
PL316                                       text53       000A9E
PL318                                       text39       003240
PL32                                        text58       004542
PL320                                       text48       003102
PL322                                       text3        003C5A
PL324                                       text12       002E46
PL326                                       text8        0016F0
PL328                                       text39       00324A
PL330                                       text35       0035E6
PL332                                       text8        0016F8
PL334                                       text1        002584
PL34                                        text24       000F72
PL36                                        text53       0009DC
PL38                                        text76       0052AA
PL4                                         text53       0009C2
PL40                                        text67       0038AE
PL42                                        text24       000F7E
PL44                                        text64       004C62
PL46                                        text90       0039AE
PL48                                        text33       002F76
PL50                                        text24       000F96
PL52                                        text24       000FA4
PL54                                        text24       000FB6
PL56                                        text99       004BA0
PL58                                        text24       000FC2
PL6                                         text8        001620
PL60                                        text69       004B38
PL62                                        text44       004AD0
PL64                                        text90       0039C6
PL66                                        text0        002ACC
PL68                                        text67       0038C6
PL70                                        text66       00430A
PL72                                        text24       000FD8
PL74                                        text31       0037E0
PL76                                        text53       0009EA
PL78                                        text8        00167A
PL8                                         text31       003782
PL80                                        text8        001684
PL82                                        text31       0037F2
PL84                                        text64       004C7A
PL86                                        text66       004318
PL88                                        text48       0030B2
PL90                                        text24       000FE6
PL92                                        text67       0038DC
PL94                                        text24       000FF8
PL96                                        text58       00454A
PL98                                        text90       0039DC
ParseDataRecord@Data                        cstackBANK1  000100
ParseDataRecord@Days                        cstackBANK1  000108
ParseDataRecord@Signals                     cstackBANK1  00010A
ParseDataRecord@TimeStart                   cstackBANK1  000104
ParseDataRecord@TimeStop                    cstackBANK1  000106
ParseTime@Day                               cstackBANK1  000114
ParseTime@DayTime                           cstackBANK1  000116
ParseTime@Time                              cstackBANK1  000112
ParseTime@TimeValue                         cstackBANK1  00010E
PhonebookEdit@Contact                       cstackBANK5  00053D
PhonebookEdit@F3522                         dataBANK3    000394
PhonebookEdit@F3524                         dataBANK3    000300
PhonebookEdit@aaa                           cstackBANK5  00050A
PhonebookEdit@cell                          cstackBANK5  00053A
PhonebookEdit@field                         cstackBANK5  000538
PhonebookEdit@i                             cstackBANK5  00053C
PhonebookEdit@input_props                   cstackBANK5  000536
PhonebookEdit@input_props_2048              cstackBANK5  000532
PhonebookEdit@menu                          cstackBANK5  000500
PhonebookEdit@num_cell                      cstackBANK5  00052B
PhonebookEdit@number                        cstackBANK5  000533
PhonebookEdit@read                          cstackBANK5  000535
PhonebookEdit@result                        cstackBANK5  000537
ProcessIncommingUartData@contact            cstackBANK0  0000B1
ProcessIncommingUartData@i                  cstackBANK0  0000B3
ProcessIncommingUartData@number             cstackBANK0  0000A6
ReIndTimeEdit@TimeData                      cstackBANK1  000112
ReIndTimeEdit@i                             cstackBANK1  000119
ReIndTimeEdit@i_1273                        cstackBANK1  00011A
ReadDataOfCell@CellsData                    cstackBANK1  00010D
ReadDataOfCell@Data                         cstackBANK1  00010F
ReadDataOfCell@TargetAdress                 cstackBANK1  000111
ReadDataOfCell@i                            cstackBANK1  00011B
ReadDataOfCell_interr@CellsData             cstackCOMRAM 000033
ReadDataOfCell_interr@Data                  cstackCOMRAM 000028
ReadDataOfCell_interr@TargetAdress          cstackCOMRAM 000029
ReadDataOfCell_interr@i                     cstackCOMRAM 000034
Read_USART_SpeedNumber@value                cstackBANK1  000104
RefreshSchedulerIndicator@CellIsEmpty       cstackBANK1  000152
RefreshSchedulerIndicator@CellsData         cstackBANK1  00013E
RefreshSchedulerIndicator@CopyFrom          cstackBANK1  00013A
RefreshSchedulerIndicator@Data              cstackBANK1  00014E
RefreshSchedulerIndicator@F3172             dataBANK2    0002E4
RefreshSchedulerIndicator@F3174             dataBANK2    0002E7
RefreshSchedulerIndicator@New               cstackBANK1  000139
RefreshSchedulerIndicator@adress            cstackBANK1  000137
RefreshSchedulerIndicator@cell              cstackBANK1  000153
RefreshSchedulerIndicator@i                 cstackBANK1  000155
RefreshSchedulerIndicator@num               cstackBANK1  000146
RefreshSchedulerIndicator@num_1481          cstackBANK1  000149
Save_USART_SpeedNumber@speed                cstackBANK1  000104
Scheduler@NumberOfCells                     bssBANK0     0000D6
Scheduler@StartFrom                         cstackBANK1  000163
SchedulerNew@NumberOfCells                  bssBANK0     0000D8
SchedulerNew@SourceOfRecord                 cstackBANK1  000156
Select_OK_NO@text                           cstackBANK1  000114
SendCommandToUSART@command                  cstackBANK1  000100
SendCommandToUSART@wait                     cstackBANK1  000102
SendSymbolToLCD@Symb                        cstackCOMRAM 000023
Settings@F3545                              dataBANK4    0004EC
Settings@item                               cstackBANK1  0001C7
Settings@menu                               cstackBANK1  0001BC
Settings@speed                              cstackBANK1  0001C6
ShowMenu@item                               cstackBANK1  000116
ShowMenu@item_max                           cstackBANK1  00011C
ShowMenu@line                               bssBANK0     0000DE
ShowMenu@menu                               cstackBANK1  000114
ShowMenu@result                             cstackBANK1  00011B
ShowSchedulerMenu@F3228                     dataBANK3    000314
ShowSchedulerMenu@NumberOfCells             cstackBANK1  000158
ShowSchedulerMenu@item                      cstackBANK1  000162
ShowSchedulerMenu@menu                      cstackBANK1  00015A
SignalsOnOff@CellsData                      cstackBANK0  000080
SignalsOnOff@Data                           cstackBANK0  000096
SignalsOnOff@Data_1605                      cstackBANK0  000095
SignalsOnOff@DayTime                        cstackBANK0  000090
SignalsOnOff@Days                           cstackBANK0  000092
SignalsOnOff@Signals                        cstackBANK0  000093
SignalsOnOff@ThisDay                        cstackBANK0  000094
SignalsOnOff@ThisTime                       cstackBANK0  00008E
SignalsOnOff@TimeStart                      cstackBANK0  000088
SignalsOnOff@TimeStop                       cstackBANK0  00008A
TelephoneCall@F3509                         dataBANK4    0004B0
TelephoneCall@command                       cstackBANK1  000107
TelephoneCall@i                             cstackBANK1  000119
TelephoneCall@phone_number                  cstackBANK1  000103
TimeData_BlinkOFF@TimeData                  cstackBANK1  000106
TimeData_INIT@TimeData                      cstackBANK1  000100
TimeData_INIT@i                             cstackBANK1  000106
TimeData_INIT@i_1316                        cstackBANK1  000107
TimeEdit@F3092                              dataBANK4    0004E0
TimeEdit@MonthDays                          cstackBANK1  000127
TimeEdit@TimeData                           cstackBANK1  00019C
TimeEdit@_date                              cstackBANK1  00013B
TimeEdit@_time                              cstackBANK1  000164
TimeEdit@_weekday                           cstackBANK1  000198
TimeEdit@blinking                           cstackBANK1  000192
TimeEdit@i                                  cstackBANK1  00018F
TimeEdit@i_1340                             cstackBANK1  000190
TimeEdit@i_1341                             cstackBANK1  000191
TimeEdit@input                              cstackBANK1  000163
TimeEdit@month                              cstackBANK1  000178
TimeEdit@n                                  cstackBANK1  000133
TimeEdit@symb_array                         cstackBANK1  000179
TimeEdit@t                                  cstackBANK1  000197
TimeEdit@temp                               cstackBANK1  000193
TimeToInd@CellsData                         cstackBANK1  000167
TimeToInd@CellsNumber                       cstackBANK1  0001B0
TimeToInd@D                                 cstackBANK1  0001A2
TimeToInd@Data                              cstackBANK1  0001A9
TimeToInd@DataArray                         cstackBANK1  000185
TimeToInd@DataArray2                        cstackBANK1  0001A6
TimeToInd@DataArrayOfLine2                  cstackBANK1  00016F
TimeToInd@Day                               cstackBANK1  0001A8
TimeToInd@Days                              cstackBANK1  0001A1
TimeToInd@F3022                             dataBANK3    000386
TimeToInd@F3026                             dataBANK4    0004F6
TimeToInd@F3030                             dataBANK4    0004C2
TimeToInd@F3044                             dataBANK4    0004D3
TimeToInd@SignalOn                          cstackBANK1  000196
TimeToInd@SignalOn_1211                     cstackBANK1  000198
TimeToInd@Signals                           cstackBANK1  0001AD
TimeToInd@SignalsFinal                      cstackBANK1  0001B3
TimeToInd@Time                              cstackBANK1  0001B6
TimeToInd@TimeData                          cstackBANK1  00017C
TimeToInd@TimeStart                         cstackBANK1  00019E
TimeToInd@TimeStop                          cstackBANK1  0001B4
TimeToInd@d                                 cstackBANK1  000199
TimeToInd@day                               cstackBANK1  000197
TimeToInd@i                                 cstackBANK1  0001AE
TimeToInd@i_1210                            cstackBANK1  0001AF
TimeToInd@j2                                cstackBANK1  0001B1
TimeToInd@line                              cstackBANK1  0001A0
TimeToInd@temp                              cstackBANK1  0001B8
USART_Speed_Choise@F3542                    dataBANK3    00030A
USART_Speed_Choise@menu                     cstackBANK1  00011D
UserDelay@timestamp                         cstackBANK1  000116
UserDelay@value                             cstackBANK1  000114
WorkingWithGSM@command                      cstackBANK5  000521
WorkingWithGSM@i                            cstackBANK5  000526
WorkingWithGSM@line                         dataBANK3    000397
WorkingWithGSM@myOutputString               cstackBANK5  000500
WorkingWithGSM@p                            cstackBANK5  000523
WorkingWithGSM@speed                        cstackBANK5  000525
WriteArrayToEEPROM@adress_start             cstackBANK1  000106
WriteArrayToEEPROM@container                cstackBANK1  000104
WriteArrayToEEPROM@i                        cstackBANK1  00010C
WriteArrayToEEPROM@quantity                 cstackBANK1  000108
WritePhonebookCellToEEPROM@adress_start     cstackBANK1  00010F
WritePhonebookCellToEEPROM@container        cstackBANK1  00010D
_ADCON1                                     (abs)        000FC1
_AddByteToUSARTbuff                         text105      003ABE
_AdressOfNextStartCell                      dataBANK0    0000EC
_BAUDCONbits                                (abs)        000FB8
_CheckoutRegisterOfSymbol                   text61       001EC4
_CleanStringArray                           text41       00536E
_Clock                                      bssBANK0     0000D2
_Clock_from_GSM                             bssBANK4     000480
_ConvKeyNum                                 text102      004C82
_ConvertDayToBit                            text84       00524A
_CurrentReadingCell                         bssCOMRAM    00004B
_CurrentSignals                             bssBANK0     0000DF
_CurrentSignalsData                         bssCOMRAM    000050
_DTMF_Symbol                                bssBANK0     0000E0
_DeleteDataOfCell                           text15       00527A
_EEADR                                      (abs)        000FA9
_EEADRH                                     (abs)        000FAA
_EECON1bits                                 (abs)        000FA6
_EECON2                                     (abs)        000FA7
_EEDATA                                     (abs)        000FA8
_EERD                                       text71       005394
_EEWR                                       text68       0054DC
_EditSchedule                               text14       00562C
_F_h                                        intcode      000008
_F_l                                        intcodelo    000018
_FillArrayFromEEPROM                        text70       0050E4
_FillArrayFromEEPROM_interr                 text83       005184
_FillMinutes                                text72       005628
_FillPhonebookCellFromEEPROM                text69       004AE6
_FindCell                                   text13       0039E4
_FindCell$1463                              cstackBANK1  00012D
_FindIncommingData                          text39       00310C
_FindNextTimeStart                          text19       002774
_FindNextTimeStart$2853                     cstackBANK1  00012B
_FindPhoneContactByNumber                   text98       003E92
_Format_EEPROM_Memory                       text62       0047D2
_GetDayOfWeek                               text18       0046DA
_GetStringLength                            text40       005348
_GlobalBlinkCycleTime                       dataCOMRAM   000055
_INTCON                                     (abs)        000FF2
_INTCON2                                    (abs)        000FF1
_INTCON3                                    (abs)        000FF0
_INTCONbits                                 (abs)        000FF2
_IPR1                                       (abs)        000F9F
_IPR1bits                                   (abs)        000F9F
_IPR2                                       (abs)        000FA2
_IncommingBuffer                            bssCOMRAM    000043
_Incomming_Call_Data                        bssBANK5     00055E
_Incomming_DTMF_Data                        dataBANK3    000398
_Init_GSM                                   text35       0034CE
_Init_USART                                 text38       004DAA
_InputText                                  text53       00030E
_InteractiveData_BlinkOFF                   text60       00521A
_KeyCode                                    bssBANK0     0000E1
_LATA                                       (abs)        000F89
_LATB                                       (abs)        000F8A
_LATC                                       (abs)        000F8B
_Minutes                                    bssBANK2     0002F6
_NearTimeStart                              bssBANK0     0000E2
_NumericToString                            text49       003DDA
_OutcommingBuffer                           bssBANK0     0000DA
_OutputInteractiveData                      text58       0044D6
_OutputString                               text65       004142
_OutputSystemMessage                        text67       0037FA
_PIE1                                       (abs)        000F9D
_PIE1bits                                   (abs)        000F9D
_PIE2                                       (abs)        000FA0
_PIR1                                       (abs)        000F9E
_PIR1bits                                   (abs)        000F9E
_PIR2                                       (abs)        000FA1
_PIR2bits                                   (abs)        000FA1
_PORTA                                      (abs)        000F80
_PORTB                                      (abs)        000F81
_PR2                                        (abs)        000FCB
_ParseDataRecord                            text21       00465C
_ParseTime                                  text16       004A16
_PhonebookEdit                              text42       001700
_PhonebookEdit$2043                         cstackBANK5  00052E
_PhonebookEdit$2046                         cstackBANK5  000530
_ProcessIncommingUartData                   text88       00258C
_ProcessSystemMessageShowing                text87       005614
_RB7                                        (abs)        007C0F
_RC0                                        (abs)        007C10
_RC2                                        (abs)        007C12
_RCON                                       (abs)        000FD0
_RCONbits                                   (abs)        000FD0
_RCREG                                      (abs)        000FAE
_RCSTAbits                                  (abs)        000FAB
_ReIndTimeEdit                              text33       002E4E
_ReadDataOfCell                             text20       00444A
_ReadDataOfCell_interr                      text82       00455A
_Read_USART_SpeedNumber                     text37       0054BC
_RefreshSchedulerIndicator                  text12       002CA0
_RefreshSchedulerIndicator$1473             cstackBANK1  00014C
_SPBRG                                      (abs)        000FAF
_SPBRGH                                     (abs)        000FB0
_Save_USART_SpeedNumber                     text34       0055B2
_Scheduler                                  text9        003F44
_SchedulerNew                               text11       003FF4
_Select_OK_NO                               text63       005000
_SendCommandToUSART                         text47       00549A
_SendSymbolToLCD                            text85       0048C2
_SendSymbolToLCD$1423                       cstackCOMRAM 00001F
_SendSymbolToLCD$1425                       cstackCOMRAM 000021
_Settings                                   text22       004756
_ShowMenu                                   text48       002FB0
_ShowSchedulerMenu                          text10       0040A0
_SignalsForInd                              bssBANK1     0001FB
_SignalsOnOff                               text78       002AEA
_SignalsOnOff$1604                          cstackBANK0  00008C
_SignalsOut                                 bssCOMRAM    000051
_StandardAnswer_BUSY                        mediumconst  00FD9C
_StandardAnswer_CLOCK                       mediumconst  00FD4F
_StandardAnswer_DTMF                        mediumconst  00FD8E
_StandardAnswer_ERROR                       mediumconst  00FD96
_StandardAnswer_INCCALL                     mediumconst  00FD2B
_StandardAnswer_NO_ANSWER                   mediumconst  00FD84
_StandardAnswer_NO_CARRIER                  mediumconst  00FD79
_StandardAnswer_NO_DIALTONE                 mediumconst  00FD6D
_StandardAnswer_OK                          mediumconst  00FDA1
_T0IF                                       (abs)        007F92
_T1CONbits                                  (abs)        000FCD
_T2CON                                      (abs)        000FCA
_T2CONbits                                  (abs)        000FCA
_TMR1                                       (abs)        000FCE
_TMR1IF                                     (abs)        007CF0
_TMR2                                       (abs)        000FCC
_TMR2IF                                     (abs)        007CF1
_TRISA                                      (abs)        000F92
_TRISB                                      (abs)        000F93
_TRISC                                      (abs)        000F94
_TRISCbits                                  (abs)        000F94
_TXREG                                      (abs)        000FAD
_TXSTAbits                                  (abs)        000FAC
_TelephoneCall                              text46       0043BA
_TimeData_BlinkOFF                          text32       005150
_TimeData_INIT                              text31       0036F4
_TimeEdit                                   text24       000AA8
_TimeEdit$2852                              cstackBANK1  000137
_TimeToInd                                  text8        001134
_TimeToInd$1196                             cstackBANK1  00019A
_TimeToInd$1197                             cstackBANK1  00019C
_USART_Speed_Choise                         text23       005322
_UserDelay                                  text36       004FC4
_WorkingWithGSM                             text7        0035EE
_WriteArrayToEEPROM                         text45       00503C
_WritePhonebookCellToEEPROM                 text44       004A7E
__CFG_BOREN$SBORDIS                         (abs)        000000
__CFG_BORV$3                                (abs)        000000
__CFG_CCP2MX$PORTC                          (abs)        000000
__CFG_CP0$OFF                               (abs)        000000
__CFG_CP1$OFF                               (abs)        000000
__CFG_CP2$OFF                               (abs)        000000
__CFG_CP3$OFF                               (abs)        000000
__CFG_CPB$OFF                               (abs)        000000
__CFG_CPD$OFF                               (abs)        000000
__CFG_EBTR0$OFF                             (abs)        000000
__CFG_EBTR1$OFF                             (abs)        000000
__CFG_EBTR2$OFF                             (abs)        000000
__CFG_EBTR3$OFF                             (abs)        000000
__CFG_EBTRB$OFF                             (abs)        000000
__CFG_FCMEN$OFF                             (abs)        000000
__CFG_IESO$ON                               (abs)        000000
__CFG_LPT1OSC$ON                            (abs)        000000
__CFG_LVP$OFF                               (abs)        000000
__CFG_MCLRE$OFF                             (abs)        000000
__CFG_OSC$HSPLL                             (abs)        000000
__CFG_PBADEN$OFF                            (abs)        000000
__CFG_PWRT$ON                               (abs)        000000
__CFG_STVREN$ON                             (abs)        000000
__CFG_WDT$OFF                               (abs)        000000
__CFG_WDTPS$32768                           (abs)        000000
__CFG_WRT0$OFF                              (abs)        000000
__CFG_WRT1$OFF                              (abs)        000000
__CFG_WRT2$OFF                              (abs)        000000
__CFG_WRT3$OFF                              (abs)        000000
__CFG_WRTB$OFF                              (abs)        000000
__CFG_WRTC$OFF                              (abs)        000000
__CFG_WRTD$OFF                              (abs)        000000
__CFG_XINST$OFF                             (abs)        000000
__CleanStringArray_interrupt                text106      00542C
__CleanStringArray_interrupt@i              cstackCOMRAM 000006
__CleanStringArray_interrupt@myArray        cstackCOMRAM 000001
__CleanStringArray_interrupt@settingData    cstackCOMRAM 000005
__CleanStringArray_interrupt@size           cstackCOMRAM 000003
__FindIncommingData_interrupt               text95       003390
__FindIncommingData_interrupt@a             cstackCOMRAM 000035
__FindIncommingData_interrupt@container     cstackCOMRAM 000027
__FindIncommingData_interrupt@end_of_regexp cstackCOMRAM 000037
__FindIncommingData_interrupt@finish_index  cstackCOMRAM 000031
__FindIncommingData_interrupt@history_index cstackCOMRAM 000029
__FindIncommingData_interrupt@i             cstackCOMRAM 00003B
__FindIncommingData_interrupt@j             cstackCOMRAM 000041
__FindIncommingData_interrupt@last_s        cstackCOMRAM 00003F
__FindIncommingData_interrupt@not_found     cstackCOMRAM 000033
__FindIncommingData_interrupt@pointer       cstackCOMRAM 00003D
__FindIncommingData_interrupt@regexp        cstackCOMRAM 000025
__FindIncommingData_interrupt@s0            cstackCOMRAM 000039
__FindIncommingData_interrupt@s1            cstackCOMRAM 00002D
__FindIncommingData_interrupt@start_index   cstackCOMRAM 00002F
__GetStringLength_interr                    text97       005406
__GetStringLength_interr@container          cstackCOMRAM 00001C
__GetStringLength_interr@i                  cstackCOMRAM 00001E
__HRAM                                      (abs)        000000
__Habs1                                     abs1         000000
[...]
		None
 Auto vars:     Size  Location     Type
		None
 Return value:  Size  Location     Type
                  1    wreg      void 
 Registers used:
		wreg, fsr0l, fsr0h, status,2, status,0, tblptrl, tblptrh, tblptru
 Tracked objects:
		On entry : 
		On exit  : 
		Unchanged: 
 Data sizes:     COMRAM   BANK0   BANK1   BANK2   BANK3   BANK4   BANK5   BANK6   BANK7   BANK8   BANK9  BANK10  BANK11  BANK12  BANK13  BANK14  BANK15
      Params:         0       0       0       0       0       0       0       0       0       0       0       0       0       0       0       0       0
      Locals:         0       0       0       0       0       0       0       0       0       0       0       0       0       0       0       0       0
      Temps:          0       0       0       0       0       0       0       0       0       0       0       0       0       0       0       0       0
      Totals:         0       0       0       0       0       0       0       0       0       0       0       0       0       0       0       0       0
Total ram usage:        0 bytes
 Hardware stack levels used:    1
 This function calls:
		Nothing
 This function is called by:
		_F_h
 This function uses a non-reentrant model


 *************** function _AddByteToUSARTbuff *****************
 Defined at:
		line 1993 in file "prog.c"
 Parameters:    Size  Location     Type
  byte            1    wreg     unsigned char 
 Auto vars:     Size  Location     Type
  byte            1   11[COMRAM] unsigned char 
  i               2   12[COMRAM] unsigned int 
  i               1   14[COMRAM] unsigned char 
  buff            2    9[COMRAM] PTR unsigned char 
		 -> buff_string_11(256), buff_string_10(256), buff_string_9(256), buff_string_8(256), 
 Return value:  Size  Location     Type
                  1    wreg      void 
 Registers used:
		wreg, fsr1l, fsr1h, fsr2l, fsr2h, status,2, status,0, prodl, prodh, cstack
 Tracked objects:
		On entry : 
		On exit  : 
		Unchanged: 
 Data sizes:     COMRAM   BANK0   BANK1   BANK2   BANK3   BANK4   BANK5   BANK6   BANK7   BANK8   BANK9  BANK10  BANK11  BANK12  BANK13  BANK14  BANK15
      Params:         0       0       0       0       0       0       0       0       0       0       0       0       0       0       0       0       0
      Locals:         6       0       0       0       0       0       0       0       0       0       0       0       0       0       0       0       0
      Temps:          2       0       0       0       0       0       0       0       0       0       0       0       0       0       0       0       0
      Totals:         8       0       0       0       0       0       0       0       0       0       0       0       0       0       0       0       0
Total ram usage:        8 bytes
 Hardware stack levels used:    1
 Hardware stack levels required when called:    1
 This function calls:
		__CleanStringArray_interrupt
 This function is called by:
		_F_h
 This function uses a non-reentrant model


 *************** function __CleanStringArray_interrupt *****************
 Defined at:
		line 1440 in file "prog.c"
 Parameters:    Size  Location     Type
  myArray         2    0[COMRAM] PTR unsigned char 
		 -> buff_string_11(256), buff_string_10(256), buff_string_9(256), buff_string_8(256), 
  size            2    2[COMRAM] unsigned int 
  settingData     1    4[COMRAM] unsigned char 
 Auto vars:     Size  Location     Type
  i               2    5[COMRAM] unsigned int 
 Return value:  Size  Location     Type
                  1    wreg      void 
 Registers used:
		wreg, fsr2l, fsr2h, status,2, status,0
 Tracked objects:
		On entry : 
		On exit  : 
		Unchanged: 
 Data sizes:     COMRAM   BANK0   BANK1   BANK2   BANK3   BANK4   BANK5   BANK6   BANK7   BANK8   BANK9  BANK10  BANK11  BANK12  BANK13  BANK14  BANK15
      Params:         5       0       0       0       0       0       0       0       0       0       0       0       0       0       0       0       0
      Locals:         2       0       0       0       0       0       0       0       0       0       0       0       0       0       0       0       0
      Temps:          0       0       0       0       0       0       0       0       0       0       0       0       0       0       0       0       0
      Totals:         7       0       0       0       0       0       0       0       0       0       0       0       0       0       0       0       0
Total ram usage:        7 bytes
 Hardware stack levels used:    1
 This function calls:
		Nothing
 This function is called by:
		_AddByteToUSARTbuff
 This function uses a non-reentrant model



MODULE INFORMATION

Module		Function		Class		Link	Load	Size
/opt/microchip/xc8/v1.37/sources/common/llmod.c
		___llmod       		CODE           	4CE6	0000	99

/opt/microchip/xc8/v1.37/sources/common/llmod.c estimated size: 99

/opt/microchip/xc8/v1.37/sources/common/almod.c
		___almod       		CODE           	4320	0000	137

/opt/microchip/xc8/v1.37/sources/common/almod.c estimated size: 137

/opt/microchip/xc8/v1.37/sources/common/Umul32.c
		___lmul        		CODE           	4E68	0000	77

/opt/microchip/xc8/v1.37/sources/common/Umul32.c estimated size: 77

/opt/microchip/xc8/v1.37/sources/common/lwdiv.c
		___lwdiv       		CODE           	4EB4	0000	75

/opt/microchip/xc8/v1.37/sources/common/lwdiv.c estimated size: 75

/opt/microchip/xc8/v1.37/sources/common/lbmod.c
		___lbmod       		CODE           	52FA	0000	41

/opt/microchip/xc8/v1.37/sources/common/lbmod.c estimated size: 41

/opt/microchip/xc8/v1.37/sources/common/lldiv.c
		___lldiv       		CODE           	484C	0000	119

/opt/microchip/xc8/v1.37/sources/common/lldiv.c estimated size: 119

/opt/microchip/xc8/v1.37/sources/common/aldiv.c
		___aldiv       		CODE           	3C62	0000	189

/opt/microchip/xc8/v1.37/sources/common/aldiv.c estimated size: 189

shared
		PL12           		CODE           	1642	0000	19
		PL50           		CODE           	0F96	0000	15
		PL8            		CODE           	3782	0000	27
		PL268          		CODE           	1120	0000	13
		PL22           		CODE           	4E4A	0000	31
		PL60           		CODE           	4B38	0000	23
		PL178          		CODE           	1096	0000	13
		PL100          		CODE           	35CC	0000	19
		PL32           		CODE           	4542	0000	9
		PL70           		CODE           	430A	0000	15
		PL278          		CODE           	112C	0000	9
		i1_CleanStringArray		CODE           	53E0	0000	39
		PL200          		CODE           	4A06	0000	17
		PL42           		CODE           	0F7E	0000	25
		PL80           		CODE           	1684	0000	11
		PL188          		CODE           	2AE0	0000	11
		i1_EERD        		CODE           	5476	0000	37
		PL110          		CODE           	1026	0000	9
		PL300          		CODE           	16DC	0000	11
		PL14           		CODE           	1654	0000	19
		PL52           		CODE           	0FA4	0000	19
		PL90           		CODE           	0FE6	0000	19
		_StandardAnswer_ERROR		MEDIUMCONST    	FD96	0000	7
		PL288          		CODE           	0A80	0000	11
		PL210          		CODE           	10CA	0000	9
		PL24           		CODE           	37AE	0000	51
		PL62           		CODE           	4AD0	0000	23
		_StandardAnswer_NO_ANSWER		MEDIUMCONST    	FD84	0000	11
		PL198          		CODE           	276C	0000	9
		PL120          		CODE           	2912	0000	17
		PL310          		CODE           	1ADE	0000	9
		PL34           		CODE           	0F72	0000	13
		PL72           		CODE           	0FD8	0000	15
		PL298          		CODE           	5032	0000	11
		i1_FillArrayFromEEPROM		CODE           	511A	0000	55
		PL220          		CODE           	46CC	0000	15
		PL44           		CODE           	4C62	0000	25
		PL82           		CODE           	37F2	0000	9
		PL130          		CODE           	2922	0000	9
		PL320          		CODE           	3102	0000	11
		PL16           		CODE           	09D2	0000	11
		PL54           		CODE           	0FB6	0000	13
		PL92           		CODE           	38DC	0000	9
		PL230          		CODE           	10E0	0000	9
		PL26           		CODE           	41BC	0000	29
		PL64           		CODE           	39C6	0000	23
		PL102          		CODE           	255A	0000	19
		PL140          		CODE           	1A88	0000	23
		PL330          		CODE           	35E6	0000	9
		PL36           		CODE           	09DC	0000	15
		PL74           		CODE           	37E0	0000	19
		PL202          		CODE           	10BA	0000	17
		PL240          		CODE           	0A62	0000	11
		PL46           		CODE           	39AE	0000	25
		PL84           		CODE           	4C7A	0000	9
		i1___lwdiv     		CODE           	4EFE	0000	75
		PL112          		CODE           	102E	0000	13
		PL302          		CODE           	51E2	0000	9
		PL150          		CODE           	3FE2	0000	19
		PL18           		CODE           	2F54	0000	35
		PL56           		CODE           	4BA0	0000	23
		PL94           		CODE           	0FF8	0000	19
		_StandardAnswer_NO_DIALTONE		MEDIUMCONST    	FD6D	0000	13
		i1_OutputSystemMessage		CODE           	38F6	0000	185
		PL212          		CODE           	1AAE	0000	15
		PL250          		CODE           	110A	0000	11
		PL28           		CODE           	274C	0000	15
		PL66           		CODE           	2ACC	0000	13
		PL122          		CODE           	256C	0000	25
		PL312          		CODE           	0A8A	0000	11
		PL160          		CODE           	408E	0000	19
		PL38           		CODE           	52AA	0000	41
		PL76           		CODE           	09EA	0000	35
		PL222          		CODE           	10D2	0000	15
		PL260          		CODE           	2FA4	0000	13
		PL48           		CODE           	2F76	0000	19
		PL86           		CODE           	4318	0000	9
		PL132          		CODE           	103A	0000	11
		PL322          		CODE           	3C5A	0000	9
		PL170          		CODE           	2C94	0000	13
		PL58           		CODE           	0FC2	0000	23
		PL96           		CODE           	454A	0000	17
		PL232          		CODE           	10E8	0000	9
		PL270          		CODE           	2E3A	0000	13
		PL68           		CODE           	38C6	0000	23
		i1_FillPhonebookCellFromEEPROM		CODE           	4B4E	0000	83
		PL104          		CODE           	100A	0000	29
		PL142          		CODE           	2E2C	0000	15
		PL332          		CODE           	16F8	0000	9
		PL180          		CODE           	169A	0000	13
		PL78           		CODE           	167A	0000	11
		i1_SendCommandToUSART		CODE           	54FC	0000	33
		PL204          		CODE           	4920	0000	13
		PL242          		CODE           	0A6C	0000	11
		PL280          		CODE           	238C	0000	13
		PL88           		CODE           	30B2	0000	31
		i1_lcd_send_byte		CODE           	5452	0000	37
		PL114          		CODE           	41D8	0000	13
		PL304          		CODE           	38EC	0000	11
		PL152          		CODE           	2AD8	0000	9
		PL190          		CODE           	1A9E	0000	17
		PL98           		CODE           	39DC	0000	9
		i1___lwmod     		CODE           	4F86	0000	63
		PL214          		CODE           	4432	0000	15
		PL252          		CODE           	235E	0000	11
		PL290          		CODE           	30F8	0000	11
		i1_lcd_send_initial_half_byte		CODE           	53BA	0000	39
		PL124          		CODE           	46A8	0000	25
		PL314          		CODE           	0A94	0000	11
		PL162          		CODE           	1062	0000	19
		__initialization		CODE           	3252	0000	305
		PL224          		CODE           	3224	0000	15
		PL262          		CODE           	1114	0000	13
		_StandardAnswer_BUSY		MEDIUMCONST    	FD9C	0000	6
		PL134          		CODE           	0A24	0000	11
		PL324          		CODE           	2E46	0000	9
		PL172          		CODE           	168E	0000	13
		PL234          		CODE           	0A54	0000	15
		PL272          		CODE           	5178	0000	13
		_StandardAnswer_DTMF		MEDIUMCONST    	FD8E	0000	9
		PL106          		CODE           	30D0	0000	29
		PL144          		CODE           	2F98	0000	13
		PL334          		CODE           	2584	0000	9
		PL182          		CODE           	16A6	0000	13
		i1_FillMinutes 		CODE           	52A8	0000	3
		i1___aldiv     		CODE           	3D1E	0000	189
		PL206          		CODE           	0A46	0000	15
		PL244          		CODE           	0A76	0000	11
		PL282          		CODE           	16C8	0000	11
		PL116          		CODE           	5094	0000	27
		PL306          		CODE           	4440	0000	11
		PL154          		CODE           	43A8	0000	19
		PL192          		CODE           	10A2	0000	13
		__setInputTextProps@F3403		MEDIUMCONST    	FD21	0000	11
		__setInputTextProps@F3405		MEDIUMCONST    	FD0B	0000	23
		PL216          		CODE           	36E6	0000	15
		PL254          		CODE           	1ABC	0000	11
		PL292          		CODE           	35DE	0000	9
		PL126          		CODE           	0A0C	0000	25
		PL316          		CODE           	0A9E	0000	11
		PL164          		CODE           	1074	0000	9
		PL226          		CODE           	3232	0000	15
		PL264          		CODE           	16BE	0000	11
		PL136          		CODE           	30EC	0000	13
		PL326          		CODE           	16F0	0000	9
		PL174          		CODE           	46C0	0000	13
		PL236          		CODE           	34C0	0000	15
		PL274          		CODE           	2380	0000	13
		PL108          		CODE           	1A6E	0000	15
		PL146          		CODE           	1044	0000	13
		PL184          		CODE           	16B2	0000	13
		PL208          		CODE           	492C	0000	13
		PL246          		CODE           	10F8	0000	11
		PL284          		CODE           	44CC	0000	11
		i1_EEWR        		CODE           	5076	0000	31
		PL118          		CODE           	2F88	0000	17
		PL308          		CODE           	16E6	0000	11
		PL156          		CODE           	1050	0000	19
		PL194          		CODE           	10AE	0000	13
		PL218          		CODE           	3E84	0000	15
		PL256          		CODE           	2368	0000	13
		PL294          		CODE           	38E4	0000	9
		PL128          		CODE           	1A7C	0000	13
		PL318          		CODE           	3240	0000	11
		PL166          		CODE           	107C	0000	9
		_StandardAnswer_CLOCK		MEDIUMCONST    	FD4F	0000	31
		PL228          		CODE           	34B2	0000	15
		PL266          		CODE           	2374	0000	13
		_StandardAnswer_OK		MEDIUMCONST    	FDA1	0000	4
		PL138          		CODE           	292A	0000	11
		PL328          		CODE           	324A	0000	9
		PL176          		CODE           	0A2E	0000	9
		PL2            		CODE           	4E34	0000	23
		PL238          		CODE           	10F0	0000	9
		PL276          		CODE           	1AD2	0000	13
		PL148          		CODE           	441E	0000	21
		PL186          		CODE           	0A36	0000	17
		PL10           		CODE           	379C	0000	19
		PL4            		CODE           	09C2	0000	17
		PL248          		CODE           	1102	0000	9
		PL286          		CODE           	2398	0000	11
		PL20           		CODE           	42F2	0000	25
		_StandardAnswer_NO_CARRIER		MEDIUMCONST    	FD79	0000	12
		PL158          		CODE           	275A	0000	19
		PL196          		CODE           	2354	0000	11
		PL30           		CODE           	1666	0000	21
		PL6            		CODE           	1620	0000	35
		PL258          		CODE           	1AC6	0000	13
		PL296          		CODE           	16D2	0000	11
		PL40           		CODE           	38AE	0000	25
		_StandardAnswer_INCCALL		MEDIUMCONST    	FD2B	0000	37
		PL168          		CODE           	1084	0000	19

shared estimated size: 3933

/opt/microchip/xc8/v1.37/sources/common/lbdiv.c
		___lbdiv       		CODE           	50AE	0000	55

/opt/microchip/xc8/v1.37/sources/common/lbdiv.c estimated size: 55

prog.c
		_ConvertDayToBit		CODE           	524A	0000	49
		_TelephoneCall 		CODE           	43BA	0000	101
		_ReadDataOfCell		CODE           	444A	0000	131
		_setDigit      		CODE           	4284	0000	111
		__CleanStringArray_interrupt		CODE           	542C	0000	39
		_SchedulerNew  		CODE           	3FF4	0000	155
		_FindIncommingData		CODE           	310C	0000	281
		_FillMinutes   		CODE           	5628	0000	5
		_EEWR          		CODE           	54DC	0000	33
		_FillPhonebookCellFromEEPROM		CODE           	4AE6	0000	83
		_TimeData_BlinkOFF		CODE           	5150	0000	41
		_GetStringLength		CODE           	5348	0000	39
		_TimeEdit      		CODE           	0AA8	0000	1227
		_testTimePoint 		CODE           	45DC	0000	129
		_delay         		CODE           	553A	0000	31
		_SignalsOnOff  		CODE           	2AEA	0000	427
		_FindPhoneContactByNumber		CODE           	3E92	0000	179
		__setInputTextProps		CODE           	2198	0000	445
		_lcd_send_byte 		CODE           	52D2	0000	41
		_lcd_off       		CODE           	55FA	0000	15
		_ReIndTimeEdit 		CODE           	2E4E	0000	263
		_NumericToString		CODE           	3DDA	0000	171
		__load_TXREG   		CODE           	49AA	0000	93
		_OutputString  		CODE           	4142	0000	123
		_CleanStringArray		CODE           	536E	0000	39
		_Format_EEPROM_Memory		CODE           	47D2	0000	123
		_ReadDataOfCell_interr		CODE           	455A	0000	131
		_main          		CODE           	2934	0000	409
		__getContainer_Clock_from_GSM		CODE           	5594	0000	31
		_ParseTime     		CODE           	4A16	0000	105
		_F_h           		CODE           	0008	0000	129
		_UserDelay     		CODE           	4FC4	0000	61
		_USART_Speed_Choise		CODE           	5322	0000	39
		__FindIncommingData_interrupt		CODE           	3390	0000	291
		_EditSchedule  		CODE           	562C	0000	3
		_Init_USART    		CODE           	4DAA	0000	97
		_system_BlinkReset		CODE           	551C	0000	31
		_getSystemTimePoint		CODE           	55D8	0000	19
		_InputText     		CODE           	030E	0000	1717
		_ShowSchedulerMenu		CODE           	40A0	0000	163
		_TimeToInd     		CODE           	1134	0000	1261
		_FillArrayFromEEPROM_interr		CODE           	5184	0000	53
		__getContainer_Incomming_DTMF_Data		CODE           	5558	0000	31
		_WorkingWithGSM		CODE           	35EE	0000	249
		_WriteArrayToEEPROM		CODE           	503C	0000	59
		__getContainer_Incomming_Call_Data		CODE           	5576	0000	31
		_AddByteToUSARTbuff		CODE           	3ABE	0000	219
		_F_l           		CODE           	0018	0000	755
		_getLcdCodeOfChar		CODE           	1AE6	0000	991
		_setBlink      		CODE           	4E0A	0000	43
		_FindNextTimeStart		CODE           	2774	0000	415
		_lcd_send_initial_half_byte		CODE           	51B8	0000	43
		_GetDayOfWeek  		CODE           	46DA	0000	125
		_Init_GSM      		CODE           	34CE	0000	255
		_FillArrayFromEEPROM		CODE           	50E4	0000	55
		_TimeData_INIT 		CODE           	36F4	0000	143
		_ProcessIncommingUartData		CODE           	258C	0000	449
		_Save_USART_SpeedNumber		CODE           	55B2	0000	21
		_RefreshSchedulerIndicator		CODE           	2CA0	0000	397
		_EERD          		CODE           	5394	0000	39
		_SendCommandToUSART		CODE           	549A	0000	35
		__GetStringLength_interr		CODE           	5406	0000	39
		_WritePhonebookCellToEEPROM		CODE           	4A7E	0000	83
		_Read_USART_SpeedNumber		CODE           	54BC	0000	33
		_ProcessSystemMessageShowing		CODE           	5614	0000	11
		_SendSymbolToLCD		CODE           	48C2	0000	95
		_lcd_on        		CODE           	55EA	0000	17
		_InteractiveData_BlinkOFF		CODE           	521A	0000	49
		_getNumChar    		CODE           	4BB6	0000	103
		_Select_OK_NO  		CODE           	5000	0000	51
		_entNum        		CODE           	51EA	0000	49
		_Settings      		CODE           	4756	0000	125
		_ParseDataRecord		CODE           	465C	0000	77
		_ShowMenu      		CODE           	2FB0	0000	259
		_OutputInteractiveData		CODE           	44D6	0000	109
		_DeleteDataOfCell		CODE           	527A	0000	47
		_main2         		CODE           	23A2	0000	441
		_clrInd        		CODE           	4C1C	0000	71
		_ConvKeyNum    		CODE           	4C82	0000	101
		_lcd_init      		CODE           	3B98	0000	195
		_OutputSystemMessage		CODE           	37FA	0000	181
		_FindCell      		CODE           	39E4	0000	219
		_PhonebookEdit 		CODE           	1700	0000	879
		_CheckoutRegisterOfSymbol		CODE           	1EC4	0000	725
		_Scheduler     		CODE           	3F44	0000	159

prog.c estimated size: 17387

/opt/microchip/xc8/v1.37/sources/common/lwmod.c
		___lwmod       		CODE           	4F48	0000	63

/opt/microchip/xc8/v1.37/sources/common/lwmod.c estimated size: 63

