Microchip MPLAB XC8 Compiler V1.37 ()

Linker command line:

-W9 --edf=/opt/microchip/xc8/v1.37/dat/en_msgs.txt -cs \
  -h+dist/default/production/Water_PIC18_test.production.sym \
  --cmf=dist/default/production/Water_PIC18_test.production.cmf -z \
  -Q18F2620 -o/tmp/xcXTEwjwZ \
  -Mdist/default/production/Water_PIC18_test.production.map -E1 -ver=XC8 \
  --acfsm=1493 -ASTACK=0D5Eh-0f7fh -pstack=STACK -ACODE=00h-0FFFFh \
  -ACONST=00h-0FFFFh -ASMALLCONST=01000h-010FFhx240 \
  -AMEDIUMCONST=01000h-0FFFFh -ACOMRAM=01h-07Fh -AABS1=00h-0F7Fh \
  -ABIGRAM=01h-0F7Fh -ARAM=080h-0FFh,0100h-01FFhx14,0F00h-0F7Fh \
  -ABANK0=080h-0FFh -ABANK1=0100h-01FFh -ABANK2=0200h-02FFh \
  -ABANK3=0300h-03FFh -ABANK4=0400h-04FFh -ABANK5=0500h-05FFh \
  -ABANK6=0600h-06FFh -ABANK7=0700h-07FFh -ABANK8=0800h-08FFh \
  -ABANK9=0900h-09FFh -ABANK10=0A00h-0AFFh -ABANK11=0B00h-0BFFh \
  -ABANK12=0C00h-0CFFh -ABANK13=0D00h-0DFFh -ABANK14=0E00h-0EFFh \
  -ABANK15=0F00h-0F7Fh -ASFR=0F80h-0FFFh \
  -preset_vec=00h,intcode=08h,intcodelo=018h,powerup,init,end_init \
  -pramtop=01000h -psmallconst=SMALLCONST -pmediumconst=MEDIUMCONST \
  -pconst=CONST -AFARRAM=00h-00h -ACONFIG=0300000h-030000Dh -pconfig=CONFIG \
  -AIDLOC=0200000h-0200007h -pidloc=IDLOC -AEEDATA=0F00000h-0F003FFh \
  -peeprom_data=EEDATA \
  -prdata=COMRAM,nvrram=COMRAM,nvbit=COMRAM,rbss=COMRAM,rbit=COMRAM \
  -pfarbss=FARRAM,fardata=FARRAM,nvFARRAM=FARRAM \
  -pintsave_regs=BIGRAM,bigbss=BIGRAM,bigdata=BIGRAM -pbss=RAM \
  -pidata=CODE,irdata=CODE,ibigdata=CODE,ifardata=CODE -prparam=COMRAM \
  /tmp/xcXqM9YDq.obj \
  dist/default/production/Water_PIC18_test.production.obj 

Object code version is 3.11

Machine type is 18F2620

Call graph: (short form)




                Name                               Link     Load   Length Selector   Space Scale
/tmp/xcXqM9YDq.obj
                end_init                            412      412        4        C       0
                reset_vec                             0        0        4        0       0
                config                           300000   300000        E   300000       0
dist/default/production/Water_PIC18_test.production.obj
                intcodelo                            18       18      3FA        C       0
                intcode                               8        8        E        4       0
                temp                                 7D       7D        1        1       1
                mediumconst                        FBE6     FBE6      41A     7DF3       0
                text159                            D478     D478       2C     61DD       0
                text158                            A8FC     A8FC      11A        C       0
                text157                            D59C     D59C       24     61DD       0
                text156                            D166     D166       3E     61DD       0
                text155                            C296     C296       96     5BCB       0
                text154                            CCB4     CCB4       52     61DD       0
                text153                            D35C     D35C       34     61DD       0
                text152                            B54A     B54A       CC        C       0
                text151                            CC62     CC62       52     61DD       0
                text150                            D026     D026       42     61DD       0
                text149                            8FCC     8FCC      202        C       0
                text148                            C3BA     C3BA       8C     61DD       0
                text147                            D5E2     D5E2       22     61DD       0
                intcode_body                       98B0     98B0      18A        C       0
                text145                            BE20     BE20       B0     5BCB       0
                text144                            A7E2     A7E2      11A        C       0
                text143                            9F90     9F90      144        C       0
                text142                            D574     D574       28     61DD       0
                text141                            CA54     CA54       5E     61DD       0
                text140                            BCB8     BCB8       B8     5BCB       0
                text139                            9578     9578      1A0        C       0
                text138                            C730     C730       74     61DD       0
                text137                            D6A4     D6A4       1E     61DD       0
                text136                            D0E8     D0E8       40     61DD       0
                text135                            D328     D328       34     61DD       0
                text134                            848A     848A      25A        C       0
                text133                            D0A8     D0A8       40     61DD       0
                text132                            D41E     D41E       2E     61DD       0
                text131                            D3F0     D3F0       2E     61DD       0
                text130                            D3C2     D3C2       2E     61DD       0
                text129                            D2BE     D2BE       36     61DD       0
                text128                            B912     B912       BE     5BCB       0
                text127                            C0BA     C0BA       A2     5BCB       0
                text126                            D288     D288       36     61DD       0
                text125                            AF18     AF18       F4        C       0
                text124                            8B82     8B82      248        C       0
                text123                            D522     D522       2A     61DD       0
                text122                            C6BA     C6BA       76     61DD       0
                text121                            C996     C996       60     61DD       0
                text120                            CEC8     CEC8       4A     61DD       0
                text119                            45E4     45E4      8F6        C       0
                text118                            D6F4     D6F4       18     6B6E       0
                text117                            D684     D684       20     61DD       0
                text116                            D79A     D79A        A     6B6E       0
                text115                            D790     D790        A     6B6E       0
                text114                            D664     D664       20     61DD       0
                text113                            D7C4     D7C4        8     6B6E       0
                text112                            D780     D780       10     6B6E       0
                text111                            D644     D644       20     61DD       0
                text110                            D7BC     D7BC        8     6B6E       0
                text109                            D7B4     D7B4        8     6B6E       0
                text108                            D71E     D71E       12     6B6E       0
                text107                            A346     A346      132        C       0
                text106                            BF74     BF74       A4     5BCB       0
                text105                            D4F8     D4F8       2A     61DD       0
                text104                            AE24     AE24       F4        C       0
                text103                            5626     5626      678        C       0
                text102                            CB0E     CB0E       5A     61DD       0
                text101                            CF12     CF12       48     61DD       0
                text100                            C936     C936       60     61DD       0
                text99                             93B4     93B4      1C4        C       0
                text98                             D1E0     D1E0       3C     61DD       0
                text97                             CE7E     CE7E       4A     61DD       0
                text95                             D54C     D54C       28     61DD       0
                text94                             D4CE     D4CE       2A     61DD       0
                text93                             D5C0     D5C0       22     61DD       0
                text92                             D068     D068       40     61DD       0
                text91                             B3A8     B3A8       D2        C       0
                text90                             C9F6     C9F6       5E     61DD       0
                text89                             BA8C     BA8C       BC     5BCB       0
                text88                             C644     C644       76     61DD       0
                text87                             7D52     7D52      276        C       0
                text86                             C15C     C15C       A0     5BCB       0
                text85                             A6C8     A6C8      11A        C       0
                text84                             B00C     B00C       F2        C       0
                text83                             BD70     BD70       B0     5BCB       0
                text82                             7FC8     7FC8      268        C       0
                text81                             C5CC     C5CC       78     61DD       0
                text80                             C874     C874       62     61DD       0
                text79                             C54E     C54E       7E     61DD       0
                text78                             C8D6     C8D6       60     61DD       0
                text77                             4EDA     4EDA      74C        C       0
                text76                             BC00     BC00       B8     5BCB       0
                text75                             D252     D252       36     61DD       0
                text74                             893A     893A      248        C       0
                text73                             A0D4     A0D4      140        C       0
                text72                             A5A2     A5A2      126        C       0
                text71                             B2CE     B2CE       DA        C       0
                text70                             CC10     CC10       52     61DD       0
                text69                             B616     B616       C0        C       0
                text68                             629C     629C      4AE        C       0
                text67                             CFE2     CFE2       44     61DD       0
                text66                             B854     B854       BE     5BCB       0
                text65                             B796     B796       BE     5BCB       0
                text64                             B1EA     B1EA       E4        C       0
                text63                             6ED4     6ED4      356        C       0
                text62                             D624     D624       20     61DD       0
                text61                             D70C     D70C       12     6B6E       0
                text60                             A214     A214      132        C       0
                text59                             3070     3070      AD0        C       0
                text58                             86E4     86E4      256        C       0
                text57                             D4A4     D4A4       2A     61DD       0
                text56                             B0FE     B0FE       EC        C       0
                text55                             C812     C812       62     61DD       0
                text54                             BB48     BB48       B8     5BCB       0
                text53                             5C9E     5C9E      5FE        C       0
                text52                             CE34     CE34       4A     61DD       0
                text51                             CDEA     CDEA       4A     61DD       0
                text50                             AB2A     AB2A      112        C       0
                text49                             D2F4     D2F4       34     61DD       0
                text48                             8230     8230      25A        C       0
                text47                              416      416     1408        C       0
                text46                             9CF6     9CF6      14E        C       0
                text45                             BED0     BED0       A4     5BCB       0
                text44                             674A     674A      402        C       0
                text43                             C446     C446       88     61DD       0
                text42                             D770     D770       10     6B6E       0
                text41                             D128     D128       3E     61DD       0
                text40                             91CE     91CE      1E6        C       0
                text39                             D6DC     D6DC       18     6B6E       0
                text38                             C018     C018       A2     5BCB       0
                text37                             D21C     D21C       36     61DD       0
                text36                             AD30     AD30       F4        C       0
                text35                             722A     722A      30A        C       0
                text34                             D390     D390       32     61DD       0
                text33                             CD06     CD06       50     61DD       0
                text32                             8DCA     8DCA      202        C       0
                text31                             CBBE     CBBE       52     61DD       0
                text30                             D760     D760       10     6B6E       0
                text29                             D604     D604       20     61DD       0
                text28                             D7AC     D7AC        8     6B6E       0
                text27                             D7A4     D7A4        8     6B6E       0
                text26                             B9D0     B9D0       BC     5BCB       0
                text25                             C1FC     C1FC       9A     5BCB       0
                text24                             7534     7534      2D2        C       0
                text23                             CDA0     CDA0       4A     61DD       0
                text22                             181E     181E      D06        C       0
                text21                             D44C     D44C       2C     61DD       0
                text20                             9BA6     9BA6      150        C       0
                text19                             CF9E     CF9E       44     61DD       0
                text18                             CB68     CB68       56     61DD       0
                text17                             C7A4     C7A4       6E     61DD       0
                text16                             C4CE     C4CE       80     61DD       0
                text15                             2524     2524      B4C        C       0
                text14                             9E44     9E44      14C        C       0
                text13                             7806     7806      2A8        C       0
                text12                             AA16     AA16      114        C       0
                text11                             A478     A478      12A        C       0
                text10                             AC3C     AC3C       F4        C       0
                text9                              CAB2     CAB2       5C     61DD       0
                text8                              3B40     3B40      AA4        C       0
                text7                              9718     9718      198        C       0
                text6                              D1A4     D1A4       3C     61DD       0
                text5                              CD56     CD56       4A     61DD       0
                text4                              D750     D750       10     6B6E       0
                text3                              B47A     B47A       D0        C       0
                text2                              D740     D740       10     6B6E       0
                text1                              6B4C     6B4C      388        C       0
                text0                              7AAE     7AAE      2A4        C       0
                cstackCOMRAM                          1        1       50        1       1
                cstackBANK0                          80       80       80       80       1
                cstackBANK1                         100      100       79      100       1
                cstackBANK2                         200      200       FF      200       1
                cstackBANK3                         300      300       EC      300       1
                cstackBANK6                         688      688       3C      600       1
                cstackBANK11                        B00      B00       5E      B00       1
                bssBIGRAM                           B5E      B5E      200      B5E       1
                bssBANK10                           A00      A00      100      A00       1
                bssBANK9                            900      900      100      900       1
                bssBANK8                            800      800      100      800       1
                bssBANK7                            700      700      100      700       1
                dataBANK6                           644      644       44      600       1
                bssBANK6                            600      600       44      600       1
                dataBANK5                           500      500       8D      500       1
                bssBANK5                            58D      58D       6E      500       1
                dataBANK4                           400      400       BF      400       1
                bssBANK4                            4BF      4BF       2E      400       1
                dataBANK3                           3EC      3EC        3      300       1
                dataBANK1                           1A5      1A5       19      100       1
                bssBANK1                            179      179       2C      100       1
                dataCOMRAM                           6D       6D       10        1       1
                bssCOMRAM                            51       51       1C        1       1
                cinit                              9A3A     9A3A      16C        C       0
                idataBANK6                         CF5A     CF5A       44     61DD       0
                idataBANK5                         C32C     C32C       8D     5BCB       0
                idataBANK4                         B6D6     B6D6       BF        C       0
                idataBANK3                         D7CC     D7CC        3     6B6E       0
                idataBANK1                         D6C2     D6C2       19     61DD       0
                idataCOMRAM                        D730     D730       10     6B6E       0

TOTAL           Name                               Link     Load   Length     Space
        CLASS   STACK          

        CLASS   CODE           
                end_init                            412      412        4         0
                intcodelo                            18       18      3FA         0
                intcode                               8        8        E         0
                reset_vec                             0        0        4         0
                text159                            D478     D478       2C         0
                text158                            A8FC     A8FC      11A         0
                text157                            D59C     D59C       24         0
                text156                            D166     D166       3E         0
                text155                            C296     C296       96         0
                text154                            CCB4     CCB4       52         0
                text153                            D35C     D35C       34         0
                text152                            B54A     B54A       CC         0
                text151                            CC62     CC62       52         0
                text150                            D026     D026       42         0
                text149                            8FCC     8FCC      202         0
                text148                            C3BA     C3BA       8C         0
                text147                            D5E2     D5E2       22         0
                intcode_body                       98B0     98B0      18A         0
                text145                            BE20     BE20       B0         0
                text144                            A7E2     A7E2      11A         0
                text143                            9F90     9F90      144         0
                text142                            D574     D574       28         0
                text141                            CA54     CA54       5E         0
                text140                            BCB8     BCB8       B8         0
                text139                            9578     9578      1A0         0
                text138                            C730     C730       74         0
                text137                            D6A4     D6A4       1E         0
                text136                            D0E8     D0E8       40         0
                text135                            D328     D328       34         0
                text134                            848A     848A      25A         0
                text133                            D0A8     D0A8       40         0
                text132                            D41E     D41E       2E         0
                text131                            D3F0     D3F0       2E         0
                text130                            D3C2     D3C2       2E         0
                text129                            D2BE     D2BE       36         0
                text128                            B912     B912       BE         0
                text127                            C0BA     C0BA       A2         0
                text126                            D288     D288       36         0
                text125                            AF18     AF18       F4         0
                text124                            8B82     8B82      248         0
                text123                            D522     D522       2A         0
                text122                            C6BA     C6BA       76         0
                text121                            C996     C996       60         0
                text120                            CEC8     CEC8       4A         0
                text119                            45E4     45E4      8F6         0
                text118                            D6F4     D6F4       18         0
                text117                            D684     D684       20         0
                text116                            D79A     D79A        A         0
                text115                            D790     D790        A         0
                text114                            D664     D664       20         0
                text113                            D7C4     D7C4        8         0
                text112                            D780     D780       10         0
                text111                            D644     D644       20         0
                text110                            D7BC     D7BC        8         0
                text109                            D7B4     D7B4        8         0
                text108                            D71E     D71E       12         0
                text107                            A346     A346      132         0
                text106                            BF74     BF74       A4         0
                text105                            D4F8     D4F8       2A         0
                text104                            AE24     AE24       F4         0
                text103                            5626     5626      678         0
                text102                            CB0E     CB0E       5A         0
                text101                            CF12     CF12       48         0
                text100                            C936     C936       60         0
                text99                             93B4     93B4      1C4         0
                text98                             D1E0     D1E0       3C         0
                text97                             CE7E     CE7E       4A         0
                text95                             D54C     D54C       28         0
                text94                             D4CE     D4CE       2A         0
                text93                             D5C0     D5C0       22         0
                text92                             D068     D068       40         0
                text91                             B3A8     B3A8       D2         0
                text90                             C9F6     C9F6       5E         0
                text89                             BA8C     BA8C       BC         0
                text88                             C644     C644       76         0
                text87                             7D52     7D52      276         0
                text86                             C15C     C15C       A0         0
                text85                             A6C8     A6C8      11A         0
                text84                             B00C     B00C       F2         0
                text83                             BD70     BD70       B0         0
                text82                             7FC8     7FC8      268         0
                text81                             C5CC     C5CC       78         0
                text80                             C874     C874       62         0
                text79                             C54E     C54E       7E         0
                text78                             C8D6     C8D6       60         0
                text77                             4EDA     4EDA      74C         0
                text76                             BC00     BC00       B8         0
                text75                             D252     D252       36         0
                text74                             893A     893A      248         0
                text73                             A0D4     A0D4      140         0
                text72                             A5A2     A5A2      126         0
                text71                             B2CE     B2CE       DA         0
                text70                             CC10     CC10       52         0
                text69                             B616     B616       C0         0
                text68                             629C     629C      4AE         0
                text67                             CFE2     CFE2       44         0
                text66                             B854     B854       BE         0
                text65                             B796     B796       BE         0
                text64                             B1EA     B1EA       E4         0
                text63                             6ED4     6ED4      356         0
                text62                             D624     D624       20         0
                text61                             D70C     D70C       12         0
                text60                             A214     A214      132         0
                text59                             3070     3070      AD0         0
                text58                             86E4     86E4      256         0
                text57                             D4A4     D4A4       2A         0
                text56                             B0FE     B0FE       EC         0
                text55                             C812     C812       62         0
                text54                             BB48     BB48       B8         0
                text53                             5C9E     5C9E      5FE         0
                text52                             CE34     CE34       4A         0
                text51                             CDEA     CDEA       4A         0
                text50                             AB2A     AB2A      112         0
                text49                             D2F4     D2F4       34         0
                text48                             8230     8230      25A         0
                text47                              416      416     1408         0
                text46                             9CF6     9CF6      14E         0
                text45                             BED0     BED0       A4         0
                text44                             674A     674A      402         0
                text43                             C446     C446       88         0
                text42                             D770     D770       10         0
                text41                             D128     D128       3E         0
                text40                             91CE     91CE      1E6         0
                text39                             D6DC     D6DC       18         0
                text38                             C018     C018       A2         0
                text37                             D21C     D21C       36         0
                text36                             AD30     AD30       F4         0
                text35                             722A     722A      30A         0
                text34                             D390     D390       32         0
                text33                             CD06     CD06       50         0
                text32                             8DCA     8DCA      202         0
                text31                             CBBE     CBBE       52         0
                text30                             D760     D760       10         0
                text29                             D604     D604       20         0
                text28                             D7AC     D7AC        8         0
                text27                             D7A4     D7A4        8         0
                text26                             B9D0     B9D0       BC         0
                text25                             C1FC     C1FC       9A         0
                text24                             7534     7534      2D2         0
                text23                             CDA0     CDA0       4A         0
                text22                             181E     181E      D06         0
                text21                             D44C     D44C       2C         0
                text20                             9BA6     9BA6      150         0
                text19                             CF9E     CF9E       44         0
                text18                             CB68     CB68       56         0
                text17                             C7A4     C7A4       6E         0
                text16                             C4CE     C4CE       80         0
                text15                             2524     2524      B4C         0
                text14                             9E44     9E44      14C         0
                text13                             7806     7806      2A8         0
                text12                             AA16     AA16      114         0
                text11                             A478     A478      12A         0
                text10                             AC3C     AC3C       F4         0
                text9                              CAB2     CAB2       5C         0
                text8                              3B40     3B40      AA4         0
                text7                              9718     9718      198         0
                text6                              D1A4     D1A4       3C         0
                text5                              CD56     CD56       4A         0
                text4                              D750     D750       10         0
                text3                              B47A     B47A       D0         0
                text2                              D740     D740       10         0
                text1                              6B4C     6B4C      388         0
                text0                              7AAE     7AAE      2A4         0
                cinit                              9A3A     9A3A      16C         0
                idataBANK6                         CF5A     CF5A       44         0
                idataBANK5                         C32C     C32C       8D         0
                idataBANK4                         B6D6     B6D6       BF         0
                idataBANK3                         D7CC     D7CC        3         0
                idataBANK1                         D6C2     D6C2       19         0
                idataCOMRAM                        D730     D730       10         0

        CLASS   CONST          

        CLASS   SMALLCONST     

        CLASS   MEDIUMCONST    
                mediumconst                        FBE6     FBE6      41A         0

        CLASS   COMRAM         
                temp                                 7D       7D        1         1
                cstackCOMRAM                          1        1       50         1
                dataCOMRAM                           6D       6D       10         1
                bssCOMRAM                            51       51       1C         1

        CLASS   ABS1           

        CLASS   BIGRAM         
                bssBIGRAM                           B5E      B5E      200         1

        CLASS   RAM            

        CLASS   BANK0          
                cstackBANK0                          80       80       80         1

        CLASS   BANK1          
                cstackBANK1                         100      100       79         1
                dataBANK1                           1A5      1A5       19         1
                bssBANK1                            179      179       2C         1

        CLASS   BANK2          
                cstackBANK2                         200      200       FF         1

        CLASS   BANK3          
                cstackBANK3                         300      300       EC         1
                dataBANK3                           3EC      3EC        3         1

        CLASS   BANK4          
                dataBANK4                           400      400       BF         1
                bssBANK4                            4BF      4BF       2E         1

        CLASS   BANK5          
                dataBANK5                           500      500       8D         1
                bssBANK5                            58D      58D       6E         1

        CLASS   BANK6          
                cstackBANK6                         688      688       3C         1
                dataBANK6                           644      644       44         1
                bssBANK6                            600      600       44         1

        CLASS   BANK7          
                bssBANK7                            700      700      100         1

        CLASS   BANK8          
                bssBANK8                            800      800      100         1

        CLASS   BANK9          
                bssBANK9                            900      900      100         1

        CLASS   BANK10         
                bssBANK10                           A00      A00      100         1

        CLASS   BANK11         
                cstackBANK11                        B00      B00       5E         1

        CLASS   BANK12         

        CLASS   BANK13         

        CLASS   BANK14         

        CLASS   BANK15         

        CLASS   SFR            

        CLASS   FARRAM         

        CLASS   CONFIG         
                config                           300000   300000        E         0

        CLASS   IDLOC          

        CLASS   EEDATA         



SEGMENTS        Name                           Load    Length   Top    Selector   Space  Class

                reset_vec                      000000  000004  000004         0       0  CODE    
                cstackCOMRAM                   000001  00007D  00007E         1       1  COMRAM  
                intcode                        000008  00000E  000016         4       0  CODE    
                intcodelo                      000018  00B77D  00B795         C       0  CODE    
                cstackBANK0                    000080  000080  000100        80       1  BANK0   
                cstackBANK1                    000100  0000BE  0001BE       100       1  BANK1   
                cstackBANK2                    000200  0000FF  0002FF       200       1  BANK2   
                cstackBANK3                    000300  0000EF  0003EF       300       1  BANK3   
                dataBANK4                      000400  0000ED  0004ED       400       1  BANK4   
                dataBANK5                      000500  0000FB  0005FB       500       1  BANK5   
                bssBANK6                       000600  0000C4  0006C4       600       1  BANK6   
                bssBANK7                       000700  000100  000800       700       1  BANK7   
                bssBANK8                       000800  000100  000900       800       1  BANK8   
                bssBANK9                       000900  000100  000A00       900       1  BANK9   
                bssBANK10                      000A00  000100  000B00       A00       1  BANK10  
                cstackBANK11                   000B00  00005E  000B5E       B00       1  BANK11  
                bssBIGRAM                      000B5E  000200  000D5E       B5E       1  BIGRAM  
                text65                         00B796  000C23  00C3B9      5BCB       0  CODE    
                text148                        00C3BA  001321  00D6DB      61DD       0  CODE    
                text39                         00D6DC  0000F3  00D7CF      6B6E       0  CODE    
                mediumconst                    00FBE6  00041A  010000      7DF3       0  MEDIUMCO
                config                         300000  00000E  30000E    300000       0  CONFIG  


UNUSED ADDRESS RANGES

        Name                Unused          Largest block    Delta
        BANK1            0001BE-0001FF               42
        BANK13           000D5E-000DFF               A2
        BANK14           000E00-000EFF              100
        BANK15           000F00-000F7F               80
        BANK2            0002FF-0002FF                1
        BANK3            0003EF-0003FF               11
        BANK4            0004ED-0004FF               13
        BANK5            0005FB-0005FF                5
        BANK6            0006C4-0006FF               3C
        BIGRAM           00007E-00007F                2
                         0001BE-0001FF               42
                         0002FF-0002FF                1
                         0003EF-0003FF               11
                         0004ED-0004FF               13
                         0005FB-0005FF                5
                         0006C4-0006FF               3C
                         000D5E-000F7F              222
        CODE             000004-000007                4
                         000016-000017                2
                         00B795-00B795                1
                         00C3B9-00C3B9                1
                         00D6DB-00D6DB                1
                         00D7CF-00FBE5             2417
        COMRAM           00007E-00007F                2
        CONST            000004-000007                4
                         000016-000017                2
                         00B795-00B795                1
                         00C3B9-00C3B9                1
                         00D6DB-00D6DB                1
                         00D7CF-00FBE5             2417
        EEDATA           F00000-F003FF              400
        IDLOC            200000-200007                8
        MEDIUMCONST      00B795-00B795                1
                         00C3B9-00C3B9                1
                         00D6DB-00D6DB                1
                         00D7CF-00FBE5             2417
        RAM              0001BE-0001FF               42
                         0002FF-0002FF                1
                         0003EF-0003FF               11
                         0004ED-0004FF               13
                         0005FB-0005FF                5
                         0006C4-0006FF               3C
                         000D5E-000F7F              100
        SFR              000F80-000FFF               80
        SMALLCONST       00B795-00B795                1
                         00C3B9-00C3B9                1
                         00D6DB-00D6DB                1
                         00D7CF-00FBE5              100
        STACK            000D5E-000F7F              222

                                  Symbol Table

?_EncodePhoneNumberToPDU                    cstackBANK1  00014B
?_FindCell                                  cstackBANK1  000160
?_FindNextTimeStart                         cstackBANK1  000160
?_FindPhoneContactByNumber                  cstackBANK0  000091
?_GetDayOfWeek                              cstackBANK1  000142
?_GetStringLength                           cstackBANK1  000142
?_GetSystemInfo                             cstackBANK1  000166
?_GetUnicodeSymbol                          cstackBANK1  000142
?_InputText                                 cstackBANK1  00015A
?_RefreshSchedulerIndicator                 cstackBANK1  000166
?__GetStringLength_interr                   cstackBANK0  000080
?___aldiv                                   cstackBANK1  000142
?___almod                                   cstackBANK1  000142
?___awdiv                                   cstackBANK1  000148
?___awmod                                   cstackBANK1  000150
?___lldiv                                   cstackBANK1  000142
?___llmod                                   cstackBANK1  000142
?___lmul                                    cstackBANK1  000142
?___lwdiv                                   cstackBANK1  000142
?___lwmod                                   cstackBANK1  000142
?___wmul                                    cstackBANK1  000142
?__getContainer_Clock_from_GSM              cstackBANK0  000087
?__getContainer_Incomming_Call_Data         cstackBANK0  000087
?__getContainer_Incomming_DTMF_Data         cstackBANK0  000087
?_getSystemTimePoint                        cstackBANK1  000142
?_strlen                                    cstackBANK1  000142
?i1___aldiv                                 cstackBANK0  000080
?i1___awdiv                                 cstackBANK0  000086
?i1___awmod                                 cstackBANK0  00008E
?i1___lmul                                  cstackBANK0  00009C
?i1___wmul                                  cstackBANK0  000080
?i1_getSystemTimePoint                      cstackBANK0  000080
?i2___aldiv                                 cstackCOMRAM 000001
?i2___lwdiv                                 cstackCOMRAM 000001
?i2___lwmod                                 cstackCOMRAM 000001
AddByteToUSARTbuff@buff                     cstackCOMRAM 00000A
AddByteToUSARTbuff@byte                     cstackCOMRAM 00000C
AddByteToUSARTbuff@i                        cstackCOMRAM 00000D
AddByteToUSARTbuff@i_1837                   cstackCOMRAM 00000F
AddByteToUSARTbuff@lastdata                 bssCOMRAM    000067
BCD_to_DEC@BCD                              cstackBANK0  000081
CalculateClockDelta@newTime                 cstackBANK0  00008E
CheckoutRegisterOfSymbol@dig                cstackBANK1  000142
CleanStringArray@i                          cstackBANK1  000147
CleanStringArray@myArray                    cstackBANK1  000142
CleanStringArray@settingData                cstackBANK1  000146
CleanStringArray@size                       cstackBANK1  000144
ConvKeyNum@Num                              cstackBANK0  000080
ConvertCharToNumeric@symbol                 cstackBANK0  000080
ConvertDayToBit@DayNumber                   cstackBANK1  000142
DEC_to_BCD@DEC                              cstackBANK1  000158
DeleteDataOfCell@CellsData                  cstackBANK1  000151
DeleteDataOfCell@TargetAdress               cstackBANK1  00014F
EERD@EEDATA_BUP                             cstackBANK1  000145
EERD@INTCON_BUP                             cstackBANK1  000144
EERD@adress                                 cstackBANK1  000142
EEWR@INTCON_BUP                             cstackBANK1  000145
EEWR@adress                                 cstackBANK1  000142
EEWR@data                                   cstackBANK1  000144
EditSchedule@BeginEditTimes                 cstackBANK2  000220
EditSchedule@CellsData                      cstackBANK2  000216
EditSchedule@Data                           cstackBANK2  000272
EditSchedule@Days                           cstackBANK2  00026B
EditSchedule@HH                             cstackBANK2  000221
EditSchedule@HL                             cstackBANK2  000222
EditSchedule@MH                             cstackBANK2  000223
EditSchedule@ML                             cstackBANK2  000224
EditSchedule@OK                             cstackBANK2  00026A
EditSchedule@Signals                        cstackBANK2  00026C
EditSchedule@SourceOfRecord                 cstackBANK1  000162
EditSchedule@T                              cstackBANK2  000225
EditSchedule@TargetAdress                   cstackBANK2  00021E
EditSchedule@TimeStart                      cstackBANK2  00023A
EditSchedule@TimeStop                       cstackBANK2  00023C
EditSchedule@Times                          cstackBANK2  000229
EditSchedule@TimesOutput                    cstackBANK2  000200
EditSchedule@_times                         cstackBANK2  00023E
EditSchedule@adress                         cstackBANK1  000160
EditSchedule@blinking                       cstackBANK2  000277
EditSchedule@f                              cstackBANK2  000271
EditSchedule@i                              cstackBANK2  000278
EditSchedule@i_1676                         cstackBANK2  000279
EditSchedule@i_1679                         cstackBANK2  00026E
EditSchedule@i_1687                         cstackBANK2  00026F
EditSchedule@j                              cstackBANK2  000239
EditSchedule@j_1696                         cstackBANK2  000270
EditSchedule@key                            cstackBANK2  000276
EditSchedule@mode                           cstackBANK2  00026D
EditSchedule@temp                           cstackBANK2  00027A
EncodePhoneNumberToPDU@encoded              cstackBANK1  00014F
EncodePhoneNumberToPDU@i                    cstackBANK1  000160
EncodePhoneNumberToPDU@number_legth         cstackBANK1  00015E
EncodePhoneNumberToPDU@phone_number         cstackBANK1  00014B
EncodePhoneNumberToPDU@temp                 cstackBANK1  00015F
F_h@MinuteAgo                               cstackCOMRAM 000050
F_h@dddd                                    bssCOMRAM    000068
F_l@ButtonPressTimeOut                      bssBANK1     000198
F_l@ElapsedTime                             cstackBANK0  0000EF
F_l@KeyIndex                                bssBANK1     000199
F_l@PressedKeyIndex                         dataBANK1    0001B9
F_l@_5seconds                               cstackBANK0  0000F5
F_l@_KeyIndex                               cstackBANK0  0000F8
F_l@a                                       cstackBANK0  0000F9
F_l@data_temp                               cstackBANK0  0000F7
F_l@digit                                   cstackBANK0  0000F6
F_l@digs                                    cstackBANK0  0000F3
F_l@digsAtrib                               cstackBANK0  0000FB
F_l@line                                    cstackBANK0  0000FF
F_l@symbol                                  cstackBANK0  0000FD
F_l@tClock                                  bssCOMRAM    000051
FillArrayFromEEPROM@adress_start            cstackBANK1  000148
FillArrayFromEEPROM@container               cstackBANK1  000146
FillArrayFromEEPROM@i                       cstackBANK1  00014E
FillArrayFromEEPROM@quantity                cstackBANK1  00014A
FillArrayFromEEPROM_interr@adress_start     cstackCOMRAM 000007
FillArrayFromEEPROM_interr@container        cstackCOMRAM 000005
FillArrayFromEEPROM_interr@i                cstackCOMRAM 00000D
FillArrayFromEEPROM_interr@quantity         cstackCOMRAM 000009
FillPhonebookCellFromEEPROM@adress_start    cstackBANK1  000151
FillPhonebookCellFromEEPROM@container       cstackBANK1  00014F
FindCell@CellIsEmpty                        cstackBANK2  000210
FindCell@CellsData                          cstackBANK2  000200
FindCell@Data                               cstackBANK2  00020C
FindCell@New                                cstackBANK1  000162
FindCell@adress                             cstackBANK2  000212
FindCell@adressNew                          cstackBANK2  000208
FindCell@adressStart                        cstackBANK1  000160
FindCell@i                                  cstackBANK2  000211
FindCell@previous                           cstackBANK1  000163
FindIncommingData@a                         cstackBANK1  00015B
FindIncommingData@container                 cstackBANK1  00014B
FindIncommingData@end_of_regexp             cstackBANK1  00015D
FindIncommingData@finish_index              cstackBANK1  000157
FindIncommingData@history_index             cstackBANK1  00014D
FindIncommingData@i                         cstackBANK1  000161
FindIncommingData@j                         cstackBANK1  000167
FindIncommingData@last_s                    cstackBANK1  000165
FindIncommingData@not_found                 cstackBANK1  000159
FindIncommingData@pointer                   cstackBANK1  000163
FindIncommingData@regexp                    cstackBANK1  000149
FindIncommingData@s0                        cstackBANK1  00015F
FindIncommingData@s1                        cstackBANK1  000153
FindIncommingData@start_index               cstackBANK1  000155
FindNextTimeStart@CellsData                 cstackBANK2  000200
FindNextTimeStart@Data                      cstackBANK2  000221
FindNextTimeStart@DayIndex                  cstackBANK2  000220
FindNextTimeStart@DayOn                     cstackBANK2  00020C
FindNextTimeStart@Days                      cstackBANK2  000219
FindNextTimeStart@LastFoundTimeStart        cstackBANK2  000211
FindNextTimeStart@Signals                   cstackBANK2  000218
FindNextTimeStart@TimeFrom                  cstackBANK1  000160
FindNextTimeStart@TimeIsFound               cstackBANK2  000217
FindNextTimeStart@TimeOfSignals             cstackBANK2  00021A
FindNextTimeStart@TimeStart                 cstackBANK2  000215
FindNextTimeStart@TimeStop                  cstackBANK2  00020F
FindNextTimeStart@adress                    cstackBANK2  00021E
FindNextTimeStart@adressStart               cstackBANK2  00020D
FindPhoneContactByNumber@container          cstackBANK0  00009F
FindPhoneContactByNumber@end_of_phone       cstackBANK0  00009D
FindPhoneContactByNumber@found              cstackBANK0  00009B
FindPhoneContactByNumber@i                  cstackBANK0  00009C
FindPhoneContactByNumber@j                  cstackBANK0  00009E
FindPhoneContactByNumber@number             cstackBANK0  000091
Format_EEPROM_Memory@first_cell             cstackBANK1  000157
Format_EEPROM_Memory@i                      cstackBANK1  000160
Format_EEPROM_Memory@interactive            cstackBANK1  00015B
Format_EEPROM_Memory@last_cell              cstackBANK1  000159
GetDayOfWeek@day                            cstackBANK1  000144
GetDayOfWeekByDate@_day                     cstackBANK1  000157
GetDayOfWeekByDate@_mounth                  cstackBANK1  000156
GetDayOfWeekByDate@_year                    cstackBANK1  00015D
GetDayOfWeekByDate@century_number           cstackBANK1  00015C
GetNumericFromString@index                  cstackBANK0  000083
GetNumericFromString@string                 cstackBANK0  000081
GetStringLength@container                   cstackBANK1  000142
GetStringLength@i                           cstackBANK1  000144
GetSystemInfo@CellsData                     cstackBANK2  00026E
GetSystemInfo@Data                          cstackBANK2  0002A9
GetSystemInfo@DataArray                     cstackBANK2  000276
GetSystemInfo@Day                           cstackBANK2  0002A8
GetSystemInfo@Days                          cstackBANK2  0002A6
GetSystemInfo@F3751                         dataBANK4    000473
GetSystemInfo@F3754                         dataBANK4    000478
GetSystemInfo@F3759                         dataBANK6    000663
GetSystemInfo@F3769                         dataBANK4    0004AD
GetSystemInfo@F3771                         dataBANK4    0004B0
GetSystemInfo@F3773                         dataBANK4    0004B3
GetSystemInfo@F3775                         dataBANK4    0004B6
GetSystemInfo@F3777                         dataBANK4    00047D
GetSystemInfo@NextCell                      cstackBANK2  0002AD
GetSystemInfo@Signals                       cstackBANK2  0002A7
GetSystemInfo@Time                          cstackBANK2  0002B1
GetSystemInfo@TimeStart                     cstackBANK2  0002A4
GetSystemInfo@TimeStop                      cstackBANK2  0002AF
GetSystemInfo@cTime                         cstackBANK2  0002B3
GetSystemInfo@d                             cstackBANK2  0002BA
GetSystemInfo@h_1                           cstackBANK2  00029B
GetSystemInfo@h_2                           cstackBANK2  0002A1
GetSystemInfo@i                             cstackBANK2  0002B7
GetSystemInfo@i_2295                        cstackBANK2  0002B8
GetSystemInfo@i_2326                        cstackBANK2  0002B9
GetSystemInfo@info                          cstackBANK2  000225
GetSystemInfo@m_1                           cstackBANK2  000298
GetSystemInfo@m_2                           cstackBANK2  00029E
GetSystemInfo@s_auto                        cstackBANK2  000289
GetSystemInfo@s_hand                        cstackBANK2  00028E
GetSystemInfo@sss                           cstackBANK2  000293
GetUnicodeSymbol@symb                       cstackBANK1  000144
I2CRead@temp                                cstackBANK0  000081
I2CSend@dat                                 cstackBANK1  000143
Init_1wire@b                                cstackBANK0  000081
Init_GSM@show                               cstackBANK1  000169
Init_USART@SpeedNumber                      cstackBANK1  000144
Init_USART@_value                           cstackBANK1  000142
InputText@F3616                             dataCOMRAM   00006D
InputText@F3618                             dataBANK6    000676
InputText@F3620                             dataBANK4    000482
InputText@F3622                             dataBANK4    000487
InputText@F3624                             dataBANK4    00048C
InputText@F3626                             dataBANK4    000491
InputText@F3628                             dataBANK4    000496
InputText@F3630                             dataBANK4    00042B
InputText@F3632                             dataBANK4    00049B
InputText@F3634                             dataBANK4    000431
InputText@F3636                             dataBANK4    000437
InputText@F3638                             dataBANK4    00043D
InputText@F3640                             dataBANK4    000443
InputText@F3642                             dataBANK4    000449
InputText@F3644                             dataBANK4    00044F
InputText@F3646                             dataBANK4    000455
InputText@F3648                             dataBANK4    00045B
InputText@F3650                             dataBANK4    000461
InputText@F3652                             dataCOMRAM   000070
InputText@F3654                             dataBANK1    0001A5
InputText@F3656                             dataBANK1    0001A7
InputText@F3658                             dataBANK1    0001A9
InputText@F3660                             dataBANK1    0001AB
InputText@F3662                             dataBANK1    0001AD
InputText@F3664                             dataBANK1    0001AF
InputText@F3666                             dataBANK1    0001B1
InputText@F3668                             dataBANK1    0001B3
InputText@F3670                             dataBANK1    0001B5
InputText@InputData                         cstackBANK3  000384
InputText@_input_data                       cstackBANK3  000300
InputText@_props                            cstackBANK1  00015C
InputText@active_cell                       cstackBANK3  0003DB
InputText@capacity                          cstackBANK1  00015E
InputText@cur_char                          cstackBANK3  0003D0
InputText@i                                 cstackBANK3  0003DA
InputText@i_2131                            cstackBANK2  0002CB
InputText@i_2140                            cstackBANK1  000167
InputText@i_2150                            cstackBANK3  0003D7
InputText@i_2159                            cstackBANK3  0003D4
InputText@lastKeyCode                       cstackBANK3  0003D8
InputText@props                             cstackBANK3  0003D9
InputText@ret_string                        cstackBANK2  000241
InputText@s_0                               cstackBANK2  0002BC
InputText@s_1                               cstackBANK2  00022F
InputText@s_12                              cstackBANK2  00026E
InputText@s_13                              cstackBANK2  000274
InputText@s_14                              cstackBANK2  00027A
InputText@s_15                              cstackBANK2  000280
InputText@s_16                              cstackBANK2  000286
InputText@s_17                              cstackBANK2  00028C
InputText@s_18                              cstackBANK2  000292
InputText@s_19                              cstackBANK2  000298
InputText@s_2                               cstackBANK2  00029E
InputText@s_20                              cstackBANK1  000164
InputText@s_21                              cstackBANK2  0002BF
InputText@s_22                              cstackBANK2  0002C1
InputText@s_23                              cstackBANK2  0002C3
InputText@s_24                              cstackBANK2  0002C5
InputText@s_25                              cstackBANK2  0002C7
InputText@s_26                              cstackBANK2  0002C9
InputText@s_27                              cstackBANK3  0003C6
InputText@s_28                              cstackBANK3  0003C8
InputText@s_29                              cstackBANK3  0003CA
InputText@s_3                               cstackBANK2  0002A3
InputText@s_4                               cstackBANK2  0002A8
InputText@s_5                               cstackBANK2  0002AD
InputText@s_6                               cstackBANK2  0002B2
InputText@s_7                               cstackBANK2  000262
InputText@s_8                               cstackBANK2  0002B7
InputText@s_9                               cstackBANK2  000268
InputText@symbols                           cstackBANK6  000688
InputText@temp                              cstackBANK3  0003D5
InputText@temp_2152                         cstackBANK3  0003D2
InputText@text                              cstackBANK1  00015A
InputText@time_point                        cstackBANK3  0003CC
InteractiveData_BlinkOFF@InteractiveData    cstackBANK1  000142
InteractiveData_BlinkOFF@i                  cstackBANK1  000147
InteractiveData_BlinkOFF@leght              cstackBANK1  000144
ItemsToIndicator@firstDigit                 cstackBANK1  00014D
ItemsToIndicator@i                          cstackBANK1  00014F
ItemsToIndicator@items                      cstackBANK1  00014E
ItemsToIndicator@max_i                      cstackBANK1  00014C
NumericToHEXString@displacement             cstackBANK1  00015D
NumericToHEXString@mySring                  cstackBANK1  000154
NumericToHEXString@n                        cstackBANK1  000150
NumericToHEXString@size                     cstackBANK1  000156
NumericToString@displacement                cstackBANK1  00015E
NumericToString@mySring                     cstackBANK1  000154
NumericToString@n                           cstackBANK1  000150
NumericToString@negative                    cstackBANK1  00015D
NumericToString@size                        cstackBANK1  000156
OutputInteractiveData@data                  cstackBANK1  000150
OutputInteractiveData@i                     cstackBANK1  000158
OutputInteractiveData@length                cstackBANK1  000152
OutputInteractiveData@line                  cstackBANK1  000156
OutputInteractiveData@s                     cstackBANK1  000157
OutputInteractiveData@start_symbol          cstackBANK1  000153
OutputString@cont                           cstackBANK1  000153
OutputString@i                              cstackBANK1  000154
OutputString@line                           cstackBANK1  00014E
OutputString@position                       cstackBANK1  00014F
OutputString@stringData                     cstackBANK1  00014C
OutputString@transfer_line                  cstackBANK1  000150
OutputSystemMessage@i                       cstackBANK1  000149
OutputSystemMessage@l                       cstackBANK1  00014C
OutputSystemMessage@line                    cstackBANK1  00014D
OutputSystemMessage@position                cstackBANK1  000148
OutputSystemMessage@s                       cstackBANK1  00014B
OutputSystemMessage@stringData              cstackBANK1  000142
OutputSystemMessage@symb                    cstackBANK1  00014E
ParseDataRecord@Data                        cstackBANK1  000142
ParseDataRecord@Days                        cstackBANK1  00014A
ParseDataRecord@Signals                     cstackBANK1  00014C
ParseDataRecord@TimeStart                   cstackBANK1  000146
ParseDataRecord@TimeStop                    cstackBANK1  000148
ParseTime@Day                               cstackBANK1  000156
ParseTime@DayTime                           cstackBANK1  000158
ParseTime@Time                              cstackBANK1  000154
ParseTime@TimeValue                         cstackBANK1  000150
PhonebookEdit@Contact                       cstackBANK11 000B3D
PhonebookEdit@F3720                         dataCOMRAM   000073
PhonebookEdit@F3722                         dataBANK4    000400
PhonebookEdit@aaa                           cstackBANK11 000B0A
PhonebookEdit@cell                          cstackBANK11 000B3B
PhonebookEdit@field                         cstackBANK11 000B38
PhonebookEdit@i                             cstackBANK11 000B3A
PhonebookEdit@input_props                   cstackBANK11 000B36
PhonebookEdit@input_props_2239              cstackBANK11 000B32
PhonebookEdit@menu                          cstackBANK11 000B00
PhonebookEdit@num_cell                      cstackBANK11 000B2B
PhonebookEdit@number                        cstackBANK11 000B33
PhonebookEdit@read                          cstackBANK11 000B35
PhonebookEdit@result                        cstackBANK11 000B37
ProcessIncommingUartData@F3491              dataBANK5    000582
ProcessIncommingUartData@answerString       cstackBANK1  000121
ProcessIncommingUartData@contact            cstackBANK1  00013F
ProcessIncommingUartData@i                  cstackBANK1  000141
ProcessIncommingUartData@msg                cstackBANK1  000100
ProcessIncommingUartData@number             cstackBANK1  00012C
ProcessIncommingUartData@tClock             cstackBANK1  00013B
RX_1wire@d                                  cstackBANK0  000080
RX_1wire@i                                  cstackBANK0  000081
ReIndTimeEdit@F3215                         dataBANK4    000467
ReIndTimeEdit@TimeData                      cstackBANK1  000159
ReIndTimeEdit@i                             cstackBANK1  000165
ReIndTimeEdit@i_1385                        cstackBANK1  000166
ReIndTimeEdit@n                             cstackBANK1  000164
ReIndTimeEdit@sources_of_time               cstackBANK1  00015D
ReIndTimeEdit@value                         cstackBANK1  000163
ReadDataOfCell@CellsData                    cstackBANK1  00014F
ReadDataOfCell@Data                         cstackBANK1  000151
ReadDataOfCell@TargetAdress                 cstackBANK1  000153
ReadDataOfCell@i                            cstackBANK1  00015E
ReadDataOfCell_interr@CellsData             cstackCOMRAM 00000E
ReadDataOfCell_interr@Data                  cstackCOMRAM 000010
ReadDataOfCell_interr@TargetAdress          cstackCOMRAM 000012
ReadDataOfCell_interr@i                     cstackCOMRAM 00001D
ReadTime@I                                  cstackBANK0  0000B5
ReadTime@Seconds                            cstackBANK0  0000B4
ReadTime@lastTimeStamp                      bssCOMRAM    000055
RefreshSchedulerIndicator@CellIsEmpty       cstackBANK2  000228
RefreshSchedulerIndicator@CellsData         cstackBANK2  000214
RefreshSchedulerIndicator@CopyFrom          cstackBANK1  000169
RefreshSchedulerIndicator@Data              cstackBANK2  000224
RefreshSchedulerIndicator@F3326             dataCOMRAM   000076
RefreshSchedulerIndicator@F3328             dataCOMRAM   000079
RefreshSchedulerIndicator@New               cstackBANK1  000168
RefreshSchedulerIndicator@adress            cstackBANK1  000166
RefreshSchedulerIndicator@cell              cstackBANK2  000229
RefreshSchedulerIndicator@i                 cstackBANK2  00022B
RefreshSchedulerIndicator@num               cstackBANK2  00021C
RefreshSchedulerIndicator@num_1604          cstackBANK2  00021F
Save_USART_SpeedNumber@speed                cstackBANK1  000146
Scheduler@NumberOfCells                     bssBANK1     000190
Scheduler@StartFrom                         cstackBANK2  00028D
SchedulerNew@NumberOfCells                  bssBANK1     000192
SchedulerNew@SourceOfRecord                 cstackBANK2  00027C
Select_OK_NO@text                           cstackBANK1  000155
SendCommandToUSART@command                  cstackBANK1  000142
SendCommandToUSART@wait                     cstackBANK1  000144
SendSMS@F3825                               dataBANK4    0004B9
SendSMS@F3829                               dataBANK4    0004BC
SendSMS@F3831                               bssBANK4     0004BF
SendSMS@F3833                               dataBANK5    000552
SendSMS@PhoneNumber                         cstackBANK1  00016C
SendSMS@Text                                cstackBANK1  00016E
SendSMS@command                             cstackBANK2  0002BB
SendSMS@e                                   cstackBANK2  0002CE
SendSMS@l                                   cstackBANK2  0002D7
SendSMS@myNumber                            cstackBANK2  0002D5
SendSMS@pn                                  cstackBANK2  0002DD
SendSMS@sc_len                              cstackBANK2  0002DF
SendSMS@tempString                          cstackBANK2  0002CB
SendSMS@tt                                  cstackBANK2  0002D1
SendSMS@y                                   cstackBANK2  0002C7
SendSymbolToLCD@Symb                        cstackBANK0  000093
SetTimeSource@time_source                   cstackBANK1  000147
Settings@F3740                              dataBANK5    00055E
Settings@F3744                              dataBANK4    00046D
Settings@GSM_Condition                      cstackBANK2  0002D1
Settings@GSM_On_Off                         cstackBANK2  0002D2
Settings@item                               cstackBANK2  0002D4
Settings@menu                               cstackBANK2  0002BE
Settings@menu_GSM_on_off                    cstackBANK2  0002CA
Settings@num                                cstackBANK2  0002D3
Settings@speed                              cstackBANK2  0002D0
ShowMenu@item                               cstackBANK1  000157
ShowMenu@item_max                           cstackBANK1  00015D
ShowMenu@line                               bssBANK1     00019A
ShowMenu@menu                               cstackBANK1  000155
ShowMenu@result                             cstackBANK1  00015C
ShowSchedulerMenu@F3408                     dataBANK5    00056A
ShowSchedulerMenu@NumberOfCells             cstackBANK2  00027E
ShowSchedulerMenu@item                      cstackBANK2  00028C
ShowSchedulerMenu@menu                      cstackBANK2  000280
SignalsOnOff@CellsData                      cstackCOMRAM 000020
SignalsOnOff@Data                           cstackCOMRAM 000036
SignalsOnOff@Data_1769                      cstackCOMRAM 000035
SignalsOnOff@DayTime                        cstackCOMRAM 000030
SignalsOnOff@Days                           cstackCOMRAM 000032
SignalsOnOff@Signals                        cstackCOMRAM 000033
SignalsOnOff@ThisDay                        cstackCOMRAM 000034
SignalsOnOff@ThisTime                       cstackCOMRAM 00002E
SignalsOnOff@TimeStart                      cstackCOMRAM 000028
SignalsOnOff@TimeStop                       cstackCOMRAM 00002A
TX_1wire@cmd                                cstackBANK0  000080
TX_1wire@i                                  cstackBANK0  000082
TX_1wire@temp                               cstackBANK0  000081
TelephoneCall@F3707                         dataBANK5    000500
TelephoneCall@command                       cstackBANK1  000149
TelephoneCall@i                             cstackBANK1  00015B
TelephoneCall@phone_number                  cstackBANK1  000145
TimeData_BlinkOFF@TimeData                  cstackBANK1  000148
TimeData_INIT@TimeData                      cstackBANK1  000142
TimeData_INIT@i                             cstackBANK1  000146
TimeData_INIT@i_1437                        cstackBANK1  000147
TimeEdit@F3246                              dataBANK5    000576
TimeEdit@MonthDays                          cstackBANK2  000227
TimeEdit@TimeData                           cstackBANK2  00029D
TimeEdit@_date                              cstackBANK2  00023B
TimeEdit@_time                              cstackBANK2  000263
TimeEdit@_weekday                           cstackBANK2  00028F
TimeEdit@blinking                           cstackBANK2  000296
TimeEdit@i                                  cstackBANK2  000293
TimeEdit@i_1463                             cstackBANK2  000294
TimeEdit@i_1464                             cstackBANK2  000295
TimeEdit@input                              cstackBANK2  000278
TimeEdit@month                              cstackBANK2  00027A
TimeEdit@n                                  cstackBANK2  000233
TimeEdit@p                                  cstackBANK2  00029C
TimeEdit@symb_array                         cstackBANK2  00027B
TimeEdit@symb_array_max_index               cstackBANK2  000279
TimeEdit@t                                  cstackBANK2  00029B
TimeEdit@temp                               cstackBANK2  000297
TimeEdit@time_is_changed                    cstackBANK2  000277
TimeToInd@CellsData                         cstackBANK2  000293
TimeToInd@CellsNumber                       cstackBANK2  0002EB
TimeToInd@D                                 cstackBANK2  0002DD
TimeToInd@Data                              cstackBANK2  0002E4
TimeToInd@DataArray                         cstackBANK2  0002BA
TimeToInd@DataArray2                        cstackBANK2  0002E1
TimeToInd@DataArrayOfLine2                  cstackBANK2  0002A4
TimeToInd@Day                               cstackBANK2  0002E3
TimeToInd@Days                              cstackBANK2  0002DC
TimeToInd@ElapsedTime                       cstackBANK2  0002CB
TimeToInd@F3167                             dataBANK4    0004A5
TimeToInd@F3171                             dataBANK4    00040A
TimeToInd@F3178                             dataBANK5    000512
TimeToInd@F3192                             dataBANK5    000545
TimeToInd@SignalOn                          cstackBANK2  0002CF
TimeToInd@SignalOn_1322                     cstackBANK2  0002D1
TimeToInd@Signals                           cstackBANK2  0002E8
TimeToInd@SignalsFinal                      cstackBANK2  0002EE
TimeToInd@Time                              cstackBANK2  0002F1
TimeToInd@TimeData                          cstackBANK2  0002B1
TimeToInd@TimeStart                         cstackBANK2  0002D9
TimeToInd@TimeStop                          cstackBANK2  0002EF
TimeToInd@d                                 cstackBANK2  0002D2
TimeToInd@day                               cstackBANK2  0002D0
TimeToInd@i                                 cstackBANK2  0002E9
TimeToInd@i_1321                            cstackBANK2  0002EA
TimeToInd@j2                                cstackBANK2  0002EC
TimeToInd@line                              cstackBANK2  0002DB
TimeToInd@tClock                            bssBANK1     000181
TimeToInd@tString                           cstackBANK2  00029B
TimeToInd@temp                              cstackBANK2  0002F3
USART_Speed_Choise@F3737                    dataBANK4    000413
USART_Speed_Choise@menu                     cstackBANK1  00015E
UserDelay@timestamp                         cstackBANK1  00015C
UserDelay@value                             cstackBANK1  00015A
WorkingWithGSM@command                      cstackBANK2  0002ED
WorkingWithGSM@i                            cstackBANK2  0002F2
WorkingWithGSM@line                         dataBANK3    0003EE
WorkingWithGSM@myOutputString               cstackBANK2  0002CC
WorkingWithGSM@p                            cstackBANK2  0002EF
WorkingWithGSM@speed                        cstackBANK2  0002F1
WriteArrayToEEPROM@adress_start             cstackBANK1  000148
WriteArrayToEEPROM@container                cstackBANK1  000146
WriteArrayToEEPROM@i                        cstackBANK1  00014E
WriteArrayToEEPROM@quantity                 cstackBANK1  00014A
WriteDataOfCell@CellsData                   cstackBANK1  00014F
WriteDataOfCell@Data                        cstackBANK1  000151
WriteDataOfCell@TargetAdress                cstackBANK1  000153
WriteDataOfCell@i                           cstackBANK1  000156
WritePhonebookCellToEEPROM@adress_start     cstackBANK1  000151
WritePhonebookCellToEEPROM@container        cstackBANK1  00014F
WriteTime@F3801                             dataBANK6    000644
WriteTime@INTCON_BUP                        cstackBANK2  000222
WriteTime@comand                            cstackBANK2  000200
WriteTime@days                              cstackBANK1  00015D
WriteTime@hours                             cstackBANK2  000220
WriteTime@lClock                            cstackBANK1  000159
WriteTime@minutes                           cstackBANK2  000221
WriteTime@months                            cstackBANK1  00015E
WriteTime@temp                              cstackBANK2  000223
WriteTime@week_day                          cstackBANK2  00021F
WriteTime@years                             cstackBANK1  00015F
_ADCON1                                     (abs)        000FC1
_AddByteToUSARTbuff                         text158      00A8FC
_AdressOfNextStartCell                      dataBANK1    0001B7
_BAUDCONbits                                (abs)        000FB8
_BCD_to_DEC                                 text117      00D684
_CalculateClockDelta                        text143      009F90
_CalculateClockDelta$3407                   cstackBANK0  000096
_CheckoutRegisterOfSymbol                   text68       00629C
_CleanStringArray                           text92       00D068
_Clock                                      bssBANK1     000185
_Clock_from_GSM                             bssBANK4     0004C7
_ConvKeyNum                                 text145      00BE20
_ConvertCharToNumeric                       text138      00C730
_ConvertDayToBit                            text18       00CB68
_CorrectTimeConst                           bssCOMRAM    000061
_CurrentReadingCell                         bssCOMRAM    000063
_CurrentSignals                             bssBANK1     00019B
_CurrentSignalsData                         bssCOMRAM    000069
_DEC_to_BCD                                 text31       00CBBE
_DTMF_Symbol                                bssBANK1     00019C
_DeleteDataOfCell                           text19       00CF9E
_EEADR                                      (abs)        000FA9
_EEADRH                                     (abs)        000FAA
_EECON1bits                                 (abs)        000FA6
_EECON2                                     (abs)        000FA7
_EEDATA                                     (abs)        000FA8
_EERD                                       text95       00D54C
_EEWR                                       text75       00D252
_EditSchedule                               text15       002524
_EncodePhoneNumberToPDU                     text50       00AB2A
_F_h                                        intcode      000008
_F_l                                        intcodelo    000018
_FillArrayFromEEPROM                        text90       00C9F6
_FillArrayFromEEPROM_interr                 text156      00D166
_FillMinutes                                text93       00D5C0
_FillPhonebookCellFromEEPROM                text76       00BC00
_FindCell                                   text14       009E44
_FindCell$1587                              cstackBANK2  00020A
_FindIncommingData                          text48       008230
_FindNextTimeStart                          text87       007D52
_FindNextTimeStart$3177                     cstackBANK2  000208
_FindPhoneContactByNumber                   text139      009578
_Format_EEPROM_Memory                       text69       00B616
_GetDayOfWeek                               text86       00C15C
_GetDayOfWeekByDate                         text36       00AD30
_GetNumericFromString                       text137      00D6A4
_GetStringLength                            text49       00D2F4
_GetSystemInfo                              text77       004EDA
_GetTimeSource                              text94       00D4CE
_GetUnicodeSymbol                           text47       000416
_GlobalBlinkCycleTime                       dataBANK1    0001BA
_I2CAck                                     text116      00D79A
_I2CInit                                    text30       00D760
_I2CNak                                     text115      00D790
_I2CRead                                    text114      00D664
_I2CRestart                                 text113      00D7C4
[...]
		wreg, status,2, status,0
 Tracked objects:
		On entry : 
		On exit  : 
		Unchanged: 
 Data sizes:     COMRAM   BANK0   BANK1   BANK2   BANK3   BANK4   BANK5   BANK6   BANK7   BANK8   BANK9  BANK10  BANK11  BANK12  BANK13  BANK14  BANK15
      Params:         0       0       0       0       0       0       0       0       0       0       0       0       0       0       0       0       0
      Locals:         1       0       0       0       0       0       0       0       0       0       0       0       0       0       0       0       0
      Temps:          0       0       0       0       0       0       0       0       0       0       0       0       0       0       0       0       0
      Totals:         1       0       0       0       0       0       0       0       0       0       0       0       0       0       0       0       0
Total ram usage:        1 bytes
 Hardware stack levels used:    1
 This function calls:
		Nothing
 This function is called by:
		_SignalsOnOff
 This function uses a non-reentrant model


 *************** function _ReadDataOfCell_interr *****************
 Defined at:
		line 1901 in file "prog.c"
 Parameters:    Size  Location     Type
  CellsData       2   13[COMRAM] PTR unsigned char 
		 -> SignalsOnOff@CellsData(8), 
  Data            2   15[COMRAM] PTR unsigned long 
		 -> SignalsOnOff@Data(4), 
  TargetAdress    2   17[COMRAM] unsigned int 
 Auto vars:     Size  Location     Type
  i               2   28[COMRAM] int 
 Return value:  Size  Location     Type
                  1    wreg      void 
 Registers used:
		wreg, fsr2l, fsr2h, status,2, status,0, prodl, prodh, cstack
 Tracked objects:
		On entry : 
		On exit  : 
		Unchanged: 
 Data sizes:     COMRAM   BANK0   BANK1   BANK2   BANK3   BANK4   BANK5   BANK6   BANK7   BANK8   BANK9  BANK10  BANK11  BANK12  BANK13  BANK14  BANK15
      Params:         6       0       0       0       0       0       0       0       0       0       0       0       0       0       0       0       0
      Locals:         2       0       0       0       0       0       0       0       0       0       0       0       0       0       0       0       0
      Temps:          9       0       0       0       0       0       0       0       0       0       0       0       0       0       0       0       0
      Totals:        17       0       0       0       0       0       0       0       0       0       0       0       0       0       0       0       0
Total ram usage:       17 bytes
 Hardware stack levels used:    1
 Hardware stack levels required when called:    2
 This function calls:
		_FillArrayFromEEPROM_interr
 This function is called by:
		_SignalsOnOff
 This function uses a non-reentrant model


 *************** function _FillArrayFromEEPROM_interr *****************
 Defined at:
		line 1614 in file "prog.c"
 Parameters:    Size  Location     Type
  container       2    4[COMRAM] PTR unsigned char 
		 -> SignalsOnOff@CellsData(8), 
  adress_start    2    6[COMRAM] unsigned int 
  quantity        2    8[COMRAM] unsigned int 
 Auto vars:     Size  Location     Type
  i               1   12[COMRAM] unsigned char 
 Return value:  Size  Location     Type
                  1    wreg      void 
 Registers used:
		wreg, fsr2l, fsr2h, status,2, status,0, prodl, prodh, cstack
 Tracked objects:
		On entry : 
		On exit  : 
		Unchanged: 
 Data sizes:     COMRAM   BANK0   BANK1   BANK2   BANK3   BANK4   BANK5   BANK6   BANK7   BANK8   BANK9  BANK10  BANK11  BANK12  BANK13  BANK14  BANK15
      Params:         6       0       0       0       0       0       0       0       0       0       0       0       0       0       0       0       0
      Locals:         1       0       0       0       0       0       0       0       0       0       0       0       0       0       0       0       0
      Temps:          2       0       0       0       0       0       0       0       0       0       0       0       0       0       0       0       0
      Totals:         9       0       0       0       0       0       0       0       0       0       0       0       0       0       0       0       0
Total ram usage:        9 bytes
 Hardware stack levels used:    1
 Hardware stack levels required when called:    1
 This function calls:
		i2_EERD
 This function is called by:
		_ReadDataOfCell_interr
 This function uses a non-reentrant model


 *************** function i2_EERD *****************
 Defined at:
		line 1311 in file "prog.c"
 Parameters:    Size  Location     Type
  adress          2    0[COMRAM] unsigned int 
 Auto vars:     Size  Location     Type
  EERD            1    3[COMRAM] volatile unsigned char 
  EERD            1    2[COMRAM] volatile unsigned char 
 Return value:  Size  Location     Type
                  1    wreg      unsigned char 
 Registers used:
		wreg, status,2
 Tracked objects:
		On entry : 
		On exit  : 
		Unchanged: 
 Data sizes:     COMRAM   BANK0   BANK1   BANK2   BANK3   BANK4   BANK5   BANK6   BANK7   BANK8   BANK9  BANK10  BANK11  BANK12  BANK13  BANK14  BANK15
      Params:         2       0       0       0       0       0       0       0       0       0       0       0       0       0       0       0       0
      Locals:         2       0       0       0       0       0       0       0       0       0       0       0       0       0       0       0       0
      Temps:          0       0       0       0       0       0       0       0       0       0       0       0       0       0       0       0       0
      Totals:         4       0       0       0       0       0       0       0       0       0       0       0       0       0       0       0       0
Total ram usage:        4 bytes
 Hardware stack levels used:    1
 This function calls:
		Nothing
 This function is called by:
		_FillArrayFromEEPROM_interr
 This function uses a non-reentrant model


 *************** function _AddByteToUSARTbuff *****************
 Defined at:
		line 2586 in file "prog.c"
 Parameters:    Size  Location     Type
  byte            1    wreg     unsigned char 
 Auto vars:     Size  Location     Type
  byte            1   11[COMRAM] unsigned char 
  i               2   12[COMRAM] unsigned int 
  i               1   14[COMRAM] unsigned char 
  buff            2    9[COMRAM] PTR unsigned char 
		 -> buff_string_11(256), buff_string_10(256), buff_string_9(256), buff_string_8(256), 
 Return value:  Size  Location     Type
                  1    wreg      void 
 Registers used:
		wreg, fsr1l, fsr1h, fsr2l, fsr2h, status,2, status,0, prodl, prodh, cstack
 Tracked objects:
		On entry : 
		On exit  : 
		Unchanged: 
 Data sizes:     COMRAM   BANK0   BANK1   BANK2   BANK3   BANK4   BANK5   BANK6   BANK7   BANK8   BANK9  BANK10  BANK11  BANK12  BANK13  BANK14  BANK15
      Params:         0       0       0       0       0       0       0       0       0       0       0       0       0       0       0       0       0
      Locals:         6       0       0       0       0       0       0       0       0       0       0       0       0       0       0       0       0
      Temps:          2       0       0       0       0       0       0       0       0       0       0       0       0       0       0       0       0
      Totals:         8       0       0       0       0       0       0       0       0       0       0       0       0       0       0       0       0
Total ram usage:        8 bytes
 Hardware stack levels used:    1
 Hardware stack levels required when called:    1
 This function calls:
		__CleanStringArray_interrupt2
 This function is called by:
		_F_h
 This function uses a non-reentrant model


 *************** function __CleanStringArray_interrupt2 *****************
 Defined at:
		line 1928 in file "prog.c"
 Parameters:    Size  Location     Type
  myArray         2    0[COMRAM] PTR unsigned char 
		 -> buff_string_11(256), buff_string_10(256), buff_string_9(256), buff_string_8(256), 
  size            2    2[COMRAM] unsigned int 
  settingData     1    4[COMRAM] unsigned char 
 Auto vars:     Size  Location     Type
  i               2    5[COMRAM] unsigned int 
 Return value:  Size  Location     Type
                  1    wreg      void 
 Registers used:
		wreg, fsr2l, fsr2h, status,2, status,0
 Tracked objects:
		On entry : 
		On exit  : 
		Unchanged: 
 Data sizes:     COMRAM   BANK0   BANK1   BANK2   BANK3   BANK4   BANK5   BANK6   BANK7   BANK8   BANK9  BANK10  BANK11  BANK12  BANK13  BANK14  BANK15
      Params:         5       0       0       0       0       0       0       0       0       0       0       0       0       0       0       0       0
      Locals:         2       0       0       0       0       0       0       0       0       0       0       0       0       0       0       0       0
      Temps:          0       0       0       0       0       0       0       0       0       0       0       0       0       0       0       0       0
      Totals:         7       0       0       0       0       0       0       0       0       0       0       0       0       0       0       0       0
Total ram usage:        7 bytes
 Hardware stack levels used:    1
 This function calls:
		Nothing
 This function is called by:
		_AddByteToUSARTbuff
 This function uses a non-reentrant model



MODULE INFORMATION

Module		Function		Class		Link	Load	Size
/opt/microchip/xc8/v1.37/sources/common/awmod.c
		___awmod       		CODE           	C018	0000	163

/opt/microchip/xc8/v1.37/sources/common/awmod.c estimated size: 163

/opt/microchip/xc8/v1.37/sources/common/llmod.c
		___llmod       		CODE           	C1FC	0000	155

/opt/microchip/xc8/v1.37/sources/common/llmod.c estimated size: 155

/opt/microchip/xc8/v1.37/sources/common/almod.c
		___almod       		CODE           	B00C	0000	243

/opt/microchip/xc8/v1.37/sources/common/almod.c estimated size: 243

/opt/microchip/xc8/v1.37/sources/common/Umul32.c
		___lmul        		CODE           	C644	0000	119

/opt/microchip/xc8/v1.37/sources/common/Umul32.c estimated size: 119

/opt/microchip/xc8/v1.37/sources/common/strcat.c
		_strcat        		CODE           	C8D6	0000	97

/opt/microchip/xc8/v1.37/sources/common/strcat.c estimated size: 97

/opt/microchip/xc8/v1.37/sources/common/lwdiv.c
		___lwdiv       		CODE           	C5CC	0000	121

/opt/microchip/xc8/v1.37/sources/common/lwdiv.c estimated size: 121

/opt/microchip/xc8/v1.37/sources/common/awdiv.c
		___awdiv       		CODE           	B854	0000	191

/opt/microchip/xc8/v1.37/sources/common/awdiv.c estimated size: 191

/opt/microchip/xc8/v1.37/sources/common/strlen.c
		_strlen        		CODE           	CDEA	0000	75

/opt/microchip/xc8/v1.37/sources/common/strlen.c estimated size: 75

/opt/microchip/xc8/v1.37/sources/common/lldiv.c
		___lldiv       		CODE           	B9D0	0000	189

/opt/microchip/xc8/v1.37/sources/common/lldiv.c estimated size: 189

/opt/microchip/xc8/v1.37/sources/common/aldiv.c
		___aldiv       		CODE           	A6C8	0000	283

/opt/microchip/xc8/v1.37/sources/common/aldiv.c estimated size: 283

/opt/microchip/xc8/v1.37/sources/common/strcpy.c
		_strcpy        		CODE           	CE34	0000	75

/opt/microchip/xc8/v1.37/sources/common/strcpy.c estimated size: 75

shared
		i1_strcat      		CODE           	C996	0000	97
		i1_I2CStop     		CODE           	D7B4	0000	9
		i1_I2CStart    		CODE           	D7BC	0000	9
		i1_CleanStringArray		CODE           	D0A8	0000	65
		i1_EERD        		CODE           	D574	0000	41
		_StandardAnswer_ERROR		MEDIUMCONST    	FC8D	0000	7
		i2_EERD        		CODE           	D59C	0000	37
		i1_GetDayOfWeekByDate		CODE           	AF18	0000	245
		_StandardAnswer_NO_ANSWER		MEDIUMCONST    	FC7B	0000	11
		i1_FillArrayFromEEPROM		CODE           	CA54	0000	95
		_StandardAnswer_NORMAL_POWER_DOWN		MEDIUMCONST    	FC52	0000	19
		_StandardAnswer_NO_DIALTONE		MEDIUMCONST    	FC64	0000	13
		i1_OutputSystemMessage		CODE           	8B82	0000	585
		i2___lwdiv     		CODE           	CC62	0000	83
		__setInputTextProps@F3601		MEDIUMCONST    	FBFD	0000	11
		__setInputTextProps@F3603		MEDIUMCONST    	FBE7	0000	23
		i1_strcpy      		CODE           	CEC8	0000	75
		i1___awdiv     		CODE           	B912	0000	191
		i1_FillPhonebookCellFromEEPROM		CODE           	BCB8	0000	185
		i2_ConvertDayToBit		CODE           	CCB4	0000	83
		i1_SendCommandToUSART		CODE           	D522	0000	43
		i1___wmul      		CODE           	D288	0000	55
		i1_lcd_send_byte		CODE           	CE7E	0000	75
		i1_testTimePoint		CODE           	A346	0000	307
		i1_I2CInit     		CODE           	D780	0000	17
		i2___lwmod     		CODE           	D026	0000	67
		i1_lcd_send_initial_half_byte		CODE           	D1E0	0000	61
		__initialization		CODE           	9A3A	0000	351
		_StandardAnswer_BUSY		MEDIUMCONST    	FC93	0000	6
		i1___lmul      		CODE           	C6BA	0000	119
		i1___awmod     		CODE           	C0BA	0000	163
		_StandardAnswer_DTMF		MEDIUMCONST    	FC85	0000	9
		i1___aldiv     		CODE           	A7E2	0000	283
		i2_FillMinutes 		CODE           	D5E2	0000	35
		i2___aldiv     		CODE           	B54A	0000	205
		i1_getSystemTimePoint		CODE           	D71E	0000	19
		i1_I2CSend     		CODE           	D644	0000	33
		i1_EEWR        		CODE           	D2BE	0000	55
		i2_EEWR        		CODE           	D35C	0000	53
		_StandardAnswer_CLOCK		MEDIUMCONST    	FC34	0000	31
		_StandardAnswer_OK		MEDIUMCONST    	FC98	0000	4
		_StandardAnswer_NO_CARRIER		MEDIUMCONST    	FC70	0000	12
		_StandardAnswer_INCCALL		MEDIUMCONST    	FC10	0000	37
		_StandardAnswer_STAT		MEDIUMCONST    	FC07	0000	10

shared estimated size: 3934

/opt/microchip/xc8/v1.37/sources/common/lbdiv.c
		___lbdiv       		CODE           	CAB2	0000	93

/opt/microchip/xc8/v1.37/sources/common/lbdiv.c estimated size: 93

prog.c
		_GetNumericFromString		CODE           	D6A4	0000	31
		_I2CNak        		CODE           	D790	0000	11
		_ConvertDayToBit		CODE           	CB68	0000	87
		_TelephoneCall 		CODE           	B0FE	0000	237
		_ReadDataOfCell		CODE           	BA8C	0000	189
		_setDigit      		CODE           	A0D4	0000	321
		__CleanStringArray_interrupt		CODE           	D0E8	0000	65
		_SchedulerNew  		CODE           	AA16	0000	277
		_FindIncommingData		CODE           	8230	0000	603
		__CleanStringArray_interrupt2		CODE           	D478	0000	45
		_FillMinutes   		CODE           	D5C0	0000	35
		_EEWR          		CODE           	D252	0000	55
		_FillPhonebookCellFromEEPROM		CODE           	BC00	0000	185
		_TimeData_BlinkOFF		CODE           	CD06	0000	81
		_GetStringLength		CODE           	D2F4	0000	53
		_TimeEdit      		CODE           	181E	0000	3335
		_testTimePoint 		CODE           	A214	0000	307
		_delay         		CODE           	D4F8	0000	43
		_SignalsOnOff  		CODE           	8FCC	0000	515
		_I2CStop       		CODE           	D7A4	0000	9
		_FindPhoneContactByNumber		CODE           	9578	0000	417
		_ConvertCharToNumeric		CODE           	C730	0000	117
		_RX_1wire      		CODE           	CF12	0000	73
		_NumericToHEXString		CODE           	9CF6	0000	335
		__setInputTextProps		CODE           	6ED4	0000	855
		_lcd_send_byte 		CODE           	CD56	0000	75
		_lcd_off       		CODE           	D750	0000	17
		_TX_1wire      		CODE           	C936	0000	97
		_get_temp      		CODE           	93B4	0000	453
		_ReIndTimeEdit 		CODE           	722A	0000	779
		_NumericToString		CODE           	7FC8	0000	617
		__load_TXREG   		CODE           	C3BA	0000	141
		_I2CAck        		CODE           	D79A	0000	11
		_OutputString  		CODE           	A5A2	0000	295
		_CleanStringArray		CODE           	D068	0000	65
		_Format_EEPROM_Memory		CODE           	B616	0000	193
		_ReadDataOfCell_interr		CODE           	C296	0000	151
		_main          		CODE           	7AAE	0000	677
		_ItemsToIndicator		CODE           	C7A4	0000	111
		__getContainer_Clock_from_GSM		CODE           	D41E	0000	47
		_ParseTime     		CODE           	C54E	0000	127
		_SendSMS       		CODE           	674A	0000	1027
		_F_h           		CODE           	0008	0000	409
		_UserDelay     		CODE           	D128	0000	63
		_USART_Speed_Choise		CODE           	D44C	0000	45
		__FindIncommingData_interrupt		CODE           	848A	0000	603
		_GetTimeSource 		CODE           	D4CE	0000	43
		_I2CRead       		CODE           	D664	0000	33
		_EditSchedule  		CODE           	2524	0000	2893
		_Init_USART    		CODE           	C446	0000	137
		_system_BlinkReset		CODE           	D624	0000	33
		_getSystemTimePoint		CODE           	D70C	0000	19
		_InputText     		CODE           	3070	0000	2769
		_GetSystemInfo 		CODE           	4EDA	0000	1869
		_ReadTime      		CODE           	BF74	0000	165
		_ShowSchedulerMenu		CODE           	A478	0000	299
		_WriteTime     		CODE           	7534	0000	723
		_TimeToInd     		CODE           	3B40	0000	2725
		_FillArrayFromEEPROM_interr		CODE           	D166	0000	63
		__getContainer_Incomming_DTMF_Data		CODE           	D3C2	0000	47
		_WorkingWithGSM		CODE           	9718	0000	409
		_WriteArrayToEEPROM		CODE           	C812	0000	99
		_cp1251_to_unicode		CODE           	BED0	0000	165
		__getContainer_Incomming_Call_Data		CODE           	D3F0	0000	47
		_AddByteToUSARTbuff		CODE           	A8FC	0000	283
		_F_l           		CODE           	0018	0000	1019
		_getLcdCodeOfChar		CODE           	5626	0000	1657
		_setBlink      		CODE           	B796	0000	191
		_SetTimeSource 		CODE           	D390	0000	51
		_FindNextTimeStart		CODE           	7D52	0000	631
		_lcd_send_initial_half_byte		CODE           	D1A4	0000	61
		_GetDayOfWeek  		CODE           	C15C	0000	161
		_Init_GSM      		CODE           	91CE	0000	487
		_FillArrayFromEEPROM		CODE           	C9F6	0000	95
		_TimeData_INIT 		CODE           	8DCA	0000	515
		_ProcessIncommingUartData		CODE           	45E4	0000	2295
		_GetUnicodeSymbol		CODE           	0416	0000	5129
		_I2CRestart    		CODE           	D7C4	0000	9
		_Save_USART_SpeedNumber		CODE           	D6DC	0000	25
		_RefreshSchedulerIndicator		CODE           	7806	0000	681
		_EERD          		CODE           	D54C	0000	41
		_SendCommandToUSART		CODE           	D4A4	0000	43
		_EncodePhoneNumberToPDU		CODE           	AB2A	0000	275
		__GetStringLength_interr		CODE           	D328	0000	53
		_WritePhonebookCellToEEPROM		CODE           	BB48	0000	185
		_I2CStart      		CODE           	D7AC	0000	9
		_Read_USART_SpeedNumber		CODE           	D770	0000	17
		_ProcessSystemMessageShowing		CODE           	D6F4	0000	25
		_SendSymbolToLCD		CODE           	AE24	0000	245
		_lcd_on        		CODE           	D740	0000	17
		_InteractiveData_BlinkOFF		CODE           	CFE2	0000	69
		_getNumChar    		CODE           	BD70	0000	177
		_Init_1wire    		CODE           	CB0E	0000	91
		_Select_OK_NO  		CODE           	CC10	0000	83
		_BCD_to_DEC    		CODE           	D684	0000	33
		_entNum        		CODE           	CDA0	0000	75
		_DEC_to_BCD    		CODE           	CBBE	0000	83
		_Settings      		CODE           	9BA6	0000	337
		_ParseDataRecord		CODE           	B3A8	0000	211
		_CalculateClockDelta		CODE           	9F90	0000	325
		_ShowMenu      		CODE           	86E4	0000	599
		_OutputInteractiveData		CODE           	B1EA	0000	229
		_DeleteDataOfCell		CODE           	CF9E	0000	69
		_GetDayOfWeekByDate		CODE           	AD30	0000	245
		_main2         		CODE           	6B4C	0000	905
		_I2CInit       		CODE           	D760	0000	17
		_clrInd        		CODE           	B2CE	0000	219
		_I2CSend       		CODE           	D604	0000	33
		_ConvKeyNum    		CODE           	BE20	0000	177
		_lcd_init      		CODE           	B47A	0000	209
		_OutputSystemMessage		CODE           	893A	0000	585
		_FindCell      		CODE           	9E44	0000	333
		_PhonebookEdit 		CODE           	5C9E	0000	1535
		_CheckoutRegisterOfSymbol		CODE           	629C	0000	1199
		_WriteDataOfCell		CODE           	C4CE	0000	129
		_Scheduler     		CODE           	AC3C	0000	245

prog.c estimated size: 49234

/opt/microchip/xc8/v1.37/sources/common/Umul16.c
		___wmul        		CODE           	D21C	0000	55

/opt/microchip/xc8/v1.37/sources/common/Umul16.c estimated size: 55

/opt/microchip/xc8/v1.37/sources/common/lwmod.c
		___lwmod       		CODE           	C874	0000	99

/opt/microchip/xc8/v1.37/sources/common/lwmod.c estimated size: 99

