Microchip MPLAB XC8 Compiler V1.37 ()

Linker command line:

-W9 --edf=/opt/microchip/xc8/v1.37/dat/en_msgs.txt -cs \
  -h+dist/default/production/Water_PIC18_test.production.sym \
  --cmf=dist/default/production/Water_PIC18_test.production.cmf -z \
  -Q18F2620 -o/tmp/xcXJP3bZS \
  -Mdist/default/production/Water_PIC18_test.production.map -E1 -ver=XC8 \
  --acfsm=1493 -ASTACK=0A00h-0f7fh -pstack=STACK -ACODE=00h-0FFFFh \
  -ACONST=00h-0FFFFh -ASMALLCONST=01000h-010FFhx240 \
  -AMEDIUMCONST=01000h-0FFFFh -ACOMRAM=01h-07Fh -AABS1=00h-0F7Fh \
  -ABIGRAM=01h-0F7Fh -ARAM=080h-0FFh,0100h-01FFhx14,0F00h-0F7Fh \
  -ABANK0=080h-0FFh -ABANK1=0100h-01FFh -ABANK2=0200h-02FFh \
  -ABANK3=0300h-03FFh -ABANK4=0400h-04FFh -ABANK5=0500h-05FFh \
  -ABANK6=0600h-06FFh -ABANK7=0700h-07FFh -ABANK8=0800h-08FFh \
  -ABANK9=0900h-09FFh -ABANK10=0A00h-0AFFh -ABANK11=0B00h-0BFFh \
  -ABANK12=0C00h-0CFFh -ABANK13=0D00h-0DFFh -ABANK14=0E00h-0EFFh \
  -ABANK15=0F00h-0F7Fh -ASFR=0F80h-0FFFh \
  -preset_vec=00h,intcode=08h,intcodelo=018h,powerup,init,end_init \
  -pramtop=01000h -psmallconst=SMALLCONST -pmediumconst=MEDIUMCONST \
  -pconst=CONST -AFARRAM=00h-00h -ACONFIG=0300000h-030000Dh -pconfig=CONFIG \
  -AIDLOC=0200000h-0200007h -pidloc=IDLOC -AEEDATA=0F00000h-0F003FFh \
  -peeprom_data=EEDATA \
  -prdata=COMRAM,nvrram=COMRAM,nvbit=COMRAM,rbss=COMRAM,rbit=COMRAM \
  -pfarbss=FARRAM,fardata=FARRAM,nvFARRAM=FARRAM \
  -pintsave_regs=BIGRAM,bigbss=BIGRAM,bigdata=BIGRAM -pbss=RAM \
  -pidata=CODE,irdata=CODE,ibigdata=CODE,ifardata=CODE -prparam=COMRAM \
  /tmp/xcXnf1VQ4.obj \
  dist/default/production/Water_PIC18_test.production.obj 

Object code version is 3.11

Machine type is 18F2620

Call graph: (short form)




                Name                               Link     Load   Length Selector   Space Scale
/tmp/xcXnf1VQ4.obj
                end_init                            30A      30A        4        C       0
                reset_vec                             0        0        4        0       0
                config                           300000   300000        E   300000       0
dist/default/production/Water_PIC18_test.production.obj
                intcodelo                            18       18      2F2        C       0
                intcode                               8        8        E        4       0
                temp                                 5D       5D        1        1       1
                mediumconst                        FDA8     FDA8      258     7ED4       0
                text104                            5324     5324       26     26B3       0
                text103                            3BB4     3BB4       DA        C       0
                text102                            4850     4850       6C        C       0
                intcode_body                       47DE     47DE       72        C       0
                text100                            4B28     4B28       64        C       0
                text99                             536E     536E       24     26B3       0
                text98                             4FDC     4FDC       36     26B3       0
                text97                             49F4     49F4       68        C       0
                text96                             3F88     3F88       B2        C       0
                text95                             52FE     52FE       26     26B3       0
                text94                             52D8     52D8       26     26B3       0
                text93                             335A     335A      13E        C       0
                text92                             548C     548C       1E     26B3       0
                text91                             546E     546E       1E     26B3       0
                text90                             5450     5450       1E     26B3       0
                text89                             4F38     4F38       38     26B3       0
                text88                             39EC     39EC       EE        C       0
                text87                             53F4     53F4       20     26B3       0
                text86                             2550     2550      1E8        C       0
                text85                             550C     550C        A     2A86       0
                text84                             5432     5432       1E     26B3       0
                text83                             4768     4768       76        C       0
                text82                             5170     5170       30     26B3       0
                text81                             507A     507A       34     26B3       0
                text80                             4478     4478       82        C       0
                text79                             3E14     3E14       BC        C       0
                text78                             4DFC     4DFC       4A     26B3       0
                text77                             4E84     4E84       3E     26B3       0
                text76                             2AAE     2AAE      1B6        C       0
                text75                             1700     1700      3DE        C       0
                text74                             51A0     51A0       2A     26B3       0
                text73                             52B2     52B2       26     26B3       0
                text72                             534A     534A       24     26B3       0
                text70                             5520     5520        4     2A90       0
                text69                             528C     528C       26     26B3       0
                text68                             4FA6     4FA6       36     26B3       0
                text67                             498C     498C       68        C       0
                text66                             1E88     1E88      2D4        C       0
                text65                             5140     5140       30     26B3       0
                text64                             4CB0     4CB0       5E        C       0
                text63                             4226     4226       9C        C       0
                text62                             45F8     45F8       7E        C       0
                text61                             40E6     40E6       A2        C       0
                text60                             4AC2     4AC2       66        C       0
                text59                             215C     215C      20A        C       0
                text58                             5414     5414       1E     26B3       0
                text57                             54D0     54D0       12     26B3       0
                text56                             44FA     44FA       80        C       0
                text55                              30E      30E      79A        C       0
                text54                             46F2     46F2       76        C       0
                text53                             4BEE     4BEE       62        C       0
                text52                             4A5C     4A5C       66        C       0
                text51                             3ED0     3ED0       B8        C       0
                text50                             5046     5046       34     26B3       0
                text49                             2F7A     2F7A      15C        C       0
                text48                             5392     5392       22     26B3       0
                text47                             435C     435C       90        C       0
                text46                             53D4     53D4       20     26B3       0
                text45                             4EFE     4EFE       3A     26B3       0
                text44                             4924     4924       68        C       0
                text43                             4DB2     4DB2       4A     26B3       0
                text42                             1ADE     1ADE      3AA        C       0
                text41                             5266     5266       26     26B3       0
                text40                             5240     5240       26     26B3       0
                text39                             30D6     30D6      146        C       0
                text38                             4C50     4C50       60        C       0
                text37                             38F0     38F0       FC        C       0
                text36                             53B4     53B4       20     26B3       0
                text35                             4EC2     4EC2       3C     26B3       0
                text34                             35BC     35BC      120        C       0
                text33                             54AA     54AA       14     26B3       0
                text32                             2E12     2E12      168        C       0
                text31                             5012     5012       34     26B3       0
                text30                             37EA     37EA      106        C       0
                text29                             3D58     3D58       BC        C       0
                text28                             42C2     42C2       9A        C       0
                text27                             4F70     4F70       36     26B3       0
                text26                             51F2     51F2       28     26B3       0
                text25                             4D66     4D66       4C     26B3       0
                text24                             5110     5110       30     26B3       0
                text23                              AA8      AA8      68C        C       0
                text22                             521A     521A       26     26B3       0
                text21                             4B8C     4B8C       62        C       0
                text20                             457A     457A       7E        C       0
                text19                             43EC     43EC       8C        C       0
                text18                             2738     2738      1C0        C       0
                text17                             4676     4676       7C        C       0
                text16                             4E46     4E46       3E     26B3       0
                text15                             48BC     48BC       68        C       0
                text14                             50E0     50E0       30     26B3       0
                text13                             5524     5524        2     2A90       0
                text12                             3ADA     3ADA       DA        C       0
                text11                             2C64     2C64      1AE        C       0
                text10                             403A     403A       AC        C       0
                text9                              3498     3498      124        C       0
                text8                              1134     1134      5CC        C       0
                text7                              36DC     36DC      10E        C       0
                text6                              50AE     50AE       32     26B3       0
                text5                              51CA     51CA       28     26B3       0
                text4                              54F2     54F2        E     26B3       0
                text3                              3C8E     3C8E       CA        C       0
                text2                              54E2     54E2       10     26B3       0
                text1                              2366     2366      1EA        C       0
                text0                              28F8     28F8      1B6        C       0
                cstackCOMRAM                          1        1       42        1       1
                cstackBANK0                          80       80       52       80       1
                cstackBANK1                         100      100       FB      100       1
                cstackBANK2                         200      200       E4      200       1
                cstackBANK3                         39E      39E       48      300       1
                cstackBANK5                         500      500       5C      500       1
                bssBANK9                            900      900      100      900       1
                bssBANK8                            800      800      100      800       1
                bssBANK7                            700      700      100      700       1
                bssBANK6                            600      600      100      600       1
                bssBANK5                            55C      55C       24      500       1
                dataBANK4                           49E      49E       57      400       1
                bssBANK4                            400      400       9E      400       1
                dataBANK3                           300      300       9E      300       1
                dataBANK2                           2E4      2E4       12      200       1
                bssBANK2                            2F6      2F6        8      200       1
                bssBANK1                            1FB      1FB        1      100       1
                dataBANK0                            E6       E6        B       80       1
                bssBANK0                             D2       D2       14       80       1
                dataCOMRAM                           54       54        9        1       1
                bssCOMRAM                            43       43       11        1       1
                cinit                              321C     321C      13E        C       0
                idataBANK4                         4D0E     4D0E       57        C       0
                idataBANK3                         4188     4188       9E        C       0
                idataBANK2                         54BE     54BE       12     26B3       0
                idataBANK0                         5500     5500        B     26B3       0
                idataCOMRAM                        5516     5516        9     2A86       0

TOTAL           Name                               Link     Load   Length     Space
        CLASS   STACK          

        CLASS   CODE           
                end_init                            30A      30A        4         0
                intcodelo                            18       18      2F2         0
                intcode                               8        8        E         0
                reset_vec                             0        0        4         0
                text104                            5324     5324       26         0
                text103                            3BB4     3BB4       DA         0
                text102                            4850     4850       6C         0
                intcode_body                       47DE     47DE       72         0
                text100                            4B28     4B28       64         0
                text99                             536E     536E       24         0
                text98                             4FDC     4FDC       36         0
                text97                             49F4     49F4       68         0
                text96                             3F88     3F88       B2         0
                text95                             52FE     52FE       26         0
                text94                             52D8     52D8       26         0
                text93                             335A     335A      13E         0
                text92                             548C     548C       1E         0
                text91                             546E     546E       1E         0
                text90                             5450     5450       1E         0
                text89                             4F38     4F38       38         0
                text88                             39EC     39EC       EE         0
                text87                             53F4     53F4       20         0
                text86                             2550     2550      1E8         0
                text85                             550C     550C        A         0
                text84                             5432     5432       1E         0
                text83                             4768     4768       76         0
                text82                             5170     5170       30         0
                text81                             507A     507A       34         0
                text80                             4478     4478       82         0
                text79                             3E14     3E14       BC         0
                text78                             4DFC     4DFC       4A         0
                text77                             4E84     4E84       3E         0
                text76                             2AAE     2AAE      1B6         0
                text75                             1700     1700      3DE         0
                text74                             51A0     51A0       2A         0
                text73                             52B2     52B2       26         0
                text72                             534A     534A       24         0
                text70                             5520     5520        4         0
                text69                             528C     528C       26         0
                text68                             4FA6     4FA6       36         0
                text67                             498C     498C       68         0
                text66                             1E88     1E88      2D4         0
                text65                             5140     5140       30         0
                text64                             4CB0     4CB0       5E         0
                text63                             4226     4226       9C         0
                text62                             45F8     45F8       7E         0
                text61                             40E6     40E6       A2         0
                text60                             4AC2     4AC2       66         0
                text59                             215C     215C      20A         0
                text58                             5414     5414       1E         0
                text57                             54D0     54D0       12         0
                text56                             44FA     44FA       80         0
                text55                              30E      30E      79A         0
                text54                             46F2     46F2       76         0
                text53                             4BEE     4BEE       62         0
                text52                             4A5C     4A5C       66         0
                text51                             3ED0     3ED0       B8         0
                text50                             5046     5046       34         0
                text49                             2F7A     2F7A      15C         0
                text48                             5392     5392       22         0
                text47                             435C     435C       90         0
                text46                             53D4     53D4       20         0
                text45                             4EFE     4EFE       3A         0
                text44                             4924     4924       68         0
                text43                             4DB2     4DB2       4A         0
                text42                             1ADE     1ADE      3AA         0
                text41                             5266     5266       26         0
                text40                             5240     5240       26         0
                text39                             30D6     30D6      146         0
                text38                             4C50     4C50       60         0
                text37                             38F0     38F0       FC         0
                text36                             53B4     53B4       20         0
                text35                             4EC2     4EC2       3C         0
                text34                             35BC     35BC      120         0
                text33                             54AA     54AA       14         0
                text32                             2E12     2E12      168         0
                text31                             5012     5012       34         0
                text30                             37EA     37EA      106         0
                text29                             3D58     3D58       BC         0
                text28                             42C2     42C2       9A         0
                text27                             4F70     4F70       36         0
                text26                             51F2     51F2       28         0
                text25                             4D66     4D66       4C         0
                text24                             5110     5110       30         0
                text23                              AA8      AA8      68C         0
                text22                             521A     521A       26         0
                text21                             4B8C     4B8C       62         0
                text20                             457A     457A       7E         0
                text19                             43EC     43EC       8C         0
                text18                             2738     2738      1C0         0
                text17                             4676     4676       7C         0
                text16                             4E46     4E46       3E         0
                text15                             48BC     48BC       68         0
                text14                             50E0     50E0       30         0
                text13                             5524     5524        2         0
                text12                             3ADA     3ADA       DA         0
                text11                             2C64     2C64      1AE         0
                text10                             403A     403A       AC         0
                text9                              3498     3498      124         0
                text8                              1134     1134      5CC         0
                text7                              36DC     36DC      10E         0
                text6                              50AE     50AE       32         0
                text5                              51CA     51CA       28         0
                text4                              54F2     54F2        E         0
                text3                              3C8E     3C8E       CA         0
                text2                              54E2     54E2       10         0
                text1                              2366     2366      1EA         0
                text0                              28F8     28F8      1B6         0
                cinit                              321C     321C      13E         0
                idataBANK4                         4D0E     4D0E       57         0
                idataBANK3                         4188     4188       9E         0
                idataBANK2                         54BE     54BE       12         0
                idataBANK0                         5500     5500        B         0
                idataCOMRAM                        5516     5516        9         0

        CLASS   CONST          

        CLASS   SMALLCONST     

        CLASS   MEDIUMCONST    
                mediumconst                        FDA8     FDA8      258         0

        CLASS   COMRAM         
                temp                                 5D       5D        1         1
                cstackCOMRAM                          1        1       42         1
                dataCOMRAM                           54       54        9         1
                bssCOMRAM                            43       43       11         1

        CLASS   ABS1           

        CLASS   BIGRAM         

        CLASS   RAM            

        CLASS   BANK0          
                cstackBANK0                          80       80       52         1
                dataBANK0                            E6       E6        B         1
                bssBANK0                             D2       D2       14         1

        CLASS   BANK1          
                cstackBANK1                         100      100       FB         1
                bssBANK1                            1FB      1FB        1         1

        CLASS   BANK2          
                cstackBANK2                         200      200       E4         1
                dataBANK2                           2E4      2E4       12         1
                bssBANK2                            2F6      2F6        8         1

        CLASS   BANK3          
                cstackBANK3                         39E      39E       48         1
                dataBANK3                           300      300       9E         1

        CLASS   BANK4          
                dataBANK4                           49E      49E       57         1
                bssBANK4                            400      400       9E         1

        CLASS   BANK5          
                cstackBANK5                         500      500       5C         1
                bssBANK5                            55C      55C       24         1

        CLASS   BANK6          
                bssBANK6                            600      600      100         1

        CLASS   BANK7          
                bssBANK7                            700      700      100         1

        CLASS   BANK8          
                bssBANK8                            800      800      100         1

        CLASS   BANK9          
                bssBANK9                            900      900      100         1

        CLASS   BANK10         

        CLASS   BANK11         

        CLASS   BANK12         

        CLASS   BANK13         

        CLASS   BANK14         

        CLASS   BANK15         

        CLASS   SFR            

        CLASS   FARRAM         

        CLASS   CONFIG         
                config                           300000   300000        E         0

        CLASS   IDLOC          

        CLASS   EEDATA         



SEGMENTS        Name                           Load    Length   Top    Selector   Space  Class

                reset_vec                      000000  000004  000004         0       0  CODE    
                cstackCOMRAM                   000001  00005D  00005E         1       1  COMRAM  
                intcode                        000008  00000E  000016         4       0  CODE    
                intcodelo                      000018  004D4D  004D65         C       0  CODE    
                cstackBANK0                    000080  000071  0000F1        80       1  BANK0   
                cstackBANK1                    000100  0000FC  0001FC       100       1  BANK1   
                cstackBANK2                    000200  0000FE  0002FE       200       1  BANK2   
                dataBANK3                      000300  0000E6  0003E6       300       1  BANK3   
                bssBANK4                       000400  0000F5  0004F5       400       1  BANK4   
                cstackBANK5                    000500  000080  000580       500       1  BANK5   
                bssBANK6                       000600  000100  000700       600       1  BANK6   
                bssBANK7                       000700  000100  000800       700       1  BANK7   
                bssBANK8                       000800  000100  000900       800       1  BANK8   
                bssBANK9                       000900  000100  000A00       900       1  BANK9   
                text25                         004D66  0007A5  00550B      26B3       0  CODE    
                text85                         00550C  000013  00551F      2A86       0  CODE    
                text70                         005520  000006  005526      2A90       0  CODE    
                mediumconst                    00FDA8  000258  010000      7ED4       0  MEDIUMCO
                config                         300000  00000E  30000E    300000       0  CONFIG  


UNUSED ADDRESS RANGES

        Name                Unused          Largest block    Delta
        BANK0            0000F1-0000FF                F
        BANK1            0001FC-0001FF                4
        BANK10           000A00-000AFF              100
        BANK11           000B00-000BFF              100
        BANK12           000C00-000CFF              100
        BANK13           000D00-000DFF              100
        BANK14           000E00-000EFF              100
        BANK15           000F00-000F7F               80
        BANK2            0002FE-0002FF                2
        BANK3            0003E6-0003FF               1A
        BANK4            0004F5-0004FF                B
        BANK5            000580-0005FF               80
        BIGRAM           00005E-00007F               22
                         0000F1-0000FF                F
                         0001FC-0001FF                4
                         0002FE-0002FF                2
                         0003E6-0003FF               1A
                         0004F5-0004FF                B
                         000580-0005FF               80
                         000A00-000F7F              580
        CODE             000004-000007                4
                         000016-000017                2
                         004D65-004D65                1
                         00550B-00550B                1
                         00551F-00551F                1
                         005526-00FDA7             A882
        COMRAM           00005E-00007F               22
        CONST            000004-000007                4
                         000016-000017                2
                         004D65-004D65                1
                         00550B-00550B                1
                         00551F-00551F                1
                         005526-00FDA7             A882
        EEDATA           F00000-F003FF              400
        IDLOC            200000-200007                8
        MEDIUMCONST      004D65-004D65                1
                         00550B-00550B                1
                         00551F-00551F                1
                         005526-00FDA7             A882
        RAM              0000F1-0000FF                F
                         0001FC-0001FF                4
                         0002FE-0002FF                2
                         0003E6-0003FF               1A
                         0004F5-0004FF                B
                         000580-0005FF               80
                         000A00-000F7F              100
        SFR              000F80-000FFF               80
        SMALLCONST       004D65-004D65                1
                         00550B-00550B                1
                         00551F-00551F                1
                         005526-00FDA7              100
        STACK            000A00-000F7F              580

                                  Symbol Table

?_FindCell                                  cstackBANK1  00011D
?_FindNextTimeStart                         cstackBANK1  00011D
?_FindPhoneContactByNumber                  cstackCOMRAM 00002D
?_GetDayOfWeek                              cstackBANK1  000100
?_GetStringLength                           cstackBANK1  000100
?_InputText                                 cstackBANK1  000147
?_RefreshSchedulerIndicator                 cstackBANK1  000137
?__GetStringLength_interr                   cstackCOMRAM 00001C
?___aldiv                                   cstackBANK1  000100
?___almod                                   cstackBANK1  000100
?___lldiv                                   cstackBANK1  000100
?___llmod                                   cstackBANK1  000100
?___lmul                                    cstackBANK1  000100
?___lwdiv                                   cstackBANK1  000100
?___lwmod                                   cstackBANK1  000100
?__getContainer_Clock_from_GSM              cstackCOMRAM 000023
?__getContainer_Incomming_Call_Data         cstackCOMRAM 000023
?__getContainer_Incomming_DTMF_Data         cstackCOMRAM 000023
?_getSystemTimePoint                        cstackBANK1  000100
?i1___aldiv                                 cstackCOMRAM 00001C
?i1___lwdiv                                 cstackCOMRAM 00001C
?i1___lwmod                                 cstackCOMRAM 00001C
AddByteToUSARTbuff@buff                     cstackCOMRAM 00000A
AddByteToUSARTbuff@byte                     cstackCOMRAM 00000C
AddByteToUSARTbuff@i                        cstackCOMRAM 00000D
AddByteToUSARTbuff@i_1624                   cstackCOMRAM 00000F
AddByteToUSARTbuff@lastdata                 bssCOMRAM    00004D
CheckoutRegisterOfSymbol@dig                cstackBANK1  000100
CleanStringArray@i                          cstackBANK1  000105
CleanStringArray@myArray                    cstackBANK1  000100
CleanStringArray@settingData                cstackBANK1  000104
CleanStringArray@size                       cstackBANK1  000102
ConvKeyNum@Num                              cstackCOMRAM 00001C
ConvertDayToBit@DayNumber                   cstackCOMRAM 00001C
DeleteDataOfCell@CellsData                  cstackBANK1  00010F
DeleteDataOfCell@TargetAdress               cstackBANK1  00010D
EERD@EEDATA_BUP                             cstackBANK1  000103
EERD@INTCON_BUP                             cstackBANK1  000102
EERD@adress                                 cstackBANK1  000100
EEWR@INTCON_BUP                             cstackBANK1  000103
EEWR@adress                                 cstackBANK1  000100
EEWR@data                                   cstackBANK1  000102
EditSchedule@SourceOfRecord                 cstackBANK1  000102
EditSchedule@adress                         cstackBANK1  000100
F_l@ButtonPressTimeOut                      bssCOMRAM    00004E
F_l@KeyIndex                                bssCOMRAM    00004F
F_l@MinuteAgo                               cstackBANK0  0000C5
F_l@PressedKeyIndex                         dataCOMRAM   000054
F_l@_KeyIndex                               cstackBANK0  0000CA
F_l@a                                       cstackBANK0  0000CB
F_l@data_temp                               cstackBANK0  0000C9
F_l@digit                                   cstackBANK0  0000C8
F_l@digs                                    cstackBANK0  0000C6
F_l@digsAtrib                               cstackBANK0  0000CD
F_l@line                                    cstackBANK0  0000D1
F_l@symbol                                  cstackBANK0  0000CF
FillArrayFromEEPROM@adress_start            cstackBANK1  000106
FillArrayFromEEPROM@container               cstackBANK1  000104
FillArrayFromEEPROM@i                       cstackBANK1  00010C
FillArrayFromEEPROM@quantity                cstackBANK1  000108
FillArrayFromEEPROM_interr@adress_start     cstackCOMRAM 000020
FillArrayFromEEPROM_interr@container        cstackCOMRAM 000026
FillArrayFromEEPROM_interr@i                cstackCOMRAM 000027
FillArrayFromEEPROM_interr@quantity         cstackCOMRAM 000022
FillPhonebookCellFromEEPROM@adress_start    cstackBANK1  00010F
FillPhonebookCellFromEEPROM@container       cstackBANK1  00010D
FindCell@CellIsEmpty                        cstackBANK1  000133
FindCell@CellsData                          cstackBANK1  000123
FindCell@Data                               cstackBANK1  00012F
FindCell@New                                cstackBANK1  00011F
FindCell@adress                             cstackBANK1  000135
FindCell@adressNew                          cstackBANK1  00012B
FindCell@adressStart                        cstackBANK1  00011D
FindCell@i                                  cstackBANK1  000134
FindCell@previous                           cstackBANK1  000120
FindIncommingData@a                         cstackBANK1  000117
FindIncommingData@container                 cstackBANK1  000109
FindIncommingData@end_of_regexp             cstackBANK1  000119
FindIncommingData@finish_index              cstackBANK1  000113
FindIncommingData@history_index             cstackBANK1  00010B
FindIncommingData@i                         cstackBANK1  00011D
FindIncommingData@j                         cstackBANK1  000123
FindIncommingData@last_s                    cstackBANK1  000121
FindIncommingData@not_found                 cstackBANK1  000115
FindIncommingData@pointer                   cstackBANK1  00011F
FindIncommingData@regexp                    cstackBANK1  000107
FindIncommingData@s0                        cstackBANK1  00011B
FindIncommingData@s1                        cstackBANK1  00010F
FindIncommingData@start_index               cstackBANK1  000111
FindNextTimeStart@CellsData                 cstackBANK1  000123
FindNextTimeStart@Data                      cstackBANK1  000144
FindNextTimeStart@DayIndex                  cstackBANK1  000143
FindNextTimeStart@DayOn                     cstackBANK1  00012F
FindNextTimeStart@Days                      cstackBANK1  00013C
FindNextTimeStart@LastFoundTimeStart        cstackBANK1  000134
FindNextTimeStart@Signals                   cstackBANK1  00013B
FindNextTimeStart@TimeFrom                  cstackBANK1  000148
FindNextTimeStart@TimeIsFound               cstackBANK1  00013A
FindNextTimeStart@TimeOfSignals             cstackBANK1  00013D
FindNextTimeStart@TimeStart                 cstackBANK1  000138
FindNextTimeStart@TimeStop                  cstackBANK1  000132
FindNextTimeStart@adress                    cstackBANK1  000141
FindNextTimeStart@adressStart               cstackBANK1  000130
FindPhoneContactByNumber@container          cstackBANK0  000085
FindPhoneContactByNumber@end_of_phone       cstackBANK0  000083
FindPhoneContactByNumber@found              cstackBANK0  000081
FindPhoneContactByNumber@i                  cstackBANK0  000082
FindPhoneContactByNumber@j                  cstackBANK0  000084
FindPhoneContactByNumber@number             cstackBANK0  000080
GetDayOfWeek@day                            cstackBANK1  000102
GetStringLength@container                   cstackBANK1  000100
GetStringLength@i                           cstackBANK1  000102
Init_GSM@show                               cstackBANK1  000125
Init_USART@SpeedNumber                      cstackBANK1  000102
Init_USART@_value                           cstackBANK1  000100
InputText@F3405                             dataBANK3    00038C
InputText@F3407                             dataBANK4    00049E
InputText@F3409                             dataBANK3    000366
InputText@F3411                             dataBANK3    00036B
InputText@F3413                             dataBANK3    000370
InputText@F3415                             dataBANK3    000375
InputText@F3417                             dataBANK3    00037A
InputText@F3419                             dataBANK3    00032A
InputText@F3421                             dataBANK3    00037F
InputText@F3423                             dataBANK3    000330
InputText@F3425                             dataBANK3    000336
InputText@F3427                             dataBANK3    00033C
InputText@F3429                             dataBANK3    000342
InputText@F3431                             dataBANK3    000348
InputText@F3433                             dataBANK3    00034E
InputText@F3435                             dataBANK3    000354
InputText@F3437                             dataBANK3    00035A
InputText@F3439                             dataBANK3    000360
InputText@F3441                             dataBANK3    00038F
InputText@F3443                             dataBANK0    0000E6
InputText@F3445                             dataBANK0    0000E8
InputText@F3447                             dataBANK0    0000EA
InputText@F3449                             dataBANK2    0002EA
InputText@F3451                             dataBANK2    0002EC
InputText@F3453                             dataBANK2    0002EE
InputText@F3455                             dataBANK2    0002F0
InputText@F3457                             dataBANK2    0002F2
InputText@F3459                             dataBANK2    0002F4
InputText@InputData                         cstackBANK2  000284
InputText@_input_data                       cstackBANK2  000200
InputText@_props                            cstackBANK1  000149
InputText@active_cell                       cstackBANK2  0002E3
InputText@capacity                          cstackBANK1  00014B
InputText@cur_char                          cstackBANK2  0002D6
InputText@i                                 cstackBANK2  0002E2
InputText@i_1913                            cstackBANK2  0002DB
InputText@i_1922                            cstackBANK2  0002DA
InputText@i_1932                            cstackBANK2  0002DF
InputText@i_1941                            cstackBANK2  0002DC
InputText@lastKeyCode                       cstackBANK2  0002E0
InputText@props                             cstackBANK2  0002E1
InputText@ret_string                        cstackBANK1  000162
InputText@s_0                               cstackBANK1  0001E0
InputText@s_1                               cstackBANK1  000150
InputText@s_12                              cstackBANK1  00018F
InputText@s_13                              cstackBANK1  000195
InputText@s_14                              cstackBANK1  00019B
InputText@s_15                              cstackBANK1  0001A1
InputText@s_16                              cstackBANK1  0001A7
InputText@s_17                              cstackBANK1  0001AD
InputText@s_18                              cstackBANK1  0001B3
InputText@s_19                              cstackBANK1  0001B9
InputText@s_2                               cstackBANK1  0001BF
InputText@s_20                              cstackBANK1  0001DD
InputText@s_21                              cstackBANK1  0001E3
InputText@s_22                              cstackBANK1  0001E5
InputText@s_23                              cstackBANK1  0001E7
InputText@s_24                              cstackBANK2  0002C6
InputText@s_25                              cstackBANK2  0002C8
InputText@s_26                              cstackBANK2  0002CA
InputText@s_27                              cstackBANK2  0002CC
InputText@s_28                              cstackBANK2  0002CE
InputText@s_29                              cstackBANK2  0002D0
InputText@s_3                               cstackBANK1  0001C4
InputText@s_4                               cstackBANK1  0001C9
InputText@s_5                               cstackBANK1  0001CE
InputText@s_6                               cstackBANK1  0001D3
InputText@s_7                               cstackBANK1  000183
InputText@s_8                               cstackBANK1  0001D8
InputText@s_9                               cstackBANK1  000189
InputText@symbols                           cstackBANK3  00039E
InputText@temp                              cstackBANK2  0002DD
InputText@temp_1934                         cstackBANK2  0002D8
InputText@text                              cstackBANK1  000147
InputText@time_point                        cstackBANK2  0002D2
InteractiveData_BlinkOFF@InteractiveData    cstackBANK1  000100
InteractiveData_BlinkOFF@i                  cstackBANK1  000105
InteractiveData_BlinkOFF@leght              cstackBANK1  000102
NumericToString@displacement                cstackBANK1  000116
NumericToString@mySring                     cstackBANK1  000111
NumericToString@n                           cstackBANK1  00010D
NumericToString@size                        cstackBANK1  000113
OutputInteractiveData@data                  cstackBANK1  000109
OutputInteractiveData@i                     cstackBANK1  000111
OutputInteractiveData@length                cstackBANK1  00010B
OutputInteractiveData@line                  cstackBANK1  00010F
OutputInteractiveData@s                     cstackBANK1  000110
OutputInteractiveData@start_symbol          cstackBANK1  00010C
OutputString@i                              cstackBANK1  000111
OutputString@l                              cstackBANK1  000113
OutputString@line                           cstackBANK1  00010B
OutputString@position                       cstackBANK1  00010C
OutputString@s                              cstackBANK1  000110
OutputString@stringData                     cstackBANK1  000109
OutputString@transfer_line                  cstackBANK1  00010D
OutputSystemMessage@i                       cstackBANK1  000106
OutputSystemMessage@l                       cstackBANK1  000109
OutputSystemMessage@line                    cstackBANK1  00010A
OutputSystemMessage@s                       cstackBANK1  000108
OutputSystemMessage@stringData              cstackBANK1  000100
OutputSystemMessage@symb                    cstackBANK1  00010B
PL10                                        text30       003892
PL100                                       text1        00251E
PL102                                       text23       000FF8
PL104                                       text23       00100A
PL106                                       text49       00309A
PL108                                       text42       001E10
PL110                                       text23       001026
PL112                                       text23       00102E
PL114                                       text61       00417C
PL116                                       text89       004F56
PL118                                       text32       002F52
PL12                                        text8        001642
PL120                                       text18       0028D6
PL122                                       text20       0045C6
PL124                                       text55       000A0C
PL126                                       text1        002530
PL128                                       text42       001E1E
PL130                                       text18       0028E6
PL132                                       text23       00103A
PL134                                       text55       000A24
PL136                                       text49       0030B6
PL138                                       text18       0028EE
PL14                                        text8        001654
PL140                                       text42       001E2A
PL142                                       text11       002DF0
PL144                                       text32       002F62
PL146                                       text23       001044
PL148                                       text47       0043C0
PL150                                       text9        0035AA
PL152                                       text0        002A9C
PL154                                       text28       00434A
PL156                                       text23       001050
PL158                                       text86       00271E
PL16                                        text55       0009D2
PL160                                       text10       0040D4
PL162                                       text23       001062
PL164                                       text23       001074
PL166                                       text23       00107C
PL168                                       text23       001084
PL170                                       text76       002C58
PL172                                       text8        00168E
PL174                                       text20       0045DE
PL176                                       text55       000A2E
PL178                                       text23       001096
PL18                                        text32       002F16
PL180                                       text8        00169A
PL182                                       text8        0016A6
PL184                                       text8        0016B2
PL186                                       text55       000A36
PL188                                       text0        002AA4
PL190                                       text42       001E40
PL192                                       text23       0010A2
PL194                                       text23       0010AE
PL196                                       text59       002318
PL198                                       text86       002730
PL2                                         text64       004CDA
PL20                                        text63       004294
PL200                                       text102      0048AC
PL202                                       text23       0010BA
PL204                                       text83       0047C6
PL206                                       text55       000A46
PL208                                       text83       0047D2
PL210                                       text23       0010CA
PL212                                       text42       001E50
PL214                                       text47       0043D4
PL216                                       text7        0037D2
PL218                                       text51       003F7A
PL22                                        text64       004CF0
PL220                                       text20       0045EA
PL222                                       text23       0010D2
PL224                                       text39       0031EE
PL226                                       text55       000A54
PL228                                       text39       0031FC
PL230                                       text93       00347C
PL232                                       text23       0010E0
PL234                                       text23       0010E8
PL236                                       text93       00348A
PL238                                       text23       0010F0
PL24                                        text30       0038A4
PL240                                       text55       000A62
PL242                                       text55       000A6C
PL244                                       text55       000A76
PL246                                       text23       0010F8
PL248                                       text23       001102
PL250                                       text23       00110A
PL252                                       text59       002322
PL254                                       text42       001E5E
PL256                                       text59       00232C
PL258                                       text42       001E68
PL26                                        text61       004160
PL260                                       text32       002F6E
PL262                                       text23       001114
PL264                                       text8        0016BE
PL266                                       text59       002338
PL268                                       text23       001120
PL270                                       text11       002DFE
PL272                                       text31       00503A
PL274                                       text59       002344
PL276                                       text42       001E74
PL278                                       text23       00112C
PL28                                        text86       002710
PL280                                       text59       002350
PL282                                       text59       00235C
PL284                                       text55       000A80
PL286                                       text49       0030C2
PL288                                       text34       0036CC
PL290                                       text37       0039DA
PL292                                       text8        0016C8
PL294                                       text7        0037E0
PL296                                       text8        0016D2
PL298                                       text6        0050D8
PL30                                        text8        001666
PL300                                       text37       0039E2
PL302                                       text47       0043E2
PL304                                       text8        0016DC
PL306                                       text42       001E80
PL308                                       text55       000A8A
PL310                                       text55       000A94
PL312                                       text55       000A9E
PL314                                       text39       00320A
PL316                                       text49       0030CC
PL318                                       text3        003D50
PL32                                        text32       002F38
PL320                                       text8        0016E6
PL322                                       text19       00446E
PL324                                       text11       002E0A
PL326                                       text39       003214
PL328                                       text34       0036D4
PL330                                       text8        0016F0
PL332                                       text1        002548
PL334                                       text8        0016F8
PL34                                        text23       000F72
PL36                                        text55       0009DC
PL38                                        text74       0051A2
PL4                                         text55       0009C2
PL40                                        text37       0039A4
PL42                                        text23       000F7E
PL44                                        text60       004B08
PL46                                        text88       003AA4
PL48                                        text23       000F96
PL50                                        text32       002F40
PL52                                        text23       000FA4
PL54                                        text23       000FB6
PL56                                        text97       004A46
PL58                                        text23       000FC2
PL6                                         text8        001620
PL60                                        text67       0049DE
PL62                                        text44       004976
PL64                                        text88       003ABC
PL66                                        text0        002A90
PL68                                        text37       0039BC
PL70                                        text63       0042AC
PL72                                        text23       000FD8
PL74                                        text30       0038D6
PL76                                        text55       0009EA
PL78                                        text8        00167A
PL8                                         text30       003878
PL80                                        text8        001684
PL82                                        text30       0038E8
PL84                                        text63       0042BA
PL86                                        text49       00307C
PL88                                        text60       004B20
PL90                                        text37       0039D2
PL92                                        text23       000FE6
PL94                                        text62       004666
PL96                                        text88       003AD2
PL98                                        text34       0036BA
ParseDataRecord@Data                        cstackBANK1  000100
ParseDataRecord@Days                        cstackBANK1  000108
ParseDataRecord@Signals                     cstackBANK1  00010A
ParseDataRecord@TimeStart                   cstackBANK1  000104
ParseDataRecord@TimeStop                    cstackBANK1  000106
ParseTime@Day                               cstackBANK1  000114
ParseTime@DayTime                           cstackBANK1  000116
ParseTime@Time                              cstackBANK1  000112
ParseTime@TimeValue                         cstackBANK1  00010E
PhonebookEdit@Contact                       cstackBANK5  00053B
PhonebookEdit@F3509                         dataBANK3    000392
PhonebookEdit@F3511                         dataBANK3    00030A
PhonebookEdit@aaa                           cstackBANK5  000508
PhonebookEdit@cell                          cstackBANK5  000538
PhonebookEdit@field                         cstackBANK5  000536
PhonebookEdit@i                             cstackBANK5  00053A
PhonebookEdit@input_props                   cstackBANK5  000535
PhonebookEdit@input_props_2018              cstackBANK5  000530
PhonebookEdit@menu                          cstackBANK5  000500
PhonebookEdit@num_cell                      cstackBANK5  000529
PhonebookEdit@number                        cstackBANK5  000531
PhonebookEdit@read                          cstackBANK5  000533
PhonebookEdit@result                        cstackBANK5  000534
ProcessIncommingUartData@contact            cstackBANK0  0000B1
ProcessIncommingUartData@i                  cstackBANK0  0000B3
ProcessIncommingUartData@number             cstackBANK0  0000A6
ReIndTimeEdit@TimeData                      cstackBANK1  000112
ReIndTimeEdit@i                             cstackBANK1  000119
ReIndTimeEdit@i_1260                        cstackBANK1  00011A
ReadDataOfCell@CellsData                    cstackBANK1  00010D
ReadDataOfCell@Data                         cstackBANK1  00010F
ReadDataOfCell@TargetAdress                 cstackBANK1  000111
ReadDataOfCell@i                            cstackBANK1  00011B
ReadDataOfCell_interr@CellsData             cstackCOMRAM 000033
ReadDataOfCell_interr@Data                  cstackCOMRAM 000028
ReadDataOfCell_interr@TargetAdress          cstackCOMRAM 000029
ReadDataOfCell_interr@i                     cstackCOMRAM 000034
Read_USART_SpeedNumber@value                cstackBANK1  000104
RefreshSchedulerIndicator@CellIsEmpty       cstackBANK1  000152
RefreshSchedulerIndicator@CellsData         cstackBANK1  00013E
RefreshSchedulerIndicator@CopyFrom          cstackBANK1  00013A
RefreshSchedulerIndicator@Data              cstackBANK1  00014E
RefreshSchedulerIndicator@F3168             dataBANK2    0002E4
RefreshSchedulerIndicator@F3170             dataBANK2    0002E7
RefreshSchedulerIndicator@New               cstackBANK1  000139
RefreshSchedulerIndicator@adress            cstackBANK1  000137
RefreshSchedulerIndicator@cell              cstackBANK1  000153
RefreshSchedulerIndicator@i                 cstackBANK1  000155
RefreshSchedulerIndicator@num               cstackBANK1  000146
RefreshSchedulerIndicator@num_1468          cstackBANK1  000149
Save_USART_SpeedNumber@speed                cstackBANK1  000104
Scheduler@NumberOfCells                     bssBANK0     0000D6
Scheduler@StartFrom                         cstackBANK1  000158
SchedulerNew@NumberOfCells                  bssBANK0     0000D8
SchedulerNew@SourceOfRecord                 cstackBANK1  000156
Select_OK_NO@text                           cstackBANK1  000114
SendCommandToUSART@command                  cstackBANK1  000100
SendCommandToUSART@wait                     cstackBANK1  000102
SendSymbolToLCD@Symb                        cstackCOMRAM 000023
Settings@F3531                              dataBANK3    000312
Settings@item                               cstackBANK1  0001C5
Settings@menu                               cstackBANK1  0001BC
Settings@speed                              cstackBANK1  0001C4
ShowMenu@item                               cstackBANK1  000116
ShowMenu@item_max                           cstackBANK1  00011C
ShowMenu@line                               bssBANK0     0000DE
ShowMenu@menu                               cstackBANK1  000114
ShowMenu@result                             cstackBANK1  00011B
SignalsOnOff@CellsData                      cstackBANK0  000080
SignalsOnOff@Data                           cstackBANK0  000096
SignalsOnOff@Data_1575                      cstackBANK0  000095
SignalsOnOff@DayTime                        cstackBANK0  000090
SignalsOnOff@Days                           cstackBANK0  000092
SignalsOnOff@Signals                        cstackBANK0  000093
SignalsOnOff@ThisDay                        cstackBANK0  000094
SignalsOnOff@ThisTime                       cstackBANK0  00008E
SignalsOnOff@TimeStart                      cstackBANK0  000088
SignalsOnOff@TimeStop                       cstackBANK0  00008A
TelephoneCall@F3496                         dataBANK4    0004B0
TelephoneCall@command                       cstackBANK1  000107
TelephoneCall@i                             cstackBANK1  000119
TelephoneCall@phone_number                  cstackBANK1  000103
TimeData_BlinkOFF@TimeData                  cstackBANK1  000106
TimeData_INIT@TimeData                      cstackBANK1  000100
TimeData_INIT@i                             cstackBANK1  000106
TimeData_INIT@i_1303                        cstackBANK1  000107
TimeEdit@F3088                              dataBANK4    0004E0
TimeEdit@MonthDays                          cstackBANK1  000127
TimeEdit@TimeData                           cstackBANK1  00019C
TimeEdit@_date                              cstackBANK1  00013B
TimeEdit@_time                              cstackBANK1  000164
TimeEdit@_weekday                           cstackBANK1  000198
TimeEdit@blinking                           cstackBANK1  000192
TimeEdit@i                                  cstackBANK1  00018F
TimeEdit@i_1327                             cstackBANK1  000190
TimeEdit@i_1328                             cstackBANK1  000191
TimeEdit@input                              cstackBANK1  000163
TimeEdit@month                              cstackBANK1  000178
TimeEdit@n                                  cstackBANK1  000133
TimeEdit@symb_array                         cstackBANK1  000179
TimeEdit@t                                  cstackBANK1  000197
TimeEdit@temp                               cstackBANK1  000193
TimeToInd@CellsData                         cstackBANK1  00015C
TimeToInd@CellsNumber                       cstackBANK1  0001A5
TimeToInd@D                                 cstackBANK1  000197
TimeToInd@Data                              cstackBANK1  00019E
TimeToInd@DataArray                         cstackBANK1  00017A
TimeToInd@DataArray2                        cstackBANK1  00019B
TimeToInd@DataArrayOfLine2                  cstackBANK1  000164
TimeToInd@Day                               cstackBANK1  00019D
TimeToInd@Days                              cstackBANK1  000196
TimeToInd@F3018                             dataBANK3    000384
TimeToInd@F3022                             dataBANK4    0004EC
TimeToInd@F3026                             dataBANK4    0004C2
TimeToInd@F3040                             dataBANK4    0004D3
TimeToInd@SignalOn                          cstackBANK1  00018B
TimeToInd@SignalOn_1198                     cstackBANK1  00018D
TimeToInd@Signals                           cstackBANK1  0001A2
TimeToInd@SignalsFinal                      cstackBANK1  0001A8
TimeToInd@Time                              cstackBANK1  0001AB
TimeToInd@TimeData                          cstackBANK1  000171
TimeToInd@TimeStart                         cstackBANK1  000193
TimeToInd@TimeStop                          cstackBANK1  0001A9
TimeToInd@d                                 cstackBANK1  00018E
TimeToInd@day                               cstackBANK1  00018C
TimeToInd@i                                 cstackBANK1  0001A3
TimeToInd@i_1197                            cstackBANK1  0001A4
TimeToInd@j2                                cstackBANK1  0001A6
TimeToInd@line                              cstackBANK1  000195
TimeToInd@temp                              cstackBANK1  0001AD
USART_Speed_Choise@F3528                    dataBANK3    000300
USART_Speed_Choise@menu                     cstackBANK1  00011D
UserDelay@timestamp                         cstackBANK1  000116
UserDelay@value                             cstackBANK1  000114
WorkingWithGSM@command                      cstackBANK5  000521
WorkingWithGSM@i                            cstackBANK5  000526
WorkingWithGSM@line                         dataBANK3    000395
WorkingWithGSM@myOutputString               cstackBANK5  000500
WorkingWithGSM@p                            cstackBANK5  000523
WorkingWithGSM@speed                        cstackBANK5  000525
WriteArrayToEEPROM@adress_start             cstackBANK1  000106
WriteArrayToEEPROM@container                cstackBANK1  000104
WriteArrayToEEPROM@i                        cstackBANK1  00010C
WriteArrayToEEPROM@quantity                 cstackBANK1  000108
WritePhonebookCellToEEPROM@adress_start     cstackBANK1  00010F
WritePhonebookCellToEEPROM@container        cstackBANK1  00010D
_ADCON1                                     (abs)        000FC1
_AddByteToUSARTbuff                         text103      003BB4
_AdressOfNextStartCell                      dataBANK0    0000EC
_BAUDCONbits                                (abs)        000FB8
_CheckoutRegisterOfSymbol                   text66       001E88
_CleanStringArray                           text41       005266
_Clock                                      bssBANK0     0000D2
_Clock_from_GSM                             bssBANK4     000480
_ConvKeyNum                                 text100      004B28
_ConvertDayToBit                            text82       005170
_CurrentReadingCell                         bssCOMRAM    00004B
_CurrentSignals                             bssBANK0     0000DF
_CurrentSignalsData                         bssCOMRAM    000050
_DTMF_Symbol                                bssBANK0     0000E0
_DeleteDataOfCell                           text14       0050E0
_EEADR                                      (abs)        000FA9
_EEADRH                                     (abs)        000FAA
_EECON1bits                                 (abs)        000FA6
_EECON2                                     (abs)        000FA7
_EEDATA                                     (abs)        000FA8
_EERD                                       text69       00528C
_EEWR                                       text46       0053D4
_EditSchedule                               text13       005524
_F_h                                        intcode      000008
_F_l                                        intcodelo    000018
_FillArrayFromEEPROM                        text68       004FA6
_FillArrayFromEEPROM_interr                 text81       00507A
_FillMinutes                                text70       005520
_FillPhonebookCellFromEEPROM                text67       00498C
_FindCell                                   text12       003ADA
_FindCell$1450                              cstackBANK1  00012D
_FindIncommingData                          text39       0030D6
_FindNextTimeStart                          text18       002738
_FindNextTimeStart$2821                     cstackBANK1  00012B
_FindPhoneContactByNumber                   text96       003F88
_GetDayOfWeek                               text17       004676
_GetStringLength                            text40       005240
_GlobalBlinkCycleTime                       dataCOMRAM   000055
_INTCON                                     (abs)        000FF2
_INTCON2                                    (abs)        000FF1
_INTCON3                                    (abs)        000FF0
_INTCONbits                                 (abs)        000FF2
_IPR1                                       (abs)        000F9F
_IPR1bits                                   (abs)        000F9F
_IPR2                                       (abs)        000FA2
_IncommingBuffer                            bssCOMRAM    000043
_Incomming_Call_Data                        bssBANK5     00055C
_Incomming_DTMF_Data                        dataBANK3    000396
_Init_GSM                                   text34       0035BC
_Init_USART                                 text38       004C50
_InputText                                  text55       00030E
_InteractiveData_BlinkOFF                   text65       005140
_KeyCode                                    bssBANK0     0000E1
_LATA                                       (abs)        000F89
_LATB                                       (abs)        000F8A
_LATC                                       (abs)        000F8B
_Minutes                                    bssBANK2     0002F6
_NearTimeStart                              bssBANK0     0000E2
_NumericToString                            text51       003ED0
_OutcommingBuffer                           bssBANK0     0000DA
_OutputInteractiveData                      text62       0045F8
_OutputString                               text61       0040E6
_OutputSystemMessage                        text37       0038F0
_PIE1                                       (abs)        000F9D
_PIE1bits                                   (abs)        000F9D
_PIE2                                       (abs)        000FA0
_PIR1                                       (abs)        000F9E
_PIR1bits                                   (abs)        000F9E
_PIR2                                       (abs)        000FA1
_PIR2bits                                   (abs)        000FA1
_PORTA                                      (abs)        000F80
_PORTB                                      (abs)        000F81
_PR2                                        (abs)        000FCB
_ParseDataRecord                            text20       00457A
_ParseTime                                  text15       0048BC
_PhonebookEdit                              text42       001ADE
_PhonebookEdit$2013                         cstackBANK5  00052C
_PhonebookEdit$2016                         cstackBANK5  00052E
_ProcessIncommingUartData                   text86       002550
_ProcessSystemMessageShowing                text85       00550C
_RB7                                        (abs)        007C0F
_RC0                                        (abs)        007C10
_RC2                                        (abs)        007C12
_RCON                                       (abs)        000FD0
_RCONbits                                   (abs)        000FD0
_RCREG                                      (abs)        000FAE
_RCSTAbits                                  (abs)        000FAB
_ReIndTimeEdit                              text32       002E12
_ReadDataOfCell                             text19       0043EC
_ReadDataOfCell_interr                      text80       004478
_Read_USART_SpeedNumber                     text36       0053B4
_RefreshSchedulerIndicator                  text11       002C64
_RefreshSchedulerIndicator$1460             cstackBANK1  00014C
_SPBRG                                      (abs)        000FAF
_SPBRGH                                     (abs)        000FB0
_Save_USART_SpeedNumber                     text33       0054AA
_Scheduler                                  text9        003498
_SchedulerNew                               text10       00403A
_Select_OK_NO                               text50       005046
_SendCommandToUSART                         text48       005392
_SendSymbolToLCD                            text83       004768
_SendSymbolToLCD$1410                       cstackCOMRAM 00001F
_SendSymbolToLCD$1412                       cstackCOMRAM 000021
_Settings                                   text21       004B8C
_ShowMenu                                   text49       002F7A
_SignalsForInd                              bssBANK1     0001FB
_SignalsOnOff                               text76       002AAE
_SignalsOnOff$1574                          cstackBANK0  00008C
_SignalsOut                                 bssCOMRAM    000051
_StandardAnswer_BUSY                        mediumconst  00FE3A
_StandardAnswer_CLOCK                       mediumconst  00FDED
_StandardAnswer_DTMF                        mediumconst  00FE2C
_StandardAnswer_ERROR                       mediumconst  00FE34
_StandardAnswer_INCCALL                     mediumconst  00FDC9
_StandardAnswer_NO_ANSWER                   mediumconst  00FE22
_StandardAnswer_NO_CARRIER                  mediumconst  00FE17
_StandardAnswer_NO_DIALTONE                 mediumconst  00FE0B
_StandardAnswer_OK                          mediumconst  00FE3F
_T0IF                                       (abs)        007F92
_T1CONbits                                  (abs)        000FCD
_T2CON                                      (abs)        000FCA
_T2CONbits                                  (abs)        000FCA
_TMR1                                       (abs)        000FCE
_TMR1IF                                     (abs)        007CF0
_TMR2                                       (abs)        000FCC
_TMR2IF                                     (abs)        007CF1
_TRISA                                      (abs)        000F92
_TRISB                                      (abs)        000F93
_TRISC                                      (abs)        000F94
_TRISCbits                                  (abs)        000F94
_TXREG                                      (abs)        000FAD
_TXSTAbits                                  (abs)        000FAC
_TelephoneCall                              text47       00435C
_TimeData_BlinkOFF                          text31       005012
_TimeData_INIT                              text30       0037EA
_TimeEdit                                   text23       000AA8
_TimeEdit$2820                              cstackBANK1  000137
_TimeToInd                                  text8        001134
_TimeToInd$1183                             cstackBANK1  00018F
_TimeToInd$1184                             cstackBANK1  000191
_USART_Speed_Choise                         text22       00521A
_UserDelay                                  text35       004EC2
_WorkingWithGSM                             text7        0036DC
_WriteArrayToEEPROM                         text45       004EFE
_WritePhonebookCellToEEPROM                 text44       004924
__CFG_BOREN$SBORDIS                         (abs)        000000
__CFG_BORV$3                                (abs)        000000
__CFG_CCP2MX$PORTC                          (abs)        000000
__CFG_CP0$OFF                               (abs)        000000
__CFG_CP1$OFF                               (abs)        000000
__CFG_CP2$OFF                               (abs)        000000
__CFG_CP3$OFF                               (abs)        000000
__CFG_CPB$OFF                               (abs)        000000
__CFG_CPD$OFF                               (abs)        000000
__CFG_EBTR0$OFF                             (abs)        000000
__CFG_EBTR1$OFF                             (abs)        000000
__CFG_EBTR2$OFF                             (abs)        000000
__CFG_EBTR3$OFF                             (abs)        000000
__CFG_EBTRB$OFF                             (abs)        000000
__CFG_FCMEN$OFF                             (abs)        000000
__CFG_IESO$ON                               (abs)        000000
__CFG_LPT1OSC$ON                            (abs)        000000
__CFG_LVP$OFF                               (abs)        000000
__CFG_MCLRE$OFF                             (abs)        000000
__CFG_OSC$HSPLL                             (abs)        000000
__CFG_PBADEN$OFF                            (abs)        000000
__CFG_PWRT$ON                               (abs)        000000
__CFG_STVREN$ON                             (abs)        000000
__CFG_WDT$OFF                               (abs)        000000
__CFG_WDTPS$32768                           (abs)        000000
__CFG_WRT0$OFF                              (abs)        000000
__CFG_WRT1$OFF                              (abs)        000000
__CFG_WRT2$OFF                              (abs)        000000
__CFG_WRT3$OFF                              (abs)        000000
__CFG_WRTB$OFF                              (abs)        000000
__CFG_WRTC$OFF                              (abs)        000000
__CFG_WRTD$OFF                              (abs)        000000
__CFG_XINST$OFF                             (abs)        000000
__CleanStringArray_interrupt                text104      005324
__CleanStringArray_interrupt@i              cstackCOMRAM 000006
__CleanStringArray_interrupt@myArray        cstackCOMRAM 000001
__CleanStringArray_interrupt@settingData    cstackCOMRAM 000005
__CleanStringArray_interrupt@size           cstackCOMRAM 000003
__FindIncommingData_interrupt               text93       00335A
__FindIncommingData_interrupt@a             cstackCOMRAM 000035
__FindIncommingData_interrupt@container     cstackCOMRAM 000027
__FindIncommingData_interrupt@end_of_regexp cstackCOMRAM 000037
__FindIncommingData_interrupt@finish_index  cstackCOMRAM 000031
__FindIncommingData_interrupt@history_index cstackCOMRAM 000029
__FindIncommingData_interrupt@i             cstackCOMRAM 00003B
__FindIncommingData_interrupt@j             cstackCOMRAM 000041
__FindIncommingData_interrupt@last_s        cstackCOMRAM 00003F
__FindIncommingData_interrupt@not_found     cstackCOMRAM 000033
__FindIncommingData_interrupt@pointer       cstackCOMRAM 00003D
__FindIncommingData_interrupt@regexp        cstackCOMRAM 000025
__FindIncommingData_interrupt@s0            cstackCOMRAM 000039
__FindIncommingData_interrupt@s1            cstackCOMRAM 00002D
__FindIncommingData_interrupt@start_index   cstackCOMRAM 00002F
__GetStringLength_interr                    text95       0052FE
__GetStringLength_interr@container          cstackCOMRAM 00001C
__GetStringLength_interr@i                  cstackCOMRAM 00001E
__HRAM                                      (abs)        000000
__Habs1                                     abs1         000000
__Hbank0                                    bank0        000000
__Hbank1                                    bank1        000000
__Hbank10                                   bank10       000000
__Hbank11                                   bank11       000000
__Hbank12                                   bank12       000000
__Hbank13                                   bank13       000000
__Hbank14                                   bank14       000000
__Hbank15                                   bank15       000000
__Hbank2                                    bank2        000000
__Hbank3                                    bank3        000000
__Hbank4                                    bank4        000000
__Hbank5                                    bank5        000000
__Hbank6                                    bank6        000000
__Hbank7                                    bank7        000000
__Hbank8                                    bank8        000000
__Hbank9                                    bank9        000000
[...]
 Defined at:
		line 2009 in file "prog.c"
 Parameters:    Size  Location     Type
		None
 Auto vars:     Size  Location     Type
		None
 Return value:  Size  Location     Type
                  1    wreg      void 
 Registers used:
		wreg, fsr0l, fsr0h, status,2, status,0, tblptrl, tblptrh, tblptru
 Tracked objects:
		On entry : 
		On exit  : 
		Unchanged: 
 Data sizes:     COMRAM   BANK0   BANK1   BANK2   BANK3   BANK4   BANK5   BANK6   BANK7   BANK8   BANK9  BANK10  BANK11  BANK12  BANK13  BANK14  BANK15
      Params:         0       0       0       0       0       0       0       0       0       0       0       0       0       0       0       0       0
      Locals:         0       0       0       0       0       0       0       0       0       0       0       0       0       0       0       0       0
      Temps:          0       0       0       0       0       0       0       0       0       0       0       0       0       0       0       0       0
      Totals:         0       0       0       0       0       0       0       0       0       0       0       0       0       0       0       0       0
Total ram usage:        0 bytes
 Hardware stack levels used:    1
 This function calls:
		Nothing
 This function is called by:
		_F_h
 This function uses a non-reentrant model


 *************** function _AddByteToUSARTbuff *****************
 Defined at:
		line 1962 in file "prog.c"
 Parameters:    Size  Location     Type
  byte            1    wreg     unsigned char 
 Auto vars:     Size  Location     Type
  byte            1   11[COMRAM] unsigned char 
  i               2   12[COMRAM] unsigned int 
  i               1   14[COMRAM] unsigned char 
  buff            2    9[COMRAM] PTR unsigned char 
		 -> buff_string_11(256), buff_string_10(256), buff_string_9(256), buff_string_8(256), 
 Return value:  Size  Location     Type
                  1    wreg      void 
 Registers used:
		wreg, fsr1l, fsr1h, fsr2l, fsr2h, status,2, status,0, prodl, prodh, cstack
 Tracked objects:
		On entry : 
		On exit  : 
		Unchanged: 
 Data sizes:     COMRAM   BANK0   BANK1   BANK2   BANK3   BANK4   BANK5   BANK6   BANK7   BANK8   BANK9  BANK10  BANK11  BANK12  BANK13  BANK14  BANK15
      Params:         0       0       0       0       0       0       0       0       0       0       0       0       0       0       0       0       0
      Locals:         6       0       0       0       0       0       0       0       0       0       0       0       0       0       0       0       0
      Temps:          2       0       0       0       0       0       0       0       0       0       0       0       0       0       0       0       0
      Totals:         8       0       0       0       0       0       0       0       0       0       0       0       0       0       0       0       0
Total ram usage:        8 bytes
 Hardware stack levels used:    1
 Hardware stack levels required when called:    1
 This function calls:
		__CleanStringArray_interrupt
 This function is called by:
		_F_h
 This function uses a non-reentrant model


 *************** function __CleanStringArray_interrupt *****************
 Defined at:
		line 1446 in file "prog.c"
 Parameters:    Size  Location     Type
  myArray         2    0[COMRAM] PTR unsigned char 
		 -> buff_string_11(256), buff_string_10(256), buff_string_9(256), buff_string_8(256), 
  size            2    2[COMRAM] unsigned int 
  settingData     1    4[COMRAM] unsigned char 
 Auto vars:     Size  Location     Type
  i               2    5[COMRAM] unsigned int 
 Return value:  Size  Location     Type
                  1    wreg      void 
 Registers used:
		wreg, fsr2l, fsr2h, status,2, status,0
 Tracked objects:
		On entry : 
		On exit  : 
		Unchanged: 
 Data sizes:     COMRAM   BANK0   BANK1   BANK2   BANK3   BANK4   BANK5   BANK6   BANK7   BANK8   BANK9  BANK10  BANK11  BANK12  BANK13  BANK14  BANK15
      Params:         5       0       0       0       0       0       0       0       0       0       0       0       0       0       0       0       0
      Locals:         2       0       0       0       0       0       0       0       0       0       0       0       0       0       0       0       0
      Temps:          0       0       0       0       0       0       0       0       0       0       0       0       0       0       0       0       0
      Totals:         7       0       0       0       0       0       0       0       0       0       0       0       0       0       0       0       0
Total ram usage:        7 bytes
 Hardware stack levels used:    1
 This function calls:
		Nothing
 This function is called by:
		_AddByteToUSARTbuff
 This function uses a non-reentrant model



MODULE INFORMATION

Module		Function		Class		Link	Load	Size
/opt/microchip/xc8/v1.37/sources/common/llmod.c
		___llmod       		CODE           	4BEE	0000	99

/opt/microchip/xc8/v1.37/sources/common/llmod.c estimated size: 99

/opt/microchip/xc8/v1.37/sources/common/almod.c
		___almod       		CODE           	42C2	0000	137

/opt/microchip/xc8/v1.37/sources/common/almod.c estimated size: 137

/opt/microchip/xc8/v1.37/sources/common/Umul32.c
		___lmul        		CODE           	4D66	0000	77

/opt/microchip/xc8/v1.37/sources/common/Umul32.c estimated size: 77

/opt/microchip/xc8/v1.37/sources/common/lwdiv.c
		___lwdiv       		CODE           	4DB2	0000	75

/opt/microchip/xc8/v1.37/sources/common/lwdiv.c estimated size: 75

/opt/microchip/xc8/v1.37/sources/common/lbmod.c
		___lbmod       		CODE           	51F2	0000	41

/opt/microchip/xc8/v1.37/sources/common/lbmod.c estimated size: 41

/opt/microchip/xc8/v1.37/sources/common/lldiv.c
		___lldiv       		CODE           	46F2	0000	119

/opt/microchip/xc8/v1.37/sources/common/lldiv.c estimated size: 119

/opt/microchip/xc8/v1.37/sources/common/aldiv.c
		___aldiv       		CODE           	3D58	0000	189

/opt/microchip/xc8/v1.37/sources/common/aldiv.c estimated size: 189

shared
		PL12           		CODE           	1642	0000	19
		PL50           		CODE           	2F40	0000	19
		PL8            		CODE           	3878	0000	27
		PL268          		CODE           	1120	0000	13
		PL22           		CODE           	4CF0	0000	31
		PL60           		CODE           	49DE	0000	23
		PL178          		CODE           	1096	0000	13
		PL100          		CODE           	251E	0000	19
		PL32           		CODE           	2F38	0000	9
		PL70           		CODE           	42AC	0000	15
		PL278          		CODE           	112C	0000	9
		i1_CleanStringArray		CODE           	52D8	0000	39
		PL200          		CODE           	48AC	0000	17
		PL42           		CODE           	0F7E	0000	25
		PL80           		CODE           	1684	0000	11
		PL188          		CODE           	2AA4	0000	11
		i1_EERD        		CODE           	536E	0000	37
		PL110          		CODE           	1026	0000	9
		PL300          		CODE           	39E2	0000	11
		PL14           		CODE           	1654	0000	19
		PL52           		CODE           	0FA4	0000	19
		PL90           		CODE           	39D2	0000	9
		_StandardAnswer_ERROR		MEDIUMCONST    	FE34	0000	7
		PL288          		CODE           	36CC	0000	9
		PL210          		CODE           	10CA	0000	9
		PL24           		CODE           	38A4	0000	51
		PL62           		CODE           	4976	0000	23
		_StandardAnswer_NO_ANSWER		MEDIUMCONST    	FE22	0000	11
		PL198          		CODE           	2730	0000	9
		PL120          		CODE           	28D6	0000	17
		PL310          		CODE           	0A94	0000	11
		PL34           		CODE           	0F72	0000	13
		PL72           		CODE           	0FD8	0000	15
		PL298          		CODE           	50D8	0000	9
		i1_FillArrayFromEEPROM		CODE           	4FDC	0000	55
		PL220          		CODE           	45EA	0000	15
		PL44           		CODE           	4B08	0000	25
		PL82           		CODE           	38E8	0000	9
		PL130          		CODE           	28E6	0000	9
		PL320          		CODE           	16E6	0000	11
		PL16           		CODE           	09D2	0000	11
		PL54           		CODE           	0FB6	0000	13
		PL92           		CODE           	0FE6	0000	19
		PL230          		CODE           	347C	0000	15
		PL26           		CODE           	4160	0000	29
		PL64           		CODE           	3ABC	0000	23
		PL102          		CODE           	0FF8	0000	19
		PL140          		CODE           	1E2A	0000	23
		PL330          		CODE           	16F0	0000	9
		PL36           		CODE           	09DC	0000	15
		PL74           		CODE           	38D6	0000	19
		PL202          		CODE           	10BA	0000	17
		PL240          		CODE           	0A62	0000	11
		PL46           		CODE           	3AA4	0000	25
		PL84           		CODE           	42BA	0000	9
		i1___lwdiv     		CODE           	4DFC	0000	75
		PL112          		CODE           	102E	0000	13
		PL302          		CODE           	43E2	0000	11
		PL150          		CODE           	35AA	0000	19
		PL18           		CODE           	2F16	0000	35
		PL56           		CODE           	4A46	0000	23
		PL94           		CODE           	4666	0000	17
		_StandardAnswer_NO_DIALTONE		MEDIUMCONST    	FE0B	0000	13
		i1_OutputSystemMessage		CODE           	39EC	0000	185
		PL212          		CODE           	1E50	0000	15
		PL250          		CODE           	110A	0000	11
		PL28           		CODE           	2710	0000	15
		PL66           		CODE           	2A90	0000	13
		PL122          		CODE           	45C6	0000	25
		PL312          		CODE           	0A9E	0000	11
		PL160          		CODE           	40D4	0000	19
		PL38           		CODE           	51A2	0000	41
		PL76           		CODE           	09EA	0000	35
		PL222          		CODE           	10D2	0000	15
		PL260          		CODE           	2F6E	0000	13
		PL48           		CODE           	0F96	0000	15
		PL86           		CODE           	307C	0000	31
		PL132          		CODE           	103A	0000	11
		PL322          		CODE           	446E	0000	11
		PL170          		CODE           	2C58	0000	13
		PL58           		CODE           	0FC2	0000	23
		PL96           		CODE           	3AD2	0000	9
		PL232          		CODE           	10E0	0000	9
		PL270          		CODE           	2DFE	0000	13
		PL68           		CODE           	39BC	0000	23
		i1_FillPhonebookCellFromEEPROM		CODE           	49F4	0000	83
		PL104          		CODE           	100A	0000	29
		PL142          		CODE           	2DF0	0000	15
		PL332          		CODE           	2548	0000	9
		PL180          		CODE           	169A	0000	13
		PL78           		CODE           	167A	0000	11
		i1_SendCommandToUSART		CODE           	53F4	0000	33
		PL204          		CODE           	47C6	0000	13
		PL242          		CODE           	0A6C	0000	11
		PL280          		CODE           	2350	0000	13
		PL88           		CODE           	4B20	0000	9
		i1_lcd_send_byte		CODE           	534A	0000	37
		PL114          		CODE           	417C	0000	13
		PL304          		CODE           	16DC	0000	11
		PL152          		CODE           	2A9C	0000	9
		PL190          		CODE           	1E40	0000	17
		PL98           		CODE           	36BA	0000	19
		i1___lwmod     		CODE           	4E84	0000	63
		PL214          		CODE           	43D4	0000	15
		PL252          		CODE           	2322	0000	11
		PL290          		CODE           	39DA	0000	9
		__setInputTextProps@F3390		MEDIUMCONST    	FDBF	0000	11
		__setInputTextProps@F3392		MEDIUMCONST    	FDA9	0000	23
		i1_lcd_send_initial_half_byte		CODE           	52B2	0000	39
		PL124          		CODE           	0A0C	0000	25
		PL314          		CODE           	320A	0000	11
		PL162          		CODE           	1062	0000	19
		__initialization		CODE           	321C	0000	305
		PL224          		CODE           	31EE	0000	15
		PL262          		CODE           	1114	0000	13
		_StandardAnswer_BUSY		MEDIUMCONST    	FE3A	0000	6
		PL134          		CODE           	0A24	0000	11
		PL324          		CODE           	2E0A	0000	9
		PL172          		CODE           	168E	0000	13
		PL234          		CODE           	10E8	0000	9
		PL272          		CODE           	503A	0000	13
		_StandardAnswer_DTMF		MEDIUMCONST    	FE2C	0000	9
		PL106          		CODE           	309A	0000	29
		PL144          		CODE           	2F62	0000	13
		PL334          		CODE           	16F8	0000	9
		PL182          		CODE           	16A6	0000	13
		i1_FillMinutes 		CODE           	51A0	0000	3
		i1___aldiv     		CODE           	3E14	0000	189
		PL206          		CODE           	0A46	0000	15
		PL244          		CODE           	0A76	0000	11
		PL282          		CODE           	235C	0000	11
		PL116          		CODE           	4F56	0000	27
		PL306          		CODE           	1E80	0000	9
		PL154          		CODE           	434A	0000	19
		PL192          		CODE           	10A2	0000	13
		PL216          		CODE           	37D2	0000	15
		PL254          		CODE           	1E5E	0000	11
		PL292          		CODE           	16C8	0000	11
		PL126          		CODE           	2530	0000	25
		PL316          		CODE           	30CC	0000	11
		PL164          		CODE           	1074	0000	9
		PL226          		CODE           	0A54	0000	15
		PL264          		CODE           	16BE	0000	11
		PL136          		CODE           	30B6	0000	13
		PL326          		CODE           	3214	0000	9
		PL174          		CODE           	45DE	0000	13
		PL236          		CODE           	348A	0000	15
		PL274          		CODE           	2344	0000	13
		PL108          		CODE           	1E10	0000	15
		PL146          		CODE           	1044	0000	13
		PL184          		CODE           	16B2	0000	13
		PL208          		CODE           	47D2	0000	13
		PL246          		CODE           	10F8	0000	11
		PL284          		CODE           	0A80	0000	11
		i1_EEWR        		CODE           	4F38	0000	31
		PL118          		CODE           	2F52	0000	17
		PL308          		CODE           	0A8A	0000	11
		PL156          		CODE           	1050	0000	19
		PL194          		CODE           	10AE	0000	13
		PL218          		CODE           	3F7A	0000	15
		PL256          		CODE           	232C	0000	13
		PL294          		CODE           	37E0	0000	11
		PL128          		CODE           	1E1E	0000	13
		PL318          		CODE           	3D50	0000	9
		PL166          		CODE           	107C	0000	9
		_StandardAnswer_CLOCK		MEDIUMCONST    	FDED	0000	31
		PL228          		CODE           	31FC	0000	15
		PL266          		CODE           	2338	0000	13
		_StandardAnswer_OK		MEDIUMCONST    	FE3F	0000	4
		PL138          		CODE           	28EE	0000	11
		PL328          		CODE           	36D4	0000	9
		PL176          		CODE           	0A2E	0000	9
		PL2            		CODE           	4CDA	0000	23
		PL238          		CODE           	10F0	0000	9
		PL276          		CODE           	1E74	0000	13
		PL148          		CODE           	43C0	0000	21
		PL186          		CODE           	0A36	0000	17
		PL10           		CODE           	3892	0000	19
		PL4            		CODE           	09C2	0000	17
		PL248          		CODE           	1102	0000	9
		PL286          		CODE           	30C2	0000	11
		PL20           		CODE           	4294	0000	25
		_StandardAnswer_NO_CARRIER		MEDIUMCONST    	FE17	0000	12
		PL158          		CODE           	271E	0000	19
		PL196          		CODE           	2318	0000	11
		PL30           		CODE           	1666	0000	21
		PL6            		CODE           	1620	0000	35
		PL258          		CODE           	1E68	0000	13
		PL296          		CODE           	16D2	0000	11
		PL40           		CODE           	39A4	0000	25
		_StandardAnswer_INCCALL		MEDIUMCONST    	FDC9	0000	37
		PL168          		CODE           	1084	0000	19

shared estimated size: 3933

/opt/microchip/xc8/v1.37/sources/common/lbdiv.c
		___lbdiv       		CODE           	4F70	0000	55

/opt/microchip/xc8/v1.37/sources/common/lbdiv.c estimated size: 55

prog.c
		_ConvertDayToBit		CODE           	5170	0000	49
		_TelephoneCall 		CODE           	435C	0000	101
		_ReadDataOfCell		CODE           	43EC	0000	131
		_setDigit      		CODE           	4226	0000	111
		__CleanStringArray_interrupt		CODE           	5324	0000	39
		_SchedulerNew  		CODE           	403A	0000	155
		_FindIncommingData		CODE           	30D6	0000	281
		_FillMinutes   		CODE           	5520	0000	5
		_EEWR          		CODE           	53D4	0000	33
		_FillPhonebookCellFromEEPROM		CODE           	498C	0000	83
		_TimeData_BlinkOFF		CODE           	5012	0000	41
		_GetStringLength		CODE           	5240	0000	39
		_TimeEdit      		CODE           	0AA8	0000	1227
		_testTimePoint 		CODE           	44FA	0000	129
		_delay         		CODE           	5432	0000	31
		_SignalsOnOff  		CODE           	2AAE	0000	427
		_FindPhoneContactByNumber		CODE           	3F88	0000	179
		__setInputTextProps		CODE           	215C	0000	445
		_lcd_send_byte 		CODE           	51CA	0000	41
		_lcd_off       		CODE           	54F2	0000	15
		_ReIndTimeEdit 		CODE           	2E12	0000	261
		_NumericToString		CODE           	3ED0	0000	171
		__load_TXREG   		CODE           	4850	0000	93
		_OutputString  		CODE           	40E6	0000	123
		_CleanStringArray		CODE           	5266	0000	39
		_ReadDataOfCell_interr		CODE           	4478	0000	131
		_main          		CODE           	28F8	0000	409
		__getContainer_Clock_from_GSM		CODE           	548C	0000	31
		_ParseTime     		CODE           	48BC	0000	105
		_F_h           		CODE           	0008	0000	129
		_UserDelay     		CODE           	4EC2	0000	61
		_USART_Speed_Choise		CODE           	521A	0000	39
		__FindIncommingData_interrupt		CODE           	335A	0000	291
		_EditSchedule  		CODE           	5524	0000	3
		_Init_USART    		CODE           	4C50	0000	97
		_system_BlinkReset		CODE           	5414	0000	31
		_getSystemTimePoint		CODE           	54D0	0000	19
		_InputText     		CODE           	030E	0000	1717
		_TimeToInd     		CODE           	1134	0000	1261
		_FillArrayFromEEPROM_interr		CODE           	507A	0000	53
		__getContainer_Incomming_DTMF_Data		CODE           	5450	0000	31
		_WorkingWithGSM		CODE           	36DC	0000	247
		_WriteArrayToEEPROM		CODE           	4EFE	0000	59
		__getContainer_Incomming_Call_Data		CODE           	546E	0000	31
		_AddByteToUSARTbuff		CODE           	3BB4	0000	219
		_F_l           		CODE           	0018	0000	755
		_getLcdCodeOfChar		CODE           	1700	0000	991
		_setBlink      		CODE           	4CB0	0000	43
		_FindNextTimeStart		CODE           	2738	0000	415
		_lcd_send_initial_half_byte		CODE           	50AE	0000	43
		_GetDayOfWeek  		CODE           	4676	0000	125
		_Init_GSM      		CODE           	35BC	0000	255
		_FillArrayFromEEPROM		CODE           	4FA6	0000	55
		_TimeData_INIT 		CODE           	37EA	0000	143
		_ProcessIncommingUartData		CODE           	2550	0000	449
		_Save_USART_SpeedNumber		CODE           	54AA	0000	21
		_RefreshSchedulerIndicator		CODE           	2C64	0000	397
		_EERD          		CODE           	528C	0000	39
		_SendCommandToUSART		CODE           	5392	0000	35
		__GetStringLength_interr		CODE           	52FE	0000	39
		_WritePhonebookCellToEEPROM		CODE           	4924	0000	83
		_Read_USART_SpeedNumber		CODE           	53B4	0000	33
		_ProcessSystemMessageShowing		CODE           	550C	0000	11
		_SendSymbolToLCD		CODE           	4768	0000	95
		_lcd_on        		CODE           	54E2	0000	17
		_InteractiveData_BlinkOFF		CODE           	5140	0000	49
		_getNumChar    		CODE           	4A5C	0000	103
		_Select_OK_NO  		CODE           	5046	0000	53
		_entNum        		CODE           	5110	0000	49
		_Settings      		CODE           	4B8C	0000	99
		_ParseDataRecord		CODE           	457A	0000	77
		_ShowMenu      		CODE           	2F7A	0000	259
		_OutputInteractiveData		CODE           	45F8	0000	111
		_DeleteDataOfCell		CODE           	50E0	0000	49
		_main2         		CODE           	2366	0000	441
		_clrInd        		CODE           	4AC2	0000	71
		_ConvKeyNum    		CODE           	4B28	0000	101
		_lcd_init      		CODE           	3C8E	0000	195
		_OutputSystemMessage		CODE           	38F0	0000	181
		_FindCell      		CODE           	3ADA	0000	219
		_PhonebookEdit 		CODE           	1ADE	0000	819
		_CheckoutRegisterOfSymbol		CODE           	1E88	0000	725
		_Scheduler     		CODE           	3498	0000	275

prog.c estimated size: 17133

/opt/microchip/xc8/v1.37/sources/common/lwmod.c
		___lwmod       		CODE           	4E46	0000	63

/opt/microchip/xc8/v1.37/sources/common/lwmod.c estimated size: 63

