Microchip MPLAB XC8 Compiler V1.37 ()

Linker command line:

-W9 --edf=/opt/microchip/xc8/v1.37/dat/en_msgs.txt -cs \
  -h+dist/default/production/Water_PIC18_test.production.sym \
  --cmf=dist/default/production/Water_PIC18_test.production.cmf -z \
  -Q18F2620 -o/tmp/xcXbbZBVu \
  -Mdist/default/production/Water_PIC18_test.production.map -E1 -ver=XC8 \
  --acfsm=1493 -ASTACK=0A00h-0f7fh -pstack=STACK -ACODE=00h-0FFFFh \
  -ACONST=00h-0FFFFh -ASMALLCONST=01000h-010FFhx240 \
  -AMEDIUMCONST=01000h-0FFFFh -ACOMRAM=01h-07Fh -AABS1=00h-0F7Fh \
  -ABIGRAM=01h-0F7Fh -ARAM=080h-0FFh,0100h-01FFhx14,0F00h-0F7Fh \
  -ABANK0=080h-0FFh -ABANK1=0100h-01FFh -ABANK2=0200h-02FFh \
  -ABANK3=0300h-03FFh -ABANK4=0400h-04FFh -ABANK5=0500h-05FFh \
  -ABANK6=0600h-06FFh -ABANK7=0700h-07FFh -ABANK8=0800h-08FFh \
  -ABANK9=0900h-09FFh -ABANK10=0A00h-0AFFh -ABANK11=0B00h-0BFFh \
  -ABANK12=0C00h-0CFFh -ABANK13=0D00h-0DFFh -ABANK14=0E00h-0EFFh \
  -ABANK15=0F00h-0F7Fh -ASFR=0F80h-0FFFh \
  -preset_vec=00h,intcode=08h,intcodelo=018h,powerup,init,end_init \
  -pramtop=01000h -psmallconst=SMALLCONST -pmediumconst=MEDIUMCONST \
  -pconst=CONST -AFARRAM=00h-00h -ACONFIG=0300000h-030000Dh -pconfig=CONFIG \
  -AIDLOC=0200000h-0200007h -pidloc=IDLOC -AEEDATA=0F00000h-0F003FFh \
  -peeprom_data=EEDATA \
  -prdata=COMRAM,nvrram=COMRAM,nvbit=COMRAM,rbss=COMRAM,rbit=COMRAM \
  -pfarbss=FARRAM,fardata=FARRAM,nvFARRAM=FARRAM \
  -pintsave_regs=BIGRAM,bigbss=BIGRAM,bigdata=BIGRAM -pbss=RAM \
  -pidata=CODE,irdata=CODE,ibigdata=CODE,ifardata=CODE -prparam=COMRAM \
  /tmp/xcXIjOJ2j.obj \
  dist/default/production/Water_PIC18_test.production.obj 

Object code version is 3.11

Machine type is 18F2620

Call graph: (short form)




                Name                               Link     Load   Length Selector   Space Scale
/tmp/xcXIjOJ2j.obj
                end_init                            3AC      3AC        4        C       0
                reset_vec                             0        0        4        0       0
                config                           300000   300000        E   300000       0
dist/default/production/Water_PIC18_test.production.obj
                intcodelo                            18       18      394        C       0
                intcode                               8        8        E        4       0
                temp                                 5E       5E        1        1       1
                mediumconst                        FCAA     FCAA      356     7E55       0
                text141                            6A2A     6A2A       26     2A25       0
                text140                            4B26     4B26       DA        C       0
                text139                            5CD0     5CD0       6C     2A25       0
                intcode_body                       5C5E     5C5E       72     2A25       0
                text137                            60DC     60DC       64     2A25       0
                text136                            4F14     4F14       BC        C       0
                text135                            5082     5082       B2        C       0
                text134                            6A74     6A74       24     2A25       0
                text133                            663C     663C       36     2A25       0
                text132                            5F44     5F44       68     2A25       0
                text131                            4E58     4E58       BC        C       0
                text130                            6428     6428       42     2A25       0
                text129                            6CB4     6CB4       12     35F7       0
                text128                            6A04     6A04       26     2A25       0
                text127                            69DE     69DE       26     2A25       0
                text126                            4216     4216      13E        C       0
                text125                            6BB2     6BB2       1E     358E       0
                text124                            6B94     6B94       1E     358E       0
                text123                            6B76     6B76       1E     358E       0
                text122                            6598     6598       38     2A25       0
                text121                            5B70     5B70       78     2A25       0
                text120                            5EDC     5EDC       68     2A25       0
                text119                            69B8     69B8       26     2A25       0
                text118                            5702     5702       86     2A25       0
                text117                            487C     487C       EE        C       0
                text116                            6ABA     6ABA       22     2A25       0
                text115                            6304     6304       4C     2A25       0
                text114                            20BA     20BA      426        C       0
                text113                            6D06     6D06        A     35F7       0
                text112                            6C40     6C40       16     35F7       0
                text111                            6CFC     6CFC        A     35F7       0
                text110                            6CF2     6CF2        A     35F7       0
                text109                            6C0A     6C0A       1C     35F7       0
                text108                            6D30     6D30        8     35F7       0
                text107                            6D3C     6D3C        4     35F7       0
                text106                            6C26     6C26       1A     35F7       0
                text105                            6D28     6D28        8     35F7       0
                text104                            6D20     6D20        8     35F7       0
                text103                            6CA2     6CA2       12     35F7       0
                text102                            5986     5986       7E     2A25       0
                text101                            5908     5908       7E     2A25       0
                text100                            6B58     6B58       1E     358E       0
                text99                             5BE8     5BE8       76     2A25       0
                text98                             66DA     66DA       34     2A25       0
                text97                             5788     5788       82     2A25       0
                text96                             6804     6804       30     2A25       0
                text95                             639A     639A       4A     2A25       0
                text94                             64A8     64A8       3E     2A25       0
                text93                             3754     3754      1C0        C       0
                text92                             28EA     28EA      3DE        C       0
                text91                             6BEE     6BEE       1C     35F7       0
                text90                             6992     6992       26     2A25       0
                text89                             6A50     6A50       24     2A25       0
                text87                             696C     696C       26     2A25       0
                text86                             6946     6946       26     2A25       0
                text85                             6D38     6D38        4     35F7       0
                text84                             6606     6606       36     2A25       0
                text83                             5E74     5E74       68     2A25       0
                text82                             6ADC     6ADC       20     2A25       0
                text81                             468A     468A       FC        C       0
                text80                             527C     527C       9C        C       0
                text79                             51DA     51DA       A2        C       0
                text78                             6012     6012       66     2A25       0
                text77                             6522     6522       3C     2A25       0
                text76                             5566     5566       8C     2A25       0
                text75                             2CC8     2CC8      2D4        C       0
                text74                             67D4     67D4       30     2A25       0
                text73                             61FE     61FE       5E     2A25       0
                text72                             567A     567A       88     2A25       0
                text71                             2F9C     2F9C      20A        C       0
                text70                             6B3A     6B3A       1E     358E       0
                text69                             6C90     6C90       12     35F7       0
                text68                             580A     580A       80     2A25       0
                text67                              BA2      BA2      7A0        C       0
                text66                             4D9C     4D9C       BC        C       0
                text65                             5318     5318       9A        C       0
                text64                             62B8     62B8       4C     2A25       0
                text63                             5FAC     5FAC       66     2A25       0
                text62                             446E     446E      116        C       0
                text61                             3F74     3F74      15C        C       0
                text60                             6A98     6A98       22     2A25       0
                text59                             544A     544A       90     2A25       0
                text58                             655E     655E       3A     2A25       0
                text57                             5E0C     5E0C       68     2A25       0
                text56                             6350     6350       4A     2A25       0
                text55                             24E0     24E0      40A        C       0
                text54                             6920     6920       26     2A25       0
                text53                             68FA     68FA       26     2A25       0
                text52                             40D0     40D0      146        C       0
                text51                             6140     6140       60     2A25       0
                text50                             6CE4     6CE4        E     35F7       0
                text49                             64E6     64E6       3C     2A25       0
                text48                             4786     4786       F6        C       0
                text47                             6C6A     6C6A       14     35F7       0
                text46                             5AF8     5AF8       78     2A25       0
                text45                             5DA4     5DA4       68     2A25       0
                text44                             68D4     68D4       26     2A25       0
                text43                             55F2     55F2       88     2A25       0
                text42                             5A04     5A04       7C     2A25       0
                text41                             33AE     33AE      1D6        C       0
                text40                             66A6     66A6       34     2A25       0
                text39                             6672     6672       34     2A25       0
                text38                             4354     4354      11A        C       0
                text37                             65D0     65D0       36     2A25       0
                text36                             6886     6886       28     2A25       0
                text35                             6834     6834       2A     2A25       0
                text34                             6C7E     6C7E       12     35F7       0
                text33                             6B1C     6B1C       1E     358E       0
                text32                             6D18     6D18        8     35F7       0
                text31                             6D10     6D10        8     35F7       0
                text30                             5A80     5A80       78     2A25       0
                text29                             6078     6078       64     2A25       0
                text28                             3C7E     3C7E      18A        C       0
                text27                             67A4     67A4       30     2A25       0
                text26                              3B0      3B0      7F2        C       0
                text25                             68AE     68AE       26     2A25       0
                text24                             496A     496A       E2        C       0
                text23                             588A     588A       7E     2A25       0
                text22                             54DA     54DA       8C     2A25       0
                text21                             3914     3914      1BC        C       0
                text20                             646A     646A       3E     2A25       0
                text19                             5D3C     5D3C       68     2A25       0
                text18                             6772     6772       32     2A25       0
                text17                             6740     6740       32     2A25       0
                text16                             63E4     63E4       44     2A25       0
                text15                             625C     625C       5C     2A25       0
                text14                             1342     1342      72A        C       0
                text13                             4A4C     4A4C       DA        C       0
                text12                             3AD0     3AD0      1AE        C       0
                text11                             4FD0     4FD0       B2        C       0
                text10                             4C00     4C00       D2        C       0
                text9                              5134     5134       A6        C       0
                text8                              1A6C     1A6C      64E        C       0
                text7                              4584     4584      106        C       0
                text6                              670E     670E       32     2A25       0
                text5                              685E     685E       28     2A25       0
                text4                              6CD6     6CD6        E     35F7       0
                text3                              4CD2     4CD2       CA        C       0
                text2                              6CC6     6CC6       10     35F7       0
                text1                              31A6     31A6      208        C       0
                text0                              3584     3584      1D0        C       0
                cstackCOMRAM                          1        1       42        1       1
                cstackBANK0                          80       80       47       80       1
                cstackBANK1                         100      100       D7      100       1
                cstackBANK2                         200      200       E5      200       1
                cstackBANK3                         300      300       94      300       1
                cstackBANK5                         564      564       5E      500       1
                bssBANK9                            900      900      100      900       1
                bssBANK8                            800      800      100      800       1
                bssBANK7                            700      700      100      700       1
                bssBANK6                            600      600      100      600       1
                dataBANK5                           5C2      5C2       1F      500       1
                bssBANK5                            500      500       64      500       1
                dataBANK4                           400      400       97      400       1
                bssBANK4                            497      497       5E      400       1
                dataBANK3                           394      394       5E      300       1
                bssBANK3                            3F2      3F2        8      300       1
                dataBANK2                           2E5      2E5       14      200       1
                bssBANK2                            2F9      2F9        6      200       1
                bssBANK1                            1D7      1D7        2      100       1
                dataBANK0                            C7       C7       1D       80       1
                bssBANK0                             E4       E4       1A       80       1
                dataCOMRAM                           5B       5B        3        1       1
                bssCOMRAM                            43       43       18        1       1
                cinit                              3E08     3E08      16C        C       0
                idataBANK5                         6AFC     6AFC       1F     2A25       0
                idataBANK4                         53B2     53B2       97        C       0
                idataBANK3                         61A0     61A0       5E     2A25       0
                idataBANK2                         6C56     6C56       14     35F7       0
                idataBANK0                         6BD0     6BD0       1D     358E       0
                idataCOMRAM                        6D40     6D40        3     35F7       0

TOTAL           Name                               Link     Load   Length     Space
        CLASS   STACK          

        CLASS   CODE           
                end_init                            3AC      3AC        4         0
                intcodelo                            18       18      394         0
                intcode                               8        8        E         0
                reset_vec                             0        0        4         0
                text141                            6A2A     6A2A       26         0
                text140                            4B26     4B26       DA         0
                text139                            5CD0     5CD0       6C         0
                intcode_body                       5C5E     5C5E       72         0
                text137                            60DC     60DC       64         0
                text136                            4F14     4F14       BC         0
                text135                            5082     5082       B2         0
                text134                            6A74     6A74       24         0
                text133                            663C     663C       36         0
                text132                            5F44     5F44       68         0
                text131                            4E58     4E58       BC         0
                text130                            6428     6428       42         0
                text129                            6CB4     6CB4       12         0
                text128                            6A04     6A04       26         0
                text127                            69DE     69DE       26         0
                text126                            4216     4216      13E         0
                text125                            6BB2     6BB2       1E         0
                text124                            6B94     6B94       1E         0
                text123                            6B76     6B76       1E         0
                text122                            6598     6598       38         0
                text121                            5B70     5B70       78         0
                text120                            5EDC     5EDC       68         0
                text119                            69B8     69B8       26         0
                text118                            5702     5702       86         0
                text117                            487C     487C       EE         0
                text116                            6ABA     6ABA       22         0
                text115                            6304     6304       4C         0
                text114                            20BA     20BA      426         0
                text113                            6D06     6D06        A         0
                text112                            6C40     6C40       16         0
                text111                            6CFC     6CFC        A         0
                text110                            6CF2     6CF2        A         0
                text109                            6C0A     6C0A       1C         0
                text108                            6D30     6D30        8         0
                text107                            6D3C     6D3C        4         0
                text106                            6C26     6C26       1A         0
                text105                            6D28     6D28        8         0
                text104                            6D20     6D20        8         0
                text103                            6CA2     6CA2       12         0
                text102                            5986     5986       7E         0
                text101                            5908     5908       7E         0
                text100                            6B58     6B58       1E         0
                text99                             5BE8     5BE8       76         0
                text98                             66DA     66DA       34         0
                text97                             5788     5788       82         0
                text96                             6804     6804       30         0
                text95                             639A     639A       4A         0
                text94                             64A8     64A8       3E         0
                text93                             3754     3754      1C0         0
                text92                             28EA     28EA      3DE         0
                text91                             6BEE     6BEE       1C         0
                text90                             6992     6992       26         0
                text89                             6A50     6A50       24         0
                text87                             696C     696C       26         0
                text86                             6946     6946       26         0
                text85                             6D38     6D38        4         0
                text84                             6606     6606       36         0
                text83                             5E74     5E74       68         0
                text82                             6ADC     6ADC       20         0
                text81                             468A     468A       FC         0
                text80                             527C     527C       9C         0
                text79                             51DA     51DA       A2         0
                text78                             6012     6012       66         0
                text77                             6522     6522       3C         0
                text76                             5566     5566       8C         0
                text75                             2CC8     2CC8      2D4         0
                text74                             67D4     67D4       30         0
                text73                             61FE     61FE       5E         0
                text72                             567A     567A       88         0
                text71                             2F9C     2F9C      20A         0
                text70                             6B3A     6B3A       1E         0
                text69                             6C90     6C90       12         0
                text68                             580A     580A       80         0
                text67                              BA2      BA2      7A0         0
                text66                             4D9C     4D9C       BC         0
                text65                             5318     5318       9A         0
                text64                             62B8     62B8       4C         0
                text63                             5FAC     5FAC       66         0
                text62                             446E     446E      116         0
                text61                             3F74     3F74      15C         0
                text60                             6A98     6A98       22         0
                text59                             544A     544A       90         0
                text58                             655E     655E       3A         0
                text57                             5E0C     5E0C       68         0
                text56                             6350     6350       4A         0
                text55                             24E0     24E0      40A         0
                text54                             6920     6920       26         0
                text53                             68FA     68FA       26         0
                text52                             40D0     40D0      146         0
                text51                             6140     6140       60         0
                text50                             6CE4     6CE4        E         0
                text49                             64E6     64E6       3C         0
                text48                             4786     4786       F6         0
                text47                             6C6A     6C6A       14         0
                text46                             5AF8     5AF8       78         0
                text45                             5DA4     5DA4       68         0
                text44                             68D4     68D4       26         0
                text43                             55F2     55F2       88         0
                text42                             5A04     5A04       7C         0
                text41                             33AE     33AE      1D6         0
                text40                             66A6     66A6       34         0
                text39                             6672     6672       34         0
                text38                             4354     4354      11A         0
                text37                             65D0     65D0       36         0
                text36                             6886     6886       28         0
                text35                             6834     6834       2A         0
                text34                             6C7E     6C7E       12         0
                text33                             6B1C     6B1C       1E         0
                text32                             6D18     6D18        8         0
                text31                             6D10     6D10        8         0
                text30                             5A80     5A80       78         0
                text29                             6078     6078       64         0
                text28                             3C7E     3C7E      18A         0
                text27                             67A4     67A4       30         0
                text26                              3B0      3B0      7F2         0
                text25                             68AE     68AE       26         0
                text24                             496A     496A       E2         0
                text23                             588A     588A       7E         0
                text22                             54DA     54DA       8C         0
                text21                             3914     3914      1BC         0
                text20                             646A     646A       3E         0
                text19                             5D3C     5D3C       68         0
                text18                             6772     6772       32         0
                text17                             6740     6740       32         0
                text16                             63E4     63E4       44         0
                text15                             625C     625C       5C         0
                text14                             1342     1342      72A         0
                text13                             4A4C     4A4C       DA         0
                text12                             3AD0     3AD0      1AE         0
                text11                             4FD0     4FD0       B2         0
                text10                             4C00     4C00       D2         0
                text9                              5134     5134       A6         0
                text8                              1A6C     1A6C      64E         0
                text7                              4584     4584      106         0
                text6                              670E     670E       32         0
                text5                              685E     685E       28         0
                text4                              6CD6     6CD6        E         0
                text3                              4CD2     4CD2       CA         0
                text2                              6CC6     6CC6       10         0
                text1                              31A6     31A6      208         0
                text0                              3584     3584      1D0         0
                cinit                              3E08     3E08      16C         0
                idataBANK5                         6AFC     6AFC       1F         0
                idataBANK4                         53B2     53B2       97         0
                idataBANK3                         61A0     61A0       5E         0
                idataBANK2                         6C56     6C56       14         0
                idataBANK0                         6BD0     6BD0       1D         0
                idataCOMRAM                        6D40     6D40        3         0

        CLASS   CONST          

        CLASS   SMALLCONST     

        CLASS   MEDIUMCONST    
                mediumconst                        FCAA     FCAA      356         0

        CLASS   COMRAM         
                temp                                 5E       5E        1         1
                cstackCOMRAM                          1        1       42         1
                dataCOMRAM                           5B       5B        3         1
                bssCOMRAM                            43       43       18         1

        CLASS   ABS1           

        CLASS   BIGRAM         

        CLASS   RAM            

        CLASS   BANK0          
                cstackBANK0                          80       80       47         1
                dataBANK0                            C7       C7       1D         1
                bssBANK0                             E4       E4       1A         1

        CLASS   BANK1          
                cstackBANK1                         100      100       D7         1
                bssBANK1                            1D7      1D7        2         1

        CLASS   BANK2          
                cstackBANK2                         200      200       E5         1
                dataBANK2                           2E5      2E5       14         1
                bssBANK2                            2F9      2F9        6         1

        CLASS   BANK3          
                cstackBANK3                         300      300       94         1
                dataBANK3                           394      394       5E         1
                bssBANK3                            3F2      3F2        8         1

        CLASS   BANK4          
                dataBANK4                           400      400       97         1
                bssBANK4                            497      497       5E         1

        CLASS   BANK5          
                cstackBANK5                         564      564       5E         1
                dataBANK5                           5C2      5C2       1F         1
                bssBANK5                            500      500       64         1

        CLASS   BANK6          
                bssBANK6                            600      600      100         1

        CLASS   BANK7          
                bssBANK7                            700      700      100         1

        CLASS   BANK8          
                bssBANK8                            800      800      100         1

        CLASS   BANK9          
                bssBANK9                            900      900      100         1

        CLASS   BANK10         

        CLASS   BANK11         

        CLASS   BANK12         

        CLASS   BANK13         

        CLASS   BANK14         

        CLASS   BANK15         

        CLASS   SFR            

        CLASS   FARRAM         

        CLASS   CONFIG         
                config                           300000   300000        E         0

        CLASS   IDLOC          

        CLASS   EEDATA         



SEGMENTS        Name                           Load    Length   Top    Selector   Space  Class

                reset_vec                      000000  000004  000004         0       0  CODE    
                cstackCOMRAM                   000001  00005E  00005F         1       1  COMRAM  
                intcode                        000008  00000E  000016         4       0  CODE    
                intcodelo                      000018  005431  005449         C       0  CODE    
                cstackBANK0                    000080  00007E  0000FE        80       1  BANK0   
                cstackBANK1                    000100  0000D9  0001D9       100       1  BANK1   
                cstackBANK2                    000200  0000FF  0002FF       200       1  BANK2   
                cstackBANK3                    000300  0000FA  0003FA       300       1  BANK3   
                dataBANK4                      000400  0000F5  0004F5       400       1  BANK4   
                bssBANK5                       000500  0000E1  0005E1       500       1  BANK5   
                bssBANK6                       000600  000100  000700       600       1  BANK6   
                bssBANK7                       000700  000100  000800       700       1  BANK7   
                bssBANK8                       000800  000100  000900       800       1  BANK8   
                bssBANK9                       000900  000100  000A00       900       1  BANK9   
                text59                         00544A  0016D1  006B1B      2A25       0  CODE    
                text33                         006B1C  0000D1  006BED      358E       0  CODE    
                text91                         006BEE  000155  006D43      35F7       0  CODE    
                mediumconst                    00FCAA  000356  010000      7E55       0  MEDIUMCO
                config                         300000  00000E  30000E    300000       0  CONFIG  


UNUSED ADDRESS RANGES

        Name                Unused          Largest block    Delta
        BANK0            0000FE-0000FF                2
        BANK1            0001D9-0001FF               27
        BANK10           000A00-000AFF              100
        BANK11           000B00-000BFF              100
        BANK12           000C00-000CFF              100
        BANK13           000D00-000DFF              100
        BANK14           000E00-000EFF              100
        BANK15           000F00-000F7F               80
        BANK2            0002FF-0002FF                1
        BANK3            0003FA-0003FF                6
        BANK4            0004F5-0004FF                B
        BANK5            0005E1-0005FF               1F
        BIGRAM           00005F-00007F               21
                         0000FE-0000FF                2
                         0001D9-0001FF               27
                         0002FF-0002FF                1
                         0003FA-0003FF                6
                         0004F5-0004FF                B
                         0005E1-0005FF               1F
                         000A00-000F7F              580
        CODE             000004-000007                4
                         000016-000017                2
                         005449-005449                1
                         006B1B-006B1B                1
                         006BED-006BED                1
                         006D43-00FCA9             8F67
        COMRAM           00005F-00007F               21
        CONST            000004-000007                4
                         000016-000017                2
                         005449-005449                1
                         006B1B-006B1B                1
                         006BED-006BED                1
                         006D43-00FCA9             8F67
        EEDATA           F00000-F003FF              400
        IDLOC            200000-200007                8
        MEDIUMCONST      005449-005449                1
                         006B1B-006B1B                1
                         006BED-006BED                1
                         006D43-00FCA9             8F67
        RAM              0000FE-0000FF                2
                         0001D9-0001FF               27
                         0002FF-0002FF                1
                         0003FA-0003FF                6
                         0004F5-0004FF                B
                         0005E1-0005FF               1F
                         000A00-000F7F              100
        SFR              000F80-000FFF               80
        SMALLCONST       005449-005449                1
                         006B1B-006B1B                1
                         006BED-006BED                1
                         006D43-00FCA9              100
        STACK            000A00-000F7F              580

                                  Symbol Table

?_FindCell                                  cstackBANK1  000144
?_FindNextTimeStart                         cstackBANK1  000144
?_FindPhoneContactByNumber                  cstackCOMRAM 00002D
?_GetDayOfWeek                              cstackBANK1  000127
?_GetStringLength                           cstackBANK1  000127
?_InputText                                 cstackBANK1  00016F
?_RefreshSchedulerIndicator                 cstackBANK1  00015E
?__GetStringLength_interr                   cstackCOMRAM 00001C
?___aldiv                                   cstackBANK1  000127
?___almod                                   cstackBANK1  000127
?___awdiv                                   cstackBANK1  00012D
?___awmod                                   cstackBANK1  000135
?___lldiv                                   cstackBANK1  000127
?___llmod                                   cstackBANK1  000127
?___lmul                                    cstackBANK1  000127
?___lwdiv                                   cstackBANK1  000127
?___lwmod                                   cstackBANK1  000127
?___wmul                                    cstackBANK1  000127
?__getContainer_Clock_from_GSM              cstackCOMRAM 000023
?__getContainer_Incomming_Call_Data         cstackCOMRAM 000023
?__getContainer_Incomming_DTMF_Data         cstackCOMRAM 000023
?_getSystemTimePoint                        cstackBANK1  000127
?i1___aldiv                                 cstackCOMRAM 00001C
?i1___awdiv                                 cstackCOMRAM 000022
?i1___awmod                                 cstackCOMRAM 00002A
?i1___lmul                                  cstackCOMRAM 000036
?i1___lwdiv                                 cstackCOMRAM 00001C
?i1___lwmod                                 cstackCOMRAM 00001C
?i1___wmul                                  cstackCOMRAM 00001C
?i1_getSystemTimePoint                      cstackCOMRAM 00001C
AddByteToUSARTbuff@buff                     cstackCOMRAM 00000A
AddByteToUSARTbuff@byte                     cstackCOMRAM 00000C
AddByteToUSARTbuff@i                        cstackCOMRAM 00000D
AddByteToUSARTbuff@i_1750                   cstackCOMRAM 00000F
AddByteToUSARTbuff@lastdata                 bssCOMRAM    000053
BCD_to_DEC@BCD                              cstackCOMRAM 00001D
CalculateClockDelta@newTime                 cstackCOMRAM 00002A
CheckoutRegisterOfSymbol@dig                cstackBANK1  000127
CleanStringArray@i                          cstackBANK1  00012C
CleanStringArray@myArray                    cstackBANK1  000127
CleanStringArray@settingData                cstackBANK1  00012B
CleanStringArray@size                       cstackBANK1  000129
ConvKeyNum@Num                              cstackCOMRAM 00001C
ConvertCharToNumeric@symbol                 cstackCOMRAM 00001C
ConvertDayToBit@DayNumber                   cstackBANK1  000127
DEC_to_BCD@DEC                              cstackBANK1  00012C
DeleteDataOfCell@CellsData                  cstackBANK1  000136
DeleteDataOfCell@TargetAdress               cstackBANK1  000134
EERD@EEDATA_BUP                             cstackBANK1  00012A
EERD@INTCON_BUP                             cstackBANK1  000129
EERD@adress                                 cstackBANK1  000127
EEWR@INTCON_BUP                             cstackBANK1  00012A
EEWR@adress                                 cstackBANK1  000127
EEWR@data                                   cstackBANK1  000129
EditSchedule@BeginEditTimes                 cstackBANK2  000220
EditSchedule@CellsData                      cstackBANK2  000216
EditSchedule@Data                           cstackBANK2  000272
EditSchedule@Days                           cstackBANK2  00026B
EditSchedule@HH                             cstackBANK2  000221
EditSchedule@HL                             cstackBANK2  000222
EditSchedule@MH                             cstackBANK2  000223
EditSchedule@ML                             cstackBANK2  000224
EditSchedule@OK                             cstackBANK2  00026A
EditSchedule@Signals                        cstackBANK2  00026C
EditSchedule@SourceOfRecord                 cstackBANK1  000146
EditSchedule@T                              cstackBANK2  000225
EditSchedule@TargetAdress                   cstackBANK2  00021E
EditSchedule@TimeStart                      cstackBANK2  00023A
EditSchedule@TimeStop                       cstackBANK2  00023C
EditSchedule@Times                          cstackBANK2  000229
EditSchedule@TimesOutput                    cstackBANK2  000200
EditSchedule@_times                         cstackBANK2  00023E
EditSchedule@adress                         cstackBANK1  000144
EditSchedule@blinking                       cstackBANK2  000277
EditSchedule@f                              cstackBANK2  000271
EditSchedule@i                              cstackBANK2  000278
EditSchedule@i_1596                         cstackBANK2  000279
EditSchedule@i_1599                         cstackBANK2  00026E
EditSchedule@i_1607                         cstackBANK2  00026F
EditSchedule@j                              cstackBANK2  000239
EditSchedule@j_1616                         cstackBANK2  000270
EditSchedule@key                            cstackBANK2  000276
EditSchedule@mode                           cstackBANK2  00026D
EditSchedule@temp                           cstackBANK2  00027A
F_l@ButtonPressTimeOut                      bssCOMRAM    000054
F_l@KeyIndex                                bssCOMRAM    000055
F_l@MinuteAgo                               cstackBANK0  0000BA
F_l@PressedKeyIndex                         dataCOMRAM   00005B
F_l@_KeyIndex                               cstackBANK0  0000BF
F_l@a                                       cstackBANK0  0000C0
F_l@data_temp                               cstackBANK0  0000BE
F_l@dddd                                    bssCOMRAM    000056
F_l@digit                                   cstackBANK0  0000BD
F_l@digs                                    cstackBANK0  0000BB
F_l@digsAtrib                               cstackBANK0  0000C2
F_l@line                                    cstackBANK0  0000C6
F_l@symbol                                  cstackBANK0  0000C4
FillArrayFromEEPROM@adress_start            cstackBANK1  00012D
FillArrayFromEEPROM@container               cstackBANK1  00012B
FillArrayFromEEPROM@i                       cstackBANK1  000133
FillArrayFromEEPROM@quantity                cstackBANK1  00012F
FillArrayFromEEPROM_interr@adress_start     cstackCOMRAM 000020
FillArrayFromEEPROM_interr@container        cstackCOMRAM 000026
FillArrayFromEEPROM_interr@i                cstackCOMRAM 000027
FillArrayFromEEPROM_interr@quantity         cstackCOMRAM 000022
FillPhonebookCellFromEEPROM@adress_start    cstackBANK1  000136
FillPhonebookCellFromEEPROM@container       cstackBANK1  000134
FindCell@CellIsEmpty                        cstackBANK1  00015A
FindCell@CellsData                          cstackBANK1  00014A
FindCell@Data                               cstackBANK1  000156
FindCell@New                                cstackBANK1  000146
FindCell@adress                             cstackBANK1  00015C
FindCell@adressNew                          cstackBANK1  000152
FindCell@adressStart                        cstackBANK1  000144
FindCell@i                                  cstackBANK1  00015B
FindCell@previous                           cstackBANK1  000147
FindIncommingData@a                         cstackBANK1  00013E
FindIncommingData@container                 cstackBANK1  000130
FindIncommingData@end_of_regexp             cstackBANK1  000140
FindIncommingData@finish_index              cstackBANK1  00013A
FindIncommingData@history_index             cstackBANK1  000132
FindIncommingData@i                         cstackBANK1  000144
FindIncommingData@j                         cstackBANK1  00014A
FindIncommingData@last_s                    cstackBANK1  000148
FindIncommingData@not_found                 cstackBANK1  00013C
FindIncommingData@pointer                   cstackBANK1  000146
FindIncommingData@regexp                    cstackBANK1  00012E
FindIncommingData@s0                        cstackBANK1  000142
FindIncommingData@s1                        cstackBANK1  000136
FindIncommingData@start_index               cstackBANK1  000138
FindNextTimeStart@CellsData                 cstackBANK1  00014A
FindNextTimeStart@Data                      cstackBANK1  00016B
FindNextTimeStart@DayIndex                  cstackBANK1  00016A
FindNextTimeStart@DayOn                     cstackBANK1  000156
FindNextTimeStart@Days                      cstackBANK1  000163
FindNextTimeStart@LastFoundTimeStart        cstackBANK1  00015B
FindNextTimeStart@Signals                   cstackBANK1  000162
FindNextTimeStart@TimeFrom                  cstackBANK1  000144
FindNextTimeStart@TimeIsFound               cstackBANK1  000161
FindNextTimeStart@TimeOfSignals             cstackBANK1  000164
FindNextTimeStart@TimeStart                 cstackBANK1  00015F
FindNextTimeStart@TimeStop                  cstackBANK1  000159
FindNextTimeStart@adress                    cstackBANK1  000168
FindNextTimeStart@adressStart               cstackBANK1  000157
FindPhoneContactByNumber@container          cstackBANK0  000084
FindPhoneContactByNumber@end_of_phone       cstackBANK0  000082
FindPhoneContactByNumber@found              cstackBANK0  000080
FindPhoneContactByNumber@i                  cstackBANK0  000081
FindPhoneContactByNumber@j                  cstackBANK0  000083
FindPhoneContactByNumber@number             cstackCOMRAM 00002D
Format_EEPROM_Memory@first_cell             cstackBANK1  00013E
Format_EEPROM_Memory@i                      cstackBANK1  000147
Format_EEPROM_Memory@interactive            cstackBANK1  000142
Format_EEPROM_Memory@last_cell              cstackBANK1  000140
GetDayOfWeek@day                            cstackBANK1  000129
GetDayOfWeekByDate@_day                     cstackBANK1  00013C
GetDayOfWeekByDate@_mounth                  cstackBANK1  00013B
GetDayOfWeekByDate@_year                    cstackBANK1  000140
GetNumericFromString@index                  cstackCOMRAM 00001F
GetNumericFromString@string                 cstackCOMRAM 00001D
GetStringLength@container                   cstackBANK1  000127
GetStringLength@i                           cstackBANK1  000129
I2CRead@temp                                cstackCOMRAM 00001D
I2CSend@dat                                 cstackBANK1  000128
Init_GSM@show                               cstackBANK1  00014C
Init_USART@SpeedNumber                      cstackBANK1  000129
Init_USART@_value                           cstackBANK1  000127
InputText@F3471                             dataBANK3    0003E8
InputText@F3473                             dataBANK4    000400
InputText@F3475                             dataBANK3    0003CA
InputText@F3477                             dataBANK3    0003CF
InputText@F3479                             dataBANK3    0003D4
InputText@F3481                             dataBANK3    0003D9
InputText@F3483                             dataBANK3    0003DE
InputText@F3485                             dataBANK3    000394
InputText@F3487                             dataBANK3    0003E3
InputText@F3489                             dataBANK3    00039A
InputText@F3491                             dataBANK3    0003A0
InputText@F3493                             dataBANK3    0003A6
InputText@F3495                             dataBANK3    0003AC
InputText@F3497                             dataBANK3    0003B2
InputText@F3499                             dataBANK3    0003B8
InputText@F3501                             dataBANK3    0003BE
InputText@F3503                             dataBANK3    0003C4
InputText@F3505                             dataBANK4    000491
InputText@F3507                             dataBANK3    0003EB
InputText@F3509                             dataBANK2    0002E5
InputText@F3511                             dataBANK2    0002E7
InputText@F3513                             dataBANK2    0002E9
InputText@F3515                             dataBANK2    0002EB
InputText@F3517                             dataBANK2    0002ED
InputText@F3519                             dataBANK2    0002EF
InputText@F3521                             dataBANK2    0002F1
InputText@F3523                             dataBANK2    0002F3
InputText@F3525                             dataBANK2    0002F5
InputText@InputData                         cstackBANK3  000300
InputText@_input_data                       cstackBANK2  000233
InputText@_props                            cstackBANK1  000171
InputText@active_cell                       cstackBANK2  0002DB
InputText@capacity                          cstackBANK1  000173
InputText@cur_char                          cstackBANK2  0002CE
InputText@i                                 cstackBANK2  0002DA
InputText@i_2041                            cstackBANK2  0002D3
InputText@i_2050                            cstackBANK2  0002D2
InputText@i_2060                            cstackBANK2  0002D7
InputText@i_2069                            cstackBANK2  0002D4
InputText@lastKeyCode                       cstackBANK2  0002D8
InputText@props                             cstackBANK2  0002D9
InputText@ret_string                        cstackBANK1  00018A
InputText@s_0                               cstackBANK2  0002B7
InputText@s_1                               cstackBANK1  000178
InputText@s_12                              cstackBANK1  0001B7
InputText@s_13                              cstackBANK1  0001BD
InputText@s_14                              cstackBANK1  0001C3
InputText@s_15                              cstackBANK1  0001C9
InputText@s_16                              cstackBANK1  0001CF
InputText@s_17                              cstackBANK2  000200
InputText@s_18                              cstackBANK2  000206
InputText@s_19                              cstackBANK2  00020C
InputText@s_2                               cstackBANK2  000212
InputText@s_20                              cstackBANK2  000230
InputText@s_21                              cstackBANK1  0001D5
InputText@s_22                              cstackBANK2  0002BA
InputText@s_23                              cstackBANK2  0002BC
InputText@s_24                              cstackBANK2  0002BE
InputText@s_25                              cstackBANK2  0002C0
InputText@s_26                              cstackBANK2  0002C2
InputText@s_27                              cstackBANK2  0002C4
InputText@s_28                              cstackBANK2  0002C6
InputText@s_29                              cstackBANK2  0002C8
InputText@s_3                               cstackBANK2  000217
InputText@s_4                               cstackBANK2  00021C
InputText@s_5                               cstackBANK2  000221
InputText@s_6                               cstackBANK2  000226
InputText@s_7                               cstackBANK1  0001AB
InputText@s_8                               cstackBANK2  00022B
InputText@s_9                               cstackBANK1  0001B1
InputText@symbols                           cstackBANK3  000342
InputText@temp                              cstackBANK2  0002D5
InputText@temp_2062                         cstackBANK2  0002D0
InputText@text                              cstackBANK1  00016F
InputText@time_point                        cstackBANK2  0002CA
InteractiveData_BlinkOFF@InteractiveData    cstackBANK1  000127
InteractiveData_BlinkOFF@i                  cstackBANK1  00012C
InteractiveData_BlinkOFF@leght              cstackBANK1  000129
ItemsToIndicator@firstDigit                 cstackBANK1  000132
ItemsToIndicator@i                          cstackBANK1  000134
ItemsToIndicator@items                      cstackBANK1  000133
ItemsToIndicator@max_i                      cstackBANK1  000131
NumericToString@displacement                cstackBANK1  00013F
NumericToString@mySring                     cstackBANK1  000139
NumericToString@n                           cstackBANK1  000135
NumericToString@negative                    cstackBANK1  00013E
NumericToString@size                        cstackBANK1  00013B
OutputInteractiveData@data                  cstackBANK1  000131
OutputInteractiveData@i                     cstackBANK1  000139
OutputInteractiveData@length                cstackBANK1  000133
OutputInteractiveData@line                  cstackBANK1  000137
OutputInteractiveData@s                     cstackBANK1  000138
OutputInteractiveData@start_symbol          cstackBANK1  000134
OutputString@i                              cstackBANK1  000139
OutputString@l                              cstackBANK1  00013B
OutputString@line                           cstackBANK1  000133
OutputString@position                       cstackBANK1  000134
OutputString@s                              cstackBANK1  000138
OutputString@stringData                     cstackBANK1  000131
OutputString@transfer_line                  cstackBANK1  000135
OutputSystemMessage@i                       cstackBANK1  00012D
OutputSystemMessage@l                       cstackBANK1  000130
OutputSystemMessage@line                    cstackBANK1  000131
OutputSystemMessage@s                       cstackBANK1  00012F
OutputSystemMessage@stringData              cstackBANK1  000127
OutputSystemMessage@symb                    cstackBANK1  000132
PL10                                        text26       0009BE
PL100                                       text80       005302
PL102                                       text14       0019E4
PL104                                       text38       004454
PL106                                       text67       001286
PL108                                       text38       004466
PL110                                       text26       000A5A
PL112                                       text80       005310
PL114                                       text61       004076
PL116                                       text78       006070
PL118                                       text26       000A66
PL12                                        text14       001992
PL120                                       text81       00476C
PL122                                       text26       000A84
PL124                                       text72       0056F2
PL126                                       text117      004962
PL128                                       text48       004862
PL130                                       text26       000A96
PL132                                       text1        003390
PL134                                       text26       000AA8
PL136                                       text28       003DF6
PL138                                       text14       0019F2
PL14                                        text14       00199A
PL140                                       text55       00285A
PL142                                       text41       00355C
PL144                                       text101      00597C
PL146                                       text14       001A00
PL148                                       text26       000ABA
PL150                                       text26       000AC4
PL152                                       text91       006BF0
PL154                                       text61       004094
PL156                                       text61       0040B0
PL158                                       text79       005270
PL16                                        text8        001FC6
PL160                                       text122      0065B6
PL162                                       text21       003A9E
PL164                                       text26       000ACC
PL166                                       text8        00203E
PL168                                       text67       0012A8
PL170                                       text114      002498
PL172                                       text23       0058D6
PL174                                       text21       003AAE
PL176                                       text62       004552
PL178                                       text55       002868
PL18                                        text14       0019A4
PL180                                       text55       00287E
PL182                                       text21       003AB8
PL184                                       text14       001A0E
PL186                                       text62       004568
PL188                                       text12       003C5C
PL190                                       text8        002048
PL192                                       text26       000ADA
PL194                                       text26       000AE8
PL196                                       text14       001A20
PL198                                       text14       001A34
PL2                                         text73       006228
PL20                                        text38       0043F6
PL200                                       text67       0012C0
PL202                                       text26       000AF6
PL204                                       text26       000AFE
PL206                                       text62       004570
PL208                                       text59       0054AE
PL210                                       text41       00356A
PL212                                       text11       005070
PL214                                       text34       006C80
PL216                                       text26       000B06
PL218                                       text9        0051C8
PL22                                        text38       004410
PL220                                       text0        00374C
PL222                                       text65       0053A0
PL224                                       text26       000B18
PL226                                       text114      0024B0
PL228                                       text23       0058EE
PL230                                       text67       0012C8
PL232                                       text26       000B24
PL234                                       text93       003908
PL236                                       text26       000B30
PL238                                       text26       000B3C
PL24                                        text26       0009CE
PL240                                       text55       00288A
PL242                                       text71       003158
PL244                                       text139      005D2C
PL246                                       text21       003AC0
PL248                                       text14       001A3C
PL250                                       text67       0012D0
PL252                                       text26       000B48
PL254                                       text26       000B54
PL256                                       text26       000B60
PL258                                       text23       0058FA
PL26                                        text14       0019AC
PL260                                       text26       000B68
PL262                                       text8        002052
PL264                                       text52       0041EA
PL266                                       text52       0041F8
PL268                                       text126      004338
PL270                                       text67       0012E0
PL272                                       text26       000B76
PL274                                       text14       001A4C
PL276                                       text126      004346
PL278                                       text99       005C46
PL28                                        text8        001FE8
PL280                                       text67       0012EE
PL282                                       text99       005C52
PL284                                       text8        00205A
PL286                                       text55       00289A
PL288                                       text59       0054C2
PL290                                       text7        00467C
PL292                                       text8        002068
PL294                                       text114      0024B8
PL296                                       text71       003162
PL298                                       text55       0028A8
PL30                                        text8        001FFA
PL300                                       text61       0040BC
PL302                                       text8        002076
PL304                                       text67       0012FC
PL306                                       text67       001306
PL308                                       text67       001310
PL310                                       text21       003AC6
PL312                                       text26       000B7E
PL314                                       text71       00316C
PL316                                       text8        002080
PL318                                       text26       000B86
PL32                                        text28       003DD4
PL320                                       text55       0028B2
PL322                                       text12       003C6A
PL324                                       text39       00669A
PL326                                       text71       003178
PL328                                       text55       0028BE
PL330                                       text135      005128
PL332                                       text26       000B92
PL334                                       text71       003184
PL336                                       text1        0033A2
PL338                                       text71       003190
PL34                                        text41       00351A
PL340                                       text55       0028CA
PL342                                       text55       0028D6
PL344                                       text48       004874
PL346                                       text81       004774
PL348                                       text26       000B9A
PL350                                       text114      0024C2
PL352                                       text15       0062AE
PL354                                       text59       0054D0
PL356                                       text41       003572
PL358                                       text16       00641E
PL36                                        text80       0052EA
PL360                                       text8        00208C
PL362                                       text81       00477E
PL364                                       text67       00131A
PL366                                       text114      0024CC
PL368                                       text67       001324
PL370                                       text67       00132E
PL372                                       text114      0024D6
PL374                                       text3        004D94
PL376                                       text8        002096
PL378                                       text22       00555C
PL38                                        text114      002480
PL380                                       text71       00319C
PL382                                       text67       001338
PL384                                       text61       0040C6
PL386                                       text55       0028E2
PL388                                       text77       006554
PL390                                       text8        0020A0
PL392                                       text14       001A5A
PL394                                       text6        006738
PL396                                       text12       003C76
PL398                                       text8        0020AA
PL4                                         text14       001982
PL40                                        text73       00623E
PL400                                       text41       00357C
PL402                                       text8        0020B2
PL404                                       text52       004206
PL406                                       text14       001A64
PL408                                       text52       00420E
PL410                                       text40       0066D4
PL412                                       text18       00679C
PL42                                        text8        00200C
PL44                                        text72       0056E2
PL46                                        text26       0009DE
PL48                                        text38       004422
PL50                                        text26       0009F0
PL52                                        text8        00202A
PL54                                        text79       005254
PL56                                        text14       0019BE
PL58                                        text8        002034
PL6                                         text26       0009AA
PL60                                        text26       000A0C
PL62                                        text26       000A18
PL64                                        text26       000A24
PL66                                        text72       0056EA
PL68                                        text41       00353C
PL70                                        text67       001278
PL72                                        text78       006058
PL74                                        text117      004934
PL76                                        text81       00473E
PL78                                        text114      00248E
PL8                                         text67       001268
PL80                                        text26       000A32
PL82                                        text14       0019D2
PL84                                        text41       00354C
PL86                                        text83       005EC6
PL88                                        text57       005E5E
PL90                                        text117      00494C
PL92                                        text0        003740
PL94                                        text81       004756
PL96                                        text132      005F96
PL98                                        text26       000A44
ParseDataRecord@Data                        cstackBANK1  000127
ParseDataRecord@Days                        cstackBANK1  00012F
ParseDataRecord@Signals                     cstackBANK1  000131
ParseDataRecord@TimeStart                   cstackBANK1  00012B
ParseDataRecord@TimeStop                    cstackBANK1  00012D
ParseTime@Day                               cstackBANK1  00013B
ParseTime@DayTime                           cstackBANK1  00013D
ParseTime@Time                              cstackBANK1  000139
ParseTime@TimeValue                         cstackBANK1  000135
PhonebookEdit@Contact                       cstackBANK5  0005A1
PhonebookEdit@F3575                         dataBANK3    0003EE
PhonebookEdit@F3577                         dataBANK4    000466
PhonebookEdit@aaa                           cstackBANK5  00056E
PhonebookEdit@cell                          cstackBANK5  00059E
PhonebookEdit@field                         cstackBANK5  00059C
PhonebookEdit@i                             cstackBANK5  0005A0
PhonebookEdit@input_props                   cstackBANK5  00059A
PhonebookEdit@input_props_2146              cstackBANK5  000596
PhonebookEdit@menu                          cstackBANK5  000564
PhonebookEdit@num_cell                      cstackBANK5  00058F
PhonebookEdit@number                        cstackBANK5  000597
PhonebookEdit@read                          cstackBANK5  000599
PhonebookEdit@result                        cstackBANK5  00059B
ProcessIncommingUartData@contact            cstackBANK1  00010F
ProcessIncommingUartData@i                  cstackBANK1  000115
ProcessIncommingUartData@number             cstackBANK1  000100
ProcessIncommingUartData@tClock             cstackBANK1  000111
ReIndTimeEdit@F3080                         dataBANK0    0000C7
ReIndTimeEdit@TimeData                      cstackBANK1  00013C
ReIndTimeEdit@i                             cstackBANK1  00014A
ReIndTimeEdit@i_1309                        cstackBANK1  00014B
ReIndTimeEdit@sources_of_time               cstackBANK1  000142
ReIndTimeEdit@value                         cstackBANK1  000148
ReadDataOfCell@CellsData                    cstackBANK1  000134
ReadDataOfCell@Data                         cstackBANK1  000136
ReadDataOfCell@TargetAdress                 cstackBANK1  000138
ReadDataOfCell@i                            cstackBANK1  000142
ReadDataOfCell_interr@CellsData             cstackCOMRAM 000033
ReadDataOfCell_interr@Data                  cstackCOMRAM 000028
ReadDataOfCell_interr@TargetAdress          cstackCOMRAM 000029
ReadDataOfCell_interr@i                     cstackCOMRAM 000034
ReadTime@lastTimeStamp                      bssBANK0     0000E4
RefreshSchedulerIndicator@CellIsEmpty       cstackBANK1  000179
RefreshSchedulerIndicator@CellsData         cstackBANK1  000165
RefreshSchedulerIndicator@CopyFrom          cstackBANK1  000161
RefreshSchedulerIndicator@Data              cstackBANK1  000175
RefreshSchedulerIndicator@F3191             dataBANK0    0000DB
RefreshSchedulerIndicator@F3193             dataBANK0    0000DE
RefreshSchedulerIndicator@New               cstackBANK1  000160
RefreshSchedulerIndicator@adress            cstackBANK1  00015E
RefreshSchedulerIndicator@cell              cstackBANK1  00017A
RefreshSchedulerIndicator@i                 cstackBANK1  00017C
RefreshSchedulerIndicator@num               cstackBANK1  00016D
RefreshSchedulerIndicator@num_1529          cstackBANK1  000170
Save_USART_SpeedNumber@speed                cstackBANK1  00012B
Scheduler@NumberOfCells                     bssBANK0     0000F7
Scheduler@StartFrom                         cstackBANK1  00018E
SchedulerNew@NumberOfCells                  bssBANK1     0001D7
SchedulerNew@SourceOfRecord                 cstackBANK1  00017D
Select_OK_NO@text                           cstackBANK1  00013C
SendCommandToUSART@command                  cstackBANK1  000127
SendCommandToUSART@wait                     cstackBANK1  000129
SendSymbolToLCD@Symb                        cstackCOMRAM 000023
SetTimeSource@time_source                   cstackBANK1  00012C
Settings@F3595                              dataBANK4    000442
Settings@F3599                              dataBANK0    0000CD
Settings@GSM_Condition                      cstackBANK1  000182
Settings@GSM_On_Off                         cstackBANK1  000183
Settings@item                               cstackBANK1  000185
Settings@menu                               cstackBANK1  00016F
Settings@menu_GSM_on_off                    cstackBANK1  00017B
Settings@num                                cstackBANK1  000184
Settings@speed                              cstackBANK1  000181
ShowMenu@item                               cstackBANK1  00013E
ShowMenu@item_max                           cstackBANK1  000144
ShowMenu@line                               bssBANK0     0000FB
ShowMenu@menu                               cstackBANK1  00013C
ShowMenu@result                             cstackBANK1  000143
ShowSchedulerMenu@F3268                     dataBANK4    00044E
ShowSchedulerMenu@NumberOfCells             cstackBANK1  00017F
ShowSchedulerMenu@item                      cstackBANK1  00018D
ShowSchedulerMenu@menu                      cstackBANK1  000181
SignalsOnOff@CellsData                      cstackBANK0  000080
SignalsOnOff@Data                           cstackBANK0  000096
SignalsOnOff@Data_1689                      cstackBANK0  000095
SignalsOnOff@DayTime                        cstackBANK0  000090
SignalsOnOff@Days                           cstackBANK0  000092
SignalsOnOff@Signals                        cstackBANK0  000093
SignalsOnOff@ThisDay                        cstackBANK0  000094
SignalsOnOff@ThisTime                       cstackBANK0  00008E
SignalsOnOff@TimeStart                      cstackBANK0  000088
SignalsOnOff@TimeStop                       cstackBANK0  00008A
TelephoneCall@F3562                         dataBANK4    000412
TelephoneCall@command                       cstackBANK1  00012E
TelephoneCall@i                             cstackBANK1  000140
TelephoneCall@phone_number                  cstackBANK1  00012A
TimeData_BlinkOFF@TimeData                  cstackBANK1  00012D
TimeData_INIT@TimeData                      cstackBANK1  000127
TimeData_INIT@i                             cstackBANK1  00012D
TimeData_INIT@i_1361                        cstackBANK1  00012E
TimeEdit@F3111                              dataBANK4    00045A
TimeEdit@MonthDays                          cstackBANK2  000200
TimeEdit@TimeData                           cstackBANK2  000276
TimeEdit@_date                              cstackBANK2  000214
TimeEdit@_time                              cstackBANK2  00023C
TimeEdit@_weekday                           cstackBANK2  000268
TimeEdit@blinking                           cstackBANK2  00026F
TimeEdit@i                                  cstackBANK2  00026C
TimeEdit@i_1387                             cstackBANK2  00026D
TimeEdit@i_1388                             cstackBANK2  00026E
TimeEdit@input                              cstackBANK2  000251
TimeEdit@month                              cstackBANK2  000253
TimeEdit@n                                  cstackBANK2  00020C
TimeEdit@p                                  cstackBANK2  000275
TimeEdit@symb_array                         cstackBANK2  000254
TimeEdit@symb_array_max_index               cstackBANK2  000252
TimeEdit@t                                  cstackBANK2  000274
TimeEdit@temp                               cstackBANK2  000270
TimeEdit@time_is_changed                    cstackBANK2  000250
TimeToInd@CellsData                         cstackBANK2  00027C
TimeToInd@CellsNumber                       cstackBANK2  0002C5
TimeToInd@D                                 cstackBANK2  0002B7
TimeToInd@Data                              cstackBANK2  0002BE
TimeToInd@DataArray                         cstackBANK2  00029A
TimeToInd@DataArray2                        cstackBANK2  0002BB
TimeToInd@DataArrayOfLine2                  cstackBANK2  000284
TimeToInd@Day                               cstackBANK2  0002BD
TimeToInd@Days                              cstackBANK2  0002B6
TimeToInd@F3035                             dataBANK0    0000D3
TimeToInd@F3039                             dataBANK4    000470
TimeToInd@F3043                             dataBANK4    000424
TimeToInd@F3057                             dataBANK4    000435
TimeToInd@SignalOn                          cstackBANK2  0002AB
TimeToInd@SignalOn_1246                     cstackBANK2  0002AD
TimeToInd@Signals                           cstackBANK2  0002C2
TimeToInd@SignalsFinal                      cstackBANK2  0002C8
TimeToInd@Time                              cstackBANK2  0002CB
TimeToInd@TimeData                          cstackBANK2  000291
TimeToInd@TimeStart                         cstackBANK2  0002B3
TimeToInd@TimeStop                          cstackBANK2  0002C9
TimeToInd@d                                 cstackBANK2  0002AE
TimeToInd@day                               cstackBANK2  0002AC
TimeToInd@i                                 cstackBANK2  0002C3
TimeToInd@i_1245                            cstackBANK2  0002C4
TimeToInd@j2                                cstackBANK2  0002C6
TimeToInd@line                              cstackBANK2  0002B5
TimeToInd@temp                              cstackBANK2  0002CD
USART_Speed_Choise@F3592                    dataBANK4    000479
USART_Speed_Choise@menu                     cstackBANK1  000145
UserDelay@timestamp                         cstackBANK1  00013D
UserDelay@value                             cstackBANK1  00013B
WorkingWithGSM@command                      cstackBANK5  000585
WorkingWithGSM@i                            cstackBANK5  00058A
WorkingWithGSM@line                         dataBANK3    0003F1
WorkingWithGSM@myOutputString               cstackBANK5  000564
WorkingWithGSM@p                            cstackBANK5  000587
WorkingWithGSM@speed                        cstackBANK5  000589
WriteArrayToEEPROM@adress_start             cstackBANK1  00012D
WriteArrayToEEPROM@container                cstackBANK1  00012B
[...]
      Temps:          0       0       0       0       0       0       0       0       0       0       0       0       0       0       0       0       0
      Totals:         7       0       0       0       0       0       0       0       0       0       0       0       0       0       0       0       0
Total ram usage:        7 bytes
 Hardware stack levels used:    1
 This function calls:
		Nothing
 This function is called by:
		_AddByteToUSARTbuff
 This function uses a non-reentrant model



MODULE INFORMATION

Module		Function		Class		Link	Load	Size
/opt/microchip/xc8/v1.37/sources/common/awmod.c
		___awmod       		CODE           	5DA4	0000	105

/opt/microchip/xc8/v1.37/sources/common/awmod.c estimated size: 105

/opt/microchip/xc8/v1.37/sources/common/llmod.c
		___llmod       		CODE           	6078	0000	101

/opt/microchip/xc8/v1.37/sources/common/llmod.c estimated size: 101

/opt/microchip/xc8/v1.37/sources/common/almod.c
		___almod       		CODE           	5318	0000	137

/opt/microchip/xc8/v1.37/sources/common/almod.c estimated size: 137

/opt/microchip/xc8/v1.37/sources/common/Umul32.c
		___lmul        		CODE           	62B8	0000	77

/opt/microchip/xc8/v1.37/sources/common/Umul32.c estimated size: 77

/opt/microchip/xc8/v1.37/sources/common/lwdiv.c
		___lwdiv       		CODE           	6350	0000	75

/opt/microchip/xc8/v1.37/sources/common/lwdiv.c estimated size: 75

/opt/microchip/xc8/v1.37/sources/common/awdiv.c
		___awdiv       		CODE           	5AF8	0000	121

/opt/microchip/xc8/v1.37/sources/common/awdiv.c estimated size: 121

/opt/microchip/xc8/v1.37/sources/common/lbmod.c
		___lbmod       		CODE           	6886	0000	41

/opt/microchip/xc8/v1.37/sources/common/lbmod.c estimated size: 41

/opt/microchip/xc8/v1.37/sources/common/lldiv.c
		___lldiv       		CODE           	5A80	0000	121

/opt/microchip/xc8/v1.37/sources/common/lldiv.c estimated size: 121

/opt/microchip/xc8/v1.37/sources/common/aldiv.c
		___aldiv       		CODE           	4D9C	0000	189

/opt/microchip/xc8/v1.37/sources/common/aldiv.c estimated size: 189

shared
		PL12           		CODE           	1992	0000	9
		PL50           		CODE           	09F0	0000	29
		PL8            		CODE           	1268	0000	17
		PL268          		CODE           	4338	0000	15
		i1_I2CStop     		CODE           	6D20	0000	9
		i1_I2CStart    		CODE           	6D28	0000	9
		PL22           		CODE           	4410	0000	19
		PL60           		CODE           	0A0C	0000	13
		PL178          		CODE           	2868	0000	23
		PL368          		CODE           	1324	0000	11
		PL100          		CODE           	5302	0000	15
		PL32           		CODE           	3DD4	0000	35
		PL70           		CODE           	1278	0000	15
		PL278          		CODE           	5C46	0000	13
		__setInputTextProps@F3456		MEDIUMCONST    	FCC1	0000	11
		__setInputTextProps@F3458		MEDIUMCONST    	FCAB	0000	23
		i1_CleanStringArray		CODE           	69DE	0000	39
		PL200          		CODE           	12C0	0000	9
		PL42           		CODE           	200C	0000	31
		PL80           		CODE           	0A32	0000	19
		PL188          		CODE           	3C5C	0000	15
		PL378          		CODE           	555C	0000	11
		i1_EERD        		CODE           	6A74	0000	37
		PL110          		CODE           	0A5A	0000	13
		PL300          		CODE           	40BC	0000	11
		PL14           		CODE           	199A	0000	11
		PL52           		CODE           	202A	0000	11
		PL90           		CODE           	494C	0000	23
		_StandardAnswer_ERROR		MEDIUMCONST    	FD48	0000	7
		i1_GetDayOfWeekByDate		CODE           	5702	0000	135
		PL288          		CODE           	54C2	0000	15
		PL210          		CODE           	356A	0000	9
		PL400          		CODE           	357C	0000	9
		PL24           		CODE           	09CE	0000	17
		PL62           		CODE           	0A18	0000	13
		_StandardAnswer_NO_ANSWER		MEDIUMCONST    	FD36	0000	11
		PL198          		CODE           	1A34	0000	9
		PL388          		CODE           	6554	0000	11
		PL120          		CODE           	476C	0000	9
		PL310          		CODE           	3AC6	0000	11
		PL34           		CODE           	351A	0000	35
		PL72           		CODE           	6058	0000	25
		PL298          		CODE           	28A8	0000	11
		i1_FillArrayFromEEPROM		CODE           	663C	0000	55
		PL220          		CODE           	374C	0000	9
		PL410          		CODE           	66D4	0000	7
		PL44           		CODE           	56E2	0000	9
		PL82           		CODE           	19D2	0000	19
		PL398          		CODE           	20AA	0000	9
		PL130          		CODE           	0A96	0000	19
		PL320          		CODE           	28B2	0000	13
		PL16           		CODE           	1FC6	0000	35
		PL54           		CODE           	5254	0000	29
		PL92           		CODE           	3740	0000	13
		PL230          		CODE           	12C8	0000	9
		PL26           		CODE           	19AC	0000	19
		PL64           		CODE           	0A24	0000	15
		_StandardAnswer_NORMAL_POWER_DOWN		MEDIUMCONST    	FD0D	0000	19
		PL102          		CODE           	19E4	0000	15
		PL140          		CODE           	285A	0000	15
		PL330          		CODE           	5128	0000	13
		PL36           		CODE           	52EA	0000	25
		PL74           		CODE           	4934	0000	25
		PL202          		CODE           	0AF6	0000	9
		PL240          		CODE           	288A	0000	17
		PL46           		CODE           	09DE	0000	19
		PL84           		CODE           	354C	0000	17
		i1___lwdiv     		CODE           	639A	0000	75
		PL112          		CODE           	5310	0000	9
		PL302          		CODE           	2076	0000	11
		PL150          		CODE           	0AC4	0000	9
		PL340          		CODE           	28CA	0000	13
		PL18           		CODE           	19A4	0000	9
		PL56           		CODE           	19BE	0000	21
		PL94           		CODE           	4756	0000	23
		_StandardAnswer_NO_DIALTONE		MEDIUMCONST    	FD1F	0000	13
		i1_OutputSystemMessage		CODE           	487C	0000	185
		PL212          		CODE           	5070	0000	19
		PL402          		CODE           	20B2	0000	9
		PL250          		CODE           	12D0	0000	17
		PL28           		CODE           	1FE8	0000	19
		PL66           		CODE           	56EA	0000	9
		PL122          		CODE           	0A84	0000	19
		PL312          		CODE           	0B7E	0000	9
		PL160          		CODE           	65B6	0000	27
		PL350          		CODE           	24C2	0000	11
		PL38           		CODE           	2480	0000	15
		PL76           		CODE           	473E	0000	25
		PL222          		CODE           	53A0	0000	19
		PL412          		CODE           	679C	0000	9
		PL260          		CODE           	0B68	0000	15
		PL48           		CODE           	4422	0000	51
		PL86           		CODE           	5EC6	0000	23
		PL132          		CODE           	3390	0000	19
		PL322          		CODE           	3C6A	0000	13
		PL170          		CODE           	2498	0000	25
		PL360          		CODE           	208C	0000	11
		PL58           		CODE           	2034	0000	11
		PL96           		CODE           	5F96	0000	23
		i1___awdiv     		CODE           	5B70	0000	121
		PL232          		CODE           	0B24	0000	13
		PL270          		CODE           	12E0	0000	15
		PL68           		CODE           	353C	0000	17
		i1_ConvertDayToBit		CODE           	6804	0000	49
		i1_FillPhonebookCellFromEEPROM		CODE           	5F44	0000	83
		PL104          		CODE           	4454	0000	19
		PL142          		CODE           	355C	0000	15
		PL332          		CODE           	0B92	0000	9
		PL180          		CODE           	287E	0000	13
		PL370          		CODE           	132E	0000	11
		PL78           		CODE           	248E	0000	11
		i1_SendCommandToUSART		CODE           	6ABA	0000	35
		i1___wmul      		CODE           	69B8	0000	39
		PL204          		CODE           	0AFE	0000	9
		PL242          		CODE           	3158	0000	11
		PL280          		CODE           	12EE	0000	15
		PL88           		CODE           	5E5E	0000	23
		i1_lcd_send_byte		CODE           	6A50	0000	37
		i1_testTimePoint		CODE           	5986	0000	127
		PL114          		CODE           	4076	0000	31
		PL304          		CODE           	12FC	0000	11
		PL152          		CODE           	6BF0	0000	27
		PL342          		CODE           	28D6	0000	13
		PL190          		CODE           	2048	0000	11
		PL380          		CODE           	319C	0000	11
		PL98           		CODE           	0A44	0000	23
		i1_I2CInit     		CODE           	6D3C	0000	5
		i1___lwmod     		CODE           	64A8	0000	63
		PL214          		CODE           	6C80	0000	17
		PL404          		CODE           	4206	0000	9
		PL252          		CODE           	0B48	0000	13
		PL290          		CODE           	467C	0000	15
		i1_lcd_send_initial_half_byte		CODE           	6992	0000	39
		PL124          		CODE           	56F2	0000	17
		PL314          		CODE           	316C	0000	13
		PL162          		CODE           	3A9E	0000	17
		PL352          		CODE           	62AE	0000	11
		PL390          		CODE           	20A0	0000	11
		__initialization		CODE           	3E08	0000	351
		PL224          		CODE           	0B18	0000	13
		PL262          		CODE           	2052	0000	9
		_StandardAnswer_BUSY		MEDIUMCONST    	FD4E	0000	6
		i1___lmul      		CODE           	6304	0000	77
		PL134          		CODE           	0AA8	0000	19
		PL324          		CODE           	669A	0000	13
		PL172          		CODE           	58D6	0000	25
		PL362          		CODE           	477E	0000	9
		PL234          		CODE           	3908	0000	13
		PL272          		CODE           	0B76	0000	9
		i1___awmod     		CODE           	5EDC	0000	105
		_StandardAnswer_DTMF		MEDIUMCONST    	FD40	0000	9
		PL106          		CODE           	1286	0000	35
		PL144          		CODE           	597C	0000	11
		PL334          		CODE           	3184	0000	13
		PL182          		CODE           	3AB8	0000	9
		PL372          		CODE           	24D6	0000	11
		i1_FillMinutes 		CODE           	6BEE	0000	3
		i1___aldiv     		CODE           	4F14	0000	189
		PL206          		CODE           	4570	0000	21
		PL244          		CODE           	5D2C	0000	17
		PL282          		CODE           	5C52	0000	13
		PL116          		CODE           	6070	0000	9
		PL306          		CODE           	1306	0000	11
		PL154          		CODE           	4094	0000	29
		PL344          		CODE           	4874	0000	9
		PL192          		CODE           	0ADA	0000	15
		PL382          		CODE           	1338	0000	11
		PL216          		CODE           	0B06	0000	19
		PL406          		CODE           	1A64	0000	9
		PL254          		CODE           	0B54	0000	13
		PL292          		CODE           	2068	0000	15
		PL126          		CODE           	4962	0000	9
		PL316          		CODE           	2080	0000	13
		PL164          		CODE           	0ACC	0000	15
		PL354          		CODE           	54D0	0000	11
		PL392          		CODE           	1A5A	0000	11
		PL226          		CODE           	24B0	0000	9
		PL264          		CODE           	41EA	0000	15
		i1_getSystemTimePoint		CODE           	6CA2	0000	19
		PL136          		CODE           	3DF6	0000	19
		PL326          		CODE           	3178	0000	13
		PL174          		CODE           	3AAE	0000	11
		PL364          		CODE           	131A	0000	11
		i1_I2CSend     		CODE           	6C26	0000	27
		PL236          		CODE           	0B30	0000	13
		PL274          		CODE           	1A4C	0000	15
		PL108          		CODE           	4466	0000	9
		PL146          		CODE           	1A00	0000	15
		PL336          		CODE           	33A2	0000	13
		PL184          		CODE           	1A0E	0000	19
		PL374          		CODE           	4D94	0000	9
		PL208          		CODE           	54AE	0000	21
		PL246          		CODE           	3AC0	0000	7
		PL284          		CODE           	205A	0000	15
		i1_EEWR        		CODE           	6598	0000	31
		PL118          		CODE           	0A66	0000	31
		PL308          		CODE           	1310	0000	11
		PL156          		CODE           	40B0	0000	13
		PL346          		CODE           	4774	0000	11
		PL194          		CODE           	0AE8	0000	15
		PL384          		CODE           	40C6	0000	11
		PL218          		CODE           	51C8	0000	19
		PL408          		CODE           	420E	0000	9
		PL256          		CODE           	0B60	0000	9
		PL294          		CODE           	24B8	0000	11
		PL128          		CODE           	4862	0000	19
		PL318          		CODE           	0B86	0000	13
		PL166          		CODE           	203E	0000	11
		PL356          		CODE           	3572	0000	11
		PL394          		CODE           	6738	0000	9
		_StandardAnswer_CLOCK		MEDIUMCONST    	FCEF	0000	31
		PL228          		CODE           	58EE	0000	13
		PL266          		CODE           	41F8	0000	15
		_StandardAnswer_OK		MEDIUMCONST    	FD53	0000	4
		PL138          		CODE           	19F2	0000	15
		PL328          		CODE           	28BE	0000	13
		PL176          		CODE           	4552	0000	23
		PL366          		CODE           	24CC	0000	11
		PL2            		CODE           	6228	0000	23
		PL238          		CODE           	0B3C	0000	13
		PL276          		CODE           	4346	0000	15
		PL148          		CODE           	0ABA	0000	11
		PL338          		CODE           	3190	0000	13
		PL186          		CODE           	4568	0000	9
		PL376          		CODE           	2096	0000	11
		PL10           		CODE           	09BE	0000	17
		PL4            		CODE           	1982	0000	17
		PL248          		CODE           	1A3C	0000	17
		PL286          		CODE           	289A	0000	15
		PL20           		CODE           	43F6	0000	27
		_StandardAnswer_NO_CARRIER		MEDIUMCONST    	FD2B	0000	12
		PL158          		CODE           	5270	0000	13
		PL348          		CODE           	0B9A	0000	9
		PL196          		CODE           	1A20	0000	21
		PL386          		CODE           	28E2	0000	9
		PL30           		CODE           	1FFA	0000	19
		PL6            		CODE           	09AA	0000	21
		PL258          		CODE           	58FA	0000	15
		PL296          		CODE           	3162	0000	11
		PL40           		CODE           	623E	0000	31
		_StandardAnswer_INCCALL		MEDIUMCONST    	FCCB	0000	37
		PL168          		CODE           	12A8	0000	25
		PL358          		CODE           	641E	0000	11
		PL396          		CODE           	3C76	0000	9

shared estimated size: 5281

/opt/microchip/xc8/v1.37/sources/common/lbdiv.c
		___lbdiv       		CODE           	65D0	0000	55

/opt/microchip/xc8/v1.37/sources/common/lbdiv.c estimated size: 55

prog.c
		_GetNumericFromString		CODE           	6CB4	0000	19
		_I2CNak        		CODE           	6CF2	0000	11
		_ConvertDayToBit		CODE           	6740	0000	51
		_TelephoneCall 		CODE           	544A	0000	101
		_ReadDataOfCell		CODE           	54DA	0000	131
		_setDigit      		CODE           	527C	0000	111
		__CleanStringArray_interrupt		CODE           	6A2A	0000	39
		_SchedulerNew  		CODE           	4FD0	0000	161
		_FindIncommingData		CODE           	40D0	0000	283
		_FillMinutes   		CODE           	6D38	0000	5
		_EEWR          		CODE           	6ADC	0000	33
		_FillPhonebookCellFromEEPROM		CODE           	5E74	0000	83
		_TimeData_BlinkOFF		CODE           	6672	0000	41
		_GetStringLength		CODE           	68FA	0000	39
		_TimeEdit      		CODE           	03B0	0000	1531
		_testTimePoint 		CODE           	580A	0000	129
		_delay         		CODE           	6B58	0000	31
		_SignalsOnOff  		CODE           	3754	0000	437
		_I2CStop       		CODE           	6D10	0000	9
		_FindPhoneContactByNumber		CODE           	4E58	0000	189
		_ConvertCharToNumeric		CODE           	6428	0000	67
		__setInputTextProps		CODE           	2F9C	0000	445
		_lcd_send_byte 		CODE           	685E	0000	41
		_lcd_off       		CODE           	6CD6	0000	15
		_ReIndTimeEdit 		CODE           	33AE	0000	365
		_NumericToString		CODE           	446E	0000	229
		__load_TXREG   		CODE           	5CD0	0000	93
		_I2CAck        		CODE           	6CFC	0000	11
		_OutputString  		CODE           	51DA	0000	123
		_CleanStringArray		CODE           	6920	0000	39
		_Format_EEPROM_Memory		CODE           	5566	0000	141
		_ReadDataOfCell_interr		CODE           	5788	0000	131
		_main          		CODE           	3584	0000	445
		_ItemsToIndicator		CODE           	63E4	0000	59
		__getContainer_Clock_from_GSM		CODE           	6BB2	0000	31
		_ParseTime     		CODE           	5D3C	0000	105
		_F_h           		CODE           	0008	0000	129
		_UserDelay     		CODE           	64E6	0000	61
		_USART_Speed_Choise		CODE           	68AE	0000	39
		__FindIncommingData_interrupt		CODE           	4216	0000	291
		_GetTimeSource 		CODE           	6946	0000	39
		_I2CRead       		CODE           	6C0A	0000	29
		_EditSchedule  		CODE           	1342	0000	1601
		_Init_USART    		CODE           	6140	0000	97
		_system_BlinkReset		CODE           	6B3A	0000	31
		_getSystemTimePoint		CODE           	6C90	0000	19
		_InputText     		CODE           	0BA2	0000	1735
		_ReadTime      		CODE           	5908	0000	117
		_ShowSchedulerMenu		CODE           	4C00	0000	211
		_WriteTime     		CODE           	3C7E	0000	343
		_TimeToInd     		CODE           	1A6C	0000	1371
		_FillArrayFromEEPROM_interr		CODE           	66DA	0000	53
		__getContainer_Incomming_DTMF_Data		CODE           	6B76	0000	31
		_WorkingWithGSM		CODE           	4584	0000	249
		_WriteArrayToEEPROM		CODE           	655E	0000	59
		__getContainer_Incomming_Call_Data		CODE           	6B94	0000	31
		_AddByteToUSARTbuff		CODE           	4B26	0000	219
		_F_l           		CODE           	0018	0000	917
		_getLcdCodeOfChar		CODE           	28EA	0000	991
		_setBlink      		CODE           	61FE	0000	43
		_SetTimeSource 		CODE           	66A6	0000	47
		_FindNextTimeStart		CODE           	3914	0000	395
		_lcd_send_initial_half_byte		CODE           	670E	0000	43
		_GetDayOfWeek  		CODE           	5A04	0000	125
		_Init_GSM      		CODE           	4786	0000	221
		_FillArrayFromEEPROM		CODE           	6606	0000	55
		_TimeData_INIT 		CODE           	4354	0000	163
		_ProcessIncommingUartData		CODE           	20BA	0000	967
		_I2CRestart    		CODE           	6D30	0000	9
		_Save_USART_SpeedNumber		CODE           	6C6A	0000	21
		_RefreshSchedulerIndicator		CODE           	3AD0	0000	397
		_EERD          		CODE           	696C	0000	39
		_SendCommandToUSART		CODE           	6A98	0000	35
		__GetStringLength_interr		CODE           	6A04	0000	39
		_WritePhonebookCellToEEPROM		CODE           	5E0C	0000	83
		_I2CStart      		CODE           	6D18	0000	9
		_Read_USART_SpeedNumber		CODE           	6CE4	0000	15
		_ProcessSystemMessageShowing		CODE           	6D06	0000	11
		_SendSymbolToLCD		CODE           	5BE8	0000	95
		_lcd_on        		CODE           	6CC6	0000	17
		_InteractiveData_BlinkOFF		CODE           	67D4	0000	49
		_getNumChar    		CODE           	5FAC	0000	103
		_Select_OK_NO  		CODE           	6522	0000	51
		_BCD_to_DEC    		CODE           	6C40	0000	23
		_entNum        		CODE           	67A4	0000	49
		_DEC_to_BCD    		CODE           	6834	0000	43
		_Settings      		CODE           	496A	0000	227
		_ParseDataRecord		CODE           	588A	0000	77
		_CalculateClockDelta		CODE           	5082	0000	167
		_ShowMenu      		CODE           	3F74	0000	259
		_OutputInteractiveData		CODE           	567A	0000	105
		_DeleteDataOfCell		CODE           	6772	0000	43
		_GetDayOfWeekByDate		CODE           	55F2	0000	137
		_main2         		CODE           	31A6	0000	491
		_I2CInit       		CODE           	6C7E	0000	3
		_clrInd        		CODE           	6012	0000	71
		_I2CSend       		CODE           	6B1C	0000	31
		_ConvKeyNum    		CODE           	60DC	0000	101
		_lcd_init      		CODE           	4CD2	0000	195
		_OutputSystemMessage		CODE           	468A	0000	181
		_FindCell      		CODE           	4A4C	0000	219
		_PhonebookEdit 		CODE           	24E0	0000	891
		_CheckoutRegisterOfSymbol		CODE           	2CC8	0000	725
		_WriteDataOfCell		CODE           	625C	0000	83
		_Scheduler     		CODE           	5134	0000	149

prog.c estimated size: 21739

/opt/microchip/xc8/v1.37/sources/common/Umul16.c
		___wmul        		CODE           	68D4	0000	39

/opt/microchip/xc8/v1.37/sources/common/Umul16.c estimated size: 39

/opt/microchip/xc8/v1.37/sources/common/lwmod.c
		___lwmod       		CODE           	646A	0000	63

/opt/microchip/xc8/v1.37/sources/common/lwmod.c estimated size: 63

