Microchip MPLAB XC8 Compiler V1.38 ()

Linker command line:

-W9 --edf=C:\Program Files (x86)\Microchip\xc8\v1.38\dat\en_msgs.txt -cs \
  -h+dist/default/production\Water_PIC18_test.production.sym \
  --cmf=dist/default/production\Water_PIC18_test.production.cmf -z \
  -Q18F2620 -oC:\Users\Vadim\AppData\Local\Temp\s360.2 \
  -Mdist/default/production/Water_PIC18_test.production.map -E1 -ver=XC8 \
  --acfsm=1493 -ASTACK=0D65h-0f7fh -pstack=STACK -ACODE=00h-0FFFFh \
  -ACONST=00h-0FFFFh -ASMALLCONST=01000h-010FFhx240 \
  -AMEDIUMCONST=01000h-0FFFFh -ACOMRAM=01h-07Fh -AABS1=00h-0F7Fh \
  -ABIGRAM=01h-0F7Fh -ARAM=080h-0FFh,0100h-01FFhx14,0F00h-0F7Fh \
  -ABANK0=080h-0FFh -ABANK1=0100h-01FFh -ABANK2=0200h-02FFh \
  -ABANK3=0300h-03FFh -ABANK4=0400h-04FFh -ABANK5=0500h-05FFh \
  -ABANK6=0600h-06FFh -ABANK7=0700h-07FFh -ABANK8=0800h-08FFh \
  -ABANK9=0900h-09FFh -ABANK10=0A00h-0AFFh -ABANK11=0B00h-0BFFh \
  -ABANK12=0C00h-0CFFh -ABANK13=0D00h-0DFFh -ABANK14=0E00h-0EFFh \
  -ABANK15=0F00h-0F7Fh -ASFR=0F80h-0FFFh \
  -preset_vec=00h,intcode=08h,intcodelo=018h,powerup,init,end_init \
  -pramtop=01000h -psmallconst=SMALLCONST -pmediumconst=MEDIUMCONST \
  -pconst=CONST -AFARRAM=00h-00h -ACONFIG=0300000h-030000Dh -pconfig=CONFIG \
  -AIDLOC=0200000h-0200007h -pidloc=IDLOC -AEEDATA=0F00000h-0F003FFh \
  -peeprom_data=EEDATA \
  -prdata=COMRAM,nvrram=COMRAM,nvbit=COMRAM,rbss=COMRAM,rbit=COMRAM \
  -pfarbss=FARRAM,fardata=FARRAM,nvFARRAM=FARRAM \
  -pintsave_regs=BIGRAM,bigbss=BIGRAM,bigdata=BIGRAM -pbss=RAM \
  -pidata=CODE,irdata=CODE,ibigdata=CODE,ifardata=CODE -prparam=COMRAM \
  C:\Users\Vadim\AppData\Local\Temp\s360.obj \
  dist/default/production\Water_PIC18_test.production.obj 

Object code version is 3.11

Machine type is 18F2620

Call graph: (short form)




                Name                               Link     Load   Length Selector   Space Scale
C:\Users\Vadim\AppData\Local\Temp\s360.obj
                end_init                            332      332        4        C       0
                reset_vec                             0        0        4        0       0
                config                           300000   300000        E   300000       0
dist/default/production\Water_PIC18_test.production.obj
                intcodelo                            18       18      31A        C       0
                intcode                               8        8        E        4       0
                temp                                 7E       7E        1        1       1
                mediumconst                        FB8A     FB8A      476     7DC5       0
                text160                            8EB0     8EB0       26     465E       0
                text159                            69F0     69F0       EC        C       0
                text158                            8ED6     8ED6       24     465E       0
                text157                            8B54     8B54       32     3CDA       0
                text156                            79B4     79B4       82     3CDA       0
                text155                            8BB6     8BB6       30     3CDA       0
                text154                            8FA0     8FA0       20     465E       0
                text153                            6EBC     6EBC       BC        C       0
                text152                            871C     871C       4A     3CDA       0
                text151                            88F2     88F2       3E     3CDA       0
                text150                            57E2     57E2      1BA        C       0
                text149                            7F6A     7F6A       6C     3CDA       0
                text148                            9202     9202        6     48ED       0
                intcode_body                       64AE     64AE      124        C       0
                text146                            82AC     82AC       66     3CDA       0
                text145                            6E00     6E00       BC        C       0
                text144                            70E0     70E0       B0        C       0
                text143                            8E8A     8E8A       26     465E       0
                text142                            8A84     8A84       36     3CDA       0
                text141                            81DE     81DE       68     3CDA       0
                text140                            6F78     6F78       B8        C       0
                text139                            87F0     87F0       44     3CDA       0
                text138                            917C     917C       12     47F0       0
                text137                            8E64     8E64       26     465E       0
                text136                            8E3E     8E3E       26     465E       0
                text135                            5FDE     5FDE      144        C       0
                text134                            8E18     8E18       26     465E       0
                text133                            90B2     90B2       1E     47F0       0
                text132                            9094     9094       1E     47F0       0
                text131                            9076     9076       1E     47F0       0
                text130                            89E0     89E0       38     3CDA       0
                text129                            7E86     7E86       78     3CDA       0
                text128                            8176     8176       68     3CDA       0
                text127                            8DF2     8DF2       26     465E       0
                text126                            7822     7822       88     3B87       0
                text125                            638A     638A      124        C       0
                text124                            8F3E     8F3E       22     465E       0
                text123                            8686     8686       4C     3CDA       0
                text122                            8546     8546       54     3CDA       0
                text121                            8D0C     8D0C       28     465E       0
                text120                            6C82     6C82       C2        C       0
                text119                            919E     919E       10     47F0       0
                text118                            85EA     85EA       50     3CDA       0
                text117                            8874     8874       40     3CDA       0
                text116                            30DE     30DE      570        C       0
                text115                            91AE     91AE        E     47F0       0
                text114                            9108     9108       18     47F0       0
                text113                            91C6     91C6        A     47F0       0
                text112                            91BC     91BC        A     47F0       0
                text111                            9058     9058       1E     47F0       0
                text110                            91FA     91FA        8     48ED       0
                text109                            9208     9208        4     48ED       0
                text108                            903A     903A       1E     47F0       0
                text107                            91F2     91F2        8     48ED       0
                text106                            91EA     91EA        8     48ED       0
                text105                            916A     916A       12     47F0       0
                text104                            7E0E     7E0E       78     3CDA       0
                text103                            78AA     78AA       86     3B87       0
                text102                            8F1C     8F1C       22     465E       0
                text101                            723A     723A       A6        C       0
                text100                            3F4C     3F4C      3E6        C       0
                text98                             8DCC     8DCC       26     465E       0
                text97                             8EFA     8EFA       22     465E       0
                text96                             901C     901C       1E     47F0       0
                text95                             8DA6     8DA6       26     465E       0
                text94                             7B32     7B32       7E     3CDA       0
                text93                             8A4E     8A4E       36     3CDA       0
                text92                             770E     770E       8C     3B87       0
                text91                             863A     863A       4C     3CDA       0
                text90                             546A     546A      1BE        C       0
                text89                             7BB0     7BB0       7C     3CDA       0
                text88                             6D44     6D44       BC        C       0
                text87                             74C2     74C2       9A        C       0
                text86                             8246     8246       66     3CDA       0
                text85                             66EA     66EA      116        C       0
                text84                             86D2     86D2       4A     3CDA       0
                text83                             88B4     88B4       3E     3CDA       0
                text82                             810E     810E       68     3CDA       0
                text81                             859A     859A       50     3CDA       0
                text80                             3ACE     3ACE      47E        C       0
                text79                             4958     4958      2D4        C       0
                text78                             8B86     8B86       30     3CDA       0
                text77                             8496     8496       5C     3CDA       0
                text76                             755C     755C       94        C       0
                text75                             7C2C     7C2C       7A     3CDA       0
                text74                             7384     7384       A0        C       0
                text73                             8376     8376       64     3CDA       0
                text72                             4E70     4E70      234        C       0
                text71                             90EC     90EC       1C     47F0       0
                text70                             9158     9158       12     47F0       0
                text69                             7D96     7D96       78     3CDA       0
                text68                             1252     1252      8D6        C       0
                text67                             8F80     8F80       20     465E       0
                text66                             7EFE     7EFE       6C     3CDA       0
                text65                             80A6     80A6       68     3CDA       0
                text64                             8F60     8F60       20     465E       0
                text63                             6260     6260      12A        C       0
                text62                             89A6     89A6       3A     3CDA       0
                text61                             7AB4     7AB4       7E     3CDA       0
                text60                             6122     6122      13E        C       0
                text59                             75F0     75F0       90        C       0
                text58                             896C     896C       3A     3CDA       0
                text57                             803E     803E       68     3CDA       0
                text56                             364E     364E      480        C       0
                text55                             8834     8834       40     3CDA       0
                text54                             8C12     8C12       2C     3CDA       0
                text53                             7030     7030       B0        C       0
                text52                             8D80     8D80       26     465E       0
                text51                             5E8C     5E8C      152        C       0
                text50                              336      336      F1C        C       0
                text49                             7424     7424       9E        C       0
                text48                             7A36     7A36       7E     3CDA       0
                text47                             467A     467A      2DE        C       0
                text46                             83DA     83DA       60     3CDA       0
                text45                             90D0     90D0       1C     47F0       0
                text44                             8930     8930       3C     3CDA       0
                text43                             5B44     5B44      1A6        C       0
                text42                             918E     918E       10     47F0       0
                text41                             9120     9120       14     47F0       0
                text40                             7D1E     7D1E       78     3CDA       0
                text39                             7FD6     7FD6       68     3CDA       0
                text38                             8D5A     8D5A       26     465E       0
                text37                             779A     779A       88     3B87       0
                text36                             528C     528C      1DE        C       0
                text35                             8BE6     8BE6       2C     3CDA       0
                text34                             8AEE     8AEE       34     3CDA       0
                text33                             65D2     65D2      118        C       0
                text32                             8A18     8A18       36     3CDA       0
                text31                             8CE4     8CE4       28     465E       0
                text30                             8C68     8C68       2A     3CDA       0
                text29                             9146     9146       12     47F0       0
                text28                             8FFE     8FFE       1E     47F0       0
                text27                             91E2     91E2        8     48ED       0
                text26                             91DA     91DA        8     48ED       0
                text25                             7CA6     7CA6       78     3CDA       0
                text24                             8312     8312       64     3CDA       0
                text23                             599C     599C      1A8        C       0
                text22                             8C3E     8C3E       2A     3CDA       0
                text21                             1B28     1B28      7CE        C       0
                text20                             8D34     8D34       26     465E       0
                text19                             4C2C     4C2C      244        C       0
                text18                             8ABA     8ABA       34     3CDA       0
                text17                             8B22     8B22       32     3CDA       0
                text16                             87AC     87AC       44     3CDA       0
                text15                             843A     843A       5C     3CDA       0
                text14                             22F6     22F6      6FA        C       0
                text13                             68FC     68FC       F4        C       0
                text12                             5628     5628      1BA        C       0
                text11                             7190     7190       AA        C       0
                text10                             6ADC     6ADC       D4        C       0
                text9                              72E0     72E0       A4        C       0
                text8                              29F0     29F0      6EE        C       0
                text7                              6800     6800       FC        C       0
                text6                              84F2     84F2       54     3CDA       0
                text5                              8CBC     8CBC       28     465E       0
                text4                              9134     9134       12     47F0       0
                text3                              6BB0     6BB0       D2        C       0
                text2                              8FE0     8FE0       1E     47F0       0
                text1                              4332     4332      348        C       0
                text0                              50A4     50A4      1E8        C       0
                cstackCOMRAM                          1        1       46        1       1
                cstackBANK0                          80       80       62       80       1
                cstackBANK1                         100      100       72      100       1
                cstackBANK2                         200      200       FE      200       1
                cstackBANK3                         300      300       FC      300       1
                cstackBANK4                         483      483       5C      400       1
                cstackBANK11                        B00      B00       65      B00       1
                bssBIGRAM                           B65      B65      200      B65       1
                bssBANK10                           A00      A00      100      A00       1
                bssBANK9                            900      900      100      900       1
                bssBANK8                            800      800      100      800       1
                bssBANK7                            700      700      100      700       1
                dataBANK6                           664      664       46      600       1
                bssBANK6                            600      600       64      600       1
                dataBANK5                           500      500       8D      500       1
                bssBANK5                            58D      58D       6C      500       1
                dataBANK4                           400      400       83      400       1
                bssBANK4                            4DF      4DF        8      400       1
                dataBANK3                           3FC      3FC        1      300       1
                dataBANK2                           2FF      2FF        1      200       1
                bssBANK2                            2FE      2FE        1      200       1
                dataBANK1                           194      194       1F      100       1
                bssBANK1                            172      172       22      100       1
                dataBANK0                            F0       F0        9       80       1
                bssBANK0                             E2       E2        E       80       1
                dataCOMRAM                           47       47       29        1       1
                bssCOMRAM                            70       70        E        1       1
                cinit                              5CEA     5CEA      1A2        C       0
                idataBANK6                         8766     8766       46     3CDA       0
                idataBANK5                         7680     7680       8D        C       0
                idataBANK4                         7930     7930       83     3B87       0
                idataBANK3                         920D     920D        1     48ED       0
                idataBANK2                         920C     920C        1     48ED       0
                idataBANK1                         8FC0     8FC0       1F     465E       0
                idataBANK0                         91D0     91D0        9     47F0       0
                idataCOMRAM                        8C92     8C92       29     3CDA       0

TOTAL           Name                               Link     Load   Length     Space
        CLASS   STACK          

        CLASS   CODE           
                end_init                            332      332        4         0
                intcodelo                            18       18      31A         0
                intcode                               8        8        E         0
                reset_vec                             0        0        4         0
                text160                            8EB0     8EB0       26         0
                text159                            69F0     69F0       EC         0
                text158                            8ED6     8ED6       24         0
                text157                            8B54     8B54       32         0
                text156                            79B4     79B4       82         0
                text155                            8BB6     8BB6       30         0
                text154                            8FA0     8FA0       20         0
                text153                            6EBC     6EBC       BC         0
                text152                            871C     871C       4A         0
                text151                            88F2     88F2       3E         0
                text150                            57E2     57E2      1BA         0
                text149                            7F6A     7F6A       6C         0
                text148                            9202     9202        6         0
                intcode_body                       64AE     64AE      124         0
                text146                            82AC     82AC       66         0
                text145                            6E00     6E00       BC         0
                text144                            70E0     70E0       B0         0
                text143                            8E8A     8E8A       26         0
                text142                            8A84     8A84       36         0
                text141                            81DE     81DE       68         0
                text140                            6F78     6F78       B8         0
                text139                            87F0     87F0       44         0
                text138                            917C     917C       12         0
                text137                            8E64     8E64       26         0
                text136                            8E3E     8E3E       26         0
                text135                            5FDE     5FDE      144         0
                text134                            8E18     8E18       26         0
                text133                            90B2     90B2       1E         0
                text132                            9094     9094       1E         0
                text131                            9076     9076       1E         0
                text130                            89E0     89E0       38         0
                text129                            7E86     7E86       78         0
                text128                            8176     8176       68         0
                text127                            8DF2     8DF2       26         0
                text126                            7822     7822       88         0
                text125                            638A     638A      124         0
                text124                            8F3E     8F3E       22         0
                text123                            8686     8686       4C         0
                text122                            8546     8546       54         0
                text121                            8D0C     8D0C       28         0
                text120                            6C82     6C82       C2         0
                text119                            919E     919E       10         0
                text118                            85EA     85EA       50         0
                text117                            8874     8874       40         0
                text116                            30DE     30DE      570         0
                text115                            91AE     91AE        E         0
                text114                            9108     9108       18         0
                text113                            91C6     91C6        A         0
                text112                            91BC     91BC        A         0
                text111                            9058     9058       1E         0
                text110                            91FA     91FA        8         0
                text109                            9208     9208        4         0
                text108                            903A     903A       1E         0
                text107                            91F2     91F2        8         0
                text106                            91EA     91EA        8         0
                text105                            916A     916A       12         0
                text104                            7E0E     7E0E       78         0
                text103                            78AA     78AA       86         0
                text102                            8F1C     8F1C       22         0
                text101                            723A     723A       A6         0
                text100                            3F4C     3F4C      3E6         0
                text98                             8DCC     8DCC       26         0
                text97                             8EFA     8EFA       22         0
                text96                             901C     901C       1E         0
                text95                             8DA6     8DA6       26         0
                text94                             7B32     7B32       7E         0
                text93                             8A4E     8A4E       36         0
                text92                             770E     770E       8C         0
                text91                             863A     863A       4C         0
                text90                             546A     546A      1BE         0
                text89                             7BB0     7BB0       7C         0
                text88                             6D44     6D44       BC         0
                text87                             74C2     74C2       9A         0
                text86                             8246     8246       66         0
                text85                             66EA     66EA      116         0
                text84                             86D2     86D2       4A         0
                text83                             88B4     88B4       3E         0
                text82                             810E     810E       68         0
                text81                             859A     859A       50         0
                text80                             3ACE     3ACE      47E         0
                text79                             4958     4958      2D4         0
                text78                             8B86     8B86       30         0
                text77                             8496     8496       5C         0
                text76                             755C     755C       94         0
                text75                             7C2C     7C2C       7A         0
                text74                             7384     7384       A0         0
                text73                             8376     8376       64         0
                text72                             4E70     4E70      234         0
                text71                             90EC     90EC       1C         0
                text70                             9158     9158       12         0
                text69                             7D96     7D96       78         0
                text68                             1252     1252      8D6         0
                text67                             8F80     8F80       20         0
                text66                             7EFE     7EFE       6C         0
                text65                             80A6     80A6       68         0
                text64                             8F60     8F60       20         0
                text63                             6260     6260      12A         0
                text62                             89A6     89A6       3A         0
                text61                             7AB4     7AB4       7E         0
                text60                             6122     6122      13E         0
                text59                             75F0     75F0       90         0
                text58                             896C     896C       3A         0
                text57                             803E     803E       68         0
                text56                             364E     364E      480         0
                text55                             8834     8834       40         0
                text54                             8C12     8C12       2C         0
                text53                             7030     7030       B0         0
                text52                             8D80     8D80       26         0
                text51                             5E8C     5E8C      152         0
                text50                              336      336      F1C         0
                text49                             7424     7424       9E         0
                text48                             7A36     7A36       7E         0
                text47                             467A     467A      2DE         0
                text46                             83DA     83DA       60         0
                text45                             90D0     90D0       1C         0
                text44                             8930     8930       3C         0
                text43                             5B44     5B44      1A6         0
                text42                             918E     918E       10         0
                text41                             9120     9120       14         0
                text40                             7D1E     7D1E       78         0
                text39                             7FD6     7FD6       68         0
                text38                             8D5A     8D5A       26         0
                text37                             779A     779A       88         0
                text36                             528C     528C      1DE         0
                text35                             8BE6     8BE6       2C         0
                text34                             8AEE     8AEE       34         0
                text33                             65D2     65D2      118         0
                text32                             8A18     8A18       36         0
                text31                             8CE4     8CE4       28         0
                text30                             8C68     8C68       2A         0
                text29                             9146     9146       12         0
                text28                             8FFE     8FFE       1E         0
                text27                             91E2     91E2        8         0
                text26                             91DA     91DA        8         0
                text25                             7CA6     7CA6       78         0
                text24                             8312     8312       64         0
                text23                             599C     599C      1A8         0
                text22                             8C3E     8C3E       2A         0
                text21                             1B28     1B28      7CE         0
                text20                             8D34     8D34       26         0
                text19                             4C2C     4C2C      244         0
                text18                             8ABA     8ABA       34         0
                text17                             8B22     8B22       32         0
                text16                             87AC     87AC       44         0
                text15                             843A     843A       5C         0
                text14                             22F6     22F6      6FA         0
                text13                             68FC     68FC       F4         0
                text12                             5628     5628      1BA         0
                text11                             7190     7190       AA         0
                text10                             6ADC     6ADC       D4         0
                text9                              72E0     72E0       A4         0
                text8                              29F0     29F0      6EE         0
                text7                              6800     6800       FC         0
                text6                              84F2     84F2       54         0
                text5                              8CBC     8CBC       28         0
                text4                              9134     9134       12         0
                text3                              6BB0     6BB0       D2         0
                text2                              8FE0     8FE0       1E         0
                text1                              4332     4332      348         0
                text0                              50A4     50A4      1E8         0
                cinit                              5CEA     5CEA      1A2         0
                idataBANK6                         8766     8766       46         0
                idataBANK5                         7680     7680       8D         0
                idataBANK4                         7930     7930       83         0
                idataBANK3                         920D     920D        1         0
                idataBANK2                         920C     920C        1         0
                idataBANK1                         8FC0     8FC0       1F         0
                idataBANK0                         91D0     91D0        9         0
                idataCOMRAM                        8C92     8C92       29         0

        CLASS   CONST          

        CLASS   SMALLCONST     

        CLASS   MEDIUMCONST    
                mediumconst                        FB8A     FB8A      476         0

        CLASS   COMRAM         
                temp                                 7E       7E        1         1
                cstackCOMRAM                          1        1       46         1
                dataCOMRAM                           47       47       29         1
                bssCOMRAM                            70       70        E         1

        CLASS   ABS1           

        CLASS   BIGRAM         
                bssBIGRAM                           B65      B65      200         1

        CLASS   RAM            

        CLASS   BANK0          
                cstackBANK0                          80       80       62         1
                dataBANK0                            F0       F0        9         1
                bssBANK0                             E2       E2        E         1

        CLASS   BANK1          
                cstackBANK1                         100      100       72         1
                dataBANK1                           194      194       1F         1
                bssBANK1                            172      172       22         1

        CLASS   BANK2          
                cstackBANK2                         200      200       FE         1
                dataBANK2                           2FF      2FF        1         1
                bssBANK2                            2FE      2FE        1         1

        CLASS   BANK3          
                cstackBANK3                         300      300       FC         1
                dataBANK3                           3FC      3FC        1         1

        CLASS   BANK4          
                cstackBANK4                         483      483       5C         1
                dataBANK4                           400      400       83         1
                bssBANK4                            4DF      4DF        8         1

        CLASS   BANK5          
                dataBANK5                           500      500       8D         1
                bssBANK5                            58D      58D       6C         1

        CLASS   BANK6          
                dataBANK6                           664      664       46         1
                bssBANK6                            600      600       64         1

        CLASS   BANK7          
                bssBANK7                            700      700      100         1

        CLASS   BANK8          
                bssBANK8                            800      800      100         1

        CLASS   BANK9          
                bssBANK9                            900      900      100         1

        CLASS   BANK10         
                bssBANK10                           A00      A00      100         1

        CLASS   BANK11         
                cstackBANK11                        B00      B00       65         1

        CLASS   BANK12         

        CLASS   BANK13         

        CLASS   BANK14         

        CLASS   BANK15         

        CLASS   SFR            

        CLASS   FARRAM         

        CLASS   CONFIG         
                config                           300000   300000        E         0

        CLASS   IDLOC          

        CLASS   EEDATA         



SEGMENTS        Name                           Load    Length   Top    Selector   Space  Class

                reset_vec                      000000  000004  000004         0       0  CODE    
                cstackCOMRAM                   000001  00007E  00007F         1       1  COMRAM  
                intcode                        000008  00000E  000016         4       0  CODE    
                intcodelo                      000018  0076F5  00770D         C       0  CODE    
                cstackBANK0                    000080  000079  0000F9        80       1  BANK0   
                cstackBANK1                    000100  0000B3  0001B3       100       1  BANK1   
                cstackBANK2                    000200  000100  000300       200       1  BANK2   
                cstackBANK3                    000300  0000FD  0003FD       300       1  BANK3   
                dataBANK4                      000400  0000E7  0004E7       400       1  BANK4   
                dataBANK5                      000500  0000F9  0005F9       500       1  BANK5   
                bssBANK6                       000600  0000AA  0006AA       600       1  BANK6   
                bssBANK7                       000700  000100  000800       700       1  BANK7   
                bssBANK8                       000800  000100  000900       800       1  BANK8   
                bssBANK9                       000900  000100  000A00       900       1  BANK9   
                bssBANK10                      000A00  000100  000B00       A00       1  BANK10  
                cstackBANK11                   000B00  000065  000B65       B00       1  BANK11  
                bssBIGRAM                      000B65  000200  000D65       B65       1  BIGRAM  
                text92                         00770E  0002A5  0079B3      3B87       0  CODE    
                text156                        0079B4  001307  008CBB      3CDA       0  CODE    
                text5                          008CBC  000323  008FDF      465E       0  CODE    
                text2                          008FE0  0001F9  0091D9      47F0       0  CODE    
                text26                         0091DA  000034  00920E      48ED       0  CODE    
                mediumconst                    00FB8A  000476  010000      7DC5       0  MEDIUMCO
                config                         300000  00000E  30000E    300000       0  CONFIG  


UNUSED ADDRESS RANGES

        Name                Unused          Largest block    Delta
        BANK0            0000F9-0000FF                7
        BANK1            0001B3-0001FF               4D
        BANK13           000D65-000DFF               9B
        BANK14           000E00-000EFF              100
        BANK15           000F00-000F7F               80
        BANK3            0003FD-0003FF                3
        BANK4            0004E7-0004FF               19
        BANK5            0005F9-0005FF                7
        BANK6            0006AA-0006FF               56
        BIGRAM           00007F-00007F                1
                         0000F9-0000FF                7
                         0001B3-0001FF               4D
                         0003FD-0003FF                3
                         0004E7-0004FF               19
                         0005F9-0005FF                7
                         0006AA-0006FF               56
                         000D65-000F7F              21B
        CODE             000004-000007                4
                         000016-000017                2
                         00770D-00770D                1
                         0079B3-0079B3                1
                         008CBB-008CBB                1
                         008FDF-008FDF                1
                         0091D9-0091D9                1
                         00920E-00FB89             697C
        COMRAM           00007F-00007F                1
        CONST            000004-000007                4
                         000016-000017                2
                         00770D-00770D                1
                         0079B3-0079B3                1
                         008CBB-008CBB                1
                         008FDF-008FDF                1
                         0091D9-0091D9                1
                         00920E-00FB89             697C
        EEDATA           F00000-F003FF              400
        IDLOC            200000-200007                8
        MEDIUMCONST      00770D-00770D                1
                         0079B3-0079B3                1
                         008CBB-008CBB                1
                         008FDF-008FDF                1
                         0091D9-0091D9                1
                         00920E-00FB89             697C
        RAM              0000F9-0000FF                7
                         0001B3-0001FF               4D
                         0003FD-0003FF                3
                         0004E7-0004FF               19
                         0005F9-0005FF                7
                         0006AA-0006FF               56
                         000D65-000F7F              100
        SFR              000F80-000FFF               80
        SMALLCONST       00770D-00770D                1
                         0079B3-0079B3                1
                         008CBB-008CBB                1
                         008FDF-008FDF                1
                         0091D9-0091D9                1
                         00920E-00FB89              100
        STACK            000D65-000F7F              21B

                                  Symbol Table

?_EncodePhoneNumberToPDU                    cstackBANK1  000156
?_FindCell                                  cstackBANK1  00016A
?_FindNextTimeStart                         cstackBANK1  00016A
?_FindPhoneContactByNumber                  cstackBANK0  000091
?_GetDayOfWeek                              cstackBANK1  00014D
?_GetStringLength                           cstackBANK1  00014D
?_GetSystemInfo                             cstackBANK1  000170
?_GetUnicodeSymbol                          cstackBANK1  00014D
?_InputText                                 cstackBANK1  000164
?_RefreshSchedulerIndicator                 cstackBANK2  000214
?__GetStringLength_interr                   cstackBANK0  000080
?___aldiv                                   cstackBANK1  00014D
?___almod                                   cstackBANK1  00014D
?___awdiv                                   cstackBANK1  000153
?___awmod                                   cstackBANK1  00015B
?___lldiv                                   cstackBANK1  00014D
?___llmod                                   cstackBANK1  00014D
?___lmul                                    cstackBANK1  00014D
?___lwdiv                                   cstackBANK1  00014D
?___lwmod                                   cstackBANK1  00014D
?___wmul                                    cstackBANK1  00014D
?__getContainer_Clock_from_GSM              cstackBANK0  000087
?__getContainer_Incomming_Call_Data         cstackBANK0  000087
?__getContainer_Incomming_DTMF_Data         cstackBANK0  000087
?_getSystemTimePoint                        cstackBANK1  00014D
?_strlen                                    cstackBANK1  00014D
?i1___aldiv                                 cstackBANK0  000080
?i1___awdiv                                 cstackBANK0  000086
?i1___awmod                                 cstackBANK0  00008E
?i1___lmul                                  cstackBANK0  00009A
?i1___wmul                                  cstackBANK0  000080
?i1_getSystemTimePoint                      cstackBANK0  000080
?i2___aldiv                                 cstackCOMRAM 000001
?i2___lwdiv                                 cstackCOMRAM 000001
?i2___lwmod                                 cstackCOMRAM 000001
AddByteToUSARTbuff@buff                     cstackCOMRAM 00000A
AddByteToUSARTbuff@byte                     cstackCOMRAM 00000C
AddByteToUSARTbuff@i                        cstackCOMRAM 00000D
AddByteToUSARTbuff@i_1858                   cstackCOMRAM 00000F
AddByteToUSARTbuff@lastdata                 bssCOMRAM    000078
BCD_to_DEC@BCD                              cstackBANK0  000081
CalculateClockDelta@newTime                 cstackBANK0  00008E
CheckoutRegisterOfSymbol@dig                cstackBANK1  00014D
CleanStringArray@i                          cstackBANK1  000152
CleanStringArray@myArray                    cstackBANK1  00014D
CleanStringArray@settingData                cstackBANK1  000151
CleanStringArray@size                       cstackBANK1  00014F
ConvKeyNum@Num                              cstackBANK0  000080
ConvertCharToNumeric@symbol                 cstackBANK0  000080
ConvertDayToBit@DayNumber                   cstackBANK1  00014D
DEC_to_BCD@DEC                              cstackBANK1  000152
DeleteDataOfCell@CellsData                  cstackBANK1  00015C
DeleteDataOfCell@TargetAdress               cstackBANK1  00015A
DialDTMF@F3736                              dataBANK1    000197
DialDTMF@F3739                              dataBANK5    000566
DialDTMF@props                              cstackBANK3  0003DF
DialDTMF@s                                  cstackBANK3  0003D2
DialDTMF@string                             cstackBANK3  0003DD
EERD@EEDATA_BUP                             cstackBANK1  000150
EERD@INTCON_BUP                             cstackBANK1  00014F
EERD@adress                                 cstackBANK1  00014D
EEWR@INTCON_BUP                             cstackBANK1  000150
EEWR@adress                                 cstackBANK1  00014D
EEWR@data                                   cstackBANK1  00014F
EditSchedule@BeginEditTimes                 cstackBANK2  000234
EditSchedule@CellsData                      cstackBANK2  00022A
EditSchedule@Data                           cstackBANK2  000286
EditSchedule@Days                           cstackBANK2  00027F
EditSchedule@HH                             cstackBANK2  000235
EditSchedule@HL                             cstackBANK2  000236
EditSchedule@MH                             cstackBANK2  000237
EditSchedule@ML                             cstackBANK2  000238
EditSchedule@OK                             cstackBANK2  000252
EditSchedule@Signals                        cstackBANK2  000280
EditSchedule@SourceOfRecord                 cstackBANK1  00016C
EditSchedule@T                              cstackBANK2  000239
EditSchedule@TargetAdress                   cstackBANK2  000232
EditSchedule@TimeStart                      cstackBANK2  00024E
EditSchedule@TimeStop                       cstackBANK2  000250
EditSchedule@Times                          cstackBANK2  00023D
EditSchedule@TimesOutput                    cstackBANK2  000214
EditSchedule@_times                         cstackBANK2  000253
EditSchedule@adress                         cstackBANK1  00016A
EditSchedule@blinking                       cstackBANK2  00028B
EditSchedule@f                              cstackBANK2  000285
EditSchedule@i                              cstackBANK2  00028C
EditSchedule@i_1696                         cstackBANK2  00028D
EditSchedule@i_1699                         cstackBANK2  000282
EditSchedule@i_1707                         cstackBANK2  000283
EditSchedule@j                              cstackBANK2  00024D
EditSchedule@j_1716                         cstackBANK2  000284
EditSchedule@key                            cstackBANK2  00028A
EditSchedule@mode                           cstackBANK2  000281
EditSchedule@temp                           cstackBANK2  00028E
EncodePhoneNumberToPDU@encoded              cstackBANK1  00015A
EncodePhoneNumberToPDU@i                    cstackBANK1  00016B
EncodePhoneNumberToPDU@number_legth         cstackBANK1  000169
EncodePhoneNumberToPDU@phone_number         cstackBANK1  000156
EncodePhoneNumberToPDU@temp                 cstackBANK1  00016A
F_h@MinuteAgo                               cstackCOMRAM 000046
F_h@dddd                                    bssCOMRAM    000079
F_l@ButtonPressTimeOut                      bssBANK0     0000EE
F_l@KeyIndex                                bssBANK0     0000EF
F_l@PressedKeyIndex                         dataBANK0    0000F7
F_l@a                                       cstackBANK1  000146
F_l@data_temp                               cstackBANK1  000145
F_l@digit                                   cstackBANK1  000144
F_l@digs                                    cstackBANK1  000142
F_l@digsAtrib                               cstackBANK1  000148
F_l@line                                    cstackBANK1  00014C
F_l@symbol                                  cstackBANK1  00014A
FillArrayFromEEPROM@adress_start            cstackBANK1  000153
FillArrayFromEEPROM@container               cstackBANK1  000151
FillArrayFromEEPROM@i                       cstackBANK1  000159
FillArrayFromEEPROM@quantity                cstackBANK1  000155
FillArrayFromEEPROM_interr@adress_start     cstackCOMRAM 000006
FillArrayFromEEPROM_interr@container        cstackCOMRAM 000005
FillArrayFromEEPROM_interr@i                cstackCOMRAM 00000C
FillArrayFromEEPROM_interr@quantity         cstackCOMRAM 000008
FillPhonebookCellFromEEPROM@adress_start    cstackBANK1  00015C
FillPhonebookCellFromEEPROM@container       cstackBANK1  00015A
FindCell@CellIsEmpty                        cstackBANK2  000210
FindCell@CellsData                          cstackBANK2  000200
FindCell@Data                               cstackBANK2  00020C
FindCell@New                                cstackBANK1  00016C
FindCell@adress                             cstackBANK2  000212
FindCell@adressNew                          cstackBANK2  000208
FindCell@adressStart                        cstackBANK1  00016A
FindCell@i                                  cstackBANK2  000211
FindCell@previous                           cstackBANK1  00016D
FindIncommingData@a                         cstackBANK1  000164
FindIncommingData@container                 cstackBANK1  000156
FindIncommingData@end_of_regexp             cstackBANK1  000166
FindIncommingData@finish_index              cstackBANK1  000160
FindIncommingData@history_index             cstackBANK1  000158
FindIncommingData@i                         cstackBANK1  00016A
FindIncommingData@j                         cstackBANK1  000170
FindIncommingData@last_s                    cstackBANK1  00016E
FindIncommingData@not_found                 cstackBANK1  000162
FindIncommingData@pointer                   cstackBANK1  00016C
FindIncommingData@regexp                    cstackBANK1  000154
FindIncommingData@s0                        cstackBANK1  000168
FindIncommingData@s1                        cstackBANK1  00015C
FindIncommingData@start_index               cstackBANK1  00015E
FindNextTimeStart@CellsData                 cstackBANK2  000200
FindNextTimeStart@Data                      cstackBANK2  000221
FindNextTimeStart@DayIndex                  cstackBANK2  000220
FindNextTimeStart@DayOn                     cstackBANK2  00020C
FindNextTimeStart@Days                      cstackBANK2  000219
FindNextTimeStart@LastFoundTimeStart        cstackBANK2  000211
FindNextTimeStart@Signals                   cstackBANK2  000218
FindNextTimeStart@TimeFrom                  cstackBANK1  00016A
FindNextTimeStart@TimeIsFound               cstackBANK2  000217
FindNextTimeStart@TimeOfSignals             cstackBANK2  00021A
FindNextTimeStart@TimeStart                 cstackBANK2  000215
FindNextTimeStart@TimeStop                  cstackBANK2  00020F
FindNextTimeStart@adress                    cstackBANK2  00021E
FindNextTimeStart@adressStart               cstackBANK2  00020D
FindPhoneContactByNumber@container          cstackBANK0  00009B
FindPhoneContactByNumber@end_of_phone       cstackBANK0  000099
FindPhoneContactByNumber@found              cstackBANK0  000097
FindPhoneContactByNumber@i                  cstackBANK0  000098
FindPhoneContactByNumber@j                  cstackBANK0  00009A
FindPhoneContactByNumber@number             cstackBANK0  000091
Format_EEPROM_Memory@first_cell             cstackBANK1  000162
Format_EEPROM_Memory@i                      cstackBANK1  00016B
Format_EEPROM_Memory@interactive            cstackBANK1  000166
Format_EEPROM_Memory@last_cell              cstackBANK1  000164
GetDayOfWeek@day                            cstackBANK1  00014F
GetDayOfWeekByDate@_day                     cstackBANK1  000162
GetDayOfWeekByDate@_mounth                  cstackBANK1  000161
GetDayOfWeekByDate@_year                    cstackBANK1  000166
GetNumericFromString@index                  cstackBANK0  000083
GetNumericFromString@string                 cstackBANK0  000081
GetStringLength@container                   cstackBANK1  00014D
GetStringLength@i                           cstackBANK1  00014F
GetSystemInfo@CellsData                     cstackBANK2  000272
GetSystemInfo@Data                          cstackBANK2  0002AD
GetSystemInfo@DataArray                     cstackBANK2  00027A
GetSystemInfo@Day                           cstackBANK2  0002AC
GetSystemInfo@Days                          cstackBANK2  0002AA
GetSystemInfo@F3784                         dataBANK4    000450
GetSystemInfo@F3787                         dataBANK4    000455
GetSystemInfo@F3792                         dataBANK6    000697
GetSystemInfo@F3802                         dataCOMRAM   000054
GetSystemInfo@F3804                         dataCOMRAM   000057
GetSystemInfo@F3806                         dataCOMRAM   00005A
GetSystemInfo@F3808                         dataCOMRAM   00005D
GetSystemInfo@F3810                         dataBANK4    00045A
GetSystemInfo@NextCell                      cstackBANK2  0002B1
GetSystemInfo@Signals                       cstackBANK2  0002AB
GetSystemInfo@Time                          cstackBANK2  0002B5
GetSystemInfo@TimeStart                     cstackBANK2  0002A8
GetSystemInfo@TimeStop                      cstackBANK2  0002B3
GetSystemInfo@cTime                         cstackBANK2  0002B7
GetSystemInfo@d                             cstackBANK2  0002BB
GetSystemInfo@h_1                           cstackBANK2  00029F
GetSystemInfo@h_2                           cstackBANK2  0002A5
GetSystemInfo@i                             cstackBANK2  0002BC
GetSystemInfo@i_2410                        cstackBANK2  0002BD
GetSystemInfo@i_2441                        cstackBANK2  0002BE
GetSystemInfo@info                          cstackBANK2  000229
GetSystemInfo@m_1                           cstackBANK2  00029C
GetSystemInfo@m_2                           cstackBANK2  0002A2
GetSystemInfo@s_auto                        cstackBANK2  00028D
GetSystemInfo@s_hand                        cstackBANK2  000292
GetSystemInfo@sss                           cstackBANK2  000297
GetUnicodeSymbol@symb                       cstackBANK1  00014F
I2CRead@temp                                cstackBANK0  000081
I2CSend@dat                                 cstackBANK1  00014E
Init_GSM@result                             cstackBANK2  000204
Init_GSM@show                               cstackBANK2  000205
Init_GSM@tt                                 cstackBANK2  000200
Init_USART@SpeedNumber                      cstackBANK1  00014F
Init_USART@_value                           cstackBANK1  00014D
InputText@F3627                             dataBANK1    000199
InputText@F3630                             dataCOMRAM   000060
InputText@F3632                             dataBANK6    000683
InputText@F3634                             dataCOMRAM   000047
InputText@F3636                             dataBANK0    0000F0
InputText@F3638                             dataBANK4    00045F
InputText@F3640                             dataBANK4    000464
InputText@F3642                             dataBANK4    000469
InputText@F3644                             dataBANK4    000408
InputText@F3646                             dataBANK4    00046E
InputText@F3648                             dataBANK4    00040E
InputText@F3650                             dataBANK4    000414
InputText@F3652                             dataBANK4    00041A
InputText@F3654                             dataBANK4    000420
InputText@F3656                             dataBANK4    000426
InputText@F3658                             dataBANK4    00042C
InputText@F3660                             dataBANK4    000432
InputText@F3662                             dataBANK4    000438
InputText@F3664                             dataBANK4    00043E
InputText@F3666                             dataCOMRAM   000063
InputText@F3668                             dataBANK1    00019B
InputText@F3670                             dataBANK1    00019D
InputText@F3672                             dataBANK1    00019F
InputText@F3674                             dataBANK1    0001A1
InputText@F3676                             dataBANK1    0001A3
InputText@F3678                             dataBANK1    0001A5
InputText@F3680                             dataBANK1    0001A7
InputText@F3682                             dataBANK1    0001A9
InputText@F3684                             dataBANK1    0001AB
InputText@InputData                         cstackBANK3  000384
InputText@_input_data                       cstackBANK3  000300
InputText@_props                            cstackBANK1  000166
InputText@active_cell                       cstackBANK3  0003CF
InputText@capacity                          cstackBANK1  000168
InputText@cur_char                          cstackBANK2  0002FA
InputText@i                                 cstackBANK3  0003CE
InputText@i_2175                            cstackBANK3  0003C7
InputText@i_2184                            cstackBANK3  0003C6
InputText@i_2194                            cstackBANK3  0003C9
InputText@i_2197                            cstackBANK3  0003CA
InputText@i_2205                            cstackBANK3  0003C8
InputText@lastKeyCode                       cstackBANK3  0003CB
InputText@props                             cstackBANK3  0003D0
InputText@ret_string                        cstackBANK2  000244
InputText@ret_string_2196                   cstackBANK2  000265
InputText@s_0                               cstackBANK2  0002E3
InputText@s_1                               cstackBANK2  000230
InputText@s_12                              cstackBANK2  000292
InputText@s_13                              cstackBANK2  000298
InputText@s_14                              cstackBANK2  00029E
InputText@s_15                              cstackBANK2  0002A4
InputText@s_16                              cstackBANK2  0002AA
InputText@s_17                              cstackBANK2  0002B0
InputText@s_18                              cstackBANK2  0002B6
InputText@s_19                              cstackBANK2  0002BC
InputText@s_2                               cstackBANK2  0002C2
InputText@s_20                              cstackBANK2  0002E0
InputText@s_21                              cstackBANK1  00016D
InputText@s_22                              cstackBANK2  0002E6
InputText@s_23                              cstackBANK2  0002E8
InputText@s_24                              cstackBANK2  0002EA
InputText@s_25                              cstackBANK2  0002EC
InputText@s_26                              cstackBANK2  0002EE
InputText@s_27                              cstackBANK2  0002F0
InputText@s_28                              cstackBANK2  0002F2
InputText@s_29                              cstackBANK2  0002F4
InputText@s_3                               cstackBANK2  0002C7
InputText@s_4                               cstackBANK2  0002CC
InputText@s_5                               cstackBANK2  0002D1
InputText@s_6                               cstackBANK2  0002D6
InputText@s_7                               cstackBANK2  000286
InputText@s_8                               cstackBANK2  0002DB
InputText@s_9                               cstackBANK2  00028C
InputText@symbols                           cstackBANK4  000483
InputText@temp                              cstackBANK3  0003CC
InputText@temp_2198                         cstackBANK2  0002FC
InputText@text                              cstackBANK1  000164
InputText@time_point                        cstackBANK2  0002F6
InteractiveData_BlinkOFF@InteractiveData    cstackBANK1  00014D
InteractiveData_BlinkOFF@i                  cstackBANK1  000152
InteractiveData_BlinkOFF@leght              cstackBANK1  00014F
ItemsToIndicator@firstDigit                 cstackBANK1  000158
ItemsToIndicator@i                          cstackBANK1  00015A
ItemsToIndicator@items                      cstackBANK1  000159
ItemsToIndicator@max_i                      cstackBANK1  000157
NumericToHEXString@displacement             cstackBANK1  000164
NumericToHEXString@mySring                  cstackBANK1  00015F
NumericToHEXString@n                        cstackBANK1  00015B
NumericToHEXString@size                     cstackBANK1  000161
NumericToString@displacement                cstackBANK1  000165
NumericToString@mySring                     cstackBANK1  00015F
NumericToString@n                           cstackBANK1  00015B
NumericToString@negative                    cstackBANK1  000164
NumericToString@size                        cstackBANK1  000161
OutputInteractiveData@data                  cstackBANK1  000157
OutputInteractiveData@i                     cstackBANK1  00015F
OutputInteractiveData@length                cstackBANK1  000159
OutputInteractiveData@line                  cstackBANK1  00015D
OutputInteractiveData@s                     cstackBANK1  00015E
OutputInteractiveData@start_symbol          cstackBANK1  00015A
OutputString@cont                           cstackBANK1  00015E
OutputString@i                              cstackBANK1  00015F
OutputString@line                           cstackBANK1  000159
OutputString@position                       cstackBANK1  00015A
OutputString@stringData                     cstackBANK1  000157
OutputString@transfer_line                  cstackBANK1  00015B
OutputSystemMessage@i                       cstackBANK1  000153
OutputSystemMessage@l                       cstackBANK1  000156
OutputSystemMessage@line                    cstackBANK1  000157
OutputSystemMessage@s                       cstackBANK1  000155
OutputSystemMessage@stringData              cstackBANK1  00014D
OutputSystemMessage@symb                    cstackBANK1  000158
PL10                                        text21       002126
PL100                                       text21       002182
PL102                                       text21       00218E
PL104                                       text141      008230
PL106                                       text21       00219A
PL108                                       text65       0080F8
PL110                                       text57       008090
PL112                                       text47       004906
PL114                                       text14       002960
PL116                                       text33       0066D0
PL118                                       text116      0035D0
PL12                                        text14       00290E
PL120                                       text76       0075DC
PL122                                       text68       001A54
PL124                                       text33       0066D8
PL126                                       text47       004914
PL128                                       text80       003EA0
PL130                                       text80       003EA8
PL132                                       text80       003EB0
PL134                                       text80       003EBC
PL136                                       text43       005CA6
PL138                                       text60       006212
PL14                                        text14       002916
PL140                                       text73       0083D2
PL142                                       text1        00460A
PL144                                       text21       0021B0
PL146                                       text76       0075E8
PL148                                       text21       0021CE
PL150                                       text1        004626
PL152                                       text21       0021E0
PL154                                       text23       005B32
PL156                                       text63       00637A
PL158                                       text125      0064A6
PL16                                        text68       001A3C
PL160                                       text21       0021F2
PL162                                       text75       007C96
PL164                                       text21       002204
PL166                                       text14       00296E
PL168                                       text56       003A42
PL170                                       text36       005442
PL172                                       text103      007926
PL174                                       text21       00220C
PL176                                       text47       00491C
PL178                                       text60       006230
PL18                                        text8        002FF0
PL180                                       text53       0070B6
PL182                                       text60       00623C
PL184                                       text96       009022
PL186                                       text8        00306A
PL188                                       text0        005258
PL190                                       text116      0035DA
PL192                                       text116      0035F2
PL194                                       text94       007B7E
PL196                                       text68       001A76
PL198                                       text21       002216
PL2                                         text77       0084BE
PL20                                        text33       006672
PL200                                       text12       0057B8
PL202                                       text56       003A50
PL204                                       text0        005268
PL206                                       text0        005270
PL208                                       text14       00297C
PL210                                       text14       00298E
PL212                                       text0        005278
PL214                                       text56       003A5C
PL216                                       text85       0067CE
PL218                                       text68       001A8E
PL22                                        text116      0035B8
PL220                                       text21       002222
PL222                                       text85       0067E4
PL224                                       text8        003074
PL226                                       text21       002230
PL228                                       text19       004E4E
PL230                                       text85       0067EC
PL232                                       text59       007654
PL234                                       text14       00299A
PL236                                       text116      00360A
PL238                                       text116      00361E
PL24                                        text74       0073FC
PL240                                       text14       0029AE
PL242                                       text68       001A98
PL244                                       text43       005CC4
PL246                                       text36       005450
PL248                                       text2        008FEE
PL250                                       text87       00754A
PL252                                       text8        00307E
PL254                                       text1        004638
PL256                                       text1        00464A
PL258                                       text29       009148
PL26                                        text33       00668C
PL260                                       text21       00223C
PL262                                       text21       00224E
PL264                                       text21       002256
PL266                                       text72       00503C
PL268                                       text21       00225E
PL270                                       text150      005990
PL272                                       text94       007B96
PL274                                       text68       001AA0
PL276                                       text21       00226A
PL278                                       text21       002276
PL28                                        text8        003012
PL280                                       text68       001AA8
PL282                                       text68       001AB0
PL284                                       text47       004928
PL286                                       text72       005048
PL288                                       text9        007374
PL290                                       text68       001AC0
PL292                                       text21       002282
PL294                                       text0        005282
PL296                                       text21       00228C
PL298                                       text56       003A72
PL30                                        text8        003024
PL300                                       text21       002298
PL302                                       text72       005052
PL304                                       text149      007FC6
PL306                                       text56       003A82
PL308                                       text11       00722A
PL310                                       text14       0029B6
PL312                                       text53       0070D0
PL314                                       text72       00505C
PL316                                       text19       004E62
PL318                                       text135      006106
PL32                                        text36       0053F2
PL320                                       text80       003EC4
PL322                                       text68       001ACA
PL324                                       text80       003ED2
PL326                                       text80       003EE0
PL328                                       text80       003EEE
PL330                                       text68       001AD8
PL332                                       text8        003090
PL334                                       text56       003A8C
PL336                                       text59       007668
PL338                                       text135      006114
PL34                                        text23       005B10
PL340                                       text7        0068EE
PL342                                       text8        00309E
PL344                                       text21       0022A2
PL346                                       text94       007BA2
PL348                                       text49       0074B4
PL350                                       text21       0022AA
PL352                                       text8        0030AC
PL354                                       text51       005FAE
PL356                                       text43       005CCC
PL358                                       text101      0072C8
PL36                                        text36       0053FA
PL360                                       text72       00506A
PL362                                       text72       005078
PL364                                       text51       005FBC
PL366                                       text101      0072D4
PL368                                       text68       001AE6
PL370                                       text21       0022B8
PL372                                       text14       0029C6
PL374                                       text56       003A9A
PL376                                       text56       003AA4
PL378                                       text68       001AF4
PL38                                        text14       002928
PL380                                       text21       0022C0
PL382                                       text80       003EFC
PL384                                       text90       00561E
PL386                                       text50       00100C
PL388                                       text21       0022C8
PL390                                       text80       003F06
PL392                                       text72       005086
PL394                                       text1        00465C
PL396                                       text21       0022D0
PL398                                       text60       00624C
PL4                                         text14       0028FE
PL40                                        text76       0075C4
PL400                                       text8        0030B4
PL402                                       text1        004666
PL404                                       text21       0022DA
PL406                                       text48       007AA8
PL408                                       text3        006C6C
PL410                                       text116      003626
PL412                                       text56       003AAE
PL414                                       text43       005CD4
PL416                                       text1        00466E
PL418                                       text21       0022E2
PL42                                        text8        003036
PL420                                       text144      007184
PL422                                       text12       0057CE
PL424                                       text68       001AFE
PL426                                       text47       004932
PL428                                       text8        0030BE
PL430                                       text34       008B16
PL432                                       text51       005FCA
PL434                                       text56       003ABA
PL436                                       text47       00493E
PL438                                       text92       007790
PL44                                        text77       0084D4
PL440                                       text47       004946
PL442                                       text72       005090
PL444                                       text60       006256
PL446                                       text80       003F0E
PL448                                       text68       001B0A
PL450                                       text14       0029D4
PL452                                       text6        00853E
PL454                                       text62       0089D6
PL456                                       text116      003632
PL458                                       text8        0030CA
PL46                                        text80       003E86
PL460                                       text50       001014
PL462                                       text50       00101C
PL464                                       text50       001024
PL466                                       text50       00102C
PL468                                       text80       003F18
PL470                                       text80       003F22
PL472                                       text50       001034
PL474                                       text50       00103C
PL476                                       text50       001044
PL478                                       text14       0029DE
PL48                                        text8        003054
PL480                                       text50       00104C
PL482                                       text50       001054
PL484                                       text50       00105C
PL486                                       text50       001064
PL488                                       text50       00106C
PL490                                       text50       001074
PL492                                       text50       00107C
PL494                                       text21       0022EE
PL496                                       text81       0085E0
PL498                                       text8        0030D4
PL50                                        text116      0035C6
PL500                                       text116      00363A
PL502                                       text116      003644
PL504                                       text15       00848C
PL506                                       text59       007676
PL508                                       text118      008630
PL510                                       text36       005458
[...]
		PL160          		CODE           	21F2	0000	19
		PL502          		CODE           	3644	0000	11
		PL350          		CODE           	22AA	0000	15
		PL540          		CODE           	1084	0000	7
		PL38           		CODE           	2928	0000	19
		PL76           		CODE           	542A	0000	9
		PL222          		CODE           	67E4	0000	9
		PL412          		CODE           	3AAE	0000	13
		PL260          		CODE           	223C	0000	19
		PL602          		CODE           	1132	0000	7
		PL450          		CODE           	29D4	0000	11
		PL640          		CODE           	11A4	0000	7
		PL48           		CODE           	3054	0000	13
		PL86           		CODE           	648E	0000	25
		i1_strcpy      		CODE           	8874	0000	65
		PL132          		CODE           	3EB0	0000	13
		PL322          		CODE           	1ACA	0000	15
		PL170          		CODE           	5442	0000	15
		PL512          		CODE           	509A	0000	11
		PL360          		CODE           	506A	0000	15
		PL702          		CODE           	3F44	0000	9
		PL550          		CODE           	109C	0000	7
		PL58           		CODE           	2136	0000	11
		PL96           		CODE           	294E	0000	19
		i1___awdiv     		CODE           	7E86	0000	121
		PL232          		CODE           	7654	0000	21
		PL422          		CODE           	57CE	0000	13
		PL270          		CODE           	5990	0000	13
		PL612          		CODE           	1150	0000	7
		PL460          		CODE           	1014	0000	9
		PL650          		CODE           	11C2	0000	7
		PL68           		CODE           	6348	0000	27
		i1_FillPhonebookCellFromEEPROM		CODE           	81DE	0000	83
		i2_ConvertDayToBit		CODE           	8BB6	0000	49
		PL104          		CODE           	8230	0000	23
		PL142          		CODE           	460A	0000	29
		PL332          		CODE           	3090	0000	15
		PL180          		CODE           	70B6	0000	27
		PL522          		CODE           	3AC6	0000	9
		PL370          		CODE           	22B8	0000	9
		PL560          		CODE           	10BA	0000	7
		PL78           		CODE           	2140	0000	13
		i1_SendCommandToUSART		CODE           	8F3E	0000	35
		i1___wmul      		CODE           	8DF2	0000	39
		PL204          		CODE           	5268	0000	9
		PL242          		CODE           	1A98	0000	9
		PL432          		CODE           	5FCA	0000	13
		PL280          		CODE           	1AA8	0000	9
		PL622          		CODE           	116E	0000	7
		PL470          		CODE           	3F22	0000	11
		PL660          		CODE           	11E0	0000	7
		PL88           		CODE           	6362	0000	25
		i1_lcd_send_byte		CODE           	8D0C	0000	41
		i1_testTimePoint		CODE           	7E0E	0000	121
		PL114          		CODE           	2960	0000	15
		PL304          		CODE           	7FC6	0000	17
		PL152          		CODE           	21E0	0000	19
		PL342          		CODE           	309E	0000	15
		PL190          		CODE           	35DA	0000	25
		PL532          		CODE           	6C76	0000	7
		PL380          		CODE           	22C0	0000	9
		PL570          		CODE           	10D8	0000	7
		PL98           		CODE           	2170	0000	19
		i1_I2CInit     		CODE           	9208	0000	5
		PL214          		CODE           	3A5C	0000	23
		PL404          		CODE           	22DA	0000	9
		PL252          		CODE           	307E	0000	19
		PL442          		CODE           	5090	0000	11
		PL290          		CODE           	1AC0	0000	11
		PL632          		CODE           	118C	0000	7
		PL480          		CODE           	104C	0000	9
		PL670          		CODE           	11FE	0000	7
		i2___lwmod     		CODE           	88F2	0000	63
		i1_lcd_send_initial_half_byte		CODE           	8546	0000	85
		PL124          		CODE           	66D8	0000	19
		PL314          		CODE           	505C	0000	15
		PL162          		CODE           	7C96	0000	17
		PL504          		CODE           	848C	0000	11
		PL352          		CODE           	30AC	0000	9
		PL542          		CODE           	108A	0000	7
		PL390          		CODE           	3F06	0000	9
		PL580          		CODE           	10F0	0000	7
		__initialization		CODE           	5CEA	0000	405
		PL224          		CODE           	3074	0000	11
		PL414          		CODE           	5CD4	0000	13
		PL262          		CODE           	224E	0000	9
		PL604          		CODE           	1138	0000	7
		PL452          		CODE           	853E	0000	9
		PL642          		CODE           	11AA	0000	7
		PL490          		CODE           	1074	0000	9
		PL680          		CODE           	1216	0000	7
		_StandardAnswer_BUSY		MEDIUMCONST    	FC2E	0000	6
		i1___lmul      		CODE           	8686	0000	77
		PL134          		CODE           	3EBC	0000	9
		PL324          		CODE           	3ED2	0000	15
		PL172          		CODE           	7926	0000	11
		PL514          		CODE           	6382	0000	9
		PL362          		CODE           	5078	0000	15
		PL704          		CODE           	4950	0000	9
		PL552          		CODE           	10A2	0000	7
		PL590          		CODE           	110E	0000	7
		PL234          		CODE           	299A	0000	21
		PL424          		CODE           	1AFE	0000	13
		PL272          		CODE           	7B96	0000	13
		PL614          		CODE           	1156	0000	7
		PL462          		CODE           	101C	0000	9
		PL652          		CODE           	11C8	0000	7
		PL690          		CODE           	1234	0000	7
		i1___awmod     		CODE           	8176	0000	105
		_StandardAnswer_DTMF		MEDIUMCONST    	FC20	0000	9
		PL106          		CODE           	219A	0000	23
		PL144          		CODE           	21B0	0000	31
		PL334          		CODE           	3A8C	0000	15
		PL182          		CODE           	623C	0000	17
		PL524          		CODE           	3F2C	0000	9
		PL372          		CODE           	29C6	0000	15
		PL562          		CODE           	10C0	0000	7
		i1___aldiv     		CODE           	6E00	0000	189
		PL206          		CODE           	5270	0000	9
		PL244          		CODE           	5CC4	0000	9
		PL434          		CODE           	3ABA	0000	13
		PL282          		CODE           	1AB0	0000	17
		PL624          		CODE           	1174	0000	7
		PL472          		CODE           	1034	0000	9
		PL662          		CODE           	11E6	0000	7
		i2_FillMinutes 		CODE           	9202	0000	7
		i2___aldiv     		CODE           	6EBC	0000	189
		PL116          		CODE           	66D0	0000	9
		PL306          		CODE           	3A82	0000	11
		PL154          		CODE           	5B32	0000	19
		PL344          		CODE           	22A2	0000	9
		PL192          		CODE           	35F2	0000	25
		PL534          		CODE           	3F34	0000	9
		PL382          		CODE           	3EFC	0000	11
		PL572          		CODE           	10DE	0000	7
		PL216          		CODE           	67CE	0000	23
		PL406          		CODE           	7AA8	0000	13
		PL254          		CODE           	4638	0000	19
		PL444          		CODE           	6256	0000	11
		PL292          		CODE           	2282	0000	11
		PL634          		CODE           	1192	0000	7
		PL482          		CODE           	1054	0000	9
		PL672          		CODE           	5462	0000	9
		PL126          		CODE           	4914	0000	9
		PL316          		CODE           	4E62	0000	15
		PL164          		CODE           	2204	0000	9
		PL506          		CODE           	7676	0000	11
		PL354          		CODE           	5FAE	0000	15
		PL544          		CODE           	8AE6	0000	9
		PL392          		CODE           	5086	0000	11
		PL582          		CODE           	10F6	0000	7
		PL226          		CODE           	2230	0000	13
		PL416          		CODE           	466E	0000	13
		PL264          		CODE           	2256	0000	9
		PL606          		CODE           	113E	0000	7
		PL454          		CODE           	89D6	0000	11
		PL644          		CODE           	11B0	0000	7
		PL492          		CODE           	107C	0000	9
		PL682          		CODE           	121C	0000	7
		i1_getSystemTimePoint		CODE           	916A	0000	19
		PL136          		CODE           	5CA6	0000	31
		PL326          		CODE           	3EE0	0000	15
		PL174          		CODE           	220C	0000	11
		PL516          		CODE           	87E6	0000	11
		PL364          		CODE           	5FBC	0000	15
		PL554          		CODE           	10A8	0000	7
		PL592          		CODE           	1114	0000	7
		i1_I2CSend     		CODE           	903A	0000	31
		PL236          		CODE           	360A	0000	21
		PL426          		CODE           	4932	0000	13
		PL274          		CODE           	1AA0	0000	9
		PL616          		CODE           	115C	0000	7
		PL464          		CODE           	1024	0000	9
		PL654          		CODE           	11CE	0000	7
		PL692          		CODE           	123A	0000	7
		PL108          		CODE           	80F8	0000	23
		PL146          		CODE           	75E8	0000	9
		PL336          		CODE           	7668	0000	15
		PL184          		CODE           	9022	0000	25
		PL526          		CODE           	1B1E	0000	11
		PL374          		CODE           	3A9A	0000	11
		PL564          		CODE           	10C6	0000	7
		PL208          		CODE           	297C	0000	19
		PL246          		CODE           	5450	0000	9
		PL436          		CODE           	493E	0000	9
		PL284          		CODE           	4928	0000	11
		PL626          		CODE           	117A	0000	7
		PL474          		CODE           	103C	0000	9
		PL664          		CODE           	11EC	0000	7
		i1_EEWR        		CODE           	89E0	0000	31
		i2_EEWR        		CODE           	8FA0	0000	33
		PL118          		CODE           	35D0	0000	11
		PL308          		CODE           	722A	0000	17
		PL156          		CODE           	637A	0000	9
		PL346          		CODE           	7BA2	0000	15
		PL194          		CODE           	7B7E	0000	25
		PL536          		CODE           	5FD6	0000	9
		PL384          		CODE           	561E	0000	11
		PL574          		CODE           	10E4	0000	7
		PL218          		CODE           	1A8E	0000	11
		PL408          		CODE           	6C6C	0000	11
		PL256          		CODE           	464A	0000	19
		PL446          		CODE           	3F0E	0000	11
		PL294          		CODE           	5282	0000	11
		PL636          		CODE           	1198	0000	7
		PL484          		CODE           	105C	0000	9
		PL674          		CODE           	1204	0000	7
		PL128          		CODE           	3EA0	0000	9
		PL318          		CODE           	6106	0000	15
		PL166          		CODE           	296E	0000	15
		PL508          		CODE           	8630	0000	11
		PL356          		CODE           	5CCC	0000	9
		PL546          		CODE           	1090	0000	7
		PL394          		CODE           	465C	0000	11
		PL584          		CODE           	10FC	0000	7
		_StandardAnswer_CLOCK		MEDIUMCONST    	FBCF	0000	31
		PL228          		CODE           	4E4E	0000	21
		PL418          		CODE           	22E2	0000	13
		PL266          		CODE           	503C	0000	13
		PL608          		CODE           	1144	0000	7
		PL456          		CODE           	3632	0000	9
		PL646          		CODE           	11B6	0000	7
		PL494          		CODE           	22EE	0000	9
		PL684          		CODE           	1222	0000	7
		_StandardAnswer_OK		MEDIUMCONST    	FC33	0000	4
		PL138          		CODE           	6212	0000	31
		PL328          		CODE           	3EEE	0000	15
		PL176          		CODE           	491C	0000	13
		PL518          		CODE           	5CE0	0000	11
		PL366          		CODE           	72D4	0000	13
		PL556          		CODE           	10AE	0000	7
		PL594          		CODE           	111A	0000	7
		PL2            		CODE           	84BE	0000	23
		PL238          		CODE           	361E	0000	9
		PL428          		CODE           	30BE	0000	13
		PL276          		CODE           	226A	0000	13
		PL618          		CODE           	1162	0000	7
		PL466          		CODE           	102C	0000	9
		PL656          		CODE           	11D4	0000	7
		PL694          		CODE           	3F3C	0000	9
		PL148          		CODE           	21CE	0000	19
		PL338          		CODE           	6114	0000	15
		PL186          		CODE           	306A	0000	11
		PL528          		CODE           	57DA	0000	9
		PL376          		CODE           	3AA4	0000	11
		PL566          		CODE           	10CC	0000	7
		PL10           		CODE           	2126	0000	17
		PL4            		CODE           	28FE	0000	17
		PL248          		CODE           	8FEE	0000	17
		PL438          		CODE           	7790	0000	11
		PL286          		CODE           	5048	0000	11
		PL628          		CODE           	1180	0000	7
		PL476          		CODE           	1044	0000	9
		PL666          		CODE           	11F2	0000	7
		PL20           		CODE           	6672	0000	27
		_StandardAnswer_NO_CARRIER		MEDIUMCONST    	FC0B	0000	12
		PL158          		CODE           	64A6	0000	9
		PL348          		CODE           	74B4	0000	15
		PL196          		CODE           	1A76	0000	25
		PL538          		CODE           	6D3E	0000	7
		PL386          		CODE           	100C	0000	9
		PL576          		CODE           	6C7C	0000	7
		PL30           		CODE           	3024	0000	19
		PL6            		CODE           	1A2C	0000	17
		PL258          		CODE           	9148	0000	17
		PL448          		CODE           	1B0A	0000	11
		PL296          		CODE           	228C	0000	13
		PL638          		CODE           	119E	0000	7
		PL486          		CODE           	1064	0000	9
		PL676          		CODE           	120A	0000	7
		i1_lcd_init    		CODE           	6C82	0000	189
		PL40           		CODE           	75C4	0000	25
		_StandardAnswer_INCCALL		MEDIUMCONST    	FBAB	0000	37
		PL168          		CODE           	3A42	0000	15
		PL358          		CODE           	72C8	0000	13
		PL548          		CODE           	1096	0000	7
		PL396          		CODE           	22D0	0000	11
		PL586          		CODE           	1102	0000	7
		__setInputTextProps@F3614		MEDIUMCONST    	FBA1	0000	11
		__setInputTextProps@F3616		MEDIUMCONST    	FB8B	0000	23

shared estimated size: 7450

C:\Program Files (x86)\Microchip\xc8\v1.38\sources\common\strlen.c
		_strlen        		CODE           	8C12	0000	45

C:\Program Files (x86)\Microchip\xc8\v1.38\sources\common\strlen.c estimated size: 45

C:\Program Files (x86)\Microchip\xc8\v1.38\sources\common\strcpy.c
		_strcpy        		CODE           	8834	0000	65

C:\Program Files (x86)\Microchip\xc8\v1.38\sources\common\strcpy.c estimated size: 65

prog.c
		_GetNumericFromString		CODE           	917C	0000	19
		_I2CNak        		CODE           	91BC	0000	11
		_ConvertDayToBit		CODE           	8B22	0000	51
		_TelephoneCall 		CODE           	75F0	0000	101
		_ReadDataOfCell		CODE           	770E	0000	131
		_setDigit      		CODE           	755C	0000	105
		__CleanStringArray_interrupt		CODE           	8E64	0000	39
		_SchedulerNew  		CODE           	7190	0000	155
		_FindIncommingData		CODE           	5E8C	0000	291
		__CleanStringArray_interrupt2		CODE           	8EB0	0000	39
		_DialDTMF      		CODE           	7EFE	0000	109
		_FillMinutes   		CODE           	901C	0000	7
		_EEWR          		CODE           	8F60	0000	33
		_FillPhonebookCellFromEEPROM		CODE           	80A6	0000	83
		_TimeData_BlinkOFF		CODE           	8AEE	0000	41
		_GetStringLength		CODE           	8D80	0000	39
		_TimeEdit      		CODE           	1B28	0000	1515
		_testTimePoint 		CODE           	7D96	0000	121
		_delay         		CODE           	8F1C	0000	35
		_SignalsOnOff  		CODE           	57E2	0000	431
		_I2CStop       		CODE           	91DA	0000	9
		_FindPhoneContactByNumber		CODE           	6F78	0000	185
		_ConvertCharToNumeric		CODE           	87F0	0000	69
		_NumericToHEXString		CODE           	7424	0000	145
		__setInputTextProps		CODE           	4E70	0000	461
		_lcd_send_byte 		CODE           	8CBC	0000	41
		_lcd_off       		CODE           	9134	0000	19
		_ReIndTimeEdit 		CODE           	528C	0000	359
		_NumericToString		CODE           	66EA	0000	229
		__load_TXREG   		CODE           	7F6A	0000	93
		_I2CAck        		CODE           	91C6	0000	11
		_OutputString  		CODE           	7384	0000	121
		_CleanStringArray		CODE           	8DA6	0000	39
		_Format_EEPROM_Memory		CODE           	7AB4	0000	127
		_ReadDataOfCell_interr		CODE           	79B4	0000	131
		_main          		CODE           	50A4	0000	421
		_ItemsToIndicator		CODE           	87AC	0000	59
		__getContainer_Clock_from_GSM		CODE           	90B2	0000	31
		_ParseTime     		CODE           	810E	0000	105
		_SendSMS       		CODE           	467A	0000	653
		_F_h           		CODE           	0008	0000	307
		_UserDelay     		CODE           	8930	0000	61
		_USART_Speed_Choise		CODE           	8D34	0000	39
		__FindIncommingData_interrupt		CODE           	5FDE	0000	297
		_GetTimeSource 		CODE           	8EFA	0000	35
		_I2CRead       		CODE           	9058	0000	31
		_EditSchedule  		CODE           	22F6	0000	1545
		_Init_USART    		CODE           	83DA	0000	97
		_system_BlinkReset		CODE           	90EC	0000	29
		_getSystemTimePoint		CODE           	9158	0000	19
		_InputText     		CODE           	1252	0000	2011
		_GetSystemInfo 		CODE           	3ACE	0000	953
		_ReadTime      		CODE           	78AA	0000	125
		_ShowSchedulerMenu		CODE           	6ADC	0000	213
		_WriteTime     		CODE           	599C	0000	373
		_TimeToInd     		CODE           	29F0	0000	1537
		_FillArrayFromEEPROM_interr		CODE           	8B54	0000	51
		__getContainer_Incomming_DTMF_Data		CODE           	9076	0000	31
		_WorkingWithGSM		CODE           	6800	0000	239
		_WriteArrayToEEPROM		CODE           	896C	0000	59
		_cp1251_to_unicode		CODE           	7A36	0000	115
		__getContainer_Incomming_Call_Data		CODE           	9094	0000	31
		_AddByteToUSARTbuff		CODE           	69F0	0000	237
		_F_l           		CODE           	0018	0000	795
		_getLcdCodeOfChar		CODE           	3F4C	0000	999
		_setBlink      		CODE           	8496	0000	41
		_SetTimeSource 		CODE           	8BE6	0000	45
		_FindNextTimeStart		CODE           	546A	0000	437
		_lcd_send_initial_half_byte		CODE           	84F2	0000	77
		_GetDayOfWeek  		CODE           	7BB0	0000	125
		_Init_GSM      		CODE           	5B44	0000	337
		_FillArrayFromEEPROM		CODE           	8A4E	0000	55
		_TimeData_INIT 		CODE           	65D2	0000	161
		_PowerOnGSM    		CODE           	918E	0000	17
		_ProcessIncommingUartData		CODE           	30DE	0000	1243
		_GetUnicodeSymbol		CODE           	0336	0000	3287
		_I2CRestart    		CODE           	91FA	0000	9
		_Save_USART_SpeedNumber		CODE           	9120	0000	21
		_RefreshSchedulerIndicator		CODE           	5628	0000	401
		_EERD          		CODE           	8DCC	0000	39
		_SendCommandToUSART		CODE           	8F80	0000	33
		_EncodePhoneNumberToPDU		CODE           	7030	0000	135
		__GetStringLength_interr		CODE           	8E3E	0000	39
		_WritePhonebookCellToEEPROM		CODE           	803E	0000	83
		_I2CStart      		CODE           	91E2	0000	9
		_Read_USART_SpeedNumber		CODE           	90D0	0000	29
		_ProcessSystemMessageShowing		CODE           	91AE	0000	15
		_SendSymbolToLCD		CODE           	723A	0000	143
		_lcd_on        		CODE           	8FE0	0000	15
		_InteractiveData_BlinkOFF		CODE           	8B86	0000	49
		_getNumChar    		CODE           	8246	0000	103
		_Select_OK_NO  		CODE           	89A6	0000	49
		_BCD_to_DEC    		CODE           	9108	0000	25
		_entNum        		CODE           	8C3E	0000	43
		_DEC_to_BCD    		CODE           	8C68	0000	43
		_Settings      		CODE           	4C2C	0000	547
		_ParseDataRecord		CODE           	7B32	0000	77
		_CalculateClockDelta		CODE           	70E0	0000	165
		_ShowMenu      		CODE           	6122	0000	241
		_OutputInteractiveData		CODE           	7C2C	0000	107
		_DeleteDataOfCell		CODE           	8ABA	0000	45
		_GetDayOfWeekByDate		CODE           	779A	0000	137
		_main2         		CODE           	4332	0000	729
		_I2CInit       		CODE           	9146	0000	3
		_clrInd        		CODE           	8376	0000	69
		_I2CSend       		CODE           	8FFE	0000	31
		_ConvKeyNum    		CODE           	82AC	0000	103
		_lcd_init      		CODE           	6BB0	0000	189
		_OutputSystemMessage		CODE           	6260	0000	233
		_FindCell      		CODE           	68FC	0000	245
		_PhonebookEdit 		CODE           	364E	0000	995
		_CheckoutRegisterOfSymbol		CODE           	4958	0000	725
		_WriteDataOfCell		CODE           	843A	0000	83
		_Scheduler     		CODE           	72E0	0000	149

prog.c estimated size: 28874

C:\Program Files (x86)\Microchip\xc8\v1.38\sources\common\lbdiv.c
		___lbdiv       		CODE           	8A18	0000	55

C:\Program Files (x86)\Microchip\xc8\v1.38\sources\common\lbdiv.c estimated size: 55

