Microchip MPLAB XC8 Compiler V1.37 ()

Linker command line:

-W9 --edf=/opt/microchip/xc8/v1.37/dat/en_msgs.txt -cs \
  -h+dist/default/production/Water_PIC18_test.production.sym \
  --cmf=dist/default/production/Water_PIC18_test.production.cmf -z \
  -Q18F2620 -o/tmp/xcXYciHO5 \
  -Mdist/default/production/Water_PIC18_test.production.map -E1 -ver=XC8 \
  --acfsm=1493 -ASTACK=0D65h-0f7fh -pstack=STACK -ACODE=00h-0FFFFh \
  -ACONST=00h-0FFFFh -ASMALLCONST=01000h-010FFhx240 \
  -AMEDIUMCONST=01000h-0FFFFh -ACOMRAM=01h-07Fh -AABS1=00h-0F7Fh \
  -ABIGRAM=01h-0F7Fh -ARAM=080h-0FFh,0100h-01FFhx14,0F00h-0F7Fh \
  -ABANK0=080h-0FFh -ABANK1=0100h-01FFh -ABANK2=0200h-02FFh \
  -ABANK3=0300h-03FFh -ABANK4=0400h-04FFh -ABANK5=0500h-05FFh \
  -ABANK6=0600h-06FFh -ABANK7=0700h-07FFh -ABANK8=0800h-08FFh \
  -ABANK9=0900h-09FFh -ABANK10=0A00h-0AFFh -ABANK11=0B00h-0BFFh \
  -ABANK12=0C00h-0CFFh -ABANK13=0D00h-0DFFh -ABANK14=0E00h-0EFFh \
  -ABANK15=0F00h-0F7Fh -ASFR=0F80h-0FFFh \
  -preset_vec=00h,intcode=08h,intcodelo=018h,powerup,init,end_init \
  -pramtop=01000h -psmallconst=SMALLCONST -pmediumconst=MEDIUMCONST \
  -pconst=CONST -AFARRAM=00h-00h -ACONFIG=0300000h-030000Dh -pconfig=CONFIG \
  -AIDLOC=0200000h-0200007h -pidloc=IDLOC -AEEDATA=0F00000h-0F003FFh \
  -peeprom_data=EEDATA \
  -prdata=COMRAM,nvrram=COMRAM,nvbit=COMRAM,rbss=COMRAM,rbit=COMRAM \
  -pfarbss=FARRAM,fardata=FARRAM,nvFARRAM=FARRAM \
  -pintsave_regs=BIGRAM,bigbss=BIGRAM,bigdata=BIGRAM -pbss=RAM \
  -pidata=CODE,irdata=CODE,ibigdata=CODE,ifardata=CODE -prparam=COMRAM \
  /tmp/xcXYB2hzv.obj \
  dist/default/production/Water_PIC18_test.production.obj 

Object code version is 3.11

Machine type is 18F2620

Call graph: (short form)




                Name                               Link     Load   Length Selector   Space Scale
/tmp/xcXYB2hzv.obj
                end_init                            3A2      3A2        4        C       0
                reset_vec                             0        0        4        0       0
                config                           300000   300000        E   300000       0
dist/default/production/Water_PIC18_test.production.obj
                intcodelo                            18       18      38A        C       0
                intcode                               8        8        E        4       0
                temp                                 7D       7D        1        1       1
                mediumconst                        FB82     FB82      47E     7DC1       0
                text159                            DAAE     DAAE       2C     6555       0
                text158                            AF14     AF14      11A        C       0
                text157                            DBCE     DBCE       24     6555       0
                text156                            D7E6     D7E6       3E     6555       0
                text155                            C878     C878       96     62AB       0
                text154                            D3C0     D3C0       52     6555       0
                text153                            D998     D998       34     6555       0
                text152                            BB3E     BB3E       CC        C       0
                text151                            D36E     D36E       52     6555       0
                text150                            D6A6     D6A6       42     6555       0
                text149                            9988     9988      202        C       0
                text148                            C90E     C90E       8C     62AB       0
                text147                            DC14     DC14       22     6555       0
                intcode_body                       A056     A056      188        C       0
                text145                            C354     C354       B0        C       0
                text144                            ADFA     ADFA      11A        C       0
                text143                            A478     A478      144        C       0
                text142                            DB80     DB80       28     6555       0
                text141                            D1BA     D1BA       5E     6555       0
                text140                            C1EC     C1EC       B8        C       0
                text139                            9B8A     9B8A      1A0        C       0
                text138                            CE8E     CE8E       74     6555       0
                text137                            DCF6     DCF6       1E     6555       0
                text136                            D768     D768       40     6555       0
                text135                            D964     D964       34     6555       0
                text134                            8E44     8E44      25A        C       0
                text133                            D728     D728       40     6555       0
                text132                            DA28     DA28       2E     6555       0
                text131                            D9FA     D9FA       2E     6555       0
                text130                            D9CC     D9CC       2E     6555       0
                text129                            D8C6     D8C6       36     6555       0
                text128                            BE46     BE46       BE        C       0
                text127                            C69C     C69C       A2     62AB       0
                text126                            D890     D890       36     6555       0
                text125                            B43C     B43C       F4        C       0
                text124                            953C     953C      248        C       0
                text123                            DB2E     DB2E       2A     6555       0
                text122                            CE18     CE18       76     6555       0
                text121                            CCAC     CCAC       7E     6555       0
                text120                            D5D4     D5D4       4A     6555       0
                text119                            BA6E     BA6E       D0        C       0
                text118                            DD30     DD30       1C     6555       0
                text117                            D0FC     D0FC       60     6555       0
                text116                            D58A     D58A       4A     6555       0
                text115                            4762     4762      928        C       0
                text114                            DD64     DD64       18     6555       0
                text113                            DCD6     DCD6       20     6555       0
                text112                            DE02     DE02        A     6555       0
                text111                            DDF8     DDF8        A     6555       0
                text110                            DCB6     DCB6       20     6555       0
                text109                            DE2C     DE2C        8     6555       0
                text108                            DDE8     DDE8       10     6555       0
                text107                            DC96     DC96       20     6555       0
                text106                            DE24     DE24        8     6555       0
                text105                            DE1C     DE1C        8     6555       0
                text104                            DDB6     DDB6       12     6555       0
                text103                            A82E     A82E      132        C       0
                text102                            C404     C404       AA        C       0
                text101                            DB04     DB04       2A     6555       0
                text100                            A960     A960      130        C       0
                text99                             5EAC     5EAC      682        C       0
                text97                             DB58     DB58       28     6555       0
                text96                             DA82     DA82       2C     6555       0
                text95                             DBF2     DBF2       22     6555       0
                text94                             D6E8     D6E8       40     6555       0
                text93                             B8CC     B8CC       D2        C       0
                text92                             D15C     D15C       5E     6555       0
                text91                             BFC0     BFC0       BC        C       0
                text90                             CDA2     CDA2       76     6555       0
                text89                             870C     870C      276        C       0
                text88                             C73E     C73E       A0     62AB       0
                text87                             ACE0     ACE0      11A        C       0
                text86                             B530     B530       F2        C       0
                text85                             C2A4     C2A4       B0        C       0
                text84                             8982     8982      268        C       0
                text83                             CD2A     CD2A       78     6555       0
                text82                             D03A     D03A       62     6555       0
                text81                             CC2E     CC2E       7E     6555       0
                text80                             D09C     D09C       60     6555       0
                text79                             508A     508A      730        C       0
                text78                             6A22     6A22      4AE        C       0
                text77                             D662     D662       44     6555       0
                text76                             BD88     BD88       BE        C       0
                text75                             BCCA     BCCA       BE        C       0
                text74                             A5BC     A5BC      140        C       0
                text73                             B70E     B70E       E4        C       0
                text72                             ABBA     ABBA      126        C       0
                text71                             B7F2     B7F2       DA        C       0
                text70                             72D2     72D2      356        C       0
                text69                             DC76     DC76       20     6555       0
                text68                             DDA4     DDA4       12     6555       0
                text67                             A6FC     A6FC      132        C       0
                text66                             24B8     24B8      C84        C       0
                text65                             DADA     DADA       2A     6555       0
                text64                             CAAA     CAAA       86     6555       0
                text63                             C134     C134       B8        C       0
                text62                             D85A     D85A       36     6555       0
                text61                             92F4     92F4      248        C       0
                text60                             D31C     D31C       52     6555       0
                text59                             BC0A     BC0A       C0        C       0
                text58                             909E     909E      256        C       0
                text57                             B622     B622       EC        C       0
                text56                             CFD8     CFD8       62     6555       0
                text55                             C07C     C07C       B8        C       0
                text54                             57BA     57BA      6F2        C       0
                text53                             D540     D540       4A     6555       0
                text52                             D4F6     D4F6       4A     6555       0
                text51                             B142     B142      112        C       0
                text50                             D930     D930       34     6555       0
                text49                             8BEA     8BEA      25A        C       0
                text48                              3A6      3A6     1408        C       0
                text47                             A1DE     A1DE      14E        C       0
                text46                             C556     C556       A4     62AB       0
                text45                             6ED0     6ED0      402        C       0
                text44                             C99A     C99A       88     62AB       0
                text43                             DBA8     DBA8       26     6555       0
                text42                             D7A8     D7A8       3E     6555       0
                text41                             8470     8470      29C        C       0
                text40                             DD7C     DD7C       16     6555       0
                text39                             DD4C     DD4C       18     6555       0
                text38                             C5FA     C5FA       A2     62AB       0
                text37                             D824     D824       36     6555       0
                text36                             B348     B348       F4        C       0
                text35                             7948     7948      30A        C       0
                text34                             D8FC     D8FC       34     6555       0
                text33                             D412     D412       50     6555       0
                text32                             9784     9784      204        C       0
                text31                             D2CA     D2CA       52     6555       0
                text30                             DDD8     DDD8       10     6555       0
                text29                             DC56     DC56       20     6555       0
                text28                             DE14     DE14        8     6555       0
                text27                             DE0C     DE0C        8     6555       0
                text26                             BF04     BF04       BC        C       0
                text25                             C7DE     C7DE       9A     62AB       0
                text24                             7C52     7C52      2D2        C       0
                text23                             D4AC     D4AC       4A     6555       0
                text22                             17AE     17AE      D0A        C       0
                text21                             DA56     DA56       2C     6555       0
                text20                             7628     7628      320        C       0
                text19                             D61E     D61E       44     6555       0
                text18                             D274     D274       56     6555       0
                text17                             CF02     CF02       6E     6555       0
                text16                             CB30     CB30       80     6555       0
                text15                             313C     313C      B4C        C       0
                text14                             A32C     A32C      14C        C       0
                text13                             7F24     7F24      2A8        C       0
                text12                             B02E     B02E      114        C       0
                text11                             AA90     AA90      12A        C       0
                text10                             B254     B254       F4        C       0
                text9                              D218     D218       5C     6555       0
                text8                              3C88     3C88      ADA        C       0
                text7                              9D2A     9D2A      198        C       0
                text6                              CBB0     CBB0       7E     6555       0
                text5                              D462     D462       4A     6555       0
                text4                              DD92     DD92       12     6555       0
                text3                              B99E     B99E       D0        C       0
                text2                              DD14     DD14       1C     6555       0
                text1                              652E     652E      4F4        C       0
                text0                              81CC     81CC      2A4        C       0
                cstackCOMRAM                          1        1       50        1       1
                cstackBANK0                          80       80       79       80       1
                cstackBANK1                         100      100       7C      100       1
                cstackBANK2                         200      200       FA      200       1
                cstackBANK3                         300      300       FB      300       1
                cstackBANK4                         487      487       4A      400       1
                cstackBANK11                        B00      B00       65      B00       1
                bssBIGRAM                           B65      B65      200      B65       1
                bssBANK10                           A00      A00      100      A00       1
                bssBANK9                            900      900      100      900       1
                bssBANK8                            800      800      100      800       1
                bssBANK7                            700      700      100      700       1
                dataBANK6                           684      684       68      600       1
                bssBANK6                            600      600       84      600       1
                dataBANK5                           500      500       A7      500       1
                bssBANK5                            5A7      5A7       58      500       1
                dataBANK4                           400      400       87      400       1
                bssBANK4                            4D1      4D1       10      400       1
                dataBANK3                           3FB      3FB        3      300       1
                bssBANK2                            2FA      2FA        1      200       1
                dataBANK1                           19E      19E       20      100       1
                bssBANK1                            17C      17C       22      100       1
                dataBANK0                            FE       FE        2       80       1
                bssBANK0                             F9       F9        5       80       1
                dataCOMRAM                           6D       6D       10        1       1
                bssCOMRAM                            51       51       1C        1       1
                cinit                              9EC2     9EC2      194        C       0
                idataBANK6                         CF70     CF70       68     6555       0
                idataBANK5                         C4AE     C4AE       A7        C       0
                idataBANK4                         CA22     CA22       87     62AB       0
                idataBANK3                         DE34     DE34        3     6555       0
                idataBANK1                         DC36     DC36       20     6555       0
                idataBANK0                         DE37     DE37        2     6555       0
                idataCOMRAM                        DDC8     DDC8       10     6555       0

TOTAL           Name                               Link     Load   Length     Space
        CLASS   STACK          

        CLASS   CODE           
                end_init                            3A2      3A2        4         0
                intcodelo                            18       18      38A         0
                intcode                               8        8        E         0
                reset_vec                             0        0        4         0
                text159                            DAAE     DAAE       2C         0
                text158                            AF14     AF14      11A         0
                text157                            DBCE     DBCE       24         0
                text156                            D7E6     D7E6       3E         0
                text155                            C878     C878       96         0
                text154                            D3C0     D3C0       52         0
                text153                            D998     D998       34         0
                text152                            BB3E     BB3E       CC         0
                text151                            D36E     D36E       52         0
                text150                            D6A6     D6A6       42         0
                text149                            9988     9988      202         0
                text148                            C90E     C90E       8C         0
                text147                            DC14     DC14       22         0
                intcode_body                       A056     A056      188         0
                text145                            C354     C354       B0         0
                text144                            ADFA     ADFA      11A         0
                text143                            A478     A478      144         0
                text142                            DB80     DB80       28         0
                text141                            D1BA     D1BA       5E         0
                text140                            C1EC     C1EC       B8         0
                text139                            9B8A     9B8A      1A0         0
                text138                            CE8E     CE8E       74         0
                text137                            DCF6     DCF6       1E         0
                text136                            D768     D768       40         0
                text135                            D964     D964       34         0
                text134                            8E44     8E44      25A         0
                text133                            D728     D728       40         0
                text132                            DA28     DA28       2E         0
                text131                            D9FA     D9FA       2E         0
                text130                            D9CC     D9CC       2E         0
                text129                            D8C6     D8C6       36         0
                text128                            BE46     BE46       BE         0
                text127                            C69C     C69C       A2         0
                text126                            D890     D890       36         0
                text125                            B43C     B43C       F4         0
                text124                            953C     953C      248         0
                text123                            DB2E     DB2E       2A         0
                text122                            CE18     CE18       76         0
                text121                            CCAC     CCAC       7E         0
                text120                            D5D4     D5D4       4A         0
                text119                            BA6E     BA6E       D0         0
                text118                            DD30     DD30       1C         0
                text117                            D0FC     D0FC       60         0
                text116                            D58A     D58A       4A         0
                text115                            4762     4762      928         0
                text114                            DD64     DD64       18         0
                text113                            DCD6     DCD6       20         0
                text112                            DE02     DE02        A         0
                text111                            DDF8     DDF8        A         0
                text110                            DCB6     DCB6       20         0
                text109                            DE2C     DE2C        8         0
                text108                            DDE8     DDE8       10         0
                text107                            DC96     DC96       20         0
                text106                            DE24     DE24        8         0
                text105                            DE1C     DE1C        8         0
                text104                            DDB6     DDB6       12         0
                text103                            A82E     A82E      132         0
                text102                            C404     C404       AA         0
                text101                            DB04     DB04       2A         0
                text100                            A960     A960      130         0
                text99                             5EAC     5EAC      682         0
                text97                             DB58     DB58       28         0
                text96                             DA82     DA82       2C         0
                text95                             DBF2     DBF2       22         0
                text94                             D6E8     D6E8       40         0
                text93                             B8CC     B8CC       D2         0
                text92                             D15C     D15C       5E         0
                text91                             BFC0     BFC0       BC         0
                text90                             CDA2     CDA2       76         0
                text89                             870C     870C      276         0
                text88                             C73E     C73E       A0         0
                text87                             ACE0     ACE0      11A         0
                text86                             B530     B530       F2         0
                text85                             C2A4     C2A4       B0         0
                text84                             8982     8982      268         0
                text83                             CD2A     CD2A       78         0
                text82                             D03A     D03A       62         0
                text81                             CC2E     CC2E       7E         0
                text80                             D09C     D09C       60         0
                text79                             508A     508A      730         0
                text78                             6A22     6A22      4AE         0
                text77                             D662     D662       44         0
                text76                             BD88     BD88       BE         0
                text75                             BCCA     BCCA       BE         0
                text74                             A5BC     A5BC      140         0
                text73                             B70E     B70E       E4         0
                text72                             ABBA     ABBA      126         0
                text71                             B7F2     B7F2       DA         0
                text70                             72D2     72D2      356         0
                text69                             DC76     DC76       20         0
                text68                             DDA4     DDA4       12         0
                text67                             A6FC     A6FC      132         0
                text66                             24B8     24B8      C84         0
                text65                             DADA     DADA       2A         0
                text64                             CAAA     CAAA       86         0
                text63                             C134     C134       B8         0
                text62                             D85A     D85A       36         0
                text61                             92F4     92F4      248         0
                text60                             D31C     D31C       52         0
                text59                             BC0A     BC0A       C0         0
                text58                             909E     909E      256         0
                text57                             B622     B622       EC         0
                text56                             CFD8     CFD8       62         0
                text55                             C07C     C07C       B8         0
                text54                             57BA     57BA      6F2         0
                text53                             D540     D540       4A         0
                text52                             D4F6     D4F6       4A         0
                text51                             B142     B142      112         0
                text50                             D930     D930       34         0
                text49                             8BEA     8BEA      25A         0
                text48                              3A6      3A6     1408         0
                text47                             A1DE     A1DE      14E         0
                text46                             C556     C556       A4         0
                text45                             6ED0     6ED0      402         0
                text44                             C99A     C99A       88         0
                text43                             DBA8     DBA8       26         0
                text42                             D7A8     D7A8       3E         0
                text41                             8470     8470      29C         0
                text40                             DD7C     DD7C       16         0
                text39                             DD4C     DD4C       18         0
                text38                             C5FA     C5FA       A2         0
                text37                             D824     D824       36         0
                text36                             B348     B348       F4         0
                text35                             7948     7948      30A         0
                text34                             D8FC     D8FC       34         0
                text33                             D412     D412       50         0
                text32                             9784     9784      204         0
                text31                             D2CA     D2CA       52         0
                text30                             DDD8     DDD8       10         0
                text29                             DC56     DC56       20         0
                text28                             DE14     DE14        8         0
                text27                             DE0C     DE0C        8         0
                text26                             BF04     BF04       BC         0
                text25                             C7DE     C7DE       9A         0
                text24                             7C52     7C52      2D2         0
                text23                             D4AC     D4AC       4A         0
                text22                             17AE     17AE      D0A         0
                text21                             DA56     DA56       2C         0
                text20                             7628     7628      320         0
                text19                             D61E     D61E       44         0
                text18                             D274     D274       56         0
                text17                             CF02     CF02       6E         0
                text16                             CB30     CB30       80         0
                text15                             313C     313C      B4C         0
                text14                             A32C     A32C      14C         0
                text13                             7F24     7F24      2A8         0
                text12                             B02E     B02E      114         0
                text11                             AA90     AA90      12A         0
                text10                             B254     B254       F4         0
                text9                              D218     D218       5C         0
                text8                              3C88     3C88      ADA         0
                text7                              9D2A     9D2A      198         0
                text6                              CBB0     CBB0       7E         0
                text5                              D462     D462       4A         0
                text4                              DD92     DD92       12         0
                text3                              B99E     B99E       D0         0
                text2                              DD14     DD14       1C         0
                text1                              652E     652E      4F4         0
                text0                              81CC     81CC      2A4         0
                cinit                              9EC2     9EC2      194         0
                idataBANK6                         CF70     CF70       68         0
                idataBANK5                         C4AE     C4AE       A7         0
                idataBANK4                         CA22     CA22       87         0
                idataBANK3                         DE34     DE34        3         0
                idataBANK1                         DC36     DC36       20         0
                idataBANK0                         DE37     DE37        2         0
                idataCOMRAM                        DDC8     DDC8       10         0

        CLASS   CONST          

        CLASS   SMALLCONST     

        CLASS   MEDIUMCONST    
                mediumconst                        FB82     FB82      47E         0

        CLASS   COMRAM         
                temp                                 7D       7D        1         1
                cstackCOMRAM                          1        1       50         1
                dataCOMRAM                           6D       6D       10         1
                bssCOMRAM                            51       51       1C         1

        CLASS   ABS1           

        CLASS   BIGRAM         
                bssBIGRAM                           B65      B65      200         1

        CLASS   RAM            

        CLASS   BANK0          
                cstackBANK0                          80       80       79         1
                dataBANK0                            FE       FE        2         1
                bssBANK0                             F9       F9        5         1

        CLASS   BANK1          
                cstackBANK1                         100      100       7C         1
                dataBANK1                           19E      19E       20         1
                bssBANK1                            17C      17C       22         1

        CLASS   BANK2          
                cstackBANK2                         200      200       FA         1
                bssBANK2                            2FA      2FA        1         1

        CLASS   BANK3          
                cstackBANK3                         300      300       FB         1
                dataBANK3                           3FB      3FB        3         1

        CLASS   BANK4          
                cstackBANK4                         487      487       4A         1
                dataBANK4                           400      400       87         1
                bssBANK4                            4D1      4D1       10         1

        CLASS   BANK5          
                dataBANK5                           500      500       A7         1
                bssBANK5                            5A7      5A7       58         1

        CLASS   BANK6          
                dataBANK6                           684      684       68         1
                bssBANK6                            600      600       84         1

        CLASS   BANK7          
                bssBANK7                            700      700      100         1

        CLASS   BANK8          
                bssBANK8                            800      800      100         1

        CLASS   BANK9          
                bssBANK9                            900      900      100         1

        CLASS   BANK10         
                bssBANK10                           A00      A00      100         1

        CLASS   BANK11         
                cstackBANK11                        B00      B00       65         1

        CLASS   BANK12         

        CLASS   BANK13         

        CLASS   BANK14         

        CLASS   BANK15         

        CLASS   SFR            

        CLASS   FARRAM         

        CLASS   CONFIG         
                config                           300000   300000        E         0

        CLASS   IDLOC          

        CLASS   EEDATA         



SEGMENTS        Name                           Load    Length   Top    Selector   Space  Class

                reset_vec                      000000  000004  000004         0       0  CODE    
                cstackCOMRAM                   000001  00007D  00007E         1       1  COMRAM  
                intcode                        000008  00000E  000016         4       0  CODE    
                intcodelo                      000018  00C53D  00C555         C       0  CODE    
                cstackBANK0                    000080  000080  000100        80       1  BANK0   
                cstackBANK1                    000100  0000BE  0001BE       100       1  BANK1   
                cstackBANK2                    000200  0000FB  0002FB       200       1  BANK2   
                cstackBANK3                    000300  0000FE  0003FE       300       1  BANK3   
                dataBANK4                      000400  0000E1  0004E1       400       1  BANK4   
                dataBANK5                      000500  0000FF  0005FF       500       1  BANK5   
                bssBANK6                       000600  0000EC  0006EC       600       1  BANK6   
                bssBANK7                       000700  000100  000800       700       1  BANK7   
                bssBANK8                       000800  000100  000900       800       1  BANK8   
                bssBANK9                       000900  000100  000A00       900       1  BANK9   
                bssBANK10                      000A00  000100  000B00       A00       1  BANK10  
                cstackBANK11                   000B00  000065  000B65       B00       1  BANK11  
                bssBIGRAM                      000B65  000200  000D65       B65       1  BIGRAM  
                text46                         00C556  000553  00CAA9      62AB       0  CODE    
                text64                         00CAAA  00138F  00DE39      6555       0  CODE    
                mediumconst                    00FB82  00047E  010000      7DC1       0  MEDIUMCO
                config                         300000  00000E  30000E    300000       0  CONFIG  


UNUSED ADDRESS RANGES

        Name                Unused          Largest block    Delta
        BANK1            0001BE-0001FF               42
        BANK13           000D65-000DFF               9B
        BANK14           000E00-000EFF              100
        BANK15           000F00-000F7F               80
        BANK2            0002FB-0002FF                5
        BANK3            0003FE-0003FF                2
        BANK4            0004E1-0004FF               1F
        BANK5            0005FF-0005FF                1
        BANK6            0006EC-0006FF               14
        BIGRAM           00007E-00007F                2
                         0001BE-0001FF               42
                         0002FB-0002FF                5
                         0003FE-0003FF                2
                         0004E1-0004FF               1F
                         0005FF-0005FF                1
                         0006EC-0006FF               14
                         000D65-000F7F              21B
        CODE             000004-000007                4
                         000016-000017                2
                         00C555-00C555                1
                         00CAA9-00CAA9                1
                         00DE39-00FB81             1D49
        COMRAM           00007E-00007F                2
        CONST            000004-000007                4
                         000016-000017                2
                         00C555-00C555                1
                         00CAA9-00CAA9                1
                         00DE39-00FB81             1D49
        EEDATA           F00000-F003FF              400
        IDLOC            200000-200007                8
        MEDIUMCONST      00C555-00C555                1
                         00CAA9-00CAA9                1
                         00DE39-00FB81             1D49
        RAM              0001BE-0001FF               42
                         0002FB-0002FF                5
                         0003FE-0003FF                2
                         0004E1-0004FF               1F
                         0005FF-0005FF                1
                         0006EC-0006FF               14
                         000D65-000F7F              100
        SFR              000F80-000FFF               80
        SMALLCONST       00C555-00C555                1
                         00CAA9-00CAA9                1
                         00DE39-00FB81              100
        STACK            000D65-000F7F              21B

                                  Symbol Table

?_EncodePhoneNumberToPDU                    cstackBANK1  00014B
?_FindCell                                  cstackBANK1  000160
?_FindNextTimeStart                         cstackBANK1  000160
?_FindPhoneContactByNumber                  cstackBANK0  000091
?_GetDayOfWeek                              cstackBANK1  000142
?_GetStringLength                           cstackBANK1  000142
?_GetSystemInfo                             cstackBANK1  000166
?_GetUnicodeSymbol                          cstackBANK1  000142
?_InputText                                 cstackBANK1  00015A
?_RefreshSchedulerIndicator                 cstackBANK2  000200
?__GetStringLength_interr                   cstackBANK0  000080
?___aldiv                                   cstackBANK1  000142
?___almod                                   cstackBANK1  000142
?___awdiv                                   cstackBANK1  000148
?___awmod                                   cstackBANK1  000150
?___lldiv                                   cstackBANK1  000142
?___llmod                                   cstackBANK1  000142
?___lmul                                    cstackBANK1  000142
?___lwdiv                                   cstackBANK1  000142
?___lwmod                                   cstackBANK1  000142
?___wmul                                    cstackBANK1  000142
?__getContainer_Clock_from_GSM              cstackBANK0  000087
?__getContainer_Incomming_Call_Data         cstackBANK0  000087
?__getContainer_Incomming_DTMF_Data         cstackBANK0  000087
?_getSystemTimePoint                        cstackBANK1  000142
?_strlen                                    cstackBANK1  000142
?i1___aldiv                                 cstackBANK0  000080
?i1___awdiv                                 cstackBANK0  000086
?i1___awmod                                 cstackBANK0  00008E
?i1___lmul                                  cstackBANK0  00009C
?i1___wmul                                  cstackBANK0  000080
?i1_getSystemTimePoint                      cstackBANK0  000080
?i2___aldiv                                 cstackCOMRAM 000001
?i2___lwdiv                                 cstackCOMRAM 000001
?i2___lwmod                                 cstackCOMRAM 000001
AddByteToUSARTbuff@buff                     cstackCOMRAM 00000A
AddByteToUSARTbuff@byte                     cstackCOMRAM 00000C
AddByteToUSARTbuff@i                        cstackCOMRAM 00000D
AddByteToUSARTbuff@i_1858                   cstackCOMRAM 00000F
AddByteToUSARTbuff@lastdata                 bssCOMRAM    000067
BCD_to_DEC@BCD                              cstackBANK0  000081
CalculateClockDelta@newTime                 cstackBANK0  00008E
CheckoutRegisterOfSymbol@dig                cstackBANK1  000142
CleanStringArray@i                          cstackBANK1  000147
CleanStringArray@myArray                    cstackBANK1  000142
CleanStringArray@settingData                cstackBANK1  000146
CleanStringArray@size                       cstackBANK1  000144
ConvKeyNum@Num                              cstackBANK0  000080
ConvertCharToNumeric@symbol                 cstackBANK0  000080
ConvertDayToBit@DayNumber                   cstackBANK1  000142
DEC_to_BCD@DEC                              cstackBANK1  000158
DeleteDataOfCell@CellsData                  cstackBANK1  000151
DeleteDataOfCell@TargetAdress               cstackBANK1  00014F
DialDTMF@F3736                              dataBANK3    0003FB
DialDTMF@F3739                              dataBANK5    000566
DialDTMF@props                              cstackBANK3  0003D3
DialDTMF@s                                  cstackBANK3  0003C6
DialDTMF@string                             cstackBANK3  0003D1
EERD@EEDATA_BUP                             cstackBANK1  000145
EERD@INTCON_BUP                             cstackBANK1  000144
EERD@adress                                 cstackBANK1  000142
EEWR@INTCON_BUP                             cstackBANK1  000145
EEWR@adress                                 cstackBANK1  000142
EEWR@data                                   cstackBANK1  000144
EditSchedule@BeginEditTimes                 cstackBANK2  000220
EditSchedule@CellsData                      cstackBANK2  000216
EditSchedule@Data                           cstackBANK2  000272
EditSchedule@Days                           cstackBANK2  00026B
EditSchedule@HH                             cstackBANK2  000221
EditSchedule@HL                             cstackBANK2  000222
EditSchedule@MH                             cstackBANK2  000223
EditSchedule@ML                             cstackBANK2  000224
EditSchedule@OK                             cstackBANK2  00023E
EditSchedule@Signals                        cstackBANK2  00026C
EditSchedule@SourceOfRecord                 cstackBANK1  000162
EditSchedule@T                              cstackBANK2  000225
EditSchedule@TargetAdress                   cstackBANK2  00021E
EditSchedule@TimeStart                      cstackBANK2  00023A
EditSchedule@TimeStop                       cstackBANK2  00023C
EditSchedule@Times                          cstackBANK2  000229
EditSchedule@TimesOutput                    cstackBANK2  000200
EditSchedule@_times                         cstackBANK2  00023F
EditSchedule@adress                         cstackBANK1  000160
EditSchedule@blinking                       cstackBANK2  000277
EditSchedule@f                              cstackBANK2  000271
EditSchedule@i                              cstackBANK2  000278
EditSchedule@i_1696                         cstackBANK2  000279
EditSchedule@i_1699                         cstackBANK2  00026E
EditSchedule@i_1707                         cstackBANK2  00026F
EditSchedule@j                              cstackBANK2  000239
EditSchedule@j_1716                         cstackBANK2  000270
EditSchedule@key                            cstackBANK2  000276
EditSchedule@mode                           cstackBANK2  00026D
EditSchedule@temp                           cstackBANK2  00027A
EncodePhoneNumberToPDU@encoded              cstackBANK1  00014F
EncodePhoneNumberToPDU@i                    cstackBANK1  000160
EncodePhoneNumberToPDU@number_legth         cstackBANK1  00015E
EncodePhoneNumberToPDU@phone_number         cstackBANK1  00014B
EncodePhoneNumberToPDU@temp                 cstackBANK1  00015F
F_h@MinuteAgo                               cstackCOMRAM 000050
F_h@dddd                                    bssCOMRAM    000068
F_l@ButtonPressTimeOut                      bssBANK1     000193
F_l@KeyIndex                                bssBANK0     0000FD
F_l@PressedKeyIndex                         dataBANK0    0000FE
F_l@_KeyIndex                               cstackBANK0  0000ED
F_l@a                                       cstackBANK0  0000F2
F_l@data_temp                               cstackBANK0  0000F1
F_l@digit                                   cstackBANK0  0000F0
F_l@digs                                    cstackBANK0  0000EE
F_l@digsAtrib                               cstackBANK0  0000F4
F_l@line                                    cstackBANK0  0000F8
F_l@symbol                                  cstackBANK0  0000F6
FillArrayFromEEPROM@adress_start            cstackBANK1  000148
FillArrayFromEEPROM@container               cstackBANK1  000146
FillArrayFromEEPROM@i                       cstackBANK1  00014E
FillArrayFromEEPROM@quantity                cstackBANK1  00014A
FillArrayFromEEPROM_interr@adress_start     cstackCOMRAM 000007
FillArrayFromEEPROM_interr@container        cstackCOMRAM 000005
FillArrayFromEEPROM_interr@i                cstackCOMRAM 00000D
FillArrayFromEEPROM_interr@quantity         cstackCOMRAM 000009
FillPhonebookCellFromEEPROM@adress_start    cstackBANK1  000151
FillPhonebookCellFromEEPROM@container       cstackBANK1  00014F
FindCell@CellIsEmpty                        cstackBANK1  000176
FindCell@CellsData                          cstackBANK1  000166
FindCell@Data                               cstackBANK1  000172
FindCell@New                                cstackBANK1  000162
FindCell@adress                             cstackBANK1  000178
FindCell@adressNew                          cstackBANK1  00016E
FindCell@adressStart                        cstackBANK1  000160
FindCell@i                                  cstackBANK1  000177
FindCell@previous                           cstackBANK1  000163
FindIncommingData@a                         cstackBANK1  00015B
FindIncommingData@container                 cstackBANK1  00014B
FindIncommingData@end_of_regexp             cstackBANK1  00015D
FindIncommingData@finish_index              cstackBANK1  000157
FindIncommingData@history_index             cstackBANK1  00014D
FindIncommingData@i                         cstackBANK1  000161
FindIncommingData@j                         cstackBANK1  000167
FindIncommingData@last_s                    cstackBANK1  000165
FindIncommingData@not_found                 cstackBANK1  000159
FindIncommingData@pointer                   cstackBANK1  000163
FindIncommingData@regexp                    cstackBANK1  000149
FindIncommingData@s0                        cstackBANK1  00015F
FindIncommingData@s1                        cstackBANK1  000153
FindIncommingData@start_index               cstackBANK1  000155
FindNextTimeStart@CellsData                 cstackBANK2  000200
FindNextTimeStart@Data                      cstackBANK2  000221
FindNextTimeStart@DayIndex                  cstackBANK2  000220
FindNextTimeStart@DayOn                     cstackBANK2  00020C
FindNextTimeStart@Days                      cstackBANK2  000219
FindNextTimeStart@LastFoundTimeStart        cstackBANK2  000211
FindNextTimeStart@Signals                   cstackBANK2  000218
FindNextTimeStart@TimeFrom                  cstackBANK1  000160
FindNextTimeStart@TimeIsFound               cstackBANK2  000217
FindNextTimeStart@TimeOfSignals             cstackBANK2  00021A
FindNextTimeStart@TimeStart                 cstackBANK2  000215
FindNextTimeStart@TimeStop                  cstackBANK2  00020F
FindNextTimeStart@adress                    cstackBANK2  00021E
FindNextTimeStart@adressStart               cstackBANK2  00020D
FindPhoneContactByNumber@container          cstackBANK0  00009F
FindPhoneContactByNumber@end_of_phone       cstackBANK0  00009D
FindPhoneContactByNumber@found              cstackBANK0  00009B
FindPhoneContactByNumber@i                  cstackBANK0  00009C
FindPhoneContactByNumber@j                  cstackBANK0  00009E
FindPhoneContactByNumber@number             cstackBANK0  000091
Format_EEPROM_Memory@first_cell             cstackBANK1  000157
Format_EEPROM_Memory@i                      cstackBANK1  000160
Format_EEPROM_Memory@interactive            cstackBANK1  00015B
Format_EEPROM_Memory@last_cell              cstackBANK1  000159
GetDayOfWeek@day                            cstackBANK1  000144
GetDayOfWeekByDate@_day                     cstackBANK1  000157
GetDayOfWeekByDate@_mounth                  cstackBANK1  000156
GetDayOfWeekByDate@_year                    cstackBANK1  00015D
GetDayOfWeekByDate@century_number           cstackBANK1  00015C
GetNumericFromString@index                  cstackBANK0  000083
GetNumericFromString@string                 cstackBANK0  000081
GetStringLength@container                   cstackBANK1  000142
GetStringLength@i                           cstackBANK1  000144
GetSystemInfo@CellsData                     cstackBANK2  00026E
GetSystemInfo@Data                          cstackBANK2  0002A9
GetSystemInfo@DataArray                     cstackBANK2  000276
GetSystemInfo@Day                           cstackBANK2  0002A8
GetSystemInfo@Days                          cstackBANK2  0002A6
GetSystemInfo@F3784                         dataBANK4    000436
GetSystemInfo@F3787                         dataBANK4    00043B
GetSystemInfo@F3792                         dataBANK6    0006B7
GetSystemInfo@F3802                         dataCOMRAM   00006D
GetSystemInfo@F3804                         dataCOMRAM   000070
GetSystemInfo@F3806                         dataBANK4    000474
GetSystemInfo@F3808                         dataBANK4    000477
GetSystemInfo@F3810                         dataBANK4    000440
GetSystemInfo@NextCell                      cstackBANK2  0002AD
GetSystemInfo@Signals                       cstackBANK2  0002A7
GetSystemInfo@Time                          cstackBANK2  0002B1
GetSystemInfo@TimeStart                     cstackBANK2  0002A4
GetSystemInfo@TimeStop                      cstackBANK2  0002AF
GetSystemInfo@cTime                         cstackBANK2  0002B3
GetSystemInfo@d                             cstackBANK2  0002BA
GetSystemInfo@h_1                           cstackBANK2  00029B
GetSystemInfo@h_2                           cstackBANK2  0002A1
GetSystemInfo@i                             cstackBANK2  0002B7
GetSystemInfo@i_2410                        cstackBANK2  0002B8
GetSystemInfo@i_2441                        cstackBANK2  0002B9
GetSystemInfo@info                          cstackBANK2  000225
GetSystemInfo@m_1                           cstackBANK2  000298
GetSystemInfo@m_2                           cstackBANK2  00029E
GetSystemInfo@s_auto                        cstackBANK2  000289
GetSystemInfo@s_hand                        cstackBANK2  00028E
GetSystemInfo@sss                           cstackBANK2  000293
GetUnicodeSymbol@symb                       cstackBANK1  000144
I2CRead@temp                                cstackBANK0  000081
I2CSend@dat                                 cstackBANK1  000143
Init_GSM@result                             cstackBANK1  00016D
Init_GSM@show                               cstackBANK1  00016E
Init_GSM@tt                                 cstackBANK1  000169
Init_USART@SpeedNumber                      cstackBANK1  000144
Init_USART@_value                           cstackBANK1  000142
InputText@F3627                             dataBANK1    0001A1
InputText@F3630                             dataCOMRAM   000073
InputText@F3632                             dataBANK6    0006A3
InputText@F3634                             dataBANK4    000445
InputText@F3636                             dataBANK4    00044A
InputText@F3638                             dataBANK4    00044F
InputText@F3640                             dataBANK4    000454
InputText@F3642                             dataBANK4    000459
InputText@F3644                             dataBANK4    000400
InputText@F3646                             dataBANK4    00045E
InputText@F3648                             dataBANK4    000406
InputText@F3650                             dataBANK4    00040C
InputText@F3652                             dataBANK4    000412
InputText@F3654                             dataBANK4    000418
InputText@F3656                             dataBANK4    00041E
InputText@F3658                             dataBANK4    000424
InputText@F3660                             dataBANK5    000595
InputText@F3662                             dataBANK5    00059B
InputText@F3664                             dataBANK5    0005A1
InputText@F3666                             dataCOMRAM   000076
InputText@F3668                             dataBANK1    0001A3
InputText@F3670                             dataBANK1    0001A5
InputText@F3672                             dataBANK1    0001A7
InputText@F3674                             dataBANK1    0001A9
InputText@F3676                             dataBANK1    0001AB
InputText@F3678                             dataBANK1    0001AD
InputText@F3680                             dataBANK1    0001AF
InputText@F3682                             dataBANK1    0001B1
InputText@F3684                             dataBANK1    0001B3
InputText@InputData                         cstackBANK3  000384
InputText@_input_data                       cstackBANK3  000300
InputText@_props                            cstackBANK1  00015C
InputText@active_cell                       cstackBANK2  0002F2
InputText@capacity                          cstackBANK1  00015E
InputText@cur_char                          cstackBANK2  0002E5
InputText@i                                 cstackBANK2  0002F1
InputText@i_2175                            cstackBANK2  0002EA
InputText@i_2184                            cstackBANK2  0002E9
InputText@i_2194                            cstackBANK2  0002EC
InputText@i_2197                            cstackBANK2  0002ED
InputText@i_2205                            cstackBANK2  0002EB
InputText@lastKeyCode                       cstackBANK2  0002EE
InputText@props                             cstackBANK2  0002F3
InputText@ret_string                        cstackBANK2  000230
InputText@ret_string_2196                   cstackBANK2  000251
InputText@s_0                               cstackBANK2  0002CC
InputText@s_1                               cstackBANK1  000164
InputText@s_12                              cstackBANK2  00027E
InputText@s_13                              cstackBANK2  000284
InputText@s_14                              cstackBANK2  00028A
InputText@s_15                              cstackBANK2  000290
InputText@s_16                              cstackBANK2  000296
InputText@s_17                              cstackBANK2  00029C
InputText@s_18                              cstackBANK2  0002A2
InputText@s_19                              cstackBANK2  0002A8
InputText@s_2                               cstackBANK2  0002AE
InputText@s_20                              cstackBANK1  000178
InputText@s_21                              cstackBANK2  0002CF
InputText@s_22                              cstackBANK2  0002D1
InputText@s_23                              cstackBANK2  0002D3
InputText@s_24                              cstackBANK2  0002D5
InputText@s_25                              cstackBANK2  0002D7
InputText@s_26                              cstackBANK2  0002D9
InputText@s_27                              cstackBANK2  0002DB
InputText@s_28                              cstackBANK2  0002DD
InputText@s_29                              cstackBANK2  0002DF
InputText@s_3                               cstackBANK2  0002B3
InputText@s_4                               cstackBANK2  0002B8
InputText@s_5                               cstackBANK2  0002BD
InputText@s_6                               cstackBANK2  0002C2
InputText@s_7                               cstackBANK2  000272
InputText@s_8                               cstackBANK2  0002C7
InputText@s_9                               cstackBANK2  000278
InputText@symbols                           cstackBANK4  000487
InputText@temp                              cstackBANK2  0002EF
InputText@temp_2198                         cstackBANK2  0002E7
InputText@text                              cstackBANK1  00015A
InputText@time_point                        cstackBANK2  0002E1
InteractiveData_BlinkOFF@InteractiveData    cstackBANK1  000142
InteractiveData_BlinkOFF@i                  cstackBANK1  000147
InteractiveData_BlinkOFF@leght              cstackBANK1  000144
ItemsToIndicator@firstDigit                 cstackBANK1  00014D
ItemsToIndicator@i                          cstackBANK1  00014F
ItemsToIndicator@items                      cstackBANK1  00014E
ItemsToIndicator@max_i                      cstackBANK1  00014C
NumericToHEXString@displacement             cstackBANK1  00015D
NumericToHEXString@mySring                  cstackBANK1  000154
NumericToHEXString@n                        cstackBANK1  000150
NumericToHEXString@size                     cstackBANK1  000156
NumericToString@displacement                cstackBANK1  00015E
NumericToString@mySring                     cstackBANK1  000154
NumericToString@n                           cstackBANK1  000150
NumericToString@negative                    cstackBANK1  00015D
NumericToString@size                        cstackBANK1  000156
OutputInteractiveData@data                  cstackBANK1  000150
OutputInteractiveData@i                     cstackBANK1  000158
OutputInteractiveData@length                cstackBANK1  000152
OutputInteractiveData@line                  cstackBANK1  000156
OutputInteractiveData@s                     cstackBANK1  000157
OutputInteractiveData@start_symbol          cstackBANK1  000153
OutputString@cont                           cstackBANK1  000153
OutputString@i                              cstackBANK1  000154
OutputString@line                           cstackBANK1  00014E
OutputString@position                       cstackBANK1  00014F
OutputString@stringData                     cstackBANK1  00014C
OutputString@transfer_line                  cstackBANK1  000150
OutputSystemMessage@i                       cstackBANK1  000149
OutputSystemMessage@l                       cstackBANK1  00014C
OutputSystemMessage@line                    cstackBANK1  00014D
OutputSystemMessage@position                cstackBANK1  000148
OutputSystemMessage@s                       cstackBANK1  00014B
OutputSystemMessage@stringData              cstackBANK1  000142
OutputSystemMessage@symb                    cstackBANK1  00014E
ParseDataRecord@Data                        cstackBANK1  000142
ParseDataRecord@Days                        cstackBANK1  00014A
ParseDataRecord@Signals                     cstackBANK1  00014C
ParseDataRecord@TimeStart                   cstackBANK1  000146
ParseDataRecord@TimeStop                    cstackBANK1  000148
ParseTime@Day                               cstackBANK1  000156
ParseTime@DayTime                           cstackBANK1  000158
ParseTime@Time                              cstackBANK1  000154
ParseTime@TimeValue                         cstackBANK1  000150
PhonebookEdit@Contact                       cstackBANK11 000B44
PhonebookEdit@F3744                         dataBANK4    00047A
PhonebookEdit@F3746                         bssBANK5     0005A7
PhonebookEdit@F3751                         dataBANK4    000483
PhonebookEdit@F3754                         dataBANK4    000485
PhonebookEdit@aaa                           cstackBANK11 000B00
PhonebookEdit@cell                          cstackBANK11 000B41
PhonebookEdit@field                         cstackBANK11 000B3B
PhonebookEdit@i                             cstackBANK11 000B40
PhonebookEdit@input_props                   cstackBANK11 000B3E
PhonebookEdit@input_props_2326              cstackBANK11 000B39
PhonebookEdit@menu                          cstackBANK11 000B24
PhonebookEdit@num_cell                      cstackBANK11 000B21
PhonebookEdit@number                        cstackBANK11 000B36
PhonebookEdit@o                             cstackBANK11 000B43
PhonebookEdit@read                          cstackBANK11 000B38
PhonebookEdit@result                        cstackBANK11 000B3D
ProcessIncommingUartData@F3507              dataBANK5    000571
ProcessIncommingUartData@answerString       cstackBANK1  000121
ProcessIncommingUartData@contact            cstackBANK1  00013F
ProcessIncommingUartData@i                  cstackBANK1  000141
ProcessIncommingUartData@msg                cstackBANK1  000100
ProcessIncommingUartData@number             cstackBANK1  00012C
ProcessIncommingUartData@tClock             cstackBANK1  00013B
ReIndTimeEdit@F3227                         dataBANK4    00042A
ReIndTimeEdit@TimeData                      cstackBANK1  000159
ReIndTimeEdit@i                             cstackBANK1  000165
ReIndTimeEdit@i_1401                        cstackBANK1  000166
ReIndTimeEdit@n                             cstackBANK1  000164
ReIndTimeEdit@sources_of_time               cstackBANK1  00015D
ReIndTimeEdit@value                         cstackBANK1  000163
ReadDataOfCell@CellsData                    cstackBANK1  00014F
ReadDataOfCell@Data                         cstackBANK1  000151
ReadDataOfCell@TargetAdress                 cstackBANK1  000153
ReadDataOfCell@i                            cstackBANK1  00015E
ReadDataOfCell_interr@CellsData             cstackCOMRAM 00000E
ReadDataOfCell_interr@Data                  cstackCOMRAM 000010
ReadDataOfCell_interr@TargetAdress          cstackCOMRAM 000012
ReadDataOfCell_interr@i                     cstackCOMRAM 00001D
ReadTime@I                                  cstackBANK0  0000B5
ReadTime@Seconds                            cstackBANK0  0000B4
ReadTime@lastTimeStamp                      bssCOMRAM    000051
Read_USART_SpeedNumber@v                    cstackBANK1  000146
RefreshSchedulerIndicator@CellIsEmpty       cstackBANK2  000219
RefreshSchedulerIndicator@CellsData         cstackBANK2  000205
RefreshSchedulerIndicator@CopyFrom          cstackBANK2  000203
RefreshSchedulerIndicator@Data              cstackBANK2  000215
RefreshSchedulerIndicator@F3342             dataBANK1    00019E
RefreshSchedulerIndicator@F3344             dataCOMRAM   000079
RefreshSchedulerIndicator@New               cstackBANK2  000202
RefreshSchedulerIndicator@adress            cstackBANK2  000200
RefreshSchedulerIndicator@cell              cstackBANK2  00021A
RefreshSchedulerIndicator@i                 cstackBANK2  00021C
RefreshSchedulerIndicator@num               cstackBANK2  00020D
RefreshSchedulerIndicator@num_1624          cstackBANK2  000210
Save_USART_SpeedNumber@speed                cstackBANK1  000146
Scheduler@NumberOfCells                     bssBANK1     00018B
Scheduler@StartFrom                         cstackBANK2  00028D
SchedulerNew@NumberOfCells                  bssBANK1     00018D
SchedulerNew@SourceOfRecord                 cstackBANK2  00027C
Select_OK_NO@text                           cstackBANK1  000155
SendCommandToUSART@command                  cstackBANK1  000142
SendCommandToUSART@wait                     cstackBANK1  000144
SendSMS@F3860                               dataBANK4    00047D
SendSMS@F3864                               dataBANK4    000480
SendSMS@F3866                               bssBANK4     0004D1
SendSMS@F3868                               dataBANK5    000542
SendSMS@PhoneNumber                         cstackBANK1  00016C
SendSMS@Text                                cstackBANK1  00016E
SendSMS@command                             cstackBANK2  0002BB
SendSMS@e                                   cstackBANK2  0002CE
SendSMS@l                                   cstackBANK2  0002D7
SendSMS@myNumber                            cstackBANK2  0002D5
SendSMS@pn                                  cstackBANK2  0002DD
SendSMS@sc_len                              cstackBANK2  0002DF
SendSMS@tempString                          cstackBANK2  0002CB
SendSMS@tt                                  cstackBANK2  0002D1
SendSMS@y                                   cstackBANK2  0002C7
SendSymbolToLCD@Smb                         cstackBANK0  000096
SendSymbolToLCD@Symb                        cstackBANK0  000093
SendSymbolToLCD@a                           cstackBANK0  000094
SetTimeSource@time_source                   cstackBANK1  000147
Settings@F3768                              dataBANK5    000500
Settings@F3772                              dataBANK4    000430
Settings@GSM_Condition                      cstackBANK3  000341
Settings@GSM_On_Off                         cstackBANK3  000342
Settings@i                                  cstackBANK3  000343
Settings@item                               cstackBANK3  000345
Settings@menu                               cstackBANK3  000321
Settings@menu_GSM_on_off                    cstackBANK3  000333
Settings@myOutputString                     cstackBANK3  000300
Settings@num                                cstackBANK3  000344
Settings@p                                  cstackBANK3  00033D
Settings@result                             cstackBANK3  00033F
Settings@speed                              cstackBANK3  000340
Settings@tt                                 cstackBANK3  000339
ShowMenu@item                               cstackBANK1  000157
ShowMenu@item_max                           cstackBANK1  00015D
ShowMenu@line                               bssBANK1     000194
ShowMenu@menu                               cstackBANK1  000155
ShowMenu@result                             cstackBANK1  00015C
ShowSchedulerMenu@F3424                     dataBANK5    00054E
ShowSchedulerMenu@NumberOfCells             cstackBANK2  00027E
ShowSchedulerMenu@item                      cstackBANK2  00028C
ShowSchedulerMenu@menu                      cstackBANK2  000280
SignalsOnOff@CellsData                      cstackCOMRAM 000020
SignalsOnOff@Data                           cstackCOMRAM 000036
SignalsOnOff@Data_1789                      cstackCOMRAM 000035
SignalsOnOff@DayTime                        cstackCOMRAM 000030
SignalsOnOff@Days                           cstackCOMRAM 000032
SignalsOnOff@Signals                        cstackCOMRAM 000033
SignalsOnOff@ThisDay                        cstackCOMRAM 000034
SignalsOnOff@ThisTime                       cstackCOMRAM 00002E
SignalsOnOff@TimeStart                      cstackCOMRAM 000028
SignalsOnOff@TimeStop                       cstackCOMRAM 00002A
TelephoneCall@F3726                         dataBANK5    000512
TelephoneCall@command                       cstackBANK1  000149
TelephoneCall@i                             cstackBANK1  00015B
TelephoneCall@phone_number                  cstackBANK1  000145
TimeData_BlinkOFF@TimeData                  cstackBANK1  000148
TimeData_INIT@TimeData                      cstackBANK1  000142
TimeData_INIT@i                             cstackBANK1  000146
TimeData_INIT@i_1453                        cstackBANK1  000147
TimeEdit@F3258                              dataBANK5    00055A
TimeEdit@MonthDays                          cstackBANK2  000227
TimeEdit@TimeData                           cstackBANK2  00029D
TimeEdit@_date                              cstackBANK2  00023B
TimeEdit@_time                              cstackBANK2  000263
TimeEdit@_weekday                           cstackBANK2  00028F
TimeEdit@blinking                           cstackBANK2  000296
TimeEdit@i                                  cstackBANK2  000293
TimeEdit@i_1479                             cstackBANK2  000294
TimeEdit@i_1480                             cstackBANK2  000295
TimeEdit@input                              cstackBANK2  000278
TimeEdit@month                              cstackBANK2  00027A
TimeEdit@n                                  cstackBANK2  000233
TimeEdit@p                                  cstackBANK2  00029C
TimeEdit@symb_array                         cstackBANK2  00027B
TimeEdit@symb_array_max_index               cstackBANK2  000279
TimeEdit@t                                  cstackBANK2  00029B
TimeEdit@temp                               cstackBANK2  000297
TimeEdit@time_is_changed                    cstackBANK2  000277
TimeToInd@CellsData                         cstackBANK2  000293
TimeToInd@CellsNumber                       cstackBANK2  0002ED
TimeToInd@D                                 cstackBANK2  0002DF
TimeToInd@Data                              cstackBANK2  0002E6
TimeToInd@DataArray                         cstackBANK2  0002BA
TimeToInd@DataArray2                        cstackBANK2  0002E3
TimeToInd@DataArrayOfLine2                  cstackBANK2  0002A4
TimeToInd@Day                               cstackBANK2  0002E5
TimeToInd@Days                              cstackBANK2  0002DE
TimeToInd@ElapsedTime                       cstackBANK2  0002CB
TimeToInd@F3177                             dataBANK4    000468
TimeToInd@F3181                             dataBANK5    00057C
TimeToInd@F3188                             dataBANK1    0001B5
TimeToInd@F3190                             dataBANK5    000524
TimeToInd@F3204                             dataBANK5    000535
TimeToInd@SignalOn                          cstackBANK2  0002D1
TimeToInd@SignalOn_1338                     cstackBANK2  0002D3
TimeToInd@Signals                           cstackBANK2  0002EA
TimeToInd@SignalsFinal                      cstackBANK2  0002F0
TimeToInd@Time                              cstackBANK2  0002F3
TimeToInd@TimeData                          cstackBANK2  0002B1
TimeToInd@TimeStart                         cstackBANK2  0002DB
TimeToInd@TimeStop                          cstackBANK2  0002F1
TimeToInd@d                                 cstackBANK2  0002D4
TimeToInd@day                               cstackBANK2  0002D2
TimeToInd@i                                 cstackBANK2  0002EB
TimeToInd@i_1337                            cstackBANK2  0002EC
TimeToInd@j2                                cstackBANK2  0002EE
TimeToInd@line                              cstackBANK2  0002DD
TimeToInd@s                                 cstackBANK2  0002CF
TimeToInd@tClock                            bssCOMRAM    000055
TimeToInd@tString                           cstackBANK2  00029B
TimeToInd@temp                              cstackBANK2  0002F5
USART_Speed_Choise@F3765                    dataBANK5    000585
USART_Speed_Choise@menu                     cstackBANK1  00015E
UserDelay@timestamp                         cstackBANK1  00015C
UserDelay@value                             cstackBANK1  00015A
WorkingWithGSM@command                      cstackBANK3  0003E7
WorkingWithGSM@i                            cstackBANK3  0003EC
WorkingWithGSM@line                         dataBANK3    0003FD
WorkingWithGSM@myOutputString               cstackBANK3  0003C6
WorkingWithGSM@p                            cstackBANK3  0003E9
WorkingWithGSM@speed                        cstackBANK3  0003EB
WriteArrayToEEPROM@adress_start             cstackBANK1  000148
WriteArrayToEEPROM@container                cstackBANK1  000146
WriteArrayToEEPROM@i                        cstackBANK1  00014E
WriteArrayToEEPROM@quantity                 cstackBANK1  00014A
WriteDataOfCell@CellsData                   cstackBANK1  00014F
WriteDataOfCell@Data                        cstackBANK1  000151
WriteDataOfCell@TargetAdress                cstackBANK1  000153
WriteDataOfCell@i                           cstackBANK1  000156
WritePhonebookCellToEEPROM@adress_start     cstackBANK1  000151
WritePhonebookCellToEEPROM@container        cstackBANK1  00014F
WriteTime@F3836                             dataBANK6    000684
WriteTime@INTCON_BUP                        cstackBANK2  000222
WriteTime@comand                            cstackBANK2  000200
WriteTime@days                              cstackBANK1  00015D
WriteTime@hours                             cstackBANK2  000220
WriteTime@lClock                            cstackBANK1  000159
WriteTime@minutes                           cstackBANK2  000221
WriteTime@months                            cstackBANK1  00015E
WriteTime@temp                              cstackBANK2  000223
WriteTime@week_day                          cstackBANK2  00021F
WriteTime@years                             cstackBANK1  00015F
_ADCON1                                     (abs)        000FC1
_AddByteToUSARTbuff                         text158      00AF14
_AdressOfNextStartCell                      dataBANK1    0001B7
_BAUDCONbits                                (abs)        000FB8
_BCD_to_DEC                                 text113      00DCD6
_CalculateClockDelta                        text143      00A478
_CalculateClockDelta$3535                   cstackBANK0  000096
_CheckoutRegisterOfSymbol                   text78       006A22
_CleanStringArray                           text94       00D6E8
_Clock                                      bssBANK0     0000F9
_Clock_from_GSM                             bssBANK5     0005D3
_ConvKeyNum                                 text145      00C354
_ConvertCharToNumeric                       text138      00CE8E
_ConvertDayToBit                            text18       00D274
_CorrectTimeConst                           bssCOMRAM    000061
_CurrentReadingCell                         bssCOMRAM    000063
_CurrentSignals                             bssBANK2     0002FA
_CurrentSignalsData                         bssCOMRAM    000069
_DEC_to_BCD                                 text31       00D2CA
_DTMF_Symbol                                bssBANK1     000195
_DeleteDataOfCell                           text19       00D61E
_DialDTMF                                   text64       00CAAA
_EEADR                                      (abs)        000FA9
_EEADRH                                     (abs)        000FAA
_EECON1bits                                 (abs)        000FA6
_EECON2                                     (abs)        000FA7
_EEDATA                                     (abs)        000FA8
_EERD                                       text97       00DB58
_EEWR                                       text62       00D85A
_EditSchedule                               text15       00313C
_EncodePhoneNumberToPDU                     text51       00B142
_F_h                                        intcode      000008
_F_l                                        intcodelo    000018
_FillArrayFromEEPROM                        text92       00D15C
_FillArrayFromEEPROM_interr                 text156      00D7E6
_FillMinutes                                text95       00DBF2
[...]
		wreg, status,2, status,0
 Tracked objects:
		On entry : 
		On exit  : 
		Unchanged: 
 Data sizes:     COMRAM   BANK0   BANK1   BANK2   BANK3   BANK4   BANK5   BANK6   BANK7   BANK8   BANK9  BANK10  BANK11  BANK12  BANK13  BANK14  BANK15
      Params:         0       0       0       0       0       0       0       0       0       0       0       0       0       0       0       0       0
      Locals:         1       0       0       0       0       0       0       0       0       0       0       0       0       0       0       0       0
      Temps:          0       0       0       0       0       0       0       0       0       0       0       0       0       0       0       0       0
      Totals:         1       0       0       0       0       0       0       0       0       0       0       0       0       0       0       0       0
Total ram usage:        1 bytes
 Hardware stack levels used:    1
 This function calls:
		Nothing
 This function is called by:
		_SignalsOnOff
 This function uses a non-reentrant model


 *************** function _ReadDataOfCell_interr *****************
 Defined at:
		line 1951 in file "prog.c"
 Parameters:    Size  Location     Type
  CellsData       2   13[COMRAM] PTR unsigned char 
		 -> SignalsOnOff@CellsData(8), 
  Data            2   15[COMRAM] PTR unsigned long 
		 -> SignalsOnOff@Data(4), 
  TargetAdress    2   17[COMRAM] unsigned int 
 Auto vars:     Size  Location     Type
  i               2   28[COMRAM] int 
 Return value:  Size  Location     Type
                  1    wreg      void 
 Registers used:
		wreg, fsr2l, fsr2h, status,2, status,0, prodl, prodh, cstack
 Tracked objects:
		On entry : 
		On exit  : 
		Unchanged: 
 Data sizes:     COMRAM   BANK0   BANK1   BANK2   BANK3   BANK4   BANK5   BANK6   BANK7   BANK8   BANK9  BANK10  BANK11  BANK12  BANK13  BANK14  BANK15
      Params:         6       0       0       0       0       0       0       0       0       0       0       0       0       0       0       0       0
      Locals:         2       0       0       0       0       0       0       0       0       0       0       0       0       0       0       0       0
      Temps:          9       0       0       0       0       0       0       0       0       0       0       0       0       0       0       0       0
      Totals:        17       0       0       0       0       0       0       0       0       0       0       0       0       0       0       0       0
Total ram usage:       17 bytes
 Hardware stack levels used:    1
 Hardware stack levels required when called:    2
 This function calls:
		_FillArrayFromEEPROM_interr
 This function is called by:
		_SignalsOnOff
 This function uses a non-reentrant model


 *************** function _FillArrayFromEEPROM_interr *****************
 Defined at:
		line 1639 in file "prog.c"
 Parameters:    Size  Location     Type
  container       2    4[COMRAM] PTR unsigned char 
		 -> SignalsOnOff@CellsData(8), 
  adress_start    2    6[COMRAM] unsigned int 
  quantity        2    8[COMRAM] unsigned int 
 Auto vars:     Size  Location     Type
  i               1   12[COMRAM] unsigned char 
 Return value:  Size  Location     Type
                  1    wreg      void 
 Registers used:
		wreg, fsr2l, fsr2h, status,2, status,0, prodl, prodh, cstack
 Tracked objects:
		On entry : 
		On exit  : 
		Unchanged: 
 Data sizes:     COMRAM   BANK0   BANK1   BANK2   BANK3   BANK4   BANK5   BANK6   BANK7   BANK8   BANK9  BANK10  BANK11  BANK12  BANK13  BANK14  BANK15
      Params:         6       0       0       0       0       0       0       0       0       0       0       0       0       0       0       0       0
      Locals:         1       0       0       0       0       0       0       0       0       0       0       0       0       0       0       0       0
      Temps:          2       0       0       0       0       0       0       0       0       0       0       0       0       0       0       0       0
      Totals:         9       0       0       0       0       0       0       0       0       0       0       0       0       0       0       0       0
Total ram usage:        9 bytes
 Hardware stack levels used:    1
 Hardware stack levels required when called:    1
 This function calls:
		i2_EERD
 This function is called by:
		_ReadDataOfCell_interr
 This function uses a non-reentrant model


 *************** function i2_EERD *****************
 Defined at:
		line 1336 in file "prog.c"
 Parameters:    Size  Location     Type
  adress          2    0[COMRAM] unsigned int 
 Auto vars:     Size  Location     Type
  EERD            1    3[COMRAM] volatile unsigned char 
  EERD            1    2[COMRAM] volatile unsigned char 
 Return value:  Size  Location     Type
                  1    wreg      unsigned char 
 Registers used:
		wreg, status,2
 Tracked objects:
		On entry : 
		On exit  : 
		Unchanged: 
 Data sizes:     COMRAM   BANK0   BANK1   BANK2   BANK3   BANK4   BANK5   BANK6   BANK7   BANK8   BANK9  BANK10  BANK11  BANK12  BANK13  BANK14  BANK15
      Params:         2       0       0       0       0       0       0       0       0       0       0       0       0       0       0       0       0
      Locals:         2       0       0       0       0       0       0       0       0       0       0       0       0       0       0       0       0
      Temps:          0       0       0       0       0       0       0       0       0       0       0       0       0       0       0       0       0
      Totals:         4       0       0       0       0       0       0       0       0       0       0       0       0       0       0       0       0
Total ram usage:        4 bytes
 Hardware stack levels used:    1
 This function calls:
		Nothing
 This function is called by:
		_FillArrayFromEEPROM_interr
 This function uses a non-reentrant model


 *************** function _AddByteToUSARTbuff *****************
 Defined at:
		line 2646 in file "prog.c"
 Parameters:    Size  Location     Type
  byte            1    wreg     unsigned char 
 Auto vars:     Size  Location     Type
  byte            1   11[COMRAM] unsigned char 
  i               2   12[COMRAM] unsigned int 
  i               1   14[COMRAM] unsigned char 
  buff            2    9[COMRAM] PTR unsigned char 
		 -> buff_string_11(256), buff_string_10(256), buff_string_9(256), buff_string_8(256), 
 Return value:  Size  Location     Type
                  1    wreg      void 
 Registers used:
		wreg, fsr1l, fsr1h, fsr2l, fsr2h, status,2, status,0, prodl, prodh, cstack
 Tracked objects:
		On entry : 
		On exit  : 
		Unchanged: 
 Data sizes:     COMRAM   BANK0   BANK1   BANK2   BANK3   BANK4   BANK5   BANK6   BANK7   BANK8   BANK9  BANK10  BANK11  BANK12  BANK13  BANK14  BANK15
      Params:         0       0       0       0       0       0       0       0       0       0       0       0       0       0       0       0       0
      Locals:         6       0       0       0       0       0       0       0       0       0       0       0       0       0       0       0       0
      Temps:          2       0       0       0       0       0       0       0       0       0       0       0       0       0       0       0       0
      Totals:         8       0       0       0       0       0       0       0       0       0       0       0       0       0       0       0       0
Total ram usage:        8 bytes
 Hardware stack levels used:    1
 Hardware stack levels required when called:    1
 This function calls:
		__CleanStringArray_interrupt2
 This function is called by:
		_F_h
 This function uses a non-reentrant model


 *************** function __CleanStringArray_interrupt2 *****************
 Defined at:
		line 1978 in file "prog.c"
 Parameters:    Size  Location     Type
  myArray         2    0[COMRAM] PTR unsigned char 
		 -> buff_string_11(256), buff_string_10(256), buff_string_9(256), buff_string_8(256), 
  size            2    2[COMRAM] unsigned int 
  settingData     1    4[COMRAM] unsigned char 
 Auto vars:     Size  Location     Type
  i               2    5[COMRAM] unsigned int 
 Return value:  Size  Location     Type
                  1    wreg      void 
 Registers used:
		wreg, fsr2l, fsr2h, status,2, status,0
 Tracked objects:
		On entry : 
		On exit  : 
		Unchanged: 
 Data sizes:     COMRAM   BANK0   BANK1   BANK2   BANK3   BANK4   BANK5   BANK6   BANK7   BANK8   BANK9  BANK10  BANK11  BANK12  BANK13  BANK14  BANK15
      Params:         5       0       0       0       0       0       0       0       0       0       0       0       0       0       0       0       0
      Locals:         2       0       0       0       0       0       0       0       0       0       0       0       0       0       0       0       0
      Temps:          0       0       0       0       0       0       0       0       0       0       0       0       0       0       0       0       0
      Totals:         7       0       0       0       0       0       0       0       0       0       0       0       0       0       0       0       0
Total ram usage:        7 bytes
 Hardware stack levels used:    1
 This function calls:
		Nothing
 This function is called by:
		_AddByteToUSARTbuff
 This function uses a non-reentrant model



MODULE INFORMATION

Module		Function		Class		Link	Load	Size
/opt/microchip/xc8/v1.37/sources/common/awmod.c
		___awmod       		CODE           	C5FA	0000	163

/opt/microchip/xc8/v1.37/sources/common/awmod.c estimated size: 163

/opt/microchip/xc8/v1.37/sources/common/llmod.c
		___llmod       		CODE           	C7DE	0000	155

/opt/microchip/xc8/v1.37/sources/common/llmod.c estimated size: 155

/opt/microchip/xc8/v1.37/sources/common/almod.c
		___almod       		CODE           	B530	0000	243

/opt/microchip/xc8/v1.37/sources/common/almod.c estimated size: 243

/opt/microchip/xc8/v1.37/sources/common/Umul32.c
		___lmul        		CODE           	CDA2	0000	119

/opt/microchip/xc8/v1.37/sources/common/Umul32.c estimated size: 119

/opt/microchip/xc8/v1.37/sources/common/strcat.c
		_strcat        		CODE           	D09C	0000	97

/opt/microchip/xc8/v1.37/sources/common/strcat.c estimated size: 97

/opt/microchip/xc8/v1.37/sources/common/lwdiv.c
		___lwdiv       		CODE           	CD2A	0000	121

/opt/microchip/xc8/v1.37/sources/common/lwdiv.c estimated size: 121

/opt/microchip/xc8/v1.37/sources/common/awdiv.c
		___awdiv       		CODE           	BD88	0000	191

/opt/microchip/xc8/v1.37/sources/common/awdiv.c estimated size: 191

/opt/microchip/xc8/v1.37/sources/common/strlen.c
		_strlen        		CODE           	D4F6	0000	75

/opt/microchip/xc8/v1.37/sources/common/strlen.c estimated size: 75

/opt/microchip/xc8/v1.37/sources/common/lldiv.c
		___lldiv       		CODE           	BF04	0000	189

/opt/microchip/xc8/v1.37/sources/common/lldiv.c estimated size: 189

/opt/microchip/xc8/v1.37/sources/common/aldiv.c
		___aldiv       		CODE           	ACE0	0000	283

/opt/microchip/xc8/v1.37/sources/common/aldiv.c estimated size: 283

/opt/microchip/xc8/v1.37/sources/common/strcpy.c
		_strcpy        		CODE           	D540	0000	75

/opt/microchip/xc8/v1.37/sources/common/strcpy.c estimated size: 75

shared
		i1_strcat      		CODE           	D0FC	0000	97
		i1_I2CStop     		CODE           	DE1C	0000	9
		i1_I2CStart    		CODE           	DE24	0000	9
		i1_CleanStringArray		CODE           	D728	0000	65
		i1_EERD        		CODE           	DB80	0000	41
		_StandardAnswer_ERROR		MEDIUMCONST    	FC29	0000	7
		i1_lcd_on      		CODE           	DD30	0000	29
		i2_EERD        		CODE           	DBCE	0000	37
		i1_GetDayOfWeekByDate		CODE           	B43C	0000	245
		_StandardAnswer_NO_ANSWER		MEDIUMCONST    	FC17	0000	11
		i1_FillArrayFromEEPROM		CODE           	D1BA	0000	95
		_StandardAnswer_NORMAL_POWER_DOWN		MEDIUMCONST    	FBEE	0000	19
		_StandardAnswer_NO_DIALTONE		MEDIUMCONST    	FC00	0000	13
		i1_OutputSystemMessage		CODE           	953C	0000	585
		i2___lwdiv     		CODE           	D36E	0000	83
		i1_strcpy      		CODE           	D58A	0000	75
		i1___awdiv     		CODE           	BE46	0000	191
		i1_FillPhonebookCellFromEEPROM		CODE           	C1EC	0000	185
		i2_ConvertDayToBit		CODE           	D3C0	0000	83
		i1_SendCommandToUSART		CODE           	DB2E	0000	43
		i1___wmul      		CODE           	D890	0000	55
		i1_lcd_send_byte		CODE           	D5D4	0000	75
		i1_testTimePoint		CODE           	A82E	0000	307
		i1_I2CInit     		CODE           	DDE8	0000	17
		i2___lwmod     		CODE           	D6A6	0000	67
		i1_lcd_send_initial_half_byte		CODE           	CCAC	0000	127
		__initialization		CODE           	9EC2	0000	391
		_StandardAnswer_BUSY		MEDIUMCONST    	FC2F	0000	6
		i1___lmul      		CODE           	CE18	0000	119
		i1___awmod     		CODE           	C69C	0000	163
		_StandardAnswer_DTMF		MEDIUMCONST    	FC21	0000	9
		i1___aldiv     		CODE           	ADFA	0000	283
		i2_FillMinutes 		CODE           	DC14	0000	35
		i2___aldiv     		CODE           	BB3E	0000	205
		i1_getSystemTimePoint		CODE           	DDB6	0000	19
		i1_I2CSend     		CODE           	DC96	0000	33
		i1_EEWR        		CODE           	D8C6	0000	55
		i2_EEWR        		CODE           	D998	0000	53
		_StandardAnswer_CLOCK		MEDIUMCONST    	FBD0	0000	31
		_StandardAnswer_OK		MEDIUMCONST    	FC34	0000	4
		_StandardAnswer_NO_CARRIER		MEDIUMCONST    	FC0C	0000	12
		i1_lcd_init    		CODE           	BA6E	0000	209
		_StandardAnswer_INCCALL		MEDIUMCONST    	FBAC	0000	37
		_StandardAnswer_STAT		MEDIUMCONST    	FBA3	0000	10
		__setInputTextProps@F3614		MEDIUMCONST    	FB99	0000	11
		__setInputTextProps@F3616		MEDIUMCONST    	FB83	0000	23

shared estimated size: 4278

/opt/microchip/xc8/v1.37/sources/common/lbdiv.c
		___lbdiv       		CODE           	D218	0000	93

/opt/microchip/xc8/v1.37/sources/common/lbdiv.c estimated size: 93

prog.c
		_GetNumericFromString		CODE           	DCF6	0000	31
		_I2CNak        		CODE           	DDF8	0000	11
		_ConvertDayToBit		CODE           	D274	0000	87
		_TelephoneCall 		CODE           	B622	0000	237
		_ReadDataOfCell		CODE           	BFC0	0000	189
		_setDigit      		CODE           	A5BC	0000	321
		__CleanStringArray_interrupt		CODE           	D768	0000	65
		_SchedulerNew  		CODE           	B02E	0000	277
		_FindIncommingData		CODE           	8BEA	0000	603
		__CleanStringArray_interrupt2		CODE           	DAAE	0000	45
		_DialDTMF      		CODE           	CAAA	0000	135
		_FillMinutes   		CODE           	DBF2	0000	35
		_EEWR          		CODE           	D85A	0000	55
		_FillPhonebookCellFromEEPROM		CODE           	C134	0000	185
		_TimeData_BlinkOFF		CODE           	D412	0000	81
		_GetStringLength		CODE           	D930	0000	53
		_TimeEdit      		CODE           	17AE	0000	3339
		_testTimePoint 		CODE           	A6FC	0000	307
		_delay         		CODE           	DB04	0000	43
		_SignalsOnOff  		CODE           	9988	0000	515
		_I2CStop       		CODE           	DE0C	0000	9
		_FindPhoneContactByNumber		CODE           	9B8A	0000	417
		_ConvertCharToNumeric		CODE           	CE8E	0000	117
		_NumericToHEXString		CODE           	A1DE	0000	335
		__setInputTextProps		CODE           	72D2	0000	855
		_lcd_send_byte 		CODE           	D462	0000	75
		_lcd_off       		CODE           	DD92	0000	19
		_ReIndTimeEdit 		CODE           	7948	0000	779
		_NumericToString		CODE           	8982	0000	617
		__load_TXREG   		CODE           	C90E	0000	141
		_I2CAck        		CODE           	DE02	0000	11
		_OutputString  		CODE           	ABBA	0000	295
		_CleanStringArray		CODE           	D6E8	0000	65
		_Format_EEPROM_Memory		CODE           	BC0A	0000	193
		_ReadDataOfCell_interr		CODE           	C878	0000	151
		_main          		CODE           	81CC	0000	677
		_ItemsToIndicator		CODE           	CF02	0000	111
		__getContainer_Clock_from_GSM		CODE           	DA28	0000	47
		_ParseTime     		CODE           	CC2E	0000	127
		_SendSMS       		CODE           	6ED0	0000	1027
		_F_h           		CODE           	0008	0000	407
		_UserDelay     		CODE           	D7A8	0000	63
		_USART_Speed_Choise		CODE           	DA56	0000	45
		__FindIncommingData_interrupt		CODE           	8E44	0000	603
		_GetTimeSource 		CODE           	DA82	0000	45
		_I2CRead       		CODE           	DCB6	0000	33
		_EditSchedule  		CODE           	313C	0000	2893
		_Init_USART    		CODE           	C99A	0000	137
		_system_BlinkReset		CODE           	DC76	0000	33
		_getSystemTimePoint		CODE           	DDA4	0000	19
		_InputText     		CODE           	24B8	0000	3205
		_GetSystemInfo 		CODE           	508A	0000	1841
		_ReadTime      		CODE           	C404	0000	171
		_ShowSchedulerMenu		CODE           	AA90	0000	299
		_WriteTime     		CODE           	7C52	0000	723
		_TimeToInd     		CODE           	3C88	0000	2779
		_FillArrayFromEEPROM_interr		CODE           	D7E6	0000	63
		__getContainer_Incomming_DTMF_Data		CODE           	D9CC	0000	47
		_WorkingWithGSM		CODE           	9D2A	0000	409
		_WriteArrayToEEPROM		CODE           	CFD8	0000	99
		_cp1251_to_unicode		CODE           	C556	0000	165
		__getContainer_Incomming_Call_Data		CODE           	D9FA	0000	47
		_AddByteToUSARTbuff		CODE           	AF14	0000	283
		_F_l           		CODE           	0018	0000	907
		_getLcdCodeOfChar		CODE           	5EAC	0000	1667
		_setBlink      		CODE           	BCCA	0000	191
		_SetTimeSource 		CODE           	D8FC	0000	53
		_FindNextTimeStart		CODE           	870C	0000	631
		_lcd_send_initial_half_byte		CODE           	CBB0	0000	127
		_GetDayOfWeek  		CODE           	C73E	0000	161
		_Init_GSM      		CODE           	8470	0000	669
		_FillArrayFromEEPROM		CODE           	D15C	0000	95
		_TimeData_INIT 		CODE           	9784	0000	517
		_PowerOnGSM    		CODE           	DD7C	0000	23
		_ProcessIncommingUartData		CODE           	4762	0000	2345
		_GetUnicodeSymbol		CODE           	03A6	0000	5129
		_I2CRestart    		CODE           	DE2C	0000	9
		_Save_USART_SpeedNumber		CODE           	DD4C	0000	25
		_RefreshSchedulerIndicator		CODE           	7F24	0000	681
		_EERD          		CODE           	DB58	0000	41
		_SendCommandToUSART		CODE           	DADA	0000	43
		_EncodePhoneNumberToPDU		CODE           	B142	0000	275
		__GetStringLength_interr		CODE           	D964	0000	53
		_WritePhonebookCellToEEPROM		CODE           	C07C	0000	185
		_I2CStart      		CODE           	DE14	0000	9
		_Read_USART_SpeedNumber		CODE           	DBA8	0000	39
		_ProcessSystemMessageShowing		CODE           	DD64	0000	25
		_SendSymbolToLCD		CODE           	A960	0000	305
		_lcd_on        		CODE           	DD14	0000	29
		_InteractiveData_BlinkOFF		CODE           	D662	0000	69
		_getNumChar    		CODE           	C2A4	0000	177
		_Select_OK_NO  		CODE           	D31C	0000	83
		_BCD_to_DEC    		CODE           	DCD6	0000	33
		_entNum        		CODE           	D4AC	0000	75
		_DEC_to_BCD    		CODE           	D2CA	0000	83
		_Settings      		CODE           	7628	0000	801
		_ParseDataRecord		CODE           	B8CC	0000	211
		_CalculateClockDelta		CODE           	A478	0000	325
		_ShowMenu      		CODE           	909E	0000	599
		_OutputInteractiveData		CODE           	B70E	0000	229
		_DeleteDataOfCell		CODE           	D61E	0000	69
		_GetDayOfWeekByDate		CODE           	B348	0000	245
		_main2         		CODE           	652E	0000	1269
		_I2CInit       		CODE           	DDD8	0000	17
		_clrInd        		CODE           	B7F2	0000	219
		_I2CSend       		CODE           	DC56	0000	33
		_ConvKeyNum    		CODE           	C354	0000	177
		_lcd_init      		CODE           	B99E	0000	209
		_OutputSystemMessage		CODE           	92F4	0000	585
		_FindCell      		CODE           	A32C	0000	333
		_PhonebookEdit 		CODE           	57BA	0000	1779
		_CheckoutRegisterOfSymbol		CODE           	6A22	0000	1199
		_WriteDataOfCell		CODE           	CB30	0000	129
		_Scheduler     		CODE           	B254	0000	245

prog.c estimated size: 50518

/opt/microchip/xc8/v1.37/sources/common/Umul16.c
		___wmul        		CODE           	D824	0000	55

/opt/microchip/xc8/v1.37/sources/common/Umul16.c estimated size: 55

/opt/microchip/xc8/v1.37/sources/common/lwmod.c
		___lwmod       		CODE           	D03A	0000	99

/opt/microchip/xc8/v1.37/sources/common/lwmod.c estimated size: 99

