Microchip MPLAB XC8 Compiler V1.37 ()

Linker command line:

-W9 --edf=/opt/microchip/xc8/v1.37/dat/en_msgs.txt -cs \
  -h+dist/default/production/Water_PIC18_test.production.sym \
  --cmf=dist/default/production/Water_PIC18_test.production.cmf -z \
  -Q18F2620 -o/tmp/xcXK0CVGn \
  -Mdist/default/production/Water_PIC18_test.production.map -E1 -ver=XC8 \
  --acfsm=1493 -ASTACK=0A00h-0f7fh -pstack=STACK -ACODE=00h-0FFFFh \
  -ACONST=00h-0FFFFh -ASMALLCONST=01000h-010FFhx240 \
  -AMEDIUMCONST=01000h-0FFFFh -ACOMRAM=01h-07Fh -AABS1=00h-0F7Fh \
  -ABIGRAM=01h-0F7Fh -ARAM=080h-0FFh,0100h-01FFhx14,0F00h-0F7Fh \
  -ABANK0=080h-0FFh -ABANK1=0100h-01FFh -ABANK2=0200h-02FFh \
  -ABANK3=0300h-03FFh -ABANK4=0400h-04FFh -ABANK5=0500h-05FFh \
  -ABANK6=0600h-06FFh -ABANK7=0700h-07FFh -ABANK8=0800h-08FFh \
  -ABANK9=0900h-09FFh -ABANK10=0A00h-0AFFh -ABANK11=0B00h-0BFFh \
  -ABANK12=0C00h-0CFFh -ABANK13=0D00h-0DFFh -ABANK14=0E00h-0EFFh \
  -ABANK15=0F00h-0F7Fh -ASFR=0F80h-0FFFh \
  -preset_vec=00h,intcode=08h,intcodelo=018h,powerup,init,end_init \
  -pramtop=01000h -psmallconst=SMALLCONST -pmediumconst=MEDIUMCONST \
  -pconst=CONST -AFARRAM=00h-00h -ACONFIG=0300000h-030000Dh -pconfig=CONFIG \
  -AIDLOC=0200000h-0200007h -pidloc=IDLOC -AEEDATA=0F00000h-0F003FFh \
  -peeprom_data=EEDATA \
  -prdata=COMRAM,nvrram=COMRAM,nvbit=COMRAM,rbss=COMRAM,rbit=COMRAM \
  -pfarbss=FARRAM,fardata=FARRAM,nvFARRAM=FARRAM \
  -pintsave_regs=BIGRAM,bigbss=BIGRAM,bigdata=BIGRAM -pbss=RAM \
  -pidata=CODE,irdata=CODE,ibigdata=CODE,ifardata=CODE -prparam=COMRAM \
  /tmp/xcXqEF7nb.obj \
  dist/default/production/Water_PIC18_test.production.obj 

Object code version is 3.11

Machine type is 18F2620

Call graph: (short form)




                Name                               Link     Load   Length Selector   Space Scale
/tmp/xcXqEF7nb.obj
                end_init                            328      328        4        C       0
                reset_vec                             0        0        4        0       0
                config                           300000   300000        E   300000       0
dist/default/production/Water_PIC18_test.production.obj
                intcodelo                            18       18      310        C       0
                intcode                               8        8        E        4       0
                temp                                 5B       5B        1        1       1
                mediumconst                        FCF0     FCF0      310     7E78       0
                text129                            5C2C     5C2C       26     2A06       0
                text128                            3F16     3F16       DA        C       0
                text127                            4FFE     4FFE       6C     2408       0
                intcode_body                       4F8C     4F8C       72     2408       0
                text125                            540C     540C       64     2A06       0
                text124                            5C76     5C76       24     2A06       0
                text123                            58D0     58D0       36     2A06       0
                text122                            5272     5272       68     2408       0
                text121                            4232     4232       BC        C       0
                text120                            56BC     56BC       42     2A06       0
                text119                            5EA8     5EA8       12     2A06       0
                text118                            5C06     5C06       26     2A06       0
                text117                            5BE0     5BE0       26     2A06       0
                text116                            36A4     36A4      13E        C       0
                text115                            5DD4     5DD4       1E     2A06       0
                text114                            5DB6     5DB6       1E     2A06       0
                text113                            5D98     5D98       1E     2A06       0
                text112                            582C     582C       38     2A06       0
                text111                            4E28     4E28       78     2408       0
                text110                            520A     520A       68     2408       0
                text109                            5BBA     5BBA       26     2A06       0
                text108                            49B4     49B4       86     2408       0
                text107                            3D4E     3D4E       EE        C       0
                text106                            5CBC     5CBC       22     2A06       0
                text105                            55DC     55DC       4C     2A06       0
                text104                            20A8     20A8      3DA        C       0
                text103                            5EFC     5EFC        A     2A06       0
                text102                            5E5A     5E5A       16     2A06       0
                text101                            5EF2     5EF2        A     2A06       0
                text100                            5ECA     5ECA       10     2A06       0
                text99                             5EE8     5EE8        A     2A06       0
                text98                             5DF2     5DF2       1C     2A06       0
                text97                             5F16     5F16        8     2A06       0
                text96                             5E28     5E28       1A     2A06       0
                text95                             5F0E     5F0E        8     2A06       0
                text94                             5F06     5F06        8     2A06       0
                text93                             5E42     5E42       18     2A06       0
                text92                             5D7A     5D7A       1E     2A06       0
                text91                             4F16     4F16       76     2408       0
                text90                             5A00     5A00       30     2A06       0
                text89                             593A     593A       34     2A06       0
                text88                             4ABE     4ABE       82     2408       0
                text87                             4176     4176       BC        C       0
                text86                             5672     5672       4A     2A06       0
                text85                             573C     573C       3E     2A06       0
                text84                             30A4     30A4      1B0        C       0
                text83                             1CCA     1CCA      3DE        C       0
                text82                             5D5C     5D5C       1E     2A06       0
                text81                             5B94     5B94       26     2A06       0
                text80                             5C52     5C52       24     2A06       0
                text78                             5B6E     5B6E       26     2A06       0
                text77                             5D1E     5D1E       20     2A06       0
                text76                             5F1E     5F1E        6     2A06       0
                text75                             589A     589A       36     2A06       0
                text74                             51A2     51A2       68     2408       0
                text73                             5CFE     5CFE       20     2A06       0
                text72                             3C52     3C52       FC        C       0
                text71                             4646     4646       9C        C       0
                text70                             45A4     45A4       A2        C       0
                text69                             5340     5340       66     2408       0
                text68                             57B6     57B6       3C     2A06       0
                text67                             4D36     4D36       7A     2408       0
                text66                             2482     2482      2D4        C       0
                text65                             59D0     59D0       30     2A06       0
                text64                             5532     5532       5E     2A06       0
                text63                             4A3A     4A3A       84     2408       0
                text62                             2756     2756      20E        C       0
                text61                             5D3E     5D3E       1E     2A06       0
                text60                             5E96     5E96       12     2A06       0
                text59                             4B40     4B40       80     2408       0
                text58                              B06      B06      7B0        C       0
                text57                             4EA0     4EA0       76     2408       0
                text56                             5470     5470       62     2A06       0
                text55                             52DA     52DA       66     2408       0
                text54                             42EE     42EE       B8        C       0
                text53                             3402     3402      15C        C       0
                text52                             5C9A     5C9A       22     2A06       0
                text51                             4810     4810       90     2408       0
                text50                             57F2     57F2       3A     2A06       0
                text49                             513A     513A       68     2408       0
                text48                             5628     5628       4A     2A06       0
                text47                             18E4     18E4      3E6        C       0
                text46                             5B48     5B48       26     2A06       0
                text45                             5B22     5B22       26     2A06       0
                text44                             355E     355E      146        C       0
                text43                             54D2     54D2       60     2A06       0
                text42                             5CDE     5CDE       20     2A06       0
                text41                             577A     577A       3C     2A06       0
                text40                             3A30     3A30      120        C       0
                text39                             5E70     5E70       14     2A06       0
                text38                             4DB0     4DB0       78     2408       0
                text37                             50D2     50D2       68     2408       0
                text36                             5AFC     5AFC       26     2A06       0
                text35                             492C     492C       88     2408       0
                text34                             2B50     2B50      1D2        C       0
                text33                             5AAE     5AAE       28     2A06       0
                text32                             5906     5906       34     2A06       0
                text31                             390E     390E      122        C       0
                text30                             40BA     40BA       BC        C       0
                text29                             46E2     46E2       9A        C       0
                text28                             5864     5864       36     2A06       0
                text27                             5A86     5A86       28     2A06       0
                text26                             5590     5590       4C     2A06       0
                text25                             59A0     59A0       30     2A06       0
                text24                              32C      32C      7DA        C       0
                text23                             5AD6     5AD6       26     2A06       0
                text22                             4CBA     4CBA       7C     2408       0
                text21                             4BC0     4BC0       7E     2408       0
                text20                             48A0     48A0       8C     2408       0
                text19                             2EE4     2EE4      1C0        C       0
                text18                             4C3E     4C3E       7C     2408       0
                text17                             56FE     56FE       3E     2A06       0
                text16                             506A     506A       68     2408       0
                text15                             5A30     5A30       2E     2A06       0
                text14                             5F28     5F28        2     2F94       0
                text13                             3E3C     3E3C       DA        C       0
                text12                             3254     3254      1AE        C       0
                text11                             4456     4456       AC        C       0
                text10                             4502     4502       A2        C       0
                text9                              43A6     43A6       B0        C       0
                text8                              12B6     12B6      62E        C       0
                text7                              3B50     3B50      102        C       0
                text6                              596E     596E       32     2A06       0
                text5                              5A5E     5A5E       28     2A06       0
                text4                              5EDA     5EDA        E     2A06       0
                text3                              3FF0     3FF0       CA        C       0
                text2                              5EBA     5EBA       10     2A06       0
                text1                              2964     2964      1EC        C       0
                text0                              2D22     2D22      1C2        C       0
                cstackCOMRAM                          1        1       42        1       1
                cstackBANK0                          80       80       3A       80       1
                cstackBANK1                         100      100       D0      100       1
                cstackBANK2                         200      200       E2      200       1
                cstackBANK3                         300      300       99      300       1
                cstackBANK4                         4F1      4F1        C      400       1
                cstackBANK5                         564      564       5E      500       1
                bssBANK9                            900      900      100      900       1
                bssBANK8                            800      800      100      800       1
                bssBANK7                            700      700      100      700       1
                bssBANK6                            600      600      100      600       1
                dataBANK5                           5C2      5C2       12      500       1
                bssBANK5                            500      500       64      500       1
                dataBANK4                           400      400       93      400       1
                bssBANK4                            493      493       5E      400       1
                dataBANK3                           399      399       65      300       1
                dataBANK0                            D4       D4       1A       80       1
                bssBANK0                             BA       BA       1A       80       1
                dataCOMRAM                           58       58        3        1       1
                bssCOMRAM                            43       43       15        1       1
                cinit                              37E2     37E2      12C        C       0
                idataBANK5                         5E84     5E84       12     2A06       0
                idataBANK4                         477C     477C       93        C       0
                idataBANK3                         53A6     53A6       65     2408       0
                idataBANK0                         5E0E     5E0E       1A     2A06       0
                idataCOMRAM                        5F24     5F24        3     2A06       0

TOTAL           Name                               Link     Load   Length     Space
        CLASS   STACK          

        CLASS   CODE           
                end_init                            328      328        4         0
                intcodelo                            18       18      310         0
                intcode                               8        8        E         0
                reset_vec                             0        0        4         0
                text129                            5C2C     5C2C       26         0
                text128                            3F16     3F16       DA         0
                text127                            4FFE     4FFE       6C         0
                intcode_body                       4F8C     4F8C       72         0
                text125                            540C     540C       64         0
                text124                            5C76     5C76       24         0
                text123                            58D0     58D0       36         0
                text122                            5272     5272       68         0
                text121                            4232     4232       BC         0
                text120                            56BC     56BC       42         0
                text119                            5EA8     5EA8       12         0
                text118                            5C06     5C06       26         0
                text117                            5BE0     5BE0       26         0
                text116                            36A4     36A4      13E         0
                text115                            5DD4     5DD4       1E         0
                text114                            5DB6     5DB6       1E         0
                text113                            5D98     5D98       1E         0
                text112                            582C     582C       38         0
                text111                            4E28     4E28       78         0
                text110                            520A     520A       68         0
                text109                            5BBA     5BBA       26         0
                text108                            49B4     49B4       86         0
                text107                            3D4E     3D4E       EE         0
                text106                            5CBC     5CBC       22         0
                text105                            55DC     55DC       4C         0
                text104                            20A8     20A8      3DA         0
                text103                            5EFC     5EFC        A         0
                text102                            5E5A     5E5A       16         0
                text101                            5EF2     5EF2        A         0
                text100                            5ECA     5ECA       10         0
                text99                             5EE8     5EE8        A         0
                text98                             5DF2     5DF2       1C         0
                text97                             5F16     5F16        8         0
                text96                             5E28     5E28       1A         0
                text95                             5F0E     5F0E        8         0
                text94                             5F06     5F06        8         0
                text93                             5E42     5E42       18         0
                text92                             5D7A     5D7A       1E         0
                text91                             4F16     4F16       76         0
                text90                             5A00     5A00       30         0
                text89                             593A     593A       34         0
                text88                             4ABE     4ABE       82         0
                text87                             4176     4176       BC         0
                text86                             5672     5672       4A         0
                text85                             573C     573C       3E         0
                text84                             30A4     30A4      1B0         0
                text83                             1CCA     1CCA      3DE         0
                text82                             5D5C     5D5C       1E         0
                text81                             5B94     5B94       26         0
                text80                             5C52     5C52       24         0
                text78                             5B6E     5B6E       26         0
                text77                             5D1E     5D1E       20         0
                text76                             5F1E     5F1E        6         0
                text75                             589A     589A       36         0
                text74                             51A2     51A2       68         0
                text73                             5CFE     5CFE       20         0
                text72                             3C52     3C52       FC         0
                text71                             4646     4646       9C         0
                text70                             45A4     45A4       A2         0
                text69                             5340     5340       66         0
                text68                             57B6     57B6       3C         0
                text67                             4D36     4D36       7A         0
                text66                             2482     2482      2D4         0
                text65                             59D0     59D0       30         0
                text64                             5532     5532       5E         0
                text63                             4A3A     4A3A       84         0
                text62                             2756     2756      20E         0
                text61                             5D3E     5D3E       1E         0
                text60                             5E96     5E96       12         0
                text59                             4B40     4B40       80         0
                text58                              B06      B06      7B0         0
                text57                             4EA0     4EA0       76         0
                text56                             5470     5470       62         0
                text55                             52DA     52DA       66         0
                text54                             42EE     42EE       B8         0
                text53                             3402     3402      15C         0
                text52                             5C9A     5C9A       22         0
                text51                             4810     4810       90         0
                text50                             57F2     57F2       3A         0
                text49                             513A     513A       68         0
                text48                             5628     5628       4A         0
                text47                             18E4     18E4      3E6         0
                text46                             5B48     5B48       26         0
                text45                             5B22     5B22       26         0
                text44                             355E     355E      146         0
                text43                             54D2     54D2       60         0
                text42                             5CDE     5CDE       20         0
                text41                             577A     577A       3C         0
                text40                             3A30     3A30      120         0
                text39                             5E70     5E70       14         0
                text38                             4DB0     4DB0       78         0
                text37                             50D2     50D2       68         0
                text36                             5AFC     5AFC       26         0
                text35                             492C     492C       88         0
                text34                             2B50     2B50      1D2         0
                text33                             5AAE     5AAE       28         0
                text32                             5906     5906       34         0
                text31                             390E     390E      122         0
                text30                             40BA     40BA       BC         0
                text29                             46E2     46E2       9A         0
                text28                             5864     5864       36         0
                text27                             5A86     5A86       28         0
                text26                             5590     5590       4C         0
                text25                             59A0     59A0       30         0
                text24                              32C      32C      7DA         0
                text23                             5AD6     5AD6       26         0
                text22                             4CBA     4CBA       7C         0
                text21                             4BC0     4BC0       7E         0
                text20                             48A0     48A0       8C         0
                text19                             2EE4     2EE4      1C0         0
                text18                             4C3E     4C3E       7C         0
                text17                             56FE     56FE       3E         0
                text16                             506A     506A       68         0
                text15                             5A30     5A30       2E         0
                text14                             5F28     5F28        2         0
                text13                             3E3C     3E3C       DA         0
                text12                             3254     3254      1AE         0
                text11                             4456     4456       AC         0
                text10                             4502     4502       A2         0
                text9                              43A6     43A6       B0         0
                text8                              12B6     12B6      62E         0
                text7                              3B50     3B50      102         0
                text6                              596E     596E       32         0
                text5                              5A5E     5A5E       28         0
                text4                              5EDA     5EDA        E         0
                text3                              3FF0     3FF0       CA         0
                text2                              5EBA     5EBA       10         0
                text1                              2964     2964      1EC         0
                text0                              2D22     2D22      1C2         0
                cinit                              37E2     37E2      12C         0
                idataBANK5                         5E84     5E84       12         0
                idataBANK4                         477C     477C       93         0
                idataBANK3                         53A6     53A6       65         0
                idataBANK0                         5E0E     5E0E       1A         0
                idataCOMRAM                        5F24     5F24        3         0

        CLASS   CONST          

        CLASS   SMALLCONST     

        CLASS   MEDIUMCONST    
                mediumconst                        FCF0     FCF0      310         0

        CLASS   COMRAM         
                temp                                 5B       5B        1         1
                cstackCOMRAM                          1        1       42         1
                dataCOMRAM                           58       58        3         1
                bssCOMRAM                            43       43       15         1

        CLASS   ABS1           

        CLASS   BIGRAM         

        CLASS   RAM            

        CLASS   BANK0          
                cstackBANK0                          80       80       3A         1
                dataBANK0                            D4       D4       1A         1
                bssBANK0                             BA       BA       1A         1

        CLASS   BANK1          
                cstackBANK1                         100      100       D0         1

        CLASS   BANK2          
                cstackBANK2                         200      200       E2         1

        CLASS   BANK3          
                cstackBANK3                         300      300       99         1
                dataBANK3                           399      399       65         1

        CLASS   BANK4          
                cstackBANK4                         4F1      4F1        C         1
                dataBANK4                           400      400       93         1
                bssBANK4                            493      493       5E         1

        CLASS   BANK5          
                cstackBANK5                         564      564       5E         1
                dataBANK5                           5C2      5C2       12         1
                bssBANK5                            500      500       64         1

        CLASS   BANK6          
                bssBANK6                            600      600      100         1

        CLASS   BANK7          
                bssBANK7                            700      700      100         1

        CLASS   BANK8          
                bssBANK8                            800      800      100         1

        CLASS   BANK9          
                bssBANK9                            900      900      100         1

        CLASS   BANK10         

        CLASS   BANK11         

        CLASS   BANK12         

        CLASS   BANK13         

        CLASS   BANK14         

        CLASS   BANK15         

        CLASS   SFR            

        CLASS   FARRAM         

        CLASS   CONFIG         
                config                           300000   300000        E         0

        CLASS   IDLOC          

        CLASS   EEDATA         



SEGMENTS        Name                           Load    Length   Top    Selector   Space  Class

                reset_vec                      000000  000004  000004         0       0  CODE    
                cstackCOMRAM                   000001  00005B  00005C         1       1  COMRAM  
                intcode                        000008  00000E  000016         4       0  CODE    
                intcodelo                      000018  0047F7  00480F         C       0  CODE    
                cstackBANK0                    000080  00006E  0000EE        80       1  BANK0   
                cstackBANK1                    000100  0000D0  0001D0       100       1  BANK1   
                cstackBANK2                    000200  0000E2  0002E2       200       1  BANK2   
                cstackBANK3                    000300  0000FE  0003FE       300       1  BANK3   
                dataBANK4                      000400  0000FD  0004FD       400       1  BANK4   
                bssBANK5                       000500  0000D4  0005D4       500       1  BANK5   
                bssBANK6                       000600  000100  000700       600       1  BANK6   
                bssBANK7                       000700  000100  000800       700       1  BANK7   
                bssBANK8                       000800  000100  000900       800       1  BANK8   
                bssBANK9                       000900  000100  000A00       900       1  BANK9   
                text51                         004810  000BFB  00540B      2408       0  CODE    
                text125                        00540C  000B1B  005F27      2A06       0  CODE    
                text14                         005F28  000002  005F2A      2F94       0  CODE    
                mediumconst                    00FCF0  000310  010000      7E78       0  MEDIUMCO
                config                         300000  00000E  30000E    300000       0  CONFIG  


UNUSED ADDRESS RANGES

        Name                Unused          Largest block    Delta
        BANK0            0000EE-0000FF               12
        BANK1            0001D0-0001FF               30
        BANK10           000A00-000AFF              100
        BANK11           000B00-000BFF              100
        BANK12           000C00-000CFF              100
        BANK13           000D00-000DFF              100
        BANK14           000E00-000EFF              100
        BANK15           000F00-000F7F               80
        BANK2            0002E2-0002FF               1E
        BANK3            0003FE-0003FF                2
        BANK4            0004FD-0004FF                3
        BANK5            0005D4-0005FF               2C
        BIGRAM           00005C-00007F               24
                         0000EE-0000FF               12
                         0001D0-0001FF               30
                         0002E2-0002FF               1E
                         0003FE-0003FF                2
                         0004FD-0004FF                3
                         0005D4-0005FF               2C
                         000A00-000F7F              580
        CODE             000004-000007                4
                         000016-000017                2
                         00480F-00480F                1
                         00540B-00540B                1
                         005F27-005F27                1
                         005F2A-00FCEF             9DC6
        COMRAM           00005C-00007F               24
        CONST            000004-000007                4
                         000016-000017                2
                         00480F-00480F                1
                         00540B-00540B                1
                         005F27-005F27                1
                         005F2A-00FCEF             9DC6
        EEDATA           F00000-F003FF              400
        IDLOC            200000-200007                8
        MEDIUMCONST      00480F-00480F                1
                         00540B-00540B                1
                         005F27-005F27                1
                         005F2A-00FCEF             9DC6
        RAM              0000EE-0000FF               12
                         0001D0-0001FF               30
                         0002E2-0002FF               1E
                         0003FE-0003FF                2
                         0004FD-0004FF                3
                         0005D4-0005FF               2C
                         000A00-000F7F              100
        SFR              000F80-000FFF               80
        SMALLCONST       00480F-00480F                1
                         00540B-00540B                1
                         005F27-005F27                1
                         005F2A-00FCEF              100
        STACK            000A00-000F7F              580

                                  Symbol Table

?_FindCell                                  cstackBANK1  00014D
?_FindNextTimeStart                         cstackBANK1  00014D
?_FindPhoneContactByNumber                  cstackCOMRAM 00002D
?_GetDayOfWeek                              cstackBANK1  000130
?_GetStringLength                           cstackBANK1  000130
?_InputText                                 cstackBANK1  000177
?_RefreshSchedulerIndicator                 cstackBANK1  000167
?__GetStringLength_interr                   cstackCOMRAM 00001C
?___aldiv                                   cstackBANK1  000130
?___almod                                   cstackBANK1  000130
?___awdiv                                   cstackBANK1  000136
?___awmod                                   cstackBANK1  00013E
?___lldiv                                   cstackBANK1  000130
?___llmod                                   cstackBANK1  000130
?___lmul                                    cstackBANK1  000130
?___lwdiv                                   cstackBANK1  000130
?___lwmod                                   cstackBANK1  000130
?___wmul                                    cstackBANK1  000130
?__getContainer_Clock_from_GSM              cstackCOMRAM 000023
?__getContainer_Incomming_Call_Data         cstackCOMRAM 000023
?__getContainer_Incomming_DTMF_Data         cstackCOMRAM 000023
?_getSystemTimePoint                        cstackBANK1  000130
?i1___aldiv                                 cstackCOMRAM 00001C
?i1___awdiv                                 cstackCOMRAM 000022
?i1___awmod                                 cstackCOMRAM 00002A
?i1___lmul                                  cstackCOMRAM 000036
?i1___lwdiv                                 cstackCOMRAM 00001C
?i1___lwmod                                 cstackCOMRAM 00001C
?i1___wmul                                  cstackCOMRAM 00001C
AddByteToUSARTbuff@buff                     cstackCOMRAM 00000A
AddByteToUSARTbuff@byte                     cstackCOMRAM 00000C
AddByteToUSARTbuff@i                        cstackCOMRAM 00000D
AddByteToUSARTbuff@i_1725                   cstackCOMRAM 00000F
AddByteToUSARTbuff@lastdata                 bssCOMRAM    000051
BCD_to_DEC@BCD                              cstackCOMRAM 00001D
CheckoutRegisterOfSymbol@dig                cstackBANK1  000130
CleanStringArray@i                          cstackBANK1  000135
CleanStringArray@myArray                    cstackBANK1  000130
CleanStringArray@settingData                cstackBANK1  000134
CleanStringArray@size                       cstackBANK1  000132
ConvKeyNum@Num                              cstackCOMRAM 00001C
ConvertCharToNumeric@symbol                 cstackCOMRAM 00001C
ConvertDayToBit@DayNumber                   cstackCOMRAM 00001C
DeleteDataOfCell@CellsData                  cstackBANK1  00013F
DeleteDataOfCell@TargetAdress               cstackBANK1  00013D
EERD@EEDATA_BUP                             cstackBANK1  000133
EERD@INTCON_BUP                             cstackBANK1  000132
EERD@adress                                 cstackBANK1  000130
EEWR@INTCON_BUP                             cstackBANK1  000133
EEWR@adress                                 cstackBANK1  000130
EEWR@data                                   cstackBANK1  000132
EditSchedule@SourceOfRecord                 cstackBANK1  000132
EditSchedule@adress                         cstackBANK1  000130
F_l@ButtonPressTimeOut                      bssCOMRAM    000052
F_l@KeyIndex                                bssCOMRAM    000053
F_l@MinuteAgo                               cstackBANK1  000123
F_l@PressedKeyIndex                         dataCOMRAM   000058
F_l@_KeyIndex                               cstackBANK1  000128
F_l@a                                       cstackBANK1  000129
F_l@data_temp                               cstackBANK1  000127
F_l@digit                                   cstackBANK1  000126
F_l@digs                                    cstackBANK1  000124
F_l@digsAtrib                               cstackBANK1  00012B
F_l@line                                    cstackBANK1  00012F
F_l@symbol                                  cstackBANK1  00012D
FillArrayFromEEPROM@adress_start            cstackBANK1  000136
FillArrayFromEEPROM@container               cstackBANK1  000134
FillArrayFromEEPROM@i                       cstackBANK1  00013C
FillArrayFromEEPROM@quantity                cstackBANK1  000138
FillArrayFromEEPROM_interr@adress_start     cstackCOMRAM 000020
FillArrayFromEEPROM_interr@container        cstackCOMRAM 000026
FillArrayFromEEPROM_interr@i                cstackCOMRAM 000027
FillArrayFromEEPROM_interr@quantity         cstackCOMRAM 000022
FillPhonebookCellFromEEPROM@adress_start    cstackBANK1  00013F
FillPhonebookCellFromEEPROM@container       cstackBANK1  00013D
FindCell@CellIsEmpty                        cstackBANK1  000163
FindCell@CellsData                          cstackBANK1  000153
FindCell@Data                               cstackBANK1  00015F
FindCell@New                                cstackBANK1  00014F
FindCell@adress                             cstackBANK1  000165
FindCell@adressNew                          cstackBANK1  00015B
FindCell@adressStart                        cstackBANK1  00014D
FindCell@i                                  cstackBANK1  000164
FindCell@previous                           cstackBANK1  000150
FindIncommingData@a                         cstackBANK1  000147
FindIncommingData@container                 cstackBANK1  000139
FindIncommingData@end_of_regexp             cstackBANK1  000149
FindIncommingData@finish_index              cstackBANK1  000143
FindIncommingData@history_index             cstackBANK1  00013B
FindIncommingData@i                         cstackBANK1  00014D
FindIncommingData@j                         cstackBANK1  000153
FindIncommingData@last_s                    cstackBANK1  000151
FindIncommingData@not_found                 cstackBANK1  000145
FindIncommingData@pointer                   cstackBANK1  00014F
FindIncommingData@regexp                    cstackBANK1  000137
FindIncommingData@s0                        cstackBANK1  00014B
FindIncommingData@s1                        cstackBANK1  00013F
FindIncommingData@start_index               cstackBANK1  000141
FindNextTimeStart@CellsData                 cstackBANK1  000153
FindNextTimeStart@Data                      cstackBANK1  000175
FindNextTimeStart@DayIndex                  cstackBANK1  000173
FindNextTimeStart@DayOn                     cstackBANK1  00015F
FindNextTimeStart@Days                      cstackBANK1  00016C
FindNextTimeStart@LastFoundTimeStart        cstackBANK1  000164
FindNextTimeStart@Signals                   cstackBANK1  00016B
FindNextTimeStart@TimeFrom                  cstackBANK1  000174
FindNextTimeStart@TimeIsFound               cstackBANK1  00016A
FindNextTimeStart@TimeOfSignals             cstackBANK1  00016D
FindNextTimeStart@TimeStart                 cstackBANK1  000168
FindNextTimeStart@TimeStop                  cstackBANK1  000162
FindNextTimeStart@adress                    cstackBANK1  000171
FindNextTimeStart@adressStart               cstackBANK1  000160
FindPhoneContactByNumber@container          cstackBANK0  000084
FindPhoneContactByNumber@end_of_phone       cstackBANK0  000082
FindPhoneContactByNumber@found              cstackBANK0  000080
FindPhoneContactByNumber@i                  cstackBANK0  000081
FindPhoneContactByNumber@j                  cstackBANK0  000083
FindPhoneContactByNumber@number             cstackCOMRAM 00002D
Format_EEPROM_Memory@first_cell             cstackBANK1  000146
Format_EEPROM_Memory@i                      cstackBANK1  00014F
Format_EEPROM_Memory@interactive            cstackBANK1  00014A
Format_EEPROM_Memory@last_cell              cstackBANK1  000148
GetDayOfWeek@day                            cstackBANK1  000132
GetDayOfWeekByDate@_day                     cstackBANK1  000145
GetDayOfWeekByDate@_mounth                  cstackBANK1  000144
GetDayOfWeekByDate@_year                    cstackBANK1  000149
GetNumericFromString@index                  cstackCOMRAM 00001F
GetNumericFromString@string                 cstackCOMRAM 00001D
GetStringLength@container                   cstackBANK1  000130
GetStringLength@i                           cstackBANK1  000132
I2CRead@temp                                cstackCOMRAM 00001D
I2CSend@dat                                 cstackCOMRAM 00001D
Init_GSM@show                               cstackBANK1  000155
Init_USART@SpeedNumber                      cstackBANK1  000130
Init_USART@_value                           cstackBANK1  000131
InputText@F3454                             dataBANK3    0003DB
InputText@F3456                             dataBANK5    0005C2
InputText@F3458                             dataBANK3    0003BD
InputText@F3460                             dataBANK3    0003C2
InputText@F3462                             dataBANK3    0003C7
InputText@F3464                             dataBANK3    0003CC
InputText@F3466                             dataBANK3    0003D1
InputText@F3468                             dataBANK3    000399
InputText@F3470                             dataBANK3    0003D6
InputText@F3472                             dataBANK3    00039F
InputText@F3474                             dataBANK3    0003A5
InputText@F3476                             dataBANK3    0003AB
InputText@F3478                             dataBANK3    0003B1
InputText@F3480                             dataBANK3    0003B7
InputText@F3482                             dataBANK4    00047B
InputText@F3484                             dataBANK4    000481
InputText@F3486                             dataBANK4    000487
InputText@F3488                             dataBANK4    00048D
InputText@F3490                             dataBANK3    0003DE
InputText@F3492                             dataBANK3    0003E4
InputText@F3494                             dataBANK3    0003E6
InputText@F3496                             dataBANK3    0003E8
InputText@F3498                             dataBANK3    0003EA
InputText@F3500                             dataBANK3    0003EC
InputText@F3502                             dataBANK3    0003EE
InputText@F3504                             dataBANK3    0003F0
InputText@F3506                             dataBANK3    0003F2
InputText@F3508                             dataBANK3    0003F4
InputText@InputData                         cstackBANK3  000300
InputText@_input_data                       cstackBANK2  000242
InputText@_props                            cstackBANK1  000179
InputText@active_cell                       cstackBANK3  000388
InputText@capacity                          cstackBANK1  00017B
InputText@cur_char                          cstackBANK2  0002DF
InputText@i                                 cstackBANK3  000387
InputText@i_2015                            cstackBANK3  000380
InputText@i_2024                            cstackBANK2  0002E1
InputText@i_2034                            cstackBANK3  000384
InputText@i_2043                            cstackBANK3  000381
InputText@lastKeyCode                       cstackBANK3  000385
InputText@props                             cstackBANK3  000386
InputText@ret_string                        cstackBANK1  000192
InputText@s_0                               cstackBANK2  0002C6
InputText@s_1                               cstackBANK1  000180
InputText@s_12                              cstackBANK1  0001BF
InputText@s_13                              cstackBANK1  0001C5
InputText@s_14                              cstackBANK2  000200
InputText@s_15                              cstackBANK2  000206
InputText@s_16                              cstackBANK2  00020C
InputText@s_17                              cstackBANK2  000212
InputText@s_18                              cstackBANK2  000218
InputText@s_19                              cstackBANK2  00021E
InputText@s_2                               cstackBANK2  000224
InputText@s_20                              cstackBANK1  0001CB
InputText@s_21                              cstackBANK2  0002C9
InputText@s_22                              cstackBANK2  0002CB
InputText@s_23                              cstackBANK2  0002CD
InputText@s_24                              cstackBANK2  0002CF
InputText@s_25                              cstackBANK2  0002D1
InputText@s_26                              cstackBANK2  0002D3
InputText@s_27                              cstackBANK2  0002D5
InputText@s_28                              cstackBANK2  0002D7
InputText@s_29                              cstackBANK2  0002D9
InputText@s_3                               cstackBANK2  000229
InputText@s_4                               cstackBANK2  00022E
InputText@s_5                               cstackBANK2  000233
InputText@s_6                               cstackBANK2  000238
InputText@s_7                               cstackBANK1  0001B3
InputText@s_8                               cstackBANK2  00023D
InputText@s_9                               cstackBANK1  0001B9
InputText@symbols                           cstackBANK3  000342
InputText@temp                              cstackBANK3  000382
InputText@temp_2036                         cstackBANK3  00037E
InputText@text                              cstackBANK1  000177
InputText@time_point                        cstackBANK2  0002DB
InteractiveData_BlinkOFF@InteractiveData    cstackBANK1  000130
InteractiveData_BlinkOFF@i                  cstackBANK1  000135
InteractiveData_BlinkOFF@leght              cstackBANK1  000132
NumericToString@displacement                cstackBANK1  000146
NumericToString@mySring                     cstackBANK1  000141
NumericToString@n                           cstackBANK1  00013D
NumericToString@size                        cstackBANK1  000143
OutputInteractiveData@data                  cstackBANK1  000139
OutputInteractiveData@i                     cstackBANK1  000141
OutputInteractiveData@length                cstackBANK1  00013B
OutputInteractiveData@line                  cstackBANK1  00013F
OutputInteractiveData@s                     cstackBANK1  000140
OutputInteractiveData@start_symbol          cstackBANK1  00013C
OutputString@i                              cstackBANK1  000141
OutputString@l                              cstackBANK1  000143
OutputString@line                           cstackBANK1  00013B
OutputString@position                       cstackBANK1  00013C
OutputString@s                              cstackBANK1  000140
OutputString@stringData                     cstackBANK1  000139
OutputString@transfer_line                  cstackBANK1  00013D
OutputSystemMessage@i                       cstackBANK1  000136
OutputSystemMessage@l                       cstackBANK1  000139
OutputSystemMessage@line                    cstackBANK1  00013A
OutputSystemMessage@s                       cstackBANK1  000138
OutputSystemMessage@stringData              cstackBANK1  000130
OutputSystemMessage@symb                    cstackBANK1  00013B
PL10                                        text8        0017F6
PL100                                       text71       0046DA
PL102                                       text53       003504
PL104                                       text69       00539E
PL106                                       text72       003D34
PL108                                       text24       0009EA
PL110                                       text63       004AAE
PL112                                       text107      003E34
PL114                                       text40       003B2E
PL116                                       text1        002B1A
PL118                                       text24       0009FC
PL12                                        text31       0039B8
PL120                                       text53       003522
PL122                                       text47       001C52
PL124                                       text24       000A0E
PL126                                       text24       000A1C
PL128                                       text53       00353E
PL130                                       text70       00463A
PL132                                       text112      00584A
PL134                                       text82       005D62
PL136                                       text34       002D0A
PL138                                       text19       003082
PL14                                        text31       0039D2
PL140                                       text24       000A26
PL142                                       text104      00243C
PL144                                       text21       004C0C
PL146                                       text58       00121A
PL148                                       text1        002B2C
PL150                                       text47       001C60
PL152                                       text19       003092
PL154                                       text58       001232
PL156                                       text19       00309A
PL158                                       text47       001C6C
PL16                                        text34       002CBE
PL160                                       text24       000A34
PL162                                       text12       0033E0
PL164                                       text8        001870
PL166                                       text24       000A42
PL168                                       text51       004874
PL170                                       text24       000A50
PL172                                       text24       000A58
PL174                                       text9        004444
PL176                                       text0        002ED2
PL178                                       text29       00476A
PL18                                        text24       000920
PL180                                       text104      002454
PL182                                       text11       0044F0
PL184                                       text24       000A60
PL186                                       text24       000A72
PL188                                       text84       003248
PL190                                       text24       000A84
PL192                                       text24       000A90
PL194                                       text21       004C24
PL196                                       text58       00123C
PL198                                       text24       000A9C
PL2                                         text64       00555C
PL20                                        text8        001818
PL200                                       text0        002EDA
PL202                                       text24       000AA8
PL204                                       text47       001C82
PL206                                       text62       00290E
PL208                                       text104      002466
PL210                                       text127      00505A
PL212                                       text58       001244
PL214                                       text24       000AB4
PL216                                       text91       004F74
PL218                                       text58       001254
PL22                                        text8        00182A
PL220                                       text91       004F80
PL222                                       text58       001262
PL224                                       text8        00187E
PL226                                       text47       001C92
PL228                                       text51       004888
PL230                                       text7        003C44
PL232                                       text8        00188C
PL234                                       text24       000AC0
PL236                                       text54       004398
PL238                                       text21       004C30
PL24                                        text34       002CC8
PL240                                       text24       000AC8
PL242                                       text44       003678
PL244                                       text44       003686
PL246                                       text116      0037C6
PL248                                       text24       000AD6
PL250                                       text116      0037D4
PL252                                       text58       001270
PL254                                       text24       000ADE
PL256                                       text104      00246E
PL258                                       text62       002918
PL26                                        text71       0046B4
PL260                                       text58       00127A
PL262                                       text47       001CA0
PL264                                       text8        00189A
PL266                                       text62       002922
PL268                                       text47       001CAA
PL270                                       text24       000AE6
PL272                                       text62       00292E
PL274                                       text24       000AF2
PL276                                       text12       0033EE
PL278                                       text32       00592E
PL28                                        text8        00183C
PL280                                       text62       00293A
PL282                                       text47       001CB6
PL284                                       text24       000AFE
PL286                                       text62       002946
PL288                                       text1        002B44
PL290                                       text62       002952
PL292                                       text53       00354A
PL294                                       text58       001284
PL296                                       text40       003B40
PL298                                       text72       003D3C
PL30                                        text64       005572
PL300                                       text68       0057E8
PL302                                       text8        0018A4
PL304                                       text58       00128E
PL306                                       text6        005998
PL308                                       text72       003D44
PL310                                       text8        0018AE
PL312                                       text104      002478
PL314                                       text51       004896
PL316                                       text8        0018B8
PL318                                       text8        0018C0
PL32                                        text24       000930
PL320                                       text47       001CC2
PL322                                       text58       001298
PL324                                       text58       0012A2
PL326                                       text53       003554
PL328                                       text58       0012AC
PL330                                       text3        0040B2
PL332                                       text8        0018CA
PL334                                       text20       004922
PL336                                       text12       0033FA
PL338                                       text8        0018D4
PL34                                        text24       000946
PL340                                       text44       003694
PL342                                       text62       00295C
PL344                                       text40       003B48
PL346                                       text34       002D1A
PL348                                       text8        0018DC
PL350                                       text44       00369C
PL352                                       text33       005AD0
PL36                                        text31       0039E4
PL38                                        text70       00461E
PL4                                         text24       0008FC
PL40                                        text24       000958
PL42                                        text104      002424
PL44                                        text24       000974
PL46                                        text24       00097C
PL48                                        text24       00098A
PL50                                        text24       000996
PL52                                        text63       004AA6
PL54                                        text58       0011EA
PL56                                        text72       003D06
PL58                                        text69       005386
PL6                                         text24       000910
PL60                                        text107      003E06
PL62                                        text104      002432
PL64                                        text24       0009A4
PL66                                        text34       002CEA
PL68                                        text122      0052C4
PL70                                        text74       0051F4
PL72                                        text8        00185A
PL74                                        text49       00518C
PL76                                        text107      003E1E
PL78                                        text0        002EC6
PL8                                         text58       0011DA
PL80                                        text72       003D1E
PL82                                        text71       0046CC
PL84                                        text34       002CFC
PL86                                        text58       0011F8
PL88                                        text31       003A16
PL90                                        text8        001866
PL92                                        text24       0009B6
PL94                                        text31       003A28
PL96                                        text24       0009C0
PL98                                        text24       0009CC
ParseDataRecord@Data                        cstackBANK1  000130
ParseDataRecord@Days                        cstackBANK1  000138
ParseDataRecord@Signals                     cstackBANK1  00013A
ParseDataRecord@TimeStart                   cstackBANK1  000134
ParseDataRecord@TimeStop                    cstackBANK1  000136
ParseTime@Day                               cstackBANK1  000144
ParseTime@DayTime                           cstackBANK1  000146
ParseTime@Time                              cstackBANK1  000142
ParseTime@TimeValue                         cstackBANK1  00013E
PhonebookEdit@Contact                       cstackBANK5  0005A1
PhonebookEdit@F3558                         dataBANK3    0003E1
PhonebookEdit@F3560                         dataBANK4    00043C
PhonebookEdit@aaa                           cstackBANK5  00056E
PhonebookEdit@cell                          cstackBANK5  00059E
PhonebookEdit@field                         cstackBANK5  00059C
PhonebookEdit@i                             cstackBANK5  0005A0
PhonebookEdit@input_props                   cstackBANK5  000599
PhonebookEdit@input_props_2120              cstackBANK5  000596
PhonebookEdit@menu                          cstackBANK5  000564
PhonebookEdit@num_cell                      cstackBANK5  00058F
PhonebookEdit@number                        cstackBANK5  000597
PhonebookEdit@read                          cstackBANK5  00059A
PhonebookEdit@result                        cstackBANK5  00059B
ProcessIncommingUartData@contact            cstackBANK1  00010F
ProcessIncommingUartData@i                  cstackBANK1  000111
ProcessIncommingUartData@number             cstackBANK1  000100
ReIndTimeEdit@F3083                         dataBANK0    0000D4
ReIndTimeEdit@TimeData                      cstackBANK1  000144
ReIndTimeEdit@i                             cstackBANK1  000152
ReIndTimeEdit@i_1307                        cstackBANK1  000153
ReIndTimeEdit@sources_of_time               cstackBANK1  00014A
ReIndTimeEdit@value                         cstackBANK1  000150
ReadDataOfCell@CellsData                    cstackBANK1  00013D
ReadDataOfCell@Data                         cstackBANK1  00013F
ReadDataOfCell@TargetAdress                 cstackBANK1  000141
ReadDataOfCell@i                            cstackBANK1  00014B
ReadDataOfCell_interr@CellsData             cstackCOMRAM 000033
ReadDataOfCell_interr@Data                  cstackCOMRAM 000028
ReadDataOfCell_interr@TargetAdress          cstackCOMRAM 000029
ReadDataOfCell_interr@i                     cstackCOMRAM 000034
Read_USART_SpeedNumber@value                cstackBANK1  000134
RefreshSchedulerIndicator@CellIsEmpty       cstackBANK1  000182
RefreshSchedulerIndicator@CellsData         cstackBANK1  00016E
RefreshSchedulerIndicator@CopyFrom          cstackBANK1  00016A
RefreshSchedulerIndicator@Data              cstackBANK1  00017E
RefreshSchedulerIndicator@F3197             dataBANK0    0000E2
RefreshSchedulerIndicator@F3199             dataBANK0    0000E5
RefreshSchedulerIndicator@New               cstackBANK1  000169
RefreshSchedulerIndicator@adress            cstackBANK1  000167
RefreshSchedulerIndicator@cell              cstackBANK1  000183
RefreshSchedulerIndicator@i                 cstackBANK1  000185
RefreshSchedulerIndicator@num               cstackBANK1  000176
RefreshSchedulerIndicator@num_1542          cstackBANK1  000179
Save_USART_SpeedNumber@speed                cstackBANK1  000134
Scheduler@NumberOfCells                     bssBANK0     0000C5
Scheduler@StartFrom                         cstackBANK1  000193
SchedulerNew@NumberOfCells                  bssBANK0     0000C7
SchedulerNew@SourceOfRecord                 cstackBANK1  000186
Select_OK_NO@text                           cstackBANK1  000144
SendCommandToUSART@command                  cstackBANK1  000130
SendCommandToUSART@wait                     cstackBANK1  000132
SendSymbolToLCD@Symb                        cstackCOMRAM 000023
SetTimeSource@time_source                   cstackBANK1  000134
Settings@F3581                              dataBANK4    000446
Settings@item                               cstackBANK1  00016B
Settings@menu                               cstackBANK1  000160
Settings@speed                              cstackBANK1  00016A
ShowMenu@item                               cstackBANK1  000146
ShowMenu@item_max                           cstackBANK1  00014C
ShowMenu@line                               bssBANK0     0000CB
ShowMenu@menu                               cstackBANK1  000144
ShowMenu@result                             cstackBANK1  00014B
ShowSchedulerMenu@F3253                     dataBANK4    000463
ShowSchedulerMenu@NumberOfCells             cstackBANK1  000188
ShowSchedulerMenu@item                      cstackBANK1  000192
ShowSchedulerMenu@menu                      cstackBANK1  00018A
SignalsOnOff@CellsData                      cstackBANK0  000080
SignalsOnOff@Data                           cstackBANK0  000096
SignalsOnOff@Data_1666                      cstackBANK0  000095
SignalsOnOff@DayTime                        cstackBANK0  000090
SignalsOnOff@Days                           cstackBANK0  000092
SignalsOnOff@Signals                        cstackBANK0  000093
SignalsOnOff@ThisDay                        cstackBANK0  000094
SignalsOnOff@ThisTime                       cstackBANK0  00008E
SignalsOnOff@TimeStart                      cstackBANK0  000088
SignalsOnOff@TimeStop                       cstackBANK0  00008A
TelephoneCall@F3545                         dataBANK4    000400
TelephoneCall@command                       cstackBANK1  000137
TelephoneCall@i                             cstackBANK1  000149
TelephoneCall@phone_number                  cstackBANK1  000133
TimeData_BlinkOFF@TimeData                  cstackBANK1  000136
TimeData_INIT@TimeData                      cstackBANK1  000130
TimeData_INIT@i                             cstackBANK1  000136
TimeData_INIT@i_1360                        cstackBANK1  000137
TimeEdit@F3117                              dataBANK4    000430
TimeEdit@MonthDays                          cstackBANK2  000200
TimeEdit@TimeData                           cstackBANK2  00027B
TimeEdit@_date                              cstackBANK2  000214
TimeEdit@_time                              cstackBANK2  000241
TimeEdit@_timesource                        cstackBANK2  00023C
TimeEdit@_weekday                           cstackBANK2  000270
TimeEdit@blinking                           cstackBANK2  000274
TimeEdit@i                                  cstackBANK2  00026C
TimeEdit@i_1392                             cstackBANK2  00026D
TimeEdit@i_1393                             cstackBANK2  00026E
TimeEdit@i_1394                             cstackBANK2  00026F
TimeEdit@input                              cstackBANK2  000240
TimeEdit@month                              cstackBANK2  000257
TimeEdit@n                                  cstackBANK2  00020C
TimeEdit@p                                  cstackBANK2  00027A
TimeEdit@symb_array                         cstackBANK2  000258
TimeEdit@symb_array_max_index               cstackBANK2  000256
TimeEdit@t                                  cstackBANK2  000275
TimeEdit@temp                               cstackBANK2  000276
TimeEdit@ts                                 cstackBANK2  000255
TimeToInd@CellsData                         cstackBANK2  000200
TimeToInd@CellsNumber                       cstackBANK2  000249
TimeToInd@D                                 cstackBANK2  00023B
TimeToInd@Data                              cstackBANK2  000243
TimeToInd@DataArray                         cstackBANK2  00021E
TimeToInd@DataArray2                        cstackBANK2  00023F
TimeToInd@DataArrayOfLine2                  cstackBANK2  000208
TimeToInd@Day                               cstackBANK2  000241
TimeToInd@Days                              cstackBANK2  000235
TimeToInd@F3038                             dataBANK0    0000DA
TimeToInd@F3042                             dataBANK4    00045A
TimeToInd@F3046                             dataBANK4    000412
TimeToInd@F3060                             dataBANK4    000423
TimeToInd@SignalOn                          cstackBANK2  000231
TimeToInd@SignalOn_1244                     cstackBANK2  000233
TimeToInd@Signals                           cstackBANK2  000242
TimeToInd@SignalsFinal                      cstackBANK2  00024C
TimeToInd@Time                              cstackBANK2  00024F
TimeToInd@TimeData                          cstackBANK2  000215
TimeToInd@TimeStart                         cstackBANK2  00022F
TimeToInd@TimeStop                          cstackBANK2  00024D
TimeToInd@d                                 cstackBANK2  000234
TimeToInd@day                               cstackBANK2  000232
TimeToInd@i                                 cstackBANK2  000247
TimeToInd@i_1243                            cstackBANK2  000248
TimeToInd@j2                                cstackBANK2  00024A
TimeToInd@line                              cstackBANK2  00023A
TimeToInd@temp                              cstackBANK2  000251
USART_Speed_Choise@F3578                    dataBANK4    000450
USART_Speed_Choise@menu                     cstackBANK1  00014D
UserDelay@timestamp                         cstackBANK1  000146
UserDelay@value                             cstackBANK1  000144
WorkingWithGSM@command                      cstackBANK5  000585
WorkingWithGSM@i                            cstackBANK5  00058A
WorkingWithGSM@line                         dataBANK0    0000EA
WorkingWithGSM@myOutputString               cstackBANK5  000564
WorkingWithGSM@p                            cstackBANK5  000587
WorkingWithGSM@speed                        cstackBANK5  000589
WriteArrayToEEPROM@adress_start             cstackBANK1  000136
WriteArrayToEEPROM@container                cstackBANK1  000134
WriteArrayToEEPROM@i                        cstackBANK1  00013C
WriteArrayToEEPROM@quantity                 cstackBANK1  000138
WritePhonebookCellToEEPROM@adress_start     cstackBANK1  00013F
WritePhonebookCellToEEPROM@container        cstackBANK1  00013D
_ADCON1                                     (abs)        000FC1
_AddByteToUSARTbuff                         text128      003F16
_AdressOfNextStartCell                      dataBANK0    0000E8
_BAUDCONbits                                (abs)        000FB8
_BCD_to_DEC                                 text102      005E5A
_CheckoutRegisterOfSymbol                   text66       002482
_CleanStringArray                           text46       005B48
_Clock                                      bssBANK0     0000BA
_Clock_from_GSM                             bssBANK4     0004D3
_ConvKeyNum                                 text125      00540C
_ConvertCharToNumeric                       text120      0056BC
_ConvertDayToBit                            text90       005A00
_CurrentReadingCell                         bssCOMRAM    00004F
_CurrentSignals                             bssBANK0     0000CC
_CurrentSignalsData                         bssCOMRAM    000054
_DTMF_Symbol                                bssBANK0     0000CD
_DeleteDataOfCell                           text15       005A30
_EEADR                                      (abs)        000FA9
_EEADRH                                     (abs)        000FAA
_EECON1bits                                 (abs)        000FA6
_EECON2                                     (abs)        000FA7
_EEDATA                                     (abs)        000FA8
_EERD                                       text78       005B6E
_EEWR                                       text73       005CFE
_EditSchedule                               text14       005F28
_F_h                                        intcode      000008
_F_l                                        intcodelo    000018
_FillArrayFromEEPROM                        text75       00589A
_FillArrayFromEEPROM_interr                 text89       00593A
_FillMinutes                                text76       005F1E
_FillPhonebookCellFromEEPROM                text74       0051A2
_FindCell                                   text13       003E3C
_FindCell$1524                              cstackBANK1  00015D
_FindIncommingData                          text44       00355E
_FindNextTimeStart                          text19       002EE4
_FindNextTimeStart$2928                     cstackBANK1  00015B
_FindPhoneContactByNumber                   text121      004232
_Format_EEPROM_Memory                       text67       004D36
_GetDayOfWeek                               text18       004C3E
_GetDayOfWeekByDate                         text35       00492C
_GetNumericFromString                       text119      005EA8
_GetStringLength                            text45       005B22
_GetTimeSource                              text77       005D1E
_GlobalBlinkCycleTime                       dataCOMRAM   000059
_I2CAck                                     text101      005EF2
_I2CInit                                    text100      005ECA
_I2CNak                                     text99       005EE8
_I2CRead                                    text98       005DF2
_I2CRestart                                 text97       005F16
_I2CSend                                    text96       005E28
_I2CStart                                   text95       005F0E
_I2CStop                                    text94       005F06
_INTCON                                     (abs)        000FF2
_INTCON2                                    (abs)        000FF1
_INTCON3                                    (abs)        000FF0
_INTCONbits                                 (abs)        000FF2
_IPR1                                       (abs)        000F9F
_IPR1bits                                   (abs)        000F9F
_IPR2                                       (abs)        000FA2
_IncommingBuffer                            bssCOMRAM    000043
_Incomming_Call_Data                        bssBANK5     000500
_Incomming_DTMF_Data                        dataBANK3    0003F6
_Init_GSM                                   text40       003A30
_Init_USART                                 text43       0054D2
_InputText                                  text58       000B06
_InteractiveData_BlinkOFF                   text65       0059D0
_KeyCode                                    bssBANK0     0000CE
_LATA                                       (abs)        000F89
_LATB                                       (abs)        000F8A
_LATC                                       (abs)        000F8B
_Minutes                                    bssCOMRAM    00004B
_NearTimeStart                              bssBANK0     0000D0
_NumericToString                            text54       0042EE
_OutcommingBuffer                           bssBANK0     0000C9
_OutputInteractiveData                      text63       004A3A
_OutputString                               text70       0045A4
_OutputSystemMessage                        text72       003C52
_PIE1                                       (abs)        000F9D
_PIE1bits                                   (abs)        000F9D
_PIE2                                       (abs)        000FA0
_PIR1                                       (abs)        000F9E
_PIR1bits                                   (abs)        000F9E
_PIR2                                       (abs)        000FA1
_PIR2bits                                   (abs)        000FA1
_PORTA                                      (abs)        000F80
_PORTB                                      (abs)        000F81
_PR2                                        (abs)        000FCB
_ParseDataRecord                            text21       004BC0
_ParseTime                                  text16       00506A
_PhonebookEdit                              text47       0018E4
_PhonebookEdit$2115                         cstackBANK5  000592
_PhonebookEdit$2118                         cstackBANK5  000594
_ProcessIncommingUartData                   text104      0020A8
_ProcessIncommingUartData$3094              cstackBANK1  00010B
_ProcessSystemMessageShowing                text103      005EFC
_RB7                                        (abs)        007C0F
_RC0                                        (abs)        007C10
_RC2                                        (abs)        007C12
_RCON                                       (abs)        000FD0
_RCONbits                                   (abs)        000FD0
_RCREG                                      (abs)        000FAE
_RCSTAbits                                  (abs)        000FAB
_ReIndTimeEdit                              text34       002B50
_ReadDataOfCell                             text20       0048A0
_ReadDataOfCell_interr                      text88       004ABE
_ReadTime                                   text93       005E42
_Read_USART_SpeedNumber                     text42       005CDE
_RefreshSchedulerIndicator                  text12       003254
_RefreshSchedulerIndicator$1534             cstackBANK1  00017C
_SPBRG                                      (abs)        000FAF
_SPBRGH                                     (abs)        000FB0
[...]
 Tracked objects:
		On entry : 
		On exit  : 
		Unchanged: 
 Data sizes:     COMRAM   BANK0   BANK1   BANK2   BANK3   BANK4   BANK5   BANK6   BANK7   BANK8   BANK9  BANK10  BANK11  BANK12  BANK13  BANK14  BANK15
      Params:         0       0       0       0       0       0       0       0       0       0       0       0       0       0       0       0       0
      Locals:         6       0       0       0       0       0       0       0       0       0       0       0       0       0       0       0       0
      Temps:          2       0       0       0       0       0       0       0       0       0       0       0       0       0       0       0       0
      Totals:         8       0       0       0       0       0       0       0       0       0       0       0       0       0       0       0       0
Total ram usage:        8 bytes
 Hardware stack levels used:    1
 Hardware stack levels required when called:    1
 This function calls:
		__CleanStringArray_interrupt
 This function is called by:
		_F_h
 This function uses a non-reentrant model


 *************** function __CleanStringArray_interrupt *****************
 Defined at:
		line 1503 in file "prog.c"
 Parameters:    Size  Location     Type
  myArray         2    0[COMRAM] PTR unsigned char 
		 -> buff_string_11(256), buff_string_10(256), buff_string_9(256), buff_string_8(256), 
  size            2    2[COMRAM] unsigned int 
  settingData     1    4[COMRAM] unsigned char 
 Auto vars:     Size  Location     Type
  i               2    5[COMRAM] unsigned int 
 Return value:  Size  Location     Type
                  1    wreg      void 
 Registers used:
		wreg, fsr2l, fsr2h, status,2, status,0
 Tracked objects:
		On entry : 
		On exit  : 
		Unchanged: 
 Data sizes:     COMRAM   BANK0   BANK1   BANK2   BANK3   BANK4   BANK5   BANK6   BANK7   BANK8   BANK9  BANK10  BANK11  BANK12  BANK13  BANK14  BANK15
      Params:         5       0       0       0       0       0       0       0       0       0       0       0       0       0       0       0       0
      Locals:         2       0       0       0       0       0       0       0       0       0       0       0       0       0       0       0       0
      Temps:          0       0       0       0       0       0       0       0       0       0       0       0       0       0       0       0       0
      Totals:         7       0       0       0       0       0       0       0       0       0       0       0       0       0       0       0       0
Total ram usage:        7 bytes
 Hardware stack levels used:    1
 This function calls:
		Nothing
 This function is called by:
		_AddByteToUSARTbuff
 This function uses a non-reentrant model



MODULE INFORMATION

Module		Function		Class		Link	Load	Size
/opt/microchip/xc8/v1.37/sources/common/awmod.c
		___awmod       		CODE           	50D2	0000	105

/opt/microchip/xc8/v1.37/sources/common/awmod.c estimated size: 105

/opt/microchip/xc8/v1.37/sources/common/llmod.c
		___llmod       		CODE           	5470	0000	99

/opt/microchip/xc8/v1.37/sources/common/llmod.c estimated size: 99

/opt/microchip/xc8/v1.37/sources/common/almod.c
		___almod       		CODE           	46E2	0000	137

/opt/microchip/xc8/v1.37/sources/common/almod.c estimated size: 137

/opt/microchip/xc8/v1.37/sources/common/Umul32.c
		___lmul        		CODE           	5590	0000	77

/opt/microchip/xc8/v1.37/sources/common/Umul32.c estimated size: 77

/opt/microchip/xc8/v1.37/sources/common/lwdiv.c
		___lwdiv       		CODE           	5628	0000	75

/opt/microchip/xc8/v1.37/sources/common/lwdiv.c estimated size: 75

/opt/microchip/xc8/v1.37/sources/common/awdiv.c
		___awdiv       		CODE           	4DB0	0000	121

/opt/microchip/xc8/v1.37/sources/common/awdiv.c estimated size: 121

/opt/microchip/xc8/v1.37/sources/common/lbmod.c
		___lbmod       		CODE           	5A86	0000	41

/opt/microchip/xc8/v1.37/sources/common/lbmod.c estimated size: 41

/opt/microchip/xc8/v1.37/sources/common/lldiv.c
		___lldiv       		CODE           	4EA0	0000	119

/opt/microchip/xc8/v1.37/sources/common/lldiv.c estimated size: 119

/opt/microchip/xc8/v1.37/sources/common/aldiv.c
		___aldiv       		CODE           	40BA	0000	189

/opt/microchip/xc8/v1.37/sources/common/aldiv.c estimated size: 189

shared
		PL12           		CODE           	39B8	0000	27
		PL50           		CODE           	0996	0000	15
		PL8            		CODE           	11DA	0000	17
		PL268          		CODE           	1CAA	0000	13
		PL22           		CODE           	182A	0000	19
		PL60           		CODE           	3E06	0000	25
		PL178          		CODE           	476A	0000	19
		PL100          		CODE           	46DA	0000	9
		PL32           		CODE           	0930	0000	23
		PL70           		CODE           	51F4	0000	23
		PL278          		CODE           	592E	0000	13
		i1_CleanStringArray		CODE           	5BE0	0000	39
		PL200          		CODE           	2EDA	0000	11
		PL42           		CODE           	2424	0000	15
		PL80           		CODE           	3D1E	0000	23
		PL188          		CODE           	3248	0000	13
		i1_EERD        		CODE           	5C76	0000	37
		PL110          		CODE           	4AAE	0000	17
		PL300          		CODE           	57E8	0000	11
		PL14           		CODE           	39D2	0000	19
		PL52           		CODE           	4AA6	0000	9
		PL90           		CODE           	1866	0000	11
		_StandardAnswer_ERROR		MEDIUMCONST    	FD7C	0000	7
		i1_GetDayOfWeekByDate		CODE           	49B4	0000	135
		PL288          		CODE           	2B44	0000	13
		PL210          		CODE           	505A	0000	17
		PL24           		CODE           	2CC8	0000	35
		PL62           		CODE           	2432	0000	11
		_StandardAnswer_NO_ANSWER		MEDIUMCONST    	FD6A	0000	11
		PL198          		CODE           	0A9C	0000	13
		PL120          		CODE           	3522	0000	29
		PL310          		CODE           	18AE	0000	11
		PL34           		CODE           	0946	0000	19
		PL72           		CODE           	185A	0000	13
		PL298          		CODE           	3D3C	0000	9
		i1_FillArrayFromEEPROM		CODE           	58D0	0000	55
		PL220          		CODE           	4F80	0000	13
		PL44           		CODE           	0974	0000	9
		PL82           		CODE           	46CC	0000	15
		PL130          		CODE           	463A	0000	13
		PL320          		CODE           	1CC2	0000	9
		PL16           		CODE           	2CBE	0000	11
		PL54           		CODE           	11EA	0000	15
		PL92           		CODE           	09B6	0000	11
		PL230          		CODE           	3C44	0000	15
		PL26           		CODE           	46B4	0000	25
		PL64           		CODE           	09A4	0000	19
		PL102          		CODE           	3504	0000	31
		PL140          		CODE           	0A26	0000	15
		PL330          		CODE           	40B2	0000	9
		PL36           		CODE           	39E4	0000	51
		PL74           		CODE           	518C	0000	23
		PL202          		CODE           	0AA8	0000	13
		PL240          		CODE           	0AC8	0000	15
		PL46           		CODE           	097C	0000	15
		PL84           		CODE           	2CFC	0000	15
		i1___lwdiv     		CODE           	5672	0000	75
		PL112          		CODE           	3E34	0000	9
		PL302          		CODE           	18A4	0000	11
		PL150          		CODE           	1C60	0000	13
		PL340          		CODE           	3694	0000	9
		PL18           		CODE           	0920	0000	17
		PL56           		CODE           	3D06	0000	25
		PL94           		CODE           	3A28	0000	9
		_StandardAnswer_NO_DIALTONE		MEDIUMCONST    	FD53	0000	13
		i1_OutputSystemMessage		CODE           	3D4E	0000	185
		PL212          		CODE           	1244	0000	17
		PL250          		CODE           	37D4	0000	15
		PL28           		CODE           	183C	0000	31
		PL66           		CODE           	2CEA	0000	19
		PL122          		CODE           	1C52	0000	15
		PL312          		CODE           	2478	0000	11
		PL160          		CODE           	0A34	0000	15
		PL350          		CODE           	369C	0000	9
		PL38           		CODE           	461E	0000	29
		PL76           		CODE           	3E1E	0000	23
		PL222          		CODE           	1262	0000	15
		PL260          		CODE           	127A	0000	11
		PL48           		CODE           	098A	0000	13
		PL86           		CODE           	11F8	0000	35
		PL132          		CODE           	584A	0000	27
		PL322          		CODE           	1298	0000	11
		PL170          		CODE           	0A50	0000	9
		PL58           		CODE           	5386	0000	25
		PL96           		CODE           	09C0	0000	13
		i1___awdiv     		CODE           	4E28	0000	121
		PL232          		CODE           	188C	0000	15
		PL270          		CODE           	0AE6	0000	13
		PL68           		CODE           	52C4	0000	23
		__setInputTextProps@F3441		MEDIUMCONST    	FCF1	0000	23
		i1_FillPhonebookCellFromEEPROM		CODE           	5272	0000	83
		PL104          		CODE           	539E	0000	9
		PL142          		CODE           	243C	0000	25
		PL332          		CODE           	18CA	0000	11
		PL180          		CODE           	2454	0000	19
		PL78           		CODE           	2EC6	0000	13
		i1_SendCommandToUSART		CODE           	5CBC	0000	35
		i1___wmul      		CODE           	5BBA	0000	39
		PL204          		CODE           	1C82	0000	17
		PL242          		CODE           	3678	0000	15
		PL280          		CODE           	293A	0000	13
		PL88           		CODE           	3A16	0000	19
		i1_lcd_send_byte		CODE           	5C52	0000	37
		PL114          		CODE           	3B2E	0000	19
		PL304          		CODE           	128E	0000	11
		PL152          		CODE           	3092	0000	9
		PL342          		CODE           	295C	0000	9
		PL190          		CODE           	0A84	0000	13
		PL98           		CODE           	09CC	0000	31
		i1___lwmod     		CODE           	573C	0000	63
		PL214          		CODE           	0AB4	0000	13
		PL252          		CODE           	1270	0000	11
		PL290          		CODE           	2952	0000	11
		i1_lcd_send_initial_half_byte		CODE           	5B94	0000	39
		PL124          		CODE           	0A0E	0000	15
		PL314          		CODE           	4896	0000	11
		PL162          		CODE           	33E0	0000	15
		PL352          		CODE           	5AD0	0000	7
		__initialization		CODE           	37E2	0000	287
		PL224          		CODE           	187E	0000	15
		PL262          		CODE           	1CA0	0000	11
		_StandardAnswer_BUSY		MEDIUMCONST    	FD82	0000	6
		i1___lmul      		CODE           	55DC	0000	77
		PL134          		CODE           	5D62	0000	25
		PL324          		CODE           	12A2	0000	11
		PL172          		CODE           	0A58	0000	9
		PL234          		CODE           	0AC0	0000	9
		PL272          		CODE           	292E	0000	13
		i1___awmod     		CODE           	520A	0000	105
		_StandardAnswer_DTMF		MEDIUMCONST    	FD74	0000	9
		PL106          		CODE           	3D34	0000	9
		PL144          		CODE           	4C0C	0000	25
		PL334          		CODE           	4922	0000	11
		PL182          		CODE           	44F0	0000	19
		i1_FillMinutes 		CODE           	5D5C	0000	7
		i1___aldiv     		CODE           	4176	0000	189
		PL206          		CODE           	290E	0000	11
		PL244          		CODE           	3686	0000	15
		PL282          		CODE           	1CB6	0000	13
		PL116          		CODE           	2B1A	0000	19
		PL306          		CODE           	5998	0000	9
		PL154          		CODE           	1232	0000	11
		PL344          		CODE           	3B48	0000	9
		PL192          		CODE           	0A90	0000	13
		PL216          		CODE           	4F74	0000	13
		PL254          		CODE           	0ADE	0000	9
		PL292          		CODE           	354A	0000	11
		PL126          		CODE           	0A1C	0000	11
		PL316          		CODE           	18B8	0000	9
		PL164          		CODE           	1870	0000	15
		PL226          		CODE           	1C92	0000	15
		PL264          		CODE           	189A	0000	11
		__setInputTextProps@F3439		MEDIUMCONST    	FD07	0000	11
		PL136          		CODE           	2D0A	0000	17
		PL326          		CODE           	3554	0000	11
		PL174          		CODE           	4444	0000	19
		PL236          		CODE           	4398	0000	15
		PL274          		CODE           	0AF2	0000	13
		PL108          		CODE           	09EA	0000	19
		PL146          		CODE           	121A	0000	25
		PL336          		CODE           	33FA	0000	9
		PL184          		CODE           	0A60	0000	19
		PL208          		CODE           	2466	0000	9
		PL246          		CODE           	37C6	0000	15
		PL284          		CODE           	0AFE	0000	9
		i1_EEWR        		CODE           	582C	0000	31
		PL118          		CODE           	09FC	0000	19
		PL308          		CODE           	3D44	0000	11
		PL156          		CODE           	309A	0000	11
		PL346          		CODE           	2D1A	0000	9
		PL194          		CODE           	4C24	0000	13
		PL218          		CODE           	1254	0000	15
		PL256          		CODE           	246E	0000	11
		PL294          		CODE           	1284	0000	11
		PL128          		CODE           	353E	0000	13
		PL318          		CODE           	18C0	0000	11
		PL166          		CODE           	0A42	0000	15
		_StandardAnswer_CLOCK		MEDIUMCONST    	FD35	0000	31
		PL228          		CODE           	4888	0000	15
		PL266          		CODE           	2922	0000	13
		_StandardAnswer_OK		MEDIUMCONST    	FD87	0000	4
		PL138          		CODE           	3082	0000	17
		PL328          		CODE           	12AC	0000	11
		PL176          		CODE           	2ED2	0000	9
		PL2            		CODE           	555C	0000	23
		PL238          		CODE           	4C30	0000	15
		PL276          		CODE           	33EE	0000	13
		PL148          		CODE           	2B2C	0000	25
		PL338          		CODE           	18D4	0000	9
		PL186          		CODE           	0A72	0000	19
		PL10           		CODE           	17F6	0000	35
		PL4            		CODE           	08FC	0000	21
		PL248          		CODE           	0AD6	0000	9
		PL286          		CODE           	2946	0000	13
		PL20           		CODE           	1818	0000	19
		_StandardAnswer_NO_CARRIER		MEDIUMCONST    	FD5F	0000	12
		PL158          		CODE           	1C6C	0000	23
		PL348          		CODE           	18DC	0000	9
		PL196          		CODE           	123C	0000	9
		PL30           		CODE           	5572	0000	31
		PL6            		CODE           	0910	0000	17
		PL258          		CODE           	2918	0000	11
		PL296          		CODE           	3B40	0000	9
		PL40           		CODE           	0958	0000	29
		_StandardAnswer_INCCALL		MEDIUMCONST    	FD11	0000	37
		PL168          		CODE           	4874	0000	21

shared estimated size: 4545

/opt/microchip/xc8/v1.37/sources/common/lbdiv.c
		___lbdiv       		CODE           	5864	0000	55

/opt/microchip/xc8/v1.37/sources/common/lbdiv.c estimated size: 55

prog.c
		_GetNumericFromString		CODE           	5EA8	0000	19
		_I2CNak        		CODE           	5EE8	0000	11
		_ConvertDayToBit		CODE           	5A00	0000	49
		_TelephoneCall 		CODE           	4810	0000	101
		_ReadDataOfCell		CODE           	48A0	0000	131
		_setDigit      		CODE           	4646	0000	111
		__CleanStringArray_interrupt		CODE           	5C2C	0000	39
		_SchedulerNew  		CODE           	4456	0000	155
		_FindIncommingData		CODE           	355E	0000	283
		_FillMinutes   		CODE           	5F1E	0000	7
		_EEWR          		CODE           	5CFE	0000	33
		_FillPhonebookCellFromEEPROM		CODE           	51A2	0000	83
		_TimeData_BlinkOFF		CODE           	5906	0000	41
		_GetStringLength		CODE           	5B22	0000	39
		_TimeEdit      		CODE           	032C	0000	1489
		_testTimePoint 		CODE           	4B40	0000	129
		_delay         		CODE           	5D7A	0000	31
		_SignalsOnOff  		CODE           	30A4	0000	421
		_I2CStop       		CODE           	5F06	0000	9
		_FindPhoneContactByNumber		CODE           	4232	0000	189
		_ConvertCharToNumeric		CODE           	56BC	0000	67
		__setInputTextProps		CODE           	2756	0000	441
		_lcd_send_byte 		CODE           	5A5E	0000	41
		_lcd_off       		CODE           	5EDA	0000	15
		_ReIndTimeEdit 		CODE           	2B50	0000	367
		_NumericToString		CODE           	42EE	0000	171
		__load_TXREG   		CODE           	4FFE	0000	93
		_I2CAck        		CODE           	5EF2	0000	11
		_OutputString  		CODE           	45A4	0000	123
		_CleanStringArray		CODE           	5B48	0000	39
		_Format_EEPROM_Memory		CODE           	4D36	0000	123
		_ReadDataOfCell_interr		CODE           	4ABE	0000	131
		_main          		CODE           	2D22	0000	421
		__getContainer_Clock_from_GSM		CODE           	5DD4	0000	31
		_ParseTime     		CODE           	506A	0000	105
		_F_h           		CODE           	0008	0000	129
		_UserDelay     		CODE           	577A	0000	61
		_USART_Speed_Choise		CODE           	5AD6	0000	39
		__FindIncommingData_interrupt		CODE           	36A4	0000	291
		_GetTimeSource 		CODE           	5D1E	0000	33
		_I2CRead       		CODE           	5DF2	0000	29
		_EditSchedule  		CODE           	5F28	0000	3
		_Init_USART    		CODE           	54D2	0000	97
		_system_BlinkReset		CODE           	5D3E	0000	31
		_getSystemTimePoint		CODE           	5E96	0000	19
		_InputText     		CODE           	0B06	0000	1749
		_ReadTime      		CODE           	5E42	0000	25
		_ShowSchedulerMenu		CODE           	4502	0000	163
		_TimeToInd     		CODE           	12B6	0000	1345
		_FillArrayFromEEPROM_interr		CODE           	593A	0000	53
		__getContainer_Incomming_DTMF_Data		CODE           	5D98	0000	31
		_WorkingWithGSM		CODE           	3B50	0000	245
		_WriteArrayToEEPROM		CODE           	57F2	0000	59
		__getContainer_Incomming_Call_Data		CODE           	5DB6	0000	31
		_AddByteToUSARTbuff		CODE           	3F16	0000	219
		_F_l           		CODE           	0018	0000	785
		_getLcdCodeOfChar		CODE           	1CCA	0000	991
		_setBlink      		CODE           	5532	0000	43
		_SetTimeSource 		CODE           	5AAE	0000	35
		_FindNextTimeStart		CODE           	2EE4	0000	415
		_lcd_send_initial_half_byte		CODE           	596E	0000	43
		_GetDayOfWeek  		CODE           	4C3E	0000	125
		_Init_GSM      		CODE           	3A30	0000	255
		_FillArrayFromEEPROM		CODE           	589A	0000	55
		_TimeData_INIT 		CODE           	390E	0000	171
		_ProcessIncommingUartData		CODE           	20A8	0000	893
		_I2CRestart    		CODE           	5F16	0000	9
		_Save_USART_SpeedNumber		CODE           	5E70	0000	21
		_RefreshSchedulerIndicator		CODE           	3254	0000	397
		_EERD          		CODE           	5B6E	0000	39
		_SendCommandToUSART		CODE           	5C9A	0000	35
		__GetStringLength_interr		CODE           	5C06	0000	39
		_WritePhonebookCellToEEPROM		CODE           	513A	0000	83
		_I2CStart      		CODE           	5F0E	0000	9
		_Read_USART_SpeedNumber		CODE           	5CDE	0000	33
		_ProcessSystemMessageShowing		CODE           	5EFC	0000	11
		_SendSymbolToLCD		CODE           	4F16	0000	95
		_lcd_on        		CODE           	5EBA	0000	17
		_InteractiveData_BlinkOFF		CODE           	59D0	0000	49
		_getNumChar    		CODE           	52DA	0000	103
		_Select_OK_NO  		CODE           	57B6	0000	51
		_BCD_to_DEC    		CODE           	5E5A	0000	23
		_entNum        		CODE           	59A0	0000	49
		_Settings      		CODE           	4CBA	0000	125
		_ParseDataRecord		CODE           	4BC0	0000	77
		_ShowMenu      		CODE           	3402	0000	259
		_OutputInteractiveData		CODE           	4A3A	0000	109
		_DeleteDataOfCell		CODE           	5A30	0000	47
		_GetDayOfWeekByDate		CODE           	492C	0000	137
		_main2         		CODE           	2964	0000	439
		_I2CInit       		CODE           	5ECA	0000	17
		_clrInd        		CODE           	5340	0000	71
		_I2CSend       		CODE           	5E28	0000	27
		_ConvKeyNum    		CODE           	540C	0000	101
		_lcd_init      		CODE           	3FF0	0000	195
		_OutputSystemMessage		CODE           	3C52	0000	181
		_FindCell      		CODE           	3E3C	0000	219
		_PhonebookEdit 		CODE           	18E4	0000	879
		_CheckoutRegisterOfSymbol		CODE           	2482	0000	725
		_Scheduler     		CODE           	43A6	0000	159

prog.c estimated size: 18842

/opt/microchip/xc8/v1.37/sources/common/Umul16.c
		___wmul        		CODE           	5AFC	0000	39

/opt/microchip/xc8/v1.37/sources/common/Umul16.c estimated size: 39

/opt/microchip/xc8/v1.37/sources/common/lwmod.c
		___lwmod       		CODE           	56FE	0000	63

/opt/microchip/xc8/v1.37/sources/common/lwmod.c estimated size: 63

